[09:29:53] P0870_H0150_seed011_lam1332p5: it    0/150  F_co=-4.1622  S_ED=0.6132  S_MD=0.0004  bal=0.001  beta=    1.0  lr=0.02000  t=    2.0s
[09:30:12] P0870_H0150_seed011_lam1332p5: it   10/150  F_co=+2.9416  S_ED=18.4704  S_MD=19.4331  bal=0.950  beta=    1.6  lr=0.01978  t=   20.3s
[09:30:29] P0870_H0150_seed011_lam1332p5: it   20/150  F_co=+1.5190  S_ED=4.3229  S_MD=4.8261  bal=0.896  beta=    2.5  lr=0.01914  t=   38.0s
[09:30:47] P0870_H0150_seed011_lam1332p5: it   30/150  F_co=+1.3078  S_ED=3.4928  S_MD=3.9150  bal=0.892  beta=    4.0  lr=0.01809  t=   56.2s
[09:31:05] P0870_H0150_seed011_lam1332p5: it   40/150  F_co=+1.3144  S_ED=3.4887  S_MD=3.9719  bal=0.878  beta=    6.3  lr=0.01669  t=   73.7s
[09:31:22] P0870_H0150_seed011_lam1332p5: it   50/150  F_co=+1.7055  S_ED=5.0748  S_MD=5.9694  bal=0.850  beta=   10.0  lr=0.01500  t=   91.2s
[09:31:40] P0870_H0150_seed011_lam1332p5: it   60/150  F_co=+2.0959  S_ED=7.4893  S_MD=8.8311  bal=0.848  beta=   15.8  lr=0.01309  t=  108.4s
[09:31:57] P0870_H0150_seed011_lam1332p5: it   70/150  F_co=+2.1401  S_ED=7.7922  S_MD=9.2734  bal=0.840  beta=   25.1  lr=0.01105  t=  125.8s
[09:32:15] P0870_H0150_seed011_lam1332p5: it   80/150  F_co=+2.1418  S_ED=7.7886  S_MD=9.3085  bal=0.837  beta=   39.8  lr=0.00895  t=  143.3s
[09:32:32] P0870_H0150_seed011_lam1332p5: it   90/150  F_co=+2.1462  S_ED=7.8181  S_MD=9.3549  bal=0.836  beta=   63.1  lr=0.00691  t=  161.2s
[09:32:50] P0870_H0150_seed011_lam1332p5: it  100/150  F_co=+2.1483  S_ED=7.8320  S_MD=9.3787  bal=0.835  beta=  100.0  lr=0.00500  t=  179.1s
[09:33:08] P0870_H0150_seed011_lam1332p5: it  110/150  F_co=+2.1490  S_ED=7.8335  S_MD=9.3899  bal=0.834  beta=  158.5  lr=0.00331  t=  196.7s
[09:33:26] P0870_H0150_seed011_lam1332p5: it  120/150  F_co=+2.1496  S_ED=7.8340  S_MD=9.3994  bal=0.833  beta=  251.2  lr=0.00191  t=  214.3s
[09:33:43] P0870_H0150_seed011_lam1332p5: it  130/150  F_co=+2.1499  S_ED=7.8347  S_MD=9.4049  bal=0.833  beta=  398.1  lr=0.00086  t=  231.9s
[09:34:00] P0870_H0150_seed011_lam1332p5: it  140/150  F_co=+2.1500  S_ED=7.8349  S_MD=9.4068  bal=0.833  beta=  631.0  lr=0.00022  t=  249.0s
[09:34:16] P0870_H0150_seed011_lam1332p5: it  149/150  F_co=+2.1500  S_ED=7.8346  S_MD=9.4067  bal=0.833  beta=  955.0  lr=0.00000  t=  264.5s
[09:34:21] P0870_H0150_seed011_lam1332p5: completed after 265s  final(projected)={'F_co': 2.1499710083007812, 'S_ED': 7.834481716156006, 'S_MD': 9.406559944152832, 'balance': 0.8328742384910583}
[09:34:23] P0870_H0150_seed011_lam1332p5: already completed - skipping.
[09:38:51] P0870_H0150_seed011_lam1332p5: already completed - skipping.
[09:43:18] P0870_H0150_seed011_lam1332p5: already completed - skipping.
[09:48:01] P0870_H0150_seed011_lam1332p5: already completed - skipping.
[09:52:29] P0870_H0150_seed011_lam1332p5: already completed - skipping.
