[09:08:59] P0870_H0200_seed029_lam1332p5: it    0/150  F_co=-4.6421  S_ED=0.5108  S_MD=0.0002  bal=0.000  beta=    1.0  lr=0.02000  t=    1.9s
[09:09:17] P0870_H0200_seed029_lam1332p5: it   10/150  F_co=+0.8088  S_ED=2.6202  S_MD=1.9238  bal=0.734  beta=    1.6  lr=0.01978  t=   19.9s
[09:09:34] P0870_H0200_seed029_lam1332p5: it   20/150  F_co=+1.2104  S_ED=3.2163  S_MD=3.4995  bal=0.919  beta=    2.5  lr=0.01914  t=   37.4s
[09:09:52] P0870_H0200_seed029_lam1332p5: it   30/150  F_co=+1.0841  S_ED=2.8281  S_MD=3.0911  bal=0.915  beta=    4.0  lr=0.01809  t=   55.6s
[09:10:11] P0870_H0200_seed029_lam1332p5: it   40/150  F_co=+1.4717  S_ED=4.0949  S_MD=4.6350  bal=0.883  beta=    6.3  lr=0.01669  t=   73.8s
[09:10:29] P0870_H0200_seed029_lam1332p5: it   50/150  F_co=+1.7433  S_ED=5.3325  S_MD=6.1275  bal=0.870  beta=   10.0  lr=0.01500  t=   91.9s
[09:10:47] P0870_H0200_seed029_lam1332p5: it   60/150  F_co=+1.8726  S_ED=6.3358  S_MD=6.6789  bal=0.949  beta=   15.8  lr=0.01309  t=  109.8s
[09:11:05] P0870_H0200_seed029_lam1332p5: it   70/150  F_co=+1.9738  S_ED=7.2667  S_MD=7.1296  bal=0.981  beta=   25.1  lr=0.01105  t=  128.0s
[09:11:23] P0870_H0200_seed029_lam1332p5: it   80/150  F_co=+2.0408  S_ED=7.9132  S_MD=7.4863  bal=0.946  beta=   39.8  lr=0.00895  t=  146.1s
[09:11:41] P0870_H0200_seed029_lam1332p5: it   90/150  F_co=+2.0838  S_ED=8.3037  S_MD=7.7746  bal=0.936  beta=   63.1  lr=0.00691  t=  164.1s
[09:11:59] P0870_H0200_seed029_lam1332p5: it  100/150  F_co=+2.1109  S_ED=8.5806  S_MD=7.9425  bal=0.926  beta=  100.0  lr=0.00500  t=  182.6s
[09:12:18] P0870_H0200_seed029_lam1332p5: it  110/150  F_co=+2.1304  S_ED=8.7311  S_MD=8.1158  bal=0.930  beta=  158.5  lr=0.00331  t=  201.0s
[09:12:36] P0870_H0200_seed029_lam1332p5: it  120/150  F_co=+2.1413  S_ED=8.7807  S_MD=8.2482  bal=0.939  beta=  251.2  lr=0.00191  t=  219.0s
[09:12:54] P0870_H0200_seed029_lam1332p5: it  130/150  F_co=+2.1471  S_ED=8.8361  S_MD=8.2919  bal=0.938  beta=  398.1  lr=0.00086  t=  237.2s
[09:13:12] P0870_H0200_seed029_lam1332p5: it  140/150  F_co=+2.1485  S_ED=8.8469  S_MD=8.3053  bal=0.939  beta=  631.0  lr=0.00022  t=  255.1s
[09:13:28] P0870_H0200_seed029_lam1332p5: it  149/150  F_co=+2.1486  S_ED=8.8456  S_MD=8.3080  bal=0.939  beta=  955.0  lr=0.00000  t=  271.0s
[09:13:33] P0870_H0200_seed029_lam1332p5: completed after 271s  final(projected)={'F_co': 2.1486384868621826, 'S_ED': 8.846179008483887, 'S_MD': 8.308603286743164, 'balance': 0.939230740070343}
[09:13:36] P0870_H0200_seed029_lam1332p5: already completed - skipping.
[09:18:07] P0870_H0200_seed029_lam1332p5: already completed - skipping.
[09:22:41] P0870_H0200_seed029_lam1332p5: already completed - skipping.
[09:27:17] P0870_H0200_seed029_lam1332p5: already completed - skipping.
