[08:35:08] P0830_H0100_seed011_lam1332p5: it    0/150  F_co=-4.1328  S_ED=0.8565  S_MD=0.0003  bal=0.000  beta=    1.0  lr=0.02000  t=    2.0s
[08:35:27] P0830_H0100_seed011_lam1332p5: it   10/150  F_co=+0.0478  S_ED=1.3391  S_MD=0.8217  bal=0.614  beta=    1.6  lr=0.01978  t=   21.3s
[08:35:46] P0830_H0100_seed011_lam1332p5: it   20/150  F_co=+0.7446  S_ED=2.0630  S_MD=2.1490  bal=0.960  beta=    2.5  lr=0.01914  t=   39.9s
[08:36:05] P0830_H0100_seed011_lam1332p5: it   30/150  F_co=+0.8448  S_ED=2.1713  S_MD=2.4948  bal=0.870  beta=    4.0  lr=0.01809  t=   58.7s
[08:36:22] P0830_H0100_seed011_lam1332p5: it   40/150  F_co=+0.9018  S_ED=2.2781  S_MD=2.6651  bal=0.855  beta=    6.3  lr=0.01669  t=   76.5s
[08:36:40] P0830_H0100_seed011_lam1332p5: it   50/150  F_co=+2.2251  S_ED=8.8984  S_MD=9.6247  bal=0.925  beta=   10.0  lr=0.01500  t=   94.0s
[08:36:57] P0830_H0100_seed011_lam1332p5: it   60/150  F_co=+2.7445  S_ED=14.2015  S_MD=17.0415  bal=0.833  beta=   15.8  lr=0.01309  t=  111.3s
[08:37:15] P0830_H0100_seed011_lam1332p5: it   70/150  F_co=+2.9811  S_ED=18.0936  S_MD=21.4696  bal=0.843  beta=   25.1  lr=0.01105  t=  128.7s
[08:37:32] P0830_H0100_seed011_lam1332p5: it   80/150  F_co=+3.3035  S_ED=24.6180  S_MD=30.0678  bal=0.819  beta=   39.8  lr=0.00895  t=  145.9s
[08:38:15] P0830_H0100_seed011_lam1332p5: it   90/150  F_co=+3.8435  S_ED=41.1056  S_MD=53.0294  bal=0.775  beta=   63.1  lr=0.00691  t=  188.7s
[08:38:32] P0830_H0100_seed011_lam1332p5: it  100/150  F_co=+4.0230  S_ED=48.4429  S_MD=64.4364  bal=0.752  beta=  100.0  lr=0.00500  t=  206.3s
[08:38:50] P0830_H0100_seed011_lam1332p5: it  110/150  F_co=+4.0198  S_ED=48.1747  S_MD=64.3741  bal=0.748  beta=  158.5  lr=0.00331  t=  224.1s
[08:39:07] P0830_H0100_seed011_lam1332p5: it  120/150  F_co=+4.0244  S_ED=48.4588  S_MD=64.5946  bal=0.750  beta=  251.2  lr=0.00191  t=  241.4s
[08:39:25] P0830_H0100_seed011_lam1332p5: it  130/150  F_co=+4.0207  S_ED=48.3079  S_MD=64.3107  bal=0.751  beta=  398.1  lr=0.00086  t=  258.9s
[08:39:43] P0830_H0100_seed011_lam1332p5: it  140/150  F_co=+4.0241  S_ED=48.4787  S_MD=64.5227  bal=0.751  beta=  631.0  lr=0.00022  t=  277.1s
[08:39:59] P0830_H0100_seed011_lam1332p5: it  149/150  F_co=+4.0236  S_ED=48.4558  S_MD=64.4868  bal=0.751  beta=  955.0  lr=0.00000  t=  292.9s
[08:40:04] P0830_H0100_seed011_lam1332p5: completed after 293s  final(projected)={'F_co': 4.024692058563232, 'S_ED': 48.510528564453125, 'S_MD': 64.56051635742188, 'balance': 0.7513962388038635}
[08:56:37] P0830_H0100_seed011_lam1332p5: already completed - skipping.
[08:59:42] P0830_H0100_seed011_lam1332p5: already completed - skipping.
[09:04:21] P0830_H0100_seed011_lam1332p5: already completed - skipping.
[09:08:57] P0830_H0100_seed011_lam1332p5: already completed - skipping.
[09:13:36] P0830_H0100_seed011_lam1332p5: already completed - skipping.
[09:18:07] P0830_H0100_seed011_lam1332p5: already completed - skipping.
