[08:08:02] P0750_H0200_seed011_lam1332p5: it    0/150  F_co=-3.3327  S_ED=0.5155  S_MD=0.0025  bal=0.005  beta=    1.0  lr=0.02000  t=    1.8s
[08:08:21] P0750_H0200_seed011_lam1332p5: it   10/150  F_co=+3.2335  S_ED=20.8502  S_MD=30.8663  bal=0.676  beta=    1.6  lr=0.01978  t=   20.9s
[08:08:40] P0750_H0200_seed011_lam1332p5: it   20/150  F_co=+3.2129  S_ED=19.9258  S_MD=30.9923  bal=0.643  beta=    2.5  lr=0.01914  t=   39.8s
[08:08:58] P0750_H0200_seed011_lam1332p5: it   30/150  F_co=+3.4312  S_ED=24.0093  S_MD=39.8044  bal=0.603  beta=    4.0  lr=0.01809  t=   58.2s
[08:09:15] P0750_H0200_seed011_lam1332p5: it   40/150  F_co=+3.4065  S_ED=23.2002  S_MD=39.2051  bal=0.592  beta=    6.3  lr=0.01669  t=   75.5s
[08:17:56] P0750_H0200_seed011_lam1332p5: it   50/150  F_co=+3.4158  S_ED=22.9187  S_MD=40.4318  bal=0.567  beta=   10.0  lr=0.01500  t=  595.8s
[08:18:13] P0750_H0200_seed011_lam1332p5: it   60/150  F_co=+3.4194  S_ED=23.1045  S_MD=40.3938  bal=0.572  beta=   15.8  lr=0.01309  t=  613.2s
[08:18:31] P0750_H0200_seed011_lam1332p5: it   70/150  F_co=+3.4239  S_ED=23.2277  S_MD=40.5497  bal=0.573  beta=   25.1  lr=0.01105  t=  631.0s
[08:18:48] P0750_H0200_seed011_lam1332p5: it   80/150  F_co=+3.4270  S_ED=23.2972  S_MD=40.6763  bal=0.573  beta=   39.8  lr=0.00895  t=  648.4s
[08:19:06] P0750_H0200_seed011_lam1332p5: it   90/150  F_co=+3.4308  S_ED=23.4050  S_MD=40.8003  bal=0.574  beta=   63.1  lr=0.00691  t=  666.0s
[08:19:23] P0750_H0200_seed011_lam1332p5: it  100/150  F_co=+3.4349  S_ED=23.5244  S_MD=40.9235  bal=0.575  beta=  100.0  lr=0.00500  t=  683.2s
[08:19:41] P0750_H0200_seed011_lam1332p5: it  110/150  F_co=+3.4377  S_ED=23.6097  S_MD=41.0069  bal=0.576  beta=  158.5  lr=0.00331  t=  701.1s
[08:19:59] P0750_H0200_seed011_lam1332p5: it  120/150  F_co=+3.4395  S_ED=23.6667  S_MD=41.0535  bal=0.576  beta=  251.2  lr=0.00191  t=  719.0s
[08:20:16] P0750_H0200_seed011_lam1332p5: it  130/150  F_co=+3.4411  S_ED=23.7150  S_MD=41.1054  bal=0.577  beta=  398.1  lr=0.00086  t=  736.6s
[08:20:34] P0750_H0200_seed011_lam1332p5: it  140/150  F_co=+3.4412  S_ED=23.7204  S_MD=41.1028  bal=0.577  beta=  631.0  lr=0.00022  t=  754.4s
[08:20:50] P0750_H0200_seed011_lam1332p5: it  149/150  F_co=+3.4415  S_ED=23.7276  S_MD=41.1112  bal=0.577  beta=  955.0  lr=0.00000  t=  770.3s
[08:20:55] P0750_H0200_seed011_lam1332p5: completed after 770s  final(projected)={'F_co': 3.441006898880005, 'S_ED': 23.717100143432617, 'S_MD': 41.0921630859375, 'balance': 0.5771684646606445}
[08:56:37] P0750_H0200_seed011_lam1332p5: already completed - skipping.
[08:59:00] P0750_H0200_seed011_lam1332p5: already completed - skipping.
[09:03:38] P0750_H0200_seed011_lam1332p5: already completed - skipping.
[09:08:06] P0750_H0200_seed011_lam1332p5: already completed - skipping.
[09:12:38] P0750_H0200_seed011_lam1332p5: already completed - skipping.
[09:17:13] P0750_H0200_seed011_lam1332p5: already completed - skipping.
[09:21:46] P0750_H0200_seed011_lam1332p5: already completed - skipping.
[09:26:13] P0750_H0200_seed011_lam1332p5: already completed - skipping.
[09:30:47] P0750_H0200_seed011_lam1332p5: already completed - skipping.
[09:35:16] P0750_H0200_seed011_lam1332p5: already completed - skipping.
[09:39:40] P0750_H0200_seed011_lam1332p5: already completed - skipping.
