[09:18:50] P0830_H0125_seed011_lam1332p5: it    0/150  F_co=-3.5968  S_ED=0.7174  S_MD=0.0010  bal=0.001  beta=    1.0  lr=0.02000  t=    1.9s
[09:19:08] P0830_H0125_seed011_lam1332p5: it   10/150  F_co=+1.4447  S_ED=3.9776  S_MD=4.5205  bal=0.880  beta=    1.6  lr=0.01978  t=   19.8s
[09:19:26] P0830_H0125_seed011_lam1332p5: it   20/150  F_co=+3.6105  S_ED=32.7805  S_MD=41.7250  bal=0.786  beta=    2.5  lr=0.01914  t=   37.8s
[09:19:44] P0830_H0125_seed011_lam1332p5: it   30/150  F_co=+3.8935  S_ED=42.2899  S_MD=56.9673  bal=0.742  beta=    4.0  lr=0.01809  t=   55.9s
[09:20:02] P0830_H0125_seed011_lam1332p5: it   40/150  F_co=+3.8745  S_ED=40.7450  S_MD=56.9211  bal=0.716  beta=    6.3  lr=0.01669  t=   74.3s
[09:20:19] P0830_H0125_seed011_lam1332p5: it   50/150  F_co=+3.8825  S_ED=40.7372  S_MD=57.8493  bal=0.704  beta=   10.0  lr=0.01500  t=   91.5s
[09:20:37] P0830_H0125_seed011_lam1332p5: it   60/150  F_co=+3.8969  S_ED=41.2470  S_MD=58.7993  bal=0.701  beta=   15.8  lr=0.01309  t=  108.8s
[09:20:54] P0830_H0125_seed011_lam1332p5: it   70/150  F_co=+3.9043  S_ED=41.5428  S_MD=59.2509  bal=0.701  beta=   25.1  lr=0.01105  t=  126.1s
[09:21:11] P0830_H0125_seed011_lam1332p5: it   80/150  F_co=+3.9115  S_ED=41.9222  S_MD=59.5697  bal=0.704  beta=   39.8  lr=0.00895  t=  143.2s
[09:21:28] P0830_H0125_seed011_lam1332p5: it   90/150  F_co=+3.9211  S_ED=42.4646  S_MD=59.9570  bal=0.708  beta=   63.1  lr=0.00691  t=  160.3s
[09:21:46] P0830_H0125_seed011_lam1332p5: it  100/150  F_co=+3.9307  S_ED=43.0445  S_MD=60.2925  bal=0.714  beta=  100.0  lr=0.00500  t=  177.8s
[09:22:03] P0830_H0125_seed011_lam1332p5: it  110/150  F_co=+3.9380  S_ED=43.5046  S_MD=60.5322  bal=0.719  beta=  158.5  lr=0.00331  t=  195.3s
[09:22:21] P0830_H0125_seed011_lam1332p5: it  120/150  F_co=+3.9428  S_ED=43.8183  S_MD=60.6768  bal=0.722  beta=  251.2  lr=0.00191  t=  212.7s
[09:22:38] P0830_H0125_seed011_lam1332p5: it  130/150  F_co=+3.9447  S_ED=43.9394  S_MD=60.7341  bal=0.723  beta=  398.1  lr=0.00086  t=  229.9s
[09:22:55] P0830_H0125_seed011_lam1332p5: it  140/150  F_co=+3.9454  S_ED=43.9967  S_MD=60.7500  bal=0.724  beta=  631.0  lr=0.00022  t=  247.0s
[09:23:10] P0830_H0125_seed011_lam1332p5: it  149/150  F_co=+3.9463  S_ED=44.0439  S_MD=60.7836  bal=0.725  beta=  955.0  lr=0.00000  t=  262.4s
[09:23:16] P0830_H0125_seed011_lam1332p5: completed after 262s  final(projected)={'F_co': 3.946101188659668, 'S_ED': 44.03493118286133, 'S_MD': 60.7774772644043, 'balance': 0.72452712059021}
[09:23:18] P0830_H0125_seed011_lam1332p5: already completed - skipping.
[09:27:46] P0830_H0125_seed011_lam1332p5: already completed - skipping.
[09:32:22] P0830_H0125_seed011_lam1332p5: already completed - skipping.
