[stage1c] 16 jobs, 2 workers
[1/16 105s] FAB_h970_P588_pad0.12_s333: Fz_hard=0.0541 (100s)
[2/16 105s] FAB_h970_P588_pad0.08_s333: Fz_hard=0.0551 (101s)
[3/16 200s] FAB_h970_P650_pad0.08_s333: Fz_hard=0.2985 (95s)
[4/16 201s] FAB_h970_P650_pad0.12_s333: Fz_hard=0.0533 (95s)
[5/16 296s] FAB_h970_P750_pad0.12_s333: Fz_hard=0.6331 (96s)
[6/16 298s] FAB_h970_P750_pad0.08_s333: Fz_hard=0.6441 (98s)
[7/16 389s] FAB_h970_P825_pad0.08_s333: Fz_hard=0.8477 (93s)
[8/16 390s] FAB_h970_P825_pad0.12_s333: Fz_hard=0.5917 (93s)
[9/16 483s] FAB_h970_P588_pad0.12_s1001: Fz_hard=0.0542 (93s)
[10/16 484s] FAB_h970_P588_pad0.08_s1001: Fz_hard=0.0551 (95s)
[11/16 577s] FAB_h970_P650_pad0.08_s1001: Fz_hard=0.3168 (94s)
[12/16 580s] FAB_h970_P650_pad0.12_s1001: Fz_hard=0.0540 (96s)
[13/16 671s] FAB_h970_P750_pad0.08_s1001: Fz_hard=0.6421 (93s)
[14/16 679s] FAB_h970_P750_pad0.12_s1001: Fz_hard=0.6328 (98s)
[15/16 766s] FAB_h970_P825_pad0.08_s1001: Fz_hard=0.8458 (95s)
[16/16 777s] FAB_h970_P825_pad0.12_s1001: Fz_hard=0.6598 (99s)
[stage1c] done in 778s; 16 results
  FAB_h970_P825_pad0.08_s333               Fz_hard=0.8477 Fz_soft=0.8467 A=0.897 eta_z=0.945 fill=0.448 warm=False
  FAB_h970_P825_pad0.08_s1001              Fz_hard=0.8458 Fz_soft=0.8455 A=0.895 eta_z=0.945 fill=0.446 warm=False
  FAB_h970_P825_pad0.12_s1001              Fz_hard=0.6598 Fz_soft=0.6600 A=0.691 eta_z=0.955 fill=0.112 warm=False
  FAB_h970_P750_pad0.08_s333               Fz_hard=0.6441 Fz_soft=0.6440 A=0.677 eta_z=0.951 fill=0.130 warm=False
  FAB_h970_P750_pad0.08_s1001              Fz_hard=0.6421 Fz_soft=0.6422 A=0.674 eta_z=0.953 fill=0.126 warm=False
  FAB_h970_P750_pad0.12_s333               Fz_hard=0.6331 Fz_soft=0.6324 A=0.669 eta_z=0.947 fill=0.133 warm=False
  FAB_h970_P750_pad0.12_s1001              Fz_hard=0.6328 Fz_soft=0.6335 A=0.668 eta_z=0.947 fill=0.128 warm=False
  FAB_h970_P825_pad0.12_s333               Fz_hard=0.5917 Fz_soft=0.5932 A=0.643 eta_z=0.921 fill=0.273 warm=False
  FAB_h970_P650_pad0.08_s1001              Fz_hard=0.3168 Fz_soft=0.3166 A=0.350 eta_z=0.905 fill=0.239 warm=False
  FAB_h970_P650_pad0.08_s333               Fz_hard=0.2985 Fz_soft=0.2988 A=0.332 eta_z=0.900 fill=0.240 warm=False
  FAB_h970_P588_pad0.08_s1001              Fz_hard=0.0551 Fz_soft=0.0552 A=0.087 eta_z=0.637 fill=0.258 warm=False
  FAB_h970_P588_pad0.08_s333               Fz_hard=0.0551 Fz_soft=0.0551 A=0.087 eta_z=0.636 fill=0.257 warm=False
  FAB_h970_P588_pad0.12_s1001              Fz_hard=0.0542 Fz_soft=0.0542 A=0.086 eta_z=0.632 fill=0.240 warm=False
  FAB_h970_P588_pad0.12_s333               Fz_hard=0.0541 Fz_soft=0.0542 A=0.086 eta_z=0.632 fill=0.237 warm=False
  FAB_h970_P650_pad0.12_s1001              Fz_hard=0.0540 Fz_soft=0.0540 A=0.085 eta_z=0.633 fill=0.215 warm=False
  FAB_h970_P650_pad0.12_s333               Fz_hard=0.0533 Fz_soft=0.0533 A=0.085 eta_z=0.630 fill=0.214 warm=False
