[02:49:00] P0900_H0100_seed011_lam1332p5: it    0/550  F_co=+1.9687  S_ED=6.7383  S_MD=7.6116  bal=0.885  beta=    8.0  lr=0.02000  t=   11.9s
[02:50:09] P0900_H0100_seed011_lam1332p5: it   10/550  F_co=+2.8640  S_ED=16.3533  S_MD=18.7959  bal=0.870  beta=    8.8  lr=0.01998  t=   81.0s
[02:51:18] P0900_H0100_seed011_lam1332p5: it   20/550  F_co=+3.5914  S_ED=33.7021  S_MD=39.0632  bal=0.863  beta=    9.8  lr=0.01993  t=  149.1s
[02:52:29] P0900_H0100_seed011_lam1332p5: it   30/550  F_co=+3.9703  S_ED=48.4956  S_MD=57.9266  bal=0.837  beta=   10.8  lr=0.01985  t=  220.8s
[02:53:39] P0900_H0100_seed011_lam1332p5: it   40/550  F_co=+4.1468  S_ED=57.4182  S_MD=69.6382  bal=0.825  beta=   12.0  lr=0.01974  t=  290.5s
[02:54:51] P0900_H0100_seed011_lam1332p5: it   50/550  F_co=+4.2115  S_ED=61.2327  S_MD=74.3151  bal=0.824  beta=   13.2  lr=0.01959  t=  362.6s
[02:56:01] P0900_H0100_seed011_lam1332p5: it   60/550  F_co=+4.2105  S_ED=61.2235  S_MD=74.1726  bal=0.825  beta=   14.6  lr=0.01942  t=  432.1s
[02:57:09] P0900_H0100_seed011_lam1332p5: it   70/550  F_co=+4.2122  S_ED=61.3345  S_MD=74.2894  bal=0.826  beta=   16.2  lr=0.01921  t=  501.1s
[02:58:19] P0900_H0100_seed011_lam1332p5: it   80/550  F_co=+4.2132  S_ED=61.4118  S_MD=74.3526  bal=0.826  beta=   17.9  lr=0.01897  t=  570.2s
[02:59:28] P0900_H0100_seed011_lam1332p5: it   90/550  F_co=+4.2152  S_ED=61.5667  S_MD=74.4581  bal=0.827  beta=   19.7  lr=0.01871  t=  639.4s
[03:00:37] P0900_H0100_seed011_lam1332p5: it  100/550  F_co=+4.2162  S_ED=61.6614  S_MD=74.4921  bal=0.828  beta=   21.8  lr=0.01841  t=  708.5s
[03:01:46] P0900_H0100_seed011_lam1332p5: it  110/550  F_co=+4.2172  S_ED=61.7547  S_MD=74.5333  bal=0.829  beta=   24.1  lr=0.01809  t=  777.4s
[03:03:04] P0900_H0100_seed011_lam1332p5: it  120/550  F_co=+4.2179  S_ED=61.8272  S_MD=74.5464  bal=0.829  beta=   26.7  lr=0.01774  t=  855.3s
[03:04:24] P0900_H0100_seed011_lam1332p5: it  130/550  F_co=+4.2194  S_ED=61.9597  S_MD=74.6144  bal=0.830  beta=   29.5  lr=0.01737  t=  935.4s
[03:05:42] P0900_H0100_seed011_lam1332p5: it  140/550  F_co=+4.2205  S_ED=62.0603  S_MD=74.6491  bal=0.831  beta=   32.6  lr=0.01697  t= 1013.9s
[03:06:58] P0900_H0100_seed011_lam1332p5: it  150/550  F_co=+4.2216  S_ED=62.1698  S_MD=74.6834  bal=0.832  beta=   36.1  lr=0.01655  t= 1089.3s
[03:08:07] P0900_H0100_seed011_lam1332p5: it  160/550  F_co=+4.2225  S_ED=62.2717  S_MD=74.7048  bal=0.834  beta=   39.9  lr=0.01611  t= 1158.5s
[03:12:46] P0900_H0100_seed011_lam1332p5: it  170/550  F_co=+4.2242  S_ED=62.4137  S_MD=74.7808  bal=0.835  beta=   44.1  lr=0.01564  t= 1437.1s
[03:13:55] P0900_H0100_seed011_lam1332p5: it  180/550  F_co=+4.2254  S_ED=62.5285  S_MD=74.8241  bal=0.836  beta=   48.7  lr=0.01516  t= 1506.3s
[03:15:03] P0900_H0100_seed011_lam1332p5: it  190/550  F_co=+4.2271  S_ED=62.6759  S_MD=74.9004  bal=0.837  beta=   53.9  lr=0.01467  t= 1574.8s
[03:16:12] P0900_H0100_seed011_lam1332p5: it  200/550  F_co=+4.2281  S_ED=62.7827  S_MD=74.9206  bal=0.838  beta=   59.6  lr=0.01415  t= 1643.8s
[03:17:21] P0900_H0100_seed011_lam1332p5: it  210/550  F_co=+4.2285  S_ED=62.8587  S_MD=74.8944  bal=0.839  beta=   65.9  lr=0.01363  t= 1713.1s
[03:18:30] P0900_H0100_seed011_lam1332p5: it  220/550  F_co=+4.2314  S_ED=63.0910  S_MD=75.0619  bal=0.841  beta=   72.8  lr=0.01309  t= 1781.4s
