[09:05:03] P0790_H0150_seed011_lam1332p5: it    0/150  F_co=-3.7558  S_ED=0.6142  S_MD=0.0009  bal=0.001  beta=    1.0  lr=0.02000  t=    1.9s
[09:05:21] P0790_H0150_seed011_lam1332p5: it   10/150  F_co=+1.0680  S_ED=2.6376  S_MD=3.2095  bal=0.822  beta=    1.6  lr=0.01978  t=   19.6s
[09:05:39] P0790_H0150_seed011_lam1332p5: it   20/150  F_co=+3.0500  S_ED=18.3488  S_MD=24.2981  bal=0.755  beta=    2.5  lr=0.01914  t=   37.6s
[09:05:57] P0790_H0150_seed011_lam1332p5: it   30/150  F_co=+3.3389  S_ED=23.5094  S_MD=33.7988  bal=0.696  beta=    4.0  lr=0.01809  t=   55.3s
[09:06:14] P0790_H0150_seed011_lam1332p5: it   40/150  F_co=+3.6744  S_ED=31.8963  S_MD=48.7341  bal=0.654  beta=    6.3  lr=0.01669  t=   72.8s
[09:06:32] P0790_H0150_seed011_lam1332p5: it   50/150  F_co=+3.6963  S_ED=32.1613  S_MD=50.4884  bal=0.637  beta=   10.0  lr=0.01500  t=   90.7s
[09:06:50] P0790_H0150_seed011_lam1332p5: it   60/150  F_co=+3.7257  S_ED=33.2670  S_MD=51.7698  bal=0.643  beta=   15.8  lr=0.01309  t=  108.7s
[09:07:08] P0790_H0150_seed011_lam1332p5: it   70/150  F_co=+3.7272  S_ED=33.3544  S_MD=51.7888  bal=0.644  beta=   25.1  lr=0.01105  t=  126.7s
[09:07:26] P0790_H0150_seed011_lam1332p5: it   80/150  F_co=+3.7289  S_ED=33.4085  S_MD=51.8780  bal=0.644  beta=   39.8  lr=0.00895  t=  144.5s
[09:07:44] P0790_H0150_seed011_lam1332p5: it   90/150  F_co=+3.7293  S_ED=33.4375  S_MD=51.8756  bal=0.645  beta=   63.1  lr=0.00691  t=  162.3s
[09:08:02] P0790_H0150_seed011_lam1332p5: it  100/150  F_co=+3.7298  S_ED=33.4599  S_MD=51.9013  bal=0.645  beta=  100.0  lr=0.00500  t=  180.4s
[09:08:19] P0790_H0150_seed011_lam1332p5: it  110/150  F_co=+3.7309  S_ED=33.5068  S_MD=51.9338  bal=0.645  beta=  158.5  lr=0.00331  t=  198.1s
[09:08:37] P0790_H0150_seed011_lam1332p5: it  120/150  F_co=+3.7313  S_ED=33.5294  S_MD=51.9474  bal=0.645  beta=  251.2  lr=0.00191  t=  215.5s
[09:08:55] P0790_H0150_seed011_lam1332p5: it  130/150  F_co=+3.7309  S_ED=33.5172  S_MD=51.9183  bal=0.646  beta=  398.1  lr=0.00086  t=  234.0s
[09:09:13] P0790_H0150_seed011_lam1332p5: it  140/150  F_co=+3.7314  S_ED=33.5391  S_MD=51.9446  bal=0.646  beta=  631.0  lr=0.00022  t=  251.9s
[09:09:29] P0790_H0150_seed011_lam1332p5: it  149/150  F_co=+3.7309  S_ED=33.5221  S_MD=51.9162  bal=0.646  beta=  955.0  lr=0.00000  t=  268.0s
[09:09:34] P0790_H0150_seed011_lam1332p5: completed after 268s  final(projected)={'F_co': 3.731355667114258, 'S_ED': 33.53611373901367, 'S_MD': 51.939971923828125, 'balance': 0.6456705927848816}
[09:09:37] P0790_H0150_seed011_lam1332p5: already completed - skipping.
[09:14:13] P0790_H0150_seed011_lam1332p5: already completed - skipping.
[09:18:48] P0790_H0150_seed011_lam1332p5: already completed - skipping.
[09:23:18] P0790_H0150_seed011_lam1332p5: already completed - skipping.
[09:27:46] P0790_H0150_seed011_lam1332p5: already completed - skipping.
[09:32:22] P0790_H0150_seed011_lam1332p5: already completed - skipping.
