run rv30_06: start=rod_veins:0.30,0.06 bands TM3-4 TE2-3 nvar=1176 opts={'step0': 0.15, 'R': 3.0, 'betas': '1:10,2:8,4:8,8:8,16:10,32:12,64:14,128:16', 'seed': 0, 'sym': 1, 'Mmax': 9, 'noise': 0.02, 'stepmin': 0.004, 'refine': 1, 'refine_rounds': 120, 'depth': 2}
  it   0 beta=  1.0 step=0.1500 pred=0.02141 actual=0.02092 (score 10.229%) ACCEPT | active: tm band3 lo k=(1.0,0.0)pi | fill(phys)=0.372 gray=0.299 | 4s
  it   1 beta=  1.0 step=0.1950 pred=0.02789 actual=0.02684 (score 13.123%) ACCEPT | active: tm band4 hi k=(0.0,0.0)pi | fill(phys)=0.382 gray=0.275 | 7s
  it   2 beta=  1.0 step=0.2535 pred=0.03285 actual=0.03211 (score 15.700%) ACCEPT | active: tm band4 hi k=(0.0,0.0)pi | fill(phys)=0.379 gray=0.262 | 11s
  it   3 beta=  1.0 step=0.3296 pred=0.03849 actual=0.01263 (score  6.176%) reject | active: te band2 lo k=(1.0,1.0)pi | fill(phys)=0.380 gray=0.184 | 15s
  it   4 beta=  1.0 step=0.1648 pred=0.03642 actual=0.02733 (score 13.366%) reject | active: te band2 lo k=(1.0,1.0)pi | fill(phys)=0.381 gray=0.251 | 18s
  it   5 beta=  1.0 step=0.0824 pred=0.03484 actual=0.03231 (score 15.800%) ACCEPT | active: te band2 lo k=(1.0,1.0)pi | fill(phys)=0.381 gray=0.256 | 22s
  it   6 beta=  1.0 step=0.1071 pred=0.03662 actual=0.03319 (score 16.231%) ACCEPT | active: te band2 lo k=(1.0,1.0)pi | fill(phys)=0.383 gray=0.264 | 26s
  it   7 beta=  1.0 step=0.1392 pred=0.03754 actual=0.03325 (score 16.256%) ACCEPT | active: te band2 lo k=(1.0,1.0)pi | fill(phys)=0.384 gray=0.217 | 30s
  it   8 beta=  1.0 step=0.1810 pred=0.03802 actual=0.02795 (score 13.669%) reject | active: te band2 lo k=(1.0,1.0)pi | fill(phys)=0.385 gray=0.204 | 34s
  it   9 beta=  1.0 step=0.0905 pred=0.03770 actual=0.03488 (score 17.056%) ACCEPT | active: te band2 lo k=(1.0,1.0)pi | fill(phys)=0.385 gray=0.219 | 37s
  [beta -> 2.0] current min margin 0.02617 (score 12.797%)
  it  10 beta=  2.0 step=0.1177 pred=0.03798 actual=0.03399 (score 16.618%) ACCEPT | active: te band2 lo k=(1.0,1.0)pi | fill(phys)=0.386 gray=0.195 | 45s
  it  11 beta=  2.0 step=0.1529 pred=0.03822 actual=0.02739 (score 13.395%) reject | active: te band2 lo k=(1.0,1.0)pi | fill(phys)=0.387 gray=0.188 | 49s
  it  12 beta=  2.0 step=0.0765 pred=0.03797 actual=0.03516 (score 17.193%) ACCEPT | active: te band2 lo k=(1.0,1.0)pi | fill(phys)=0.387 gray=0.197 | 52s
  it  13 beta=  2.0 step=0.0994 pred=0.03804 actual=0.03319 (score 16.228%) reject | active: te band2 lo k=(1.0,1.0)pi | fill(phys)=0.388 gray=0.190 | 56s
  it  14 beta=  2.0 step=0.0497 pred=0.03790 actual=0.03657 (score 17.883%) ACCEPT | active: te band2 lo k=(1.0,1.0)pi | fill(phys)=0.387 gray=0.198 | 60s
  it  15 beta=  2.0 step=0.0646 pred=0.03793 actual=0.03576 (score 17.483%) reject | active: te band2 lo k=(1.0,1.0)pi | fill(phys)=0.387 gray=0.194 | 64s
  it  16 beta=  2.0 step=0.0323 pred=0.03786 actual=0.03736 (score 18.268%) ACCEPT | active: te band2 lo k=(1.0,1.0)pi | fill(phys)=0.387 gray=0.197 | 68s
  it  17 beta=  2.0 step=0.0420 pred=0.03788 actual=0.03711 (score 18.146%) reject | active: te band2 lo k=(1.0,1.0)pi | fill(phys)=0.387 gray=0.198 | 71s
  [beta -> 4.0] current min margin 0.01408 (score 6.883%)
  it  18 beta=  4.0 step=0.0210 pred=0.02565 actual=0.02547 (score 12.453%) ACCEPT | active: te band2 lo k=(1.0,1.0)pi | fill(phys)=0.387 gray=0.163 | 78s
  it  19 beta=  4.0 step=0.0273 pred=0.03741 actual=0.03701 (score 18.094%) ACCEPT | active: te band2 lo k=(1.0,1.0)pi | fill(phys)=0.388 gray=0.169 | 82s
  it  20 beta=  4.0 step=0.0355 pred=0.03793 actual=0.03767 (score 18.421%) ACCEPT | active: te band2 lo k=(1.0,1.0)pi | fill(phys)=0.388 gray=0.174 | 86s
  it  21 beta=  4.0 step=0.0461 pred=0.03802 actual=0.03720 (score 18.191%) reject | active: te band2 lo k=(1.0,1.0)pi | fill(phys)=0.389 gray=0.187 | 89s
  it  22 beta=  4.0 step=0.0231 pred=0.03794 actual=0.03777 (score 18.469%) ACCEPT | active: te band2 lo k=(1.0,1.0)pi | fill(phys)=0.388 gray=0.179 | 93s
  it  23 beta=  4.0 step=0.0300 pred=0.03797 actual=0.03771 (score 18.439%) reject | active: te band2 lo k=(1.0,1.0)pi | fill(phys)=0.389 gray=0.185 | 97s
  it  24 beta=  4.0 step=0.0150 pred=0.03795 actual=0.03788 (score 18.523%) ACCEPT | active: te band2 lo k=(1.0,1.0)pi | fill(phys)=0.388 gray=0.184 | 100s
  it  25 beta=  4.0 step=0.0195 pred=0.03798 actual=0.03774 (score 18.453%) reject | active: te band2 lo k=(1.0,1.0)pi | fill(phys)=0.389 gray=0.184 | 104s
  [beta -> 8.0] current min margin -0.00053 (score -0.258%)
  it  26 beta=  8.0 step=0.0097 pred=0.00791 actual=0.00786 (score  3.845%) ACCEPT | active: te band2 lo k=(1.0,1.0)pi | fill(phys)=0.381 gray=0.115 | 111s
  it  27 beta=  8.0 step=0.0127 pred=0.01870 actual=0.01856 (score  9.076%) ACCEPT | active: te band2 lo k=(1.0,1.0)pi | fill(phys)=0.385 gray=0.121 | 115s
  it  28 beta=  8.0 step=0.0165 pred=0.03226 actual=0.03192 (score 15.606%) ACCEPT | active: te band2 lo k=(1.0,1.0)pi | fill(phys)=0.391 gray=0.122 | 119s
  it  29 beta=  8.0 step=0.0214 pred=0.03633 actual=0.03523 (score 17.224%) ACCEPT | active: te band2 lo k=(1.0,1.0)pi | fill(phys)=0.390 gray=0.128 | 122s
  it  30 beta=  8.0 step=0.0278 pred=0.03769 actual=0.03645 (score 17.822%) ACCEPT | active: te band2 lo k=(1.0,1.0)pi | fill(phys)=0.389 gray=0.131 | 126s
  it  31 beta=  8.0 step=0.0362 pred=0.03814 actual=0.03520 (score 17.214%) reject | active: te band2 lo k=(1.0,1.0)pi | fill(phys)=0.390 gray=0.139 | 130s
  it  32 beta=  8.0 step=0.0181 pred=0.03778 actual=0.03717 (score 18.173%) ACCEPT | active: te band2 lo k=(1.0,1.0)pi | fill(phys)=0.390 gray=0.136 | 134s
  it  33 beta=  8.0 step=0.0235 pred=0.03794 actual=0.03731 (score 18.244%) ACCEPT | active: te band2 lo k=(1.0,1.0)pi | fill(phys)=0.390 gray=0.144 | 137s
  [beta -> 16.0] current min margin 0.00359 (score 1.754%)
  it  34 beta= 16.0 step=0.0306 pred=0.03800 actual=0.03394 (score 16.593%) ACCEPT | active: te band2 lo k=(1.0,1.0)pi | fill(phys)=0.392 gray=0.107 | 144s
  it  35 beta= 16.0 step=0.0398 pred=0.03855 actual=0.02739 (score 13.395%) reject | active: te band2 lo k=(1.0,1.0)pi | fill(phys)=0.391 gray=0.119 | 148s
  it  36 beta= 16.0 step=0.0199 pred=0.03724 actual=0.03446 (score 16.851%) ACCEPT | active: te band2 lo k=(1.0,1.0)pi | fill(phys)=0.390 gray=0.113 | 151s
  it  37 beta= 16.0 step=0.0258 pred=0.03768 actual=0.03291 (score 16.091%) reject | active: te band2 lo k=(1.0,1.0)pi | fill(phys)=0.392 gray=0.118 | 155s
  it  38 beta= 16.0 step=0.0129 pred=0.03704 actual=0.03569 (score 17.449%) ACCEPT | active: te band2 lo k=(1.0,1.0)pi | fill(phys)=0.391 gray=0.117 | 159s
  it  39 beta= 16.0 step=0.0168 pred=0.03755 actual=0.03446 (score 16.848%) reject | active: te band2 lo k=(1.0,1.0)pi | fill(phys)=0.391 gray=0.122 | 162s
  it  40 beta= 16.0 step=0.0084 pred=0.03708 actual=0.03636 (score 17.779%) ACCEPT | active: te band2 lo k=(1.0,1.0)pi | fill(phys)=0.391 gray=0.118 | 166s
  it  41 beta= 16.0 step=0.0109 pred=0.03720 actual=0.03626 (score 17.730%) reject | active: te band2 lo k=(1.0,1.0)pi | fill(phys)=0.391 gray=0.119 | 170s
  it  42 beta= 16.0 step=0.0055 pred=0.03701 actual=0.03677 (score 17.978%) ACCEPT | active: te band2 lo k=(1.0,1.0)pi | fill(phys)=0.391 gray=0.118 | 173s
  it  43 beta= 16.0 step=0.0071 pred=0.03715 actual=0.03670 (score 17.944%) reject | active: te band2 lo k=(1.0,1.0)pi | fill(phys)=0.391 gray=0.120 | 177s
  [trust region exhausted -> beta 32.0] current min margin 0.01105 (score 5.405%)
  it  44 beta= 32.0 step=0.1500 pred=0.04235 actual=-0.01549 (score -7.576%) reject | active: te band2 lo k=(1.0,1.0)pi | fill(phys)=0.423 gray=0.030 | 184s
  it  45 beta= 32.0 step=0.0750 pred=0.03927 actual=-0.01743 (score -8.521%) reject | active: te band2 lo k=(1.0,1.0)pi | fill(phys)=0.409 gray=0.066 | 188s
  it  46 beta= 32.0 step=0.0375 pred=0.03749 actual=0.00406 (score  1.987%) reject | active: te band2 lo k=(1.0,1.0)pi | fill(phys)=0.398 gray=0.088 | 192s
  it  47 beta= 32.0 step=0.0187 pred=0.03639 actual=0.02344 (score 11.461%) ACCEPT | active: te band2 lo k=(1.0,1.0)pi | fill(phys)=0.393 gray=0.089 | 195s
  it  48 beta= 32.0 step=0.0244 pred=0.03758 actual=0.02031 (score  9.931%) reject | active: te band2 lo k=(1.0,1.0)pi | fill(phys)=0.392 gray=0.098 | 199s
  it  49 beta= 32.0 step=0.0122 pred=0.03571 actual=0.03136 (score 15.334%) ACCEPT | active: te band2 lo k=(1.0,1.0)pi | fill(phys)=0.392 gray=0.094 | 202s
  it  50 beta= 32.0 step=0.0158 pred=0.03676 actual=0.02918 (score 14.269%) reject | active: te band2 lo k=(1.0,1.0)pi | fill(phys)=0.393 gray=0.097 | 206s
  it  51 beta= 32.0 step=0.0079 pred=0.03571 actual=0.03409 (score 16.670%) ACCEPT | active: te band2 lo k=(1.0,1.0)pi | fill(phys)=0.392 gray=0.096 | 209s
  it  52 beta= 32.0 step=0.0103 pred=0.03607 actual=0.03388 (score 16.567%) reject | active: te band2 lo k=(1.0,1.0)pi | fill(phys)=0.392 gray=0.097 | 213s
  it  53 beta= 32.0 step=0.0051 pred=0.03565 actual=0.03519 (score 17.204%) ACCEPT | active: te band2 lo k=(1.0,1.0)pi | fill(phys)=0.392 gray=0.099 | 216s
  it  54 beta= 32.0 step=0.0067 pred=0.03585 actual=0.03516 (score 17.193%) reject | active: te band2 lo k=(1.0,1.0)pi | fill(phys)=0.392 gray=0.098 | 220s
  [trust region exhausted -> beta 64.0] current min margin 0.01321 (score 6.459%)
  it  55 beta= 64.0 step=0.1500 pred=0.04419 actual=-0.02575 (score -12.590%) reject | active: te band2 lo k=(1.0,1.0)pi | fill(phys)=0.417 gray=0.018 | 227s
  it  56 beta= 64.0 step=0.0750 pred=0.04048 actual=-0.02965 (score -14.495%) reject | active: te band2 lo k=(1.0,1.0)pi | fill(phys)=0.414 gray=0.022 | 231s
  it  57 beta= 64.0 step=0.0375 pred=0.03817 actual=-0.02172 (score -10.618%) reject | active: te band2 lo k=(1.0,1.0)pi | fill(phys)=0.404 gray=0.056 | 235s
  it  58 beta= 64.0 step=0.0187 pred=0.03656 actual=0.01117 (score  5.463%) reject | active: te band2 lo k=(1.0,1.0)pi | fill(phys)=0.397 gray=0.091 | 239s
  it  59 beta= 64.0 step=0.0094 pred=0.03526 actual=0.03017 (score 14.752%) ACCEPT | active: te band2 lo k=(1.0,1.0)pi | fill(phys)=0.394 gray=0.085 | 242s
  it  60 beta= 64.0 step=0.0122 pred=0.03581 actual=0.02718 (score 13.291%) reject | active: te band2 lo k=(1.0,1.0)pi | fill(phys)=0.393 gray=0.088 | 246s
  it  61 beta= 64.0 step=0.0061 pred=0.03432 actual=0.03118 (score 15.243%) ACCEPT | active: te band2 lo k=(1.0,1.0)pi | fill(phys)=0.393 gray=0.085 | 249s
  it  62 beta= 64.0 step=0.0079 pred=0.03521 actual=0.02968 (score 14.513%) reject | active: te band2 lo k=(1.0,1.0)pi | fill(phys)=0.393 gray=0.085 | 253s
  [trust region exhausted -> beta 128.0] current min margin 0.00954 (score 4.664%)
  it  63 beta=128.0 step=0.1500 pred=0.04624 actual=-0.05450 (score -26.647%) reject | active: te band2 lo k=(1.0,1.0)pi | fill(phys)=0.396 gray=0.007 | 260s
  it  64 beta=128.0 step=0.0750 pred=0.04234 actual=-0.02684 (score -13.125%) reject | active: te band2 lo k=(1.0,1.0)pi | fill(phys)=0.418 gray=0.015 | 264s
  it  65 beta=128.0 step=0.0375 pred=0.03898 actual=-0.03046 (score -14.892%) reject | active: te band2 lo k=(1.0,1.0)pi | fill(phys)=0.412 gray=0.021 | 268s
  it  66 beta=128.0 step=0.0187 pred=0.03652 actual=-0.02158 (score -10.553%) reject | active: te band2 lo k=(1.0,1.0)pi | fill(phys)=0.402 gray=0.051 | 271s
  it  67 beta=128.0 step=0.0094 pred=0.03403 actual=0.00351 (score  1.717%) reject | active: te band2 lo k=(1.0,1.0)pi | fill(phys)=0.393 gray=0.067 | 275s
  it  68 beta=128.0 step=0.0047 pred=0.03055 actual=0.02459 (score 12.024%) ACCEPT | active: te band2 lo k=(1.0,1.0)pi | fill(phys)=0.395 gray=0.070 | 278s
  it  69 beta=128.0 step=0.0061 pred=0.03120 actual=0.02211 (score 10.809%) reject | active: te band2 lo k=(1.0,1.0)pi | fill(phys)=0.394 gray=0.073 | 282s
  trust region exhausted
continuous optimisation done in 286s, final min margin 0.02459 (score 12.024%)
[rv30_06 BINARY official] score = 0.000%  fill = 0.3928  Mmax=9 nk=66 form=official t=3.2s
    TM gap at target: (0.37078, 0.44104, 3)   TE gap at target: None
=== discrete refinement of the binary design
  refine start: min margin -0.05482 (score -26.805%)
  round   0: k= 8 flips pred -0.04907 actual -0.04635 (score -22.665%) ACCEPT fill=0.3993
  round   1: k=16 flips pred -0.03929 actual -0.03671 (score -17.950%) ACCEPT fill=0.4128
  round   2: k=32 flips pred -0.02566 actual -0.02058 (score -10.064%) ACCEPT fill=0.4397
  round   3: k=62 flips pred -0.01113 actual -0.01004 (score -4.909%) ACCEPT fill=0.4792
  round   4: k=28 flips pred -0.00618 actual -0.00650 (score -3.179%) ACCEPT fill=0.4722
  round   5: k=20 flips pred -0.00426 actual -0.00384 (score -1.878%) ACCEPT fill=0.4670
  round   6: k= 8 flips pred -0.00332 actual -0.00333 (score -1.628%) ACCEPT fill=0.4657
  round   7: k= 5 flips pred -0.00321 actual -0.00308 (score -1.508%) ACCEPT fill=0.4648
  round   8: k= 6 flips pred -0.00286 actual -0.00288 (score -1.408%) ACCEPT fill=0.4648
  round   9: k= 2 flips pred -0.00275 actual -0.00275 (score -1.343%) ACCEPT fill=0.4648
  no improving flip set predicted; stop
[rv30_06 REFINED official] score = 0.000%  fill = 0.4648  Mmax=9 nk=66 form=official t=3.2s
    TM gap at target: None   TE gap at target: None
