run rv32_32b: start=rod_veins:0.32,0.08 bands TM3-4 TE2-3 nvar=1176 opts={'step0': 0.15, 'R': 3.0, 'betas': '1:10,2:8,4:8,8:8,16:10,32:12,64:14,128:16,256:16', 'seed': 0, 'sym': 1, 'Mmax': 9, 'noise': 0.02, 'stepmin': 0.004, 'refine': 1, 'refine_rounds': 120, 'depth': 2}
  it   0 beta=  1.0 step=0.1500 pred=0.03082 actual=0.03027 (score 14.800%) ACCEPT | active: tm band4 hi k=(0.0,0.0)pi | fill(phys)=0.383 gray=0.195 | 4s
  it   1 beta=  1.0 step=0.1950 pred=0.03357 actual=0.03334 (score 16.301%) ACCEPT | active: tm band4 hi k=(0.0,0.0)pi | fill(phys)=0.384 gray=0.205 | 7s
  it   2 beta=  1.0 step=0.2535 pred=0.03624 actual=0.02768 (score 13.536%) reject | active: te band2 lo k=(1.0,1.0)pi | fill(phys)=0.382 gray=0.206 | 11s
  it   3 beta=  1.0 step=0.1268 pred=0.03513 actual=0.03496 (score 17.096%) ACCEPT | active: tm band4 hi k=(0.0,0.0)pi | fill(phys)=0.383 gray=0.200 | 14s
  it   4 beta=  1.0 step=0.1648 pred=0.03660 actual=0.03234 (score 15.812%) reject | active: te band2 lo k=(1.0,1.0)pi | fill(phys)=0.383 gray=0.214 | 18s
  it   5 beta=  1.0 step=0.0824 pred=0.03589 actual=0.03472 (score 16.979%) reject | active: te band2 lo k=(1.0,1.0)pi | fill(phys)=0.383 gray=0.212 | 22s
  it   6 beta=  1.0 step=0.0412 pred=0.03554 actual=0.03516 (score 17.194%) ACCEPT | active: te band2 lo k=(1.0,1.0)pi | fill(phys)=0.383 gray=0.208 | 25s
  it   7 beta=  1.0 step=0.0536 pred=0.03598 actual=0.03559 (score 17.402%) ACCEPT | active: te band2 lo k=(1.0,1.0)pi | fill(phys)=0.384 gray=0.214 | 29s
  it   8 beta=  1.0 step=0.0696 pred=0.03658 actual=0.03596 (score 17.581%) ACCEPT | active: te band2 lo k=(1.0,1.0)pi | fill(phys)=0.384 gray=0.224 | 32s
  it   9 beta=  1.0 step=0.0905 pred=0.03725 actual=0.03572 (score 17.464%) reject | active: te band2 lo k=(1.0,1.0)pi | fill(phys)=0.385 gray=0.221 | 36s
  [beta -> 2.0] current min margin 0.03022 (score 14.775%)
  it  10 beta=  2.0 step=0.0453 pred=0.03718 actual=0.03648 (score 17.837%) ACCEPT | active: te band2 lo k=(1.0,1.0)pi | fill(phys)=0.386 gray=0.216 | 43s
  it  11 beta=  2.0 step=0.0588 pred=0.03740 actual=0.03647 (score 17.831%) reject | active: te band2 lo k=(1.0,1.0)pi | fill(phys)=0.386 gray=0.217 | 46s
  it  12 beta=  2.0 step=0.0294 pred=0.03728 actual=0.03705 (score 18.118%) ACCEPT | active: te band2 lo k=(1.0,1.0)pi | fill(phys)=0.386 gray=0.218 | 50s
  it  13 beta=  2.0 step=0.0382 pred=0.03740 actual=0.03706 (score 18.119%) reject | active: te band2 lo k=(1.0,1.0)pi | fill(phys)=0.386 gray=0.215 | 54s
  it  14 beta=  2.0 step=0.0191 pred=0.03734 actual=0.03725 (score 18.213%) ACCEPT | active: te band2 lo k=(1.0,1.0)pi | fill(phys)=0.386 gray=0.216 | 57s
  it  15 beta=  2.0 step=0.0249 pred=0.03740 actual=0.03725 (score 18.214%) reject | active: te band2 lo k=(1.0,1.0)pi | fill(phys)=0.386 gray=0.214 | 61s
  it  16 beta=  2.0 step=0.0124 pred=0.03737 actual=0.03733 (score 18.253%) ACCEPT | active: te band2 lo k=(1.0,1.0)pi | fill(phys)=0.386 gray=0.215 | 64s
  it  17 beta=  2.0 step=0.0162 pred=0.03741 actual=0.03735 (score 18.265%) ACCEPT | active: te band2 lo k=(1.0,1.0)pi | fill(phys)=0.386 gray=0.214 | 68s
  [beta -> 4.0] current min margin 0.01979 (score 9.678%)
  it  18 beta=  4.0 step=0.0210 pred=0.03009 actual=0.02991 (score 14.626%) ACCEPT | active: te band2 lo k=(1.0,1.0)pi | fill(phys)=0.390 gray=0.164 | 75s
  it  19 beta=  4.0 step=0.0273 pred=0.03652 actual=0.03612 (score 17.663%) ACCEPT | active: te band2 lo k=(1.0,1.0)pi | fill(phys)=0.389 gray=0.171 | 78s
  it  20 beta=  4.0 step=0.0355 pred=0.03762 actual=0.03739 (score 18.283%) ACCEPT | active: te band2 lo k=(1.0,1.0)pi | fill(phys)=0.388 gray=0.180 | 82s
  it  21 beta=  4.0 step=0.0461 pred=0.03778 actual=0.03735 (score 18.263%) reject | active: te band2 lo k=(1.0,1.0)pi | fill(phys)=0.388 gray=0.178 | 86s
  it  22 beta=  4.0 step=0.0231 pred=0.03768 actual=0.03760 (score 18.383%) ACCEPT | active: te band2 lo k=(1.0,1.0)pi | fill(phys)=0.388 gray=0.178 | 89s
  it  23 beta=  4.0 step=0.0300 pred=0.03777 actual=0.03759 (score 18.382%) reject | active: te band2 lo k=(1.0,1.0)pi | fill(phys)=0.388 gray=0.177 | 93s
  it  24 beta=  4.0 step=0.0150 pred=0.03772 actual=0.03767 (score 18.420%) ACCEPT | active: te band2 lo k=(1.0,1.0)pi | fill(phys)=0.388 gray=0.178 | 96s
  it  25 beta=  4.0 step=0.0195 pred=0.03777 actual=0.03765 (score 18.410%) reject | active: te band2 lo k=(1.0,1.0)pi | fill(phys)=0.389 gray=0.178 | 100s
  [beta -> 8.0] current min margin 0.00852 (score 4.168%)
  it  26 beta=  8.0 step=0.0097 pred=0.01575 actual=0.01566 (score  7.659%) ACCEPT | active: te band2 lo k=(1.0,1.0)pi | fill(phys)=0.386 gray=0.107 | 107s
  it  27 beta=  8.0 step=0.0127 pred=0.02482 actual=0.02464 (score 12.047%) ACCEPT | active: te band2 lo k=(1.0,1.0)pi | fill(phys)=0.390 gray=0.114 | 110s
  it  28 beta=  8.0 step=0.0165 pred=0.03428 actual=0.03392 (score 16.586%) ACCEPT | active: te band2 lo k=(1.0,1.0)pi | fill(phys)=0.392 gray=0.117 | 114s
  it  29 beta=  8.0 step=0.0214 pred=0.03562 actual=0.03488 (score 17.056%) ACCEPT | active: te band2 lo k=(1.0,1.0)pi | fill(phys)=0.391 gray=0.117 | 117s
  it  30 beta=  8.0 step=0.0278 pred=0.03693 actual=0.03605 (score 17.629%) ACCEPT | active: te band2 lo k=(1.0,1.0)pi | fill(phys)=0.390 gray=0.121 | 121s
  it  31 beta=  8.0 step=0.0362 pred=0.03782 actual=0.03625 (score 17.726%) ACCEPT | active: te band2 lo k=(1.0,1.0)pi | fill(phys)=0.392 gray=0.136 | 124s
  it  32 beta=  8.0 step=0.0470 pred=0.03806 actual=0.03478 (score 17.007%) reject | active: te band2 lo k=(1.0,1.0)pi | fill(phys)=0.393 gray=0.135 | 128s
  it  33 beta=  8.0 step=0.0235 pred=0.03785 actual=0.03707 (score 18.124%) ACCEPT | active: te band2 lo k=(1.0,1.0)pi | fill(phys)=0.392 gray=0.136 | 132s
  [beta -> 16.0] current min margin 0.01189 (score 5.812%)
  it  34 beta= 16.0 step=0.0306 pred=0.03704 actual=0.03295 (score 16.112%) ACCEPT | active: te band2 lo k=(1.0,1.0)pi | fill(phys)=0.395 gray=0.099 | 138s
  it  35 beta= 16.0 step=0.0398 pred=0.03746 actual=0.02941 (score 14.378%) reject | active: te band2 lo k=(1.0,1.0)pi | fill(phys)=0.395 gray=0.111 | 142s
  it  36 beta= 16.0 step=0.0199 pred=0.03654 actual=0.03464 (score 16.935%) ACCEPT | active: te band2 lo k=(1.0,1.0)pi | fill(phys)=0.394 gray=0.101 | 145s
  it  37 beta= 16.0 step=0.0258 pred=0.03728 actual=0.03213 (score 15.712%) reject | active: te band2 lo k=(1.0,1.0)pi | fill(phys)=0.395 gray=0.110 | 149s
  it  38 beta= 16.0 step=0.0129 pred=0.03671 actual=0.03536 (score 17.289%) ACCEPT | active: te band2 lo k=(1.0,1.0)pi | fill(phys)=0.395 gray=0.104 | 153s
  it  39 beta= 16.0 step=0.0168 pred=0.03710 actual=0.03451 (score 16.876%) reject | active: te band2 lo k=(1.0,1.0)pi | fill(phys)=0.395 gray=0.113 | 156s
  it  40 beta= 16.0 step=0.0084 pred=0.03675 actual=0.03610 (score 17.649%) ACCEPT | active: te band2 lo k=(1.0,1.0)pi | fill(phys)=0.395 gray=0.109 | 160s
  it  41 beta= 16.0 step=0.0109 pred=0.03700 actual=0.03616 (score 17.681%) ACCEPT | active: te band2 lo k=(1.0,1.0)pi | fill(phys)=0.395 gray=0.114 | 163s
  it  42 beta= 16.0 step=0.0142 pred=0.03732 actual=0.03588 (score 17.543%) reject | active: te band2 lo k=(1.0,1.0)pi | fill(phys)=0.395 gray=0.115 | 167s
  it  43 beta= 16.0 step=0.0071 pred=0.03708 actual=0.03671 (score 17.949%) ACCEPT | active: te band2 lo k=(1.0,1.0)pi | fill(phys)=0.395 gray=0.115 | 170s
  [beta -> 32.0] current min margin 0.01896 (score 9.272%)
  it  44 beta= 32.0 step=0.0092 pred=0.03559 actual=0.03448 (score 16.858%) ACCEPT | active: te band2 lo k=(1.0,1.0)pi | fill(phys)=0.396 gray=0.092 | 177s
  it  45 beta= 32.0 step=0.0120 pred=0.03607 actual=0.03382 (score 16.536%) reject | active: te band2 lo k=(1.0,1.0)pi | fill(phys)=0.397 gray=0.092 | 181s
  it  46 beta= 32.0 step=0.0060 pred=0.03552 actual=0.03499 (score 17.109%) ACCEPT | active: te band2 lo k=(1.0,1.0)pi | fill(phys)=0.396 gray=0.092 | 184s
  it  47 beta= 32.0 step=0.0078 pred=0.03583 actual=0.03491 (score 17.071%) reject | active: te band2 lo k=(1.0,1.0)pi | fill(phys)=0.396 gray=0.092 | 188s
  trust region exhausted
continuous optimisation done in 191s, final min margin 0.03499 (score 17.109%)
[rv32_32b BINARY official] score = 0.000%  fill = 0.3950  Mmax=9 nk=66 form=official t=3.9s
    TM gap at target: (0.37051, 0.44391, 3)   TE gap at target: None
=== discrete refinement of the binary design
  refine start: min margin -0.04912 (score -24.018%)
  round   0: k= 8 flips pred -0.04465 actual -0.04198 (score -20.528%) ACCEPT fill=0.4015
  round   1: k=16 flips pred -0.03472 actual -0.03208 (score -15.686%) ACCEPT fill=0.4149
  round   2: k=32 flips pred -0.02255 actual -0.01847 (score -9.029%) ACCEPT fill=0.4423
  round   3: k=53 flips pred -0.01056 actual -0.01039 (score -5.079%) ACCEPT fill=0.4792
  round   4: k=53 flips pred 0.00234 actual 0.00189 (score 0.923%) ACCEPT fill=0.4501
  round   5: k=39 flips pred 0.01460 actual 0.01461 (score 7.143%) ACCEPT fill=0.4210
  round   6: k=23 flips pred 0.02012 actual 0.02022 (score 9.889%) ACCEPT fill=0.4162
  round   7: k= 8 flips pred 0.02097 actual 0.02094 (score 10.240%) ACCEPT fill=0.4175
  round   8: k= 8 flips pred 0.02171 actual 0.02171 (score 10.614%) ACCEPT fill=0.4167
  no improving flip set predicted; stop
[rv32_32b REFINED official] score = 10.614%  fill = 0.4167  Mmax=9 nk=66 form=official t=2.9s
    complete gap [0.38702, 0.43074]  width=0.04371 ratio=10.69%  TM bands 3-4, TE bands 2-3  margins: lo=0.02201 hi=0.02171
    TM gap at target: (0.37107, 0.43074, 3)   TE gap at target: (0.38702, 0.44843, 2)
