10:21:58  waiting for running jobs ['1601', '1604', '1674', '1676']
10:23:02  waiting for running jobs ['1601', '1604', '1674', '1676']
10:25:02  waiting for running jobs ['1601', '1604', '1674', '1676']
10:27:02  waiting for running jobs ['1601', '1604', '1674', '1676']
10:29:02  waiting for running jobs ['1601', '1604', '1674', '1676']
10:31:02  waiting for running jobs ['1601', '1604', '1674', '1676']
10:33:02  waiting for running jobs ['1601', '1604', '1674', '1676']
10:35:02  waiting for running jobs ['1601', '1604', '1674', '1676']
10:37:02  waiting for running jobs ['1601', '1604', '1674', '1676']
10:39:02  waiting for running jobs ['1601', '1604', '1674', '1676']
10:41:02  waiting for running jobs ['1601', '1604', '1674', '1676']
10:43:03  waiting for running jobs ['1601', '1604', '1674', '1676']
10:45:03  waiting for running jobs ['1601', '1604', '1674', '1676']
10:47:03  waiting for running jobs ['1601', '1604', '1674', '1676']
10:49:03  waiting for running jobs ['1601', '1604', '1674', '1676']
10:51:03  waiting for running jobs ['1601', '1604', '1674', '1676']
10:53:03  waiting for running jobs ['1601', '1604', '1674', '1676']
10:55:03  waiting for running jobs ['1601', '1604', '1674', '1676']
10:57:03  waiting for running jobs ['1601', '1604', '1674', '1676']
10:59:03  waiting for running jobs ['1601', '1604', '1674', '1676']
11:01:03  waiting for running jobs ['1601', '1604', '1674', '1676']
11:03:03  waiting for running jobs ['1601', '1604', '1674', '1676']
11:05:03  waiting for running jobs ['1601', '1604', '1674', '1676']
11:07:03  waiting for running jobs ['1601', '1604', '1674', '1676']
11:09:03  waiting for running jobs ['1601', '1604', '1674', '1676']
11:11:03  waiting for running jobs ['1601', '1604', '1674', '1676']
11:13:03  waiting for running jobs ['1601', '1604', '1674', '1676']
11:15:03  waiting for running jobs ['1601', '1604', '1674', '1676']
11:17:03  waiting for running jobs ['1601', '1604', '1674', '1676']
11:19:03  waiting for running jobs ['1601', '1604', '1674', '1676']
11:21:03  waiting for running jobs ['1601', '1604', '1674', '1676']
11:23:03  waiting for running jobs ['1601', '1604', '1674', '1676']
11:25:03  waiting for running jobs ['1601', '1604', '1674', '1676']
11:27:03  waiting for running jobs ['1601', '1604', '1674', '1676']
11:29:03  waiting for running jobs ['1601', '1604', '1674', '1676']
11:31:03  waiting for running jobs ['1601', '1604', '1674', '1676']
11:33:03  waiting for running jobs ['1601', '1604', '1674', '1676']
11:35:03  waiting for running jobs ['1601', '1604', '1674', '1676']
11:37:03  waiting for running jobs ['1601', '1604', '1674', '1676']
11:39:03  waiting for running jobs ['1601', '1604', '1674', '1676']
11:41:03  waiting for running jobs ['1601', '1604', '1674', '1676']
11:43:03  waiting for running jobs ['1601', '1604', '1674', '1676']
11:45:03  waiting for running jobs ['1601', '1604', '1674', '1676']
11:47:03  waiting for running jobs ['1601', '1604', '1674', '1676']
11:49:03  waiting for running jobs ['1601', '1604', '1674', '1676']
11:51:03  waiting for running jobs ['1601', '1604', '1674', '1676']
11:53:03  waiting for running jobs ['1601', '1604', '1674', '1676']
11:55:03  waiting for running jobs ['1601', '1604', '1674', '1676']
11:57:03  waiting for running jobs ['1601', '1604', '1674', '1676']
11:59:03  waiting for running jobs ['1601', '1604', '1674', '1676']
12:01:03  waiting for running jobs ['1601', '1604', '1674', '1676']
12:03:03  waiting for running jobs ['1601', '1604', '1674', '1676']
12:05:03  waiting for running jobs ['1674', '1676']
12:07:03  waiting for running jobs ['1674', '1676']
01:17:29  [audit_run1] start: python3 target_audit.py > run1.stdout 2>&1
01:49:54  [audit_run1] rc=0 in 32.4 min
01:49:54  [audit_run2] start: python3 target_audit.py > run2.stdout 2>&1
02:21:15  [audit_run2] rc=0 in 31.3 min
02:21:15  [audit] **Verdict: byte-for-byte reproducible**
02:21:15  [git] committed: Target audit: corrected reproducible outputs (2-run byte check) + Stage-A radiative/non-radiative decomposition results  (f864b97)
02:21:17  [git] pushed
02:21:17  [preflight] start: python3 preflight.py
02:22:53  [preflight] rc=0 in 1.6 min
