[08:30:28] P0790_H0175_seed011_lam1332p5: it    0/150  F_co=-2.6549  S_ED=0.5523  S_MD=0.0089  bal=0.016  beta=    1.0  lr=0.02000  t=    1.8s
[08:30:45] P0790_H0175_seed011_lam1332p5: it   10/150  F_co=+3.3951  S_ED=25.6654  S_MD=34.6389  bal=0.741  beta=    1.6  lr=0.01978  t=   19.2s
[08:31:03] P0790_H0175_seed011_lam1332p5: it   20/150  F_co=+2.9237  S_ED=16.0644  S_MD=21.5598  bal=0.745  beta=    2.5  lr=0.01914  t=   36.7s
[08:31:21] P0790_H0175_seed011_lam1332p5: it   30/150  F_co=+3.2583  S_ED=21.6076  S_MD=31.2995  bal=0.690  beta=    4.0  lr=0.01809  t=   54.4s
[08:31:39] P0790_H0175_seed011_lam1332p5: it   40/150  F_co=+3.1395  S_ED=18.9697  S_MD=28.1137  bal=0.675  beta=    6.3  lr=0.01669  t=   72.5s
[08:31:56] P0790_H0175_seed011_lam1332p5: it   50/150  F_co=+3.3323  S_ED=22.0763  S_MD=35.5210  bal=0.622  beta=   10.0  lr=0.01500  t=   90.0s
[08:32:14] P0790_H0175_seed011_lam1332p5: it   60/150  F_co=+3.5359  S_ED=26.0649  S_MD=45.2038  bal=0.577  beta=   15.8  lr=0.01309  t=  107.8s
[08:32:32] P0790_H0175_seed011_lam1332p5: it   70/150  F_co=+3.5982  S_ED=28.6971  S_MD=46.5028  bal=0.617  beta=   25.1  lr=0.01105  t=  125.4s
[08:32:49] P0790_H0175_seed011_lam1332p5: it   80/150  F_co=+3.6014  S_ED=28.8362  S_MD=46.5780  bal=0.619  beta=   39.8  lr=0.00895  t=  142.7s
[08:33:06] P0790_H0175_seed011_lam1332p5: it   90/150  F_co=+3.6053  S_ED=28.9442  S_MD=46.7739  bal=0.619  beta=   63.1  lr=0.00691  t=  160.2s
[08:33:24] P0790_H0175_seed011_lam1332p5: it  100/150  F_co=+3.6059  S_ED=28.9837  S_MD=46.7610  bal=0.620  beta=  100.0  lr=0.00500  t=  178.1s
[08:33:42] P0790_H0175_seed011_lam1332p5: it  110/150  F_co=+3.6066  S_ED=29.0019  S_MD=46.7969  bal=0.620  beta=  158.5  lr=0.00331  t=  195.6s
[08:33:59] P0790_H0175_seed011_lam1332p5: it  120/150  F_co=+3.6071  S_ED=29.0232  S_MD=46.8058  bal=0.620  beta=  251.2  lr=0.00191  t=  213.2s
[08:34:18] P0790_H0175_seed011_lam1332p5: it  130/150  F_co=+3.6072  S_ED=29.0301  S_MD=46.8051  bal=0.620  beta=  398.1  lr=0.00086  t=  231.4s
[08:34:36] P0790_H0175_seed011_lam1332p5: it  140/150  F_co=+3.6074  S_ED=29.0371  S_MD=46.8135  bal=0.620  beta=  631.0  lr=0.00022  t=  249.3s
[08:34:52] P0790_H0175_seed011_lam1332p5: it  149/150  F_co=+3.6074  S_ED=29.0367  S_MD=46.8133  bal=0.620  beta=  955.0  lr=0.00000  t=  265.3s
[08:34:56] P0790_H0175_seed011_lam1332p5: completed after 265s  final(projected)={'F_co': 3.607272148132324, 'S_ED': 29.033918380737305, 'S_MD': 46.809207916259766, 'balance': 0.6202608346939087}
[08:56:37] P0790_H0175_seed011_lam1332p5: already completed - skipping.
[08:59:00] P0790_H0175_seed011_lam1332p5: already completed - skipping.
[09:03:38] P0790_H0175_seed011_lam1332p5: already completed - skipping.
[09:08:06] P0790_H0175_seed011_lam1332p5: already completed - skipping.
[09:12:38] P0790_H0175_seed011_lam1332p5: already completed - skipping.
[09:17:13] P0790_H0175_seed011_lam1332p5: already completed - skipping.
[09:21:46] P0790_H0175_seed011_lam1332p5: already completed - skipping.
[09:26:13] P0790_H0175_seed011_lam1332p5: already completed - skipping.
[09:30:47] P0790_H0175_seed011_lam1332p5: already completed - skipping.
[09:35:16] P0790_H0175_seed011_lam1332p5: already completed - skipping.
[09:39:40] P0790_H0175_seed011_lam1332p5: already completed - skipping.
