[target] loaded /home/user/ENZ/enz_target/target_enz_mode_periodic_850_g10.npz
[target] keys: ['Ex', 'Ez', 'Hy', 'K_imag_per_nm', 'K_note', 'K_real_per_nm', 'drude_fit_eps_inf_wp_gamma', 'eps_air', 'eps_ito_imag', 'eps_ito_pole_imag', 'eps_ito_pole_real', 'eps_ito_real', 'field_units', 'glass_index', 'glass_index_is_paper_value', 'harmonic_order', 'ito_thickness_nm', 'ito_z_range_nm', 'k0_per_nm', 'kz_air_per_nm', 'kz_glass_per_nm', 'kz_ito_per_nm', 'normalization', 'omega_pole_rad_per_fs_imag', 'omega_pole_rad_per_fs_real', 'omega_rad_per_s', 'period_nm', 'pole_Q', 'pole_residual', 'time_convention', 'wavelength_nm', 'z_nm']
[target] lambda = 1433.49 nm, K/k0 = 1.6865+0.0000j, d_ITO = 23.0 nm, n_glass = 1.4446
[target] eps_ITO = -0.0742 + 0.7014i, normalization = integral_ITO_abs_Ez_squared_dz_equals_1_z_in_nm
[preflight] {
 "authoritative_ENZ_wavelength_nm": 1433.488144390721,
 "ITO_dispersion_source": "enz_target CSV (recommended-physical), eps(1433.49) = (-0.07424989012321415+0.7014284101165421j)",
 "source": "TORCWA plane wave, forward, amplitude [1,0] (x-pol), normal incidence, |E_inc| = 1 (LH units)",
 "grid": [
  128,
  128
 ],
 "rcwa_order": [
  7,
  7
 ],
 "seed": 333,
 "filter_projection": "Gauss r=40.0nm, tanh beta ramp 1->1000.0, 150 iters, lr 0.02 cosine",
 "mask_realization": {
  "requested_padding_nm": 85.0,
  "dx_nm": 6.640625,
  "active_index_range": [
   13,
   114
  ],
  "active_pixels": 102,
  "active_width_nm": 677.34375,
  "realized_padding_nm_per_side": [
   86.328125,
   86.328125
  ],
  "pad_pixels_per_side": [
   13,
   13
  ]
 },
 "y_mirror": true,
 "x_symmetry": "free",
 "objective": "ito_ez_volume",
 "F_ENZ_definition": "sum_ITO |Ez|^2 dV / (V_ITO * |E_inc|^2), 7 midpoint z-slices (interior quadrature), all harmonics via real-space total field",
 "field_region": "full ITO volume of one unit cell, interfaces excluded by midpoint rule",
 "baseline_identity": "enz_padding_sideexperiment rho_hard_binary (padded-85nm QNM-target winner)"
}
[verify] F_ENZ(empty cell) = 0.000e+00 (must be ~0: no Ez at normal incidence in planar stack)
[baseline] F_ENZ(old padded QNM winner) = 2.2138 (cross-check vs B_ITO/(2*d) = 101.8/46 = 2.213)
/home/user/ENZ/enz_direct_enz_excitation/run_campaign.py:127: UserWarning: Converting a tensor with requires_grad=True to a scalar may lead to unexpected behavior.
Consider using tensor.detach() first. (Triggered internally at /__w/pytorch/pytorch/torch/csrc/autograd/generated/python_variable_methods.cpp:822.)
  print(f"[gradient] F_ENZ = {float(F):.4e}; grad: norm = "
[gradient] F_ENZ = 6.9608e-01; grad: norm = 1.083e-01, max|g| = 3.415e-03, finite = True
[target] loaded /home/user/ENZ/enz_target/target_enz_mode_periodic_850_g10.npz
[target] keys: ['Ex', 'Ez', 'Hy', 'K_imag_per_nm', 'K_note', 'K_real_per_nm', 'drude_fit_eps_inf_wp_gamma', 'eps_air', 'eps_ito_imag', 'eps_ito_pole_imag', 'eps_ito_pole_real', 'eps_ito_real', 'field_units', 'glass_index', 'glass_index_is_paper_value', 'harmonic_order', 'ito_thickness_nm', 'ito_z_range_nm', 'k0_per_nm', 'kz_air_per_nm', 'kz_glass_per_nm', 'kz_ito_per_nm', 'normalization', 'omega_pole_rad_per_fs_imag', 'omega_pole_rad_per_fs_real', 'omega_rad_per_s', 'period_nm', 'pole_Q', 'pole_residual', 'time_convention', 'wavelength_nm', 'z_nm']
[target] lambda = 1433.49 nm, K/k0 = 1.6865+0.0000j, d_ITO = 23.0 nm, n_glass = 1.4446
[target] eps_ITO = -0.0742 + 0.7014i, normalization = integral_ITO_abs_Ez_squared_dz_equals_1_z_in_nm
[setup] eps_aSi(1433.5 nm) = 8.7917+0.0000j (n = 2.9651+0.0000j) from measured POSTECH n,k file
[momentum] target Re(K)/k0 = 1.6865; best harmonic (m,n) = (-1,0) with |k_par+G|/k0 = 1.6865
[momentum] relative mismatch delta_K = 0.00e+00 (threshold 0.05)
[momentum] target K is real (real-K/complex-omega pole formulation - self-consistent with the periodic cell); modal damping lives in Im(omega): Q = 5.80
[target] grid normalization: integral_ITO |Ez_t|^2 dV = 1, residual = 2.22e-16 (dV = 144.893 nm^3, direction +x)
[target] grid normalization: integral_ITO |Ez_t|^2 dV = 1, residual = 2.22e-16 (dV = 144.893 nm^3, direction -x)
[setup] P_inc_cell = 361250.0 (LH units, |E0|=1)
[reference] air/ITO/glass: R = 0.0455, T = 0.9097, max|Ez_ref| = 0.000e+00 (normal incidence: Ez_ref ~ 0 as expected)
[setup] |<T+,T->| on grid = 1.96e-17 (orthogonal)
it    0  F = 7.267164e-01  |a+| = 2.1219e+03  |grad| = 3.867e-02  binar = 0.592  t = 4s
it    1  F = 7.916609e-01  |a+| = 2.2273e+03  |grad| = 4.041e-02  binar = 0.591  t = 9s
it    2  F = 8.608271e-01  |a+| = 2.3341e+03  |grad| = 4.202e-02  binar = 0.588  t = 12s
it    3  F = 9.342427e-01  |a+| = 2.4422e+03  |grad| = 4.344e-02  binar = 0.582  t = 15s
it    4  F = 1.011781e+00  |a+| = 2.5512e+03  |grad| = 4.460e-02  binar = 0.572  t = 18s
it    5  F = 1.093142e+00  |a+| = 2.6604e+03  |grad| = 4.542e-02  binar = 0.560  t = 22s
it    6  F = 1.177813e+00  |a+| = 2.7691e+03  |grad| = 4.583e-02  binar = 0.543  t = 25s
it    7  F = 1.265055e+00  |a+| = 2.8763e+03  |grad| = 4.575e-02  binar = 0.523  t = 27s
it    8  F = 1.353893e+00  |a+| = 2.9809e+03  |grad| = 4.512e-02  binar = 0.499  t = 30s
it    9  F = 1.443134e+00  |a+| = 3.0819e+03  |grad| = 4.391e-02  binar = 0.471  t = 33s
it   10  F = 1.531420e+00  |a+| = 3.1779e+03  |grad| = 4.209e-02  binar = 0.440  t = 36s
it   11  F = 1.617308e+00  |a+| = 3.2679e+03  |grad| = 3.971e-02  binar = 0.408  t = 39s
it   12  F = 1.699365e+00  |a+| = 3.3509e+03  |grad| = 3.682e-02  binar = 0.374  t = 42s
it   13  F = 1.776258e+00  |a+| = 3.4262e+03  |grad| = 3.354e-02  binar = 0.339  t = 45s
it   14  F = 1.846731e+00  |a+| = 3.4930e+03  |grad| = 3.001e-02  binar = 0.305  t = 48s
it   15  F = 1.910107e+00  |a+| = 3.5512e+03  |grad| = 2.640e-02  binar = 0.273  t = 51s
it   16  F = 1.965935e+00  |a+| = 3.6010e+03  |grad| = 2.287e-02  binar = 0.244  t = 54s
it   17  F = 2.014363e+00  |a+| = 3.6431e+03  |grad| = 1.956e-02  binar = 0.217  t = 57s
it   18  F = 2.055618e+00  |a+| = 3.6780e+03  |grad| = 1.658e-02  binar = 0.193  t = 60s
it   19  F = 2.090307e+00  |a+| = 3.7066e+03  |grad| = 1.401e-02  binar = 0.172  t = 63s
it   20  F = 2.119227e+00  |a+| = 3.7298e+03  |grad| = 1.185e-02  binar = 0.154  t = 66s
it   21  F = 2.143122e+00  |a+| = 3.7486e+03  |grad| = 1.009e-02  binar = 0.139  t = 70s
it   22  F = 2.162818e+00  |a+| = 3.7636e+03  |grad| = 8.680e-03  binar = 0.126  t = 74s
it   23  F = 2.179055e+00  |a+| = 3.7757e+03  |grad| = 7.570e-03  binar = 0.114  t = 78s
it   24  F = 2.192522e+00  |a+| = 3.7854e+03  |grad| = 6.690e-03  binar = 0.105  t = 81s
it   25  F = 2.203743e+00  |a+| = 3.7934e+03  |grad| = 5.986e-03  binar = 0.097  t = 85s
it   26  F = 2.213155e+00  |a+| = 3.7999e+03  |grad| = 5.413e-03  binar = 0.089  t = 88s
it   27  F = 2.221099e+00  |a+| = 3.8052e+03  |grad| = 4.938e-03  binar = 0.083  t = 91s
