[09:21:48] P0870_H0175_seed047_lam1332p5: it    0/150  F_co=-4.7537  S_ED=0.5443  S_MD=0.0001  bal=0.000  beta=    1.0  lr=0.02000  t=    1.9s
[09:22:05] P0870_H0175_seed047_lam1332p5: it   10/150  F_co=+1.6443  S_ED=5.4754  S_MD=4.8959  bal=0.894  beta=    1.6  lr=0.01978  t=   19.3s
[09:22:23] P0870_H0175_seed047_lam1332p5: it   20/150  F_co=+1.2977  S_ED=3.4780  S_MD=3.8536  bal=0.903  beta=    2.5  lr=0.01914  t=   36.6s
[09:22:40] P0870_H0175_seed047_lam1332p5: it   30/150  F_co=+1.2748  S_ED=3.3748  S_MD=3.7935  bal=0.890  beta=    4.0  lr=0.01809  t=   53.9s
[09:22:57] P0870_H0175_seed047_lam1332p5: it   40/150  F_co=+1.5908  S_ED=4.5339  S_MD=5.3119  bal=0.854  beta=    6.3  lr=0.01669  t=   70.8s
[09:23:14] P0870_H0175_seed047_lam1332p5: it   50/150  F_co=+1.9024  S_ED=6.0945  S_MD=7.3701  bal=0.827  beta=   10.0  lr=0.01500  t=   88.1s
[09:23:31] P0870_H0175_seed047_lam1332p5: it   60/150  F_co=+1.9052  S_ED=6.0948  S_MD=7.4116  bal=0.822  beta=   15.8  lr=0.01309  t=  105.5s
[09:23:49] P0870_H0175_seed047_lam1332p5: it   70/150  F_co=+1.9197  S_ED=6.1816  S_MD=7.5221  bal=0.822  beta=   25.1  lr=0.01105  t=  122.7s
[09:24:06] P0870_H0175_seed047_lam1332p5: it   80/150  F_co=+1.9245  S_ED=6.2118  S_MD=7.5577  bal=0.822  beta=   39.8  lr=0.00895  t=  139.9s
[09:24:23] P0870_H0175_seed047_lam1332p5: it   90/150  F_co=+1.9243  S_ED=6.2103  S_MD=7.5568  bal=0.822  beta=   63.1  lr=0.00691  t=  157.3s
[09:24:41] P0870_H0175_seed047_lam1332p5: it  100/150  F_co=+1.9247  S_ED=6.2117  S_MD=7.5603  bal=0.822  beta=  100.0  lr=0.00500  t=  174.8s
[09:24:58] P0870_H0175_seed047_lam1332p5: it  110/150  F_co=+1.9248  S_ED=6.2125  S_MD=7.5620  bal=0.822  beta=  158.5  lr=0.00331  t=  192.2s
[09:25:15] P0870_H0175_seed047_lam1332p5: it  120/150  F_co=+1.9249  S_ED=6.2126  S_MD=7.5623  bal=0.822  beta=  251.2  lr=0.00191  t=  209.4s
[09:25:32] P0870_H0175_seed047_lam1332p5: it  130/150  F_co=+1.9249  S_ED=6.2128  S_MD=7.5627  bal=0.822  beta=  398.1  lr=0.00086  t=  226.6s
[09:25:51] P0870_H0175_seed047_lam1332p5: it  140/150  F_co=+1.9249  S_ED=6.2127  S_MD=7.5627  bal=0.821  beta=  631.0  lr=0.00022  t=  244.7s
[09:26:06] P0870_H0175_seed047_lam1332p5: it  149/150  F_co=+1.9249  S_ED=6.2129  S_MD=7.5630  bal=0.821  beta=  955.0  lr=0.00000  t=  260.1s
[09:26:11] P0870_H0175_seed047_lam1332p5: completed after 260s  final(projected)={'F_co': 1.9249130487442017, 'S_ED': 6.212690830230713, 'S_MD': 7.562727928161621, 'balance': 0.821488082408905}
[09:26:13] P0870_H0175_seed047_lam1332p5: already completed - skipping.
[09:30:47] P0870_H0175_seed047_lam1332p5: already completed - skipping.
[09:35:16] P0870_H0175_seed047_lam1332p5: already completed - skipping.
