04:46:12  [stage 0] start stage0_manifest.py
04:46:14  [stage 0] rc=0 in 0.0 min
04:46:14  [git] commit rc=0 
04:46:16  [git] pushed
04:46:16  [stage 1] start stage1_harness.py
04:46:52  [stage 1] rc=0 in 0.6 min
04:46:52  [git] commit rc=0 
04:46:54  [git] pushed
04:46:54  [stage 2] start stage2_poles.py
06:39:33  [stage 2] rc=0 in 112.6 min
06:39:33  [git] commit rc=0 
06:39:36  [git] pushed
06:39:36  [stage 3] start stage3_driven_vs_modal.py
06:40:50  [stage 3] rc=0 in 1.2 min
06:40:50  [git] commit rc=0 
06:40:52  [git] pushed
06:40:52  [stage 4] start stage4_pareto.py
06:40:55  [stage 4] rc=0 in 0.1 min
06:40:56  [git] commit rc=0 
06:40:57  [git] pushed
06:40:57  [driver] requested stages complete
06:41:11  [stage 5] start stage5_angular.py
07:01:54  [stage 5] rc=0 in 20.7 min
07:01:54  [git] commit rc=0 
07:01:57  [git] pushed
07:01:57  [stage 6] start stage6_alignment.py
07:38:37  [stage 6] rc=0 in 36.7 min
07:38:37  [git] commit rc=0 
07:38:40  [git] pushed
07:38:40  [stage 7] start stage7_loss_sweep.py
07:40:40  [stage 7] rc=0 in 2.0 min
07:40:40  [git] commit rc=0 
07:40:42  [git] pushed
07:40:42  [stage 8] start stage8_leakage.py
09:43:45  [stage 8] rc=0 in 123.1 min
09:43:45  [git] commit rc=0 
09:43:47  [git] pushed
09:43:47  [stage 9] start stage9_p925_controls.py
09:59:46  [stage 9] rc=0 in 16.0 min
09:59:46  [git] commit rc=0 
09:59:49  [git] pushed
09:59:49  [stage 10] start stage10_p800_narrow.py
10:02:10  [stage 10] rc=0 in 2.3 min
10:02:10  [git] commit rc=0 
10:02:12  [git] pushed
10:02:12  [stage 11] start stage11_survivors.py
11:32:32  [stage 11] rc=0 in 90.3 min
11:32:32  [git] commit rc=0 
11:32:35  [git] pushed
11:32:35  [driver] requested stages complete
11:52:17  [stage 16] start stage16_pareto_design.py
13:02:58  [stage 16] rc=0 in 70.7 min
13:02:58  [git] commit rc=0 
13:03:01  [git] pushed
13:03:01  [stage 15] start stage15_report.py
13:03:03  [stage 15] rc=0 in 0.0 min
13:03:03  [git] commit rc=0 
13:03:05  [git] pushed
13:03:05  [driver] requested stages complete
