/home/user/ENZ/enz_highq_driven_ez_audit/common.py:133: RuntimeWarning: invalid value encountered in divide
  cum = np.cumsum(srt) / srt.sum()
bare ITO           (0,0):A0.045/F0.00/z0.00 (10,0):A0.051/F0.08/z0.12 (20,0):A0.067/F0.31/z0.35 (30,0):A0.094/F0.62/z0.54 (40,0):A0.127/F0.92/z0.67 (10,45):A0.048/F0.04/z0.06 (20,45):A0.056/F0.15/z0.20 (30,45):A0.067/F0.27/z0.32 (40,45):A0.077/F0.34/z0.41 (10,90):A0.045/F0.00/z0.00 (20,90):A0.046/F0.00/z0.00 (30,90):A0.047/F0.00/z0.00 (40,90):A0.048/F0.00/z0.00
EDR cuboid         (0,0):A0.199/F2.15/z0.76 (10,0):A0.221/F2.44/z0.79 (20,0):A0.189/F1.90/z0.76 (30,0):A0.179/F1.62/z0.74 (40,0):A0.188/F1.53/z0.75 (10,45):A0.220/F2.37/z0.77 (20,45):A0.276/F2.14/z0.58 (30,45):A0.179/F1.53/z0.70 (40,45):A0.160/F1.19/z0.68 (10,90):A0.236/F2.44/z0.74 (20,90):A0.141/F1.10/z0.59 (30,90):A0.127/F0.91/z0.59 (40,90):A0.116/F0.71/z0.56
unpadded QNM       (0,0):A0.205/F2.32/z0.80 (10,0):A0.233/F2.70/z0.83 (20,0):A0.179/F1.83/z0.77 (30,0):A0.166/F1.51/z0.74 (40,0):A0.174/F1.43/z0.76 (10,45):A0.224/F2.51/z0.81 (20,45):A0.267/F2.99/z0.84 (30,45):A0.184/F1.72/z0.76 (40,45):A0.161/F1.26/z0.73 (10,90):A0.240/F2.53/z0.76 (20,90):A0.443/F2.96/z0.50 (30,90):A0.185/F0.13/z0.06 (40,90):A0.085/F0.11/z0.12
padded QNM         (0,0):A0.201/F2.21/z0.78 (10,0):A0.227/F2.56/z0.81 (20,0):A0.183/F1.84/z0.76 (30,0):A0.171/F1.53/z0.73 (40,0):A0.178/F1.44/z0.75 (10,45):A0.212/F2.31/z0.78 (20,45):A0.296/F3.07/z0.78 (30,45):A0.181/F1.61/z0.73 (40,45):A0.162/F1.24/z0.71 (10,90):A0.190/F1.96/z0.74 (20,90):A0.170/F1.56/z0.69 (30,90):A0.148/F1.19/z0.66 (40,90):A0.129/F0.87/z0.62
padded F_ENZ       (0,0):A0.208/F2.28/z0.78 (10,0):A0.232/F2.61/z0.81 (20,0):A0.190/F1.92/z0.76 (30,0):A0.178/F1.61/z0.74 (40,0):A0.185/F1.51/z0.75 (10,45):A0.218/F2.37/z0.78 (20,45):A0.294/F3.06/z0.78 (30,45):A0.184/F1.61/z0.72 (40,45):A0.163/F1.24/z0.70 (10,90):A0.197/F2.04/z0.75 (20,90):A0.173/F1.59/z0.69 (30,90):A0.150/F1.20/z0.65 (40,90):A0.129/F0.87/z0.62
P800 robust        (0,0):A0.451/F2.15/z0.34 (10,0):A0.487/F2.35/z0.35 (20,0):A0.507/F2.45/z0.36 (30,0):A0.410/F1.80/z0.36 (40,0):A0.327/F1.46/z0.41 (10,45):A0.408/F3.38/z0.59 (20,45):A0.267/F2.68/z0.76 (30,45):A0.242/F2.34/z0.79 (40,45):A0.168/F1.32/z0.72 (10,90):A0.394/F3.45/z0.63 (20,90):A0.506/F4.59/z0.68 (30,90):A0.342/F2.74/z0.66 (40,90):A0.181/F1.20/z0.61
P925 robust        (0,0):A0.457/F4.03/z0.62 (10,0):A0.353/F2.64/z0.54 (20,0):A0.423/F3.11/z0.55 (30,0):A0.476/F3.40/z0.58 (40,0):A0.392/F2.68/z0.63 (10,45):A0.452/F4.03/z0.64 (20,45):A0.264/F2.42/z0.69 (30,45):A0.196/F1.65/z0.69 (40,45):A0.174/F1.30/z0.69 (10,90):A0.348/F3.22/z0.66 (20,90):A0.373/F3.58/z0.72 (30,90):A0.395/F3.60/z0.74 (40,90):A0.328/F2.65/z0.75
P925/h220 robust   (0,0):A0.439/F3.38/z0.54 (10,0):A0.424/F3.17/z0.54 (20,0):A0.516/F3.80/z0.56 (30,0):A0.495/F3.40/z0.56 (40,0):A0.374/F2.52/z0.62 (10,45):A0.390/F3.48/z0.64 (20,45):A0.216/F1.94/z0.68 (30,45):A0.178/F1.48/z0.68 (40,45):A0.169/F1.26/z0.69 (10,90):A0.332/F2.85/z0.62 (20,90):A0.376/F3.48/z0.70 (30,90):A0.392/F3.43/z0.71 (40,90):A0.294/F2.26/z0.71
  P925 robust (0,0): tracked {'lambda_nm': 1446.9183878445554, 'Q': 23.030861673295394, 'overlap': 0.9999999999999992} | all: 1338/Q25.4, 1365/Q16.8, 1447/Q23.0, 1545/Q6.6
  P925 robust (20,0): tracked {'lambda_nm': 1445.796818728964, 'Q': 20.177020863126003, 'overlap': 0.8841118311125216} | all: 1284/Q36.1, 1396/Q10.0, 1446/Q20.2
  P925 robust (20,45): tracked {'lambda_nm': 1380.1122598482402, 'Q': 32.17653896218651, 'overlap': 0.7575244340957111} | all: 1380/Q32.2, 1544/Q71.3, 1549/Q36.8, 1563/Q21.9, 1615/Q18.9
  P925 robust (20,90): tracked {'lambda_nm': 1449.4062551825589, 'Q': 7.144891466890145, 'overlap': 0.5664875988326047} | all: 1294/Q14.1, 1300/Q11.4, 1393/Q24.2, 1449/Q7.1, 1505/Q7.9
  P925 robust (40,0): tracked {'lambda_nm': 1425.6051815686994, 'Q': 19.663705666934177, 'overlap': 0.7050672801949479} | all: 1224/Q14.9, 1382/Q10.6, 1426/Q19.7, 1520/Q58.8, 1522/Q27.6, 1525/Q13.5
  P925 robust (40,45): tracked {'lambda_nm': 1377.268383660476, 'Q': 30.767879066506346, 'overlap': 0.5060379430161658} | all: 1377/Q30.8, 1511/Q5.5
  P925 robust (40,90): tracked {'lambda_nm': 1423.939147401432, 'Q': 8.400937416172706, 'overlap': 0.4806286403016509} | all: 1277/Q14.0, 1424/Q8.4, 1535/Q9.7, 1659/Q3.5
  P800 robust (0,0): tracked {'lambda_nm': 1437.5570013652975, 'Q': 73.81163297289444, 'overlap': 0.9999999999999997} | all: 1207/Q15.4, 1438/Q73.8, 1500/Q5.5
  P800 robust (20,0): tracked {'lambda_nm': 1432.3843804863259, 'Q': 79.53601987650882, 'overlap': 0.7766748241290683} | all: 1169/Q2.7, 1432/Q79.5, 1536/Q8.5
  P800 robust (20,45): tracked {'lambda_nm': 1343.468563813711, 'Q': 49.620841644446045, 'overlap': 0.5160852348489955} | all: 1339/Q45.1, 1343/Q49.6, 1481/Q21.4, 1521/Q6.1
  P800 robust (20,90): tracked {'lambda_nm': 1478.509719010983, 'Q': 5.299094147115894, 'overlap': 0.4445668336470797} | all: 1431/Q18.1, 1448/Q27.2, 1479/Q5.3
  P800 robust (40,0): tracked {'lambda_nm': 1424.3192629702125, 'Q': 95.11788781256236, 'overlap': 0.7110698997030862} | all: 1424/Q95.1
  P800 robust (40,45): tracked {'lambda_nm': 1579.1354081877341, 'Q': 16.011903361643757, 'overlap': 0.4041699535450957} | all: 1454/Q4.1, 1550/Q9.2, 1579/Q16.0
  P800 robust (40,90): tracked {'lambda_nm': 1336.9130508686846, 'Q': 29.955916297521334, 'overlap': 0.2874746531245512} | all: 1337/Q30.0, 1371/Q10.9
  padded QNM (0,0): tracked {'lambda_nm': 1485.8648147505137, 'Q': 4.90266662637445, 'overlap': 0.9999999999999994} | all: 1289/Q48.6, 1486/Q4.9
  padded QNM (20,0): tracked {'lambda_nm': 1532.3882871999945, 'Q': 10.31628272817138, 'overlap': 0.8557245341769785} | all: 1279/Q54.8, 1526/Q23.7, 1528/Q22.8, 1532/Q10.3
  padded QNM (20,45): tracked {'lambda_nm': 1418.8658982770894, 'Q': 30.667232679146228, 'overlap': 0.765507486699363} | all: 1417/Q64.7, 1419/Q30.7
  padded QNM (20,90): tracked {'lambda_nm': 1534.2503316720881, 'Q': 51.387426144681974, 'overlap': 0.8049927797533523} | all: 1333/Q14.6, 1534/Q51.4
  padded QNM (40,0): tracked {'lambda_nm': 1401.6901380405016, 'Q': 20.823584301094687, 'overlap': 0.6770934497373213} | all: 1267/Q45.3, 1402/Q20.8, 1407/Q10.1, 1829/Q13.2
  padded QNM (40,45): tracked {'lambda_nm': 1579.6255664911835, 'Q': 12.977697580959672, 'overlap': 0.83312546879154} | all: 1552/Q950.5, 1553/Q169.6, 1555/Q66.4, 1563/Q30.5, 1580/Q13.0
  padded QNM (40,90): tracked {'lambda_nm': 1490.8237704687701, 'Q': 4.695291495891999, 'overlap': 0.9379472620703172} | all: 1302/Q12.9, 1491/Q4.7
[stage5] done
