[stage11] survivors: ['P925 robust', 'P800 robust', 'padded QNM']
  P925 robust erode_1px  : F_Ez=4.122 A=0.461 pole=1413.4362680445402 Q=24.752873441246987 Q_rad~69.20928527992133
  P925 robust dilate_1px : F_Ez=3.492 A=0.358 pole=1483.1209722402725 Q=21.579758811590576 Q_rad~None
  P925 robust h_-10nm    : F_Ez=4.062 A=0.481 pole=1437.5927941361274 Q=23.618260326940725
  P925 robust h_+10nm    : F_Ez=4.129 A=0.441 pole=1455.993722361451 Q=22.45894914033639
  P925 robust P_-2pct    : F_Ez=4.437 A=0.514 pole=1424.3566908092039 Q=25.76373347063118
  P925 robust P_+2pct    : F_Ez=3.638 A=0.386 pole=1469.9245546996108 Q=20.24828700639971
  P925 robust pad_+1px   : F_Ez=4.051 A=0.461 pole=1446.3017478038098 Q=23.069219185284215
  P925 robust supercell: single[5,5] A=0.4206 F=3.696 | 2x2 identical A=0.4206 F=3.696 | one neighbour eroded A=0.4327 F=3.660
  P925 robust order [7, 7]: F_Ez=4.031 A=0.4574 pole=1446.9183878445554 Q=23.030861673295394
  P925 robust order [9, 9]: F_Ez=4.083 A=0.4661 pole=1445.3043370817918 Q=23.24807622051233
  P925 robust order [11, 11]: F_Ez=4.122 A=0.4725 pole=1443.7557437680232 Q=23.513796540265474
  P800 robust erode_1px  : F_Ez=2.562 A=0.319 pole=1418.0730744485015 Q=72.0020225770994 Q_rad~181.89402748323923
  P800 robust dilate_1px : F_Ez=1.960 A=0.217 pole=1457.2854931426627 Q=75.03075178825395 Q_rad~221.6191467143407
  P800 robust h_-10nm    : F_Ez=2.458 A=0.340 pole=1422.0302834550378 Q=73.16605846550317
  P800 robust h_+10nm    : F_Ez=2.060 A=0.251 pole=1452.355257745411 Q=74.6097115726666
  P800 robust P_-2pct    : F_Ez=2.318 A=0.275 pole=1416.215425998257 Q=77.8394770572163
  P800 robust P_+2pct    : F_Ez=2.014 A=0.225 pole=1458.8312775483432 Q=70.0860420778308
  P800 robust pad_+1px   : F_Ez=2.447 A=0.512 pole=1430.882610518391 Q=72.30268140307824
  P800 robust supercell: single[5,5] A=0.4443 F=2.187 | 2x2 identical A=0.4443 F=2.187 | one neighbour eroded A=0.4842 F=2.429
  P800 robust order [7, 7]: F_Ez=2.152 A=0.4507 pole=1437.5570013652975 Q=73.81163297289444
  P800 robust order [9, 9]: F_Ez=2.159 A=0.4607 pole=1436.8811349457283 Q=75.2734319643799
  P800 robust order [11, 11]: F_Ez=2.158 A=0.4664 pole=1436.6463761074215 Q=75.80945922700818
  padded QNM erode_1px  : F_Ez=2.211 A=0.201 pole=1489.0944060345032 Q=4.885768683499183 Q_rad~147.67154271148604
  padded QNM dilate_1px : F_Ez=2.212 A=0.200 pole=1484.832638193711 Q=5.028107234929418 Q_rad~None
  padded QNM h_-10nm    : F_Ez=2.075 A=0.191 pole=1485.534622464672 Q=4.875655546908838
  padded QNM h_+10nm    : F_Ez=2.349 A=0.211 pole=1489.0598346094798 Q=4.996919510718951
  padded QNM P_-2pct    : F_Ez=2.095 A=0.192 pole=1269.4958050418124 Q=49.30584885405832
  padded QNM P_+2pct    : F_Ez=2.356 A=0.211 pole=1489.5482964030798 Q=5.085250349026269
  padded QNM pad_+1px   : F_Ez=2.211 A=0.201 pole=1486.9368726137702 Q=4.882072768604666
  padded QNM supercell: single[5,5] A=0.2015 F=2.228 | 2x2 identical A=0.2015 F=2.228 | one neighbour eroded A=0.2014 F=2.224
  padded QNM order [7, 7]: F_Ez=2.214 A=0.2009 pole=1485.8648147505137 Q=4.90266662637445
  padded QNM order [9, 9]: F_Ez=2.233 A=0.2027 pole=1486.302297052036 Q=4.904973674343036
  padded QNM order [11, 11]: F_Ez=2.244 A=0.2040 pole=1487.2439277872963 Q=4.867960685280231
[stage11] done
