[09:11:49] P0830_H0125_seed047_lam1332p5: it    0/150  F_co=-4.6519  S_ED=0.7154  S_MD=0.0001  bal=0.000  beta=    1.0  lr=0.02000  t=    1.9s
[09:12:06] P0830_H0125_seed047_lam1332p5: it   10/150  F_co=+1.8599  S_ED=5.9089  S_MD=6.9823  bal=0.846  beta=    1.6  lr=0.01978  t=   19.4s
[09:12:24] P0830_H0125_seed047_lam1332p5: it   20/150  F_co=+3.8930  S_ED=43.4433  S_MD=55.3968  bal=0.784  beta=    2.5  lr=0.01914  t=   36.9s
[09:12:41] P0830_H0125_seed047_lam1332p5: it   30/150  F_co=+3.8735  S_ED=41.5874  S_MD=55.6570  bal=0.747  beta=    4.0  lr=0.01809  t=   54.5s
[09:12:59] P0830_H0125_seed047_lam1332p5: it   40/150  F_co=+3.9021  S_ED=42.0027  S_MD=58.3512  bal=0.720  beta=    6.3  lr=0.01669  t=   72.0s
[09:13:16] P0830_H0125_seed047_lam1332p5: it   50/150  F_co=+3.9041  S_ED=41.8232  S_MD=58.8348  bal=0.711  beta=   10.0  lr=0.01500  t=   89.0s
[09:13:33] P0830_H0125_seed047_lam1332p5: it   60/150  F_co=+3.9087  S_ED=41.9471  S_MD=59.2023  bal=0.709  beta=   15.8  lr=0.01309  t=  105.9s
[09:13:50] P0830_H0125_seed047_lam1332p5: it   70/150  F_co=+3.9123  S_ED=42.0912  S_MD=59.4255  bal=0.708  beta=   25.1  lr=0.01105  t=  123.0s
[09:14:07] P0830_H0125_seed047_lam1332p5: it   80/150  F_co=+3.9152  S_ED=42.2235  S_MD=59.5906  bal=0.709  beta=   39.8  lr=0.00895  t=  140.0s
[09:14:24] P0830_H0125_seed047_lam1332p5: it   90/150  F_co=+3.9179  S_ED=42.3830  S_MD=59.6832  bal=0.710  beta=   63.1  lr=0.00691  t=  157.3s
[09:14:42] P0830_H0125_seed047_lam1332p5: it  100/150  F_co=+3.9199  S_ED=42.4861  S_MD=59.7727  bal=0.711  beta=  100.0  lr=0.00500  t=  174.8s
[09:14:59] P0830_H0125_seed047_lam1332p5: it  110/150  F_co=+3.9212  S_ED=42.5752  S_MD=59.8122  bal=0.712  beta=  158.5  lr=0.00331  t=  192.0s
[09:15:16] P0830_H0125_seed047_lam1332p5: it  120/150  F_co=+3.9219  S_ED=42.6192  S_MD=59.8314  bal=0.712  beta=  251.2  lr=0.00191  t=  209.3s
[09:15:34] P0830_H0125_seed047_lam1332p5: it  130/150  F_co=+3.9223  S_ED=42.6463  S_MD=59.8436  bal=0.713  beta=  398.1  lr=0.00086  t=  226.7s
[09:15:51] P0830_H0125_seed047_lam1332p5: it  140/150  F_co=+3.9222  S_ED=42.6429  S_MD=59.8272  bal=0.713  beta=  631.0  lr=0.00022  t=  244.0s
[09:16:07] P0830_H0125_seed047_lam1332p5: it  149/150  F_co=+3.9225  S_ED=42.6589  S_MD=59.8491  bal=0.713  beta=  955.0  lr=0.00000  t=  260.1s
[09:16:12] P0830_H0125_seed047_lam1332p5: completed after 260s  final(projected)={'F_co': 3.922473192214966, 'S_ED': 42.65604782104492, 'S_MD': 59.846153259277344, 'balance': 0.7127617597579956}
[09:16:14] P0830_H0125_seed047_lam1332p5: already completed - skipping.
[09:20:42] P0830_H0125_seed047_lam1332p5: already completed - skipping.
[09:25:19] P0830_H0125_seed047_lam1332p5: already completed - skipping.
