[stage4] beta=15.79 n_iter=150 order=[7, 7] angles=[(0.0, 0.0), (15.0, 0.0), (30.0, 0.0), (15.0, 90.0), (30.0, 90.0), (20.0, 45.0)]
[finalist0_P800_h200_pad0.040_warm] it   0 J=0.28818 A_min=0.2182 A_mean=0.3663 |g|=1.08e-02 bin=0.135 S_flip=0.077 t=17s
[finalist0_P800_h200_pad0.040_warm] it   1 J=0.30098 A_min=0.2135 A_mean=0.4056 |g|=6.74e-03 bin=0.122 S_flip=0.077 t=31s
[finalist0_P800_h200_pad0.040_warm] it   2 J=0.30733 A_min=0.2111 A_mean=0.4265 |g|=4.00e-03 bin=0.112 S_flip=0.078 t=44s
[finalist0_P800_h200_pad0.040_warm] it   3 J=0.31030 A_min=0.2105 A_mean=0.4314 |g|=3.79e-03 bin=0.103 S_flip=0.081 t=55s
[finalist0_P800_h200_pad0.040_warm] it   4 J=0.31219 A_min=0.2112 A_mean=0.4291 |g|=4.27e-03 bin=0.096 S_flip=0.084 t=67s
[finalist0_P800_h200_pad0.040_warm] it   5 J=0.31389 A_min=0.2128 A_mean=0.4254 |g|=4.73e-03 bin=0.090 S_flip=0.089 t=78s
[finalist0_P800_h200_pad0.040_warm] it   6 J=0.31574 A_min=0.2150 A_mean=0.4226 |g|=5.04e-03 bin=0.084 S_flip=0.094 t=89s
[finalist0_P800_h200_pad0.040_warm] it   7 J=0.31785 A_min=0.2177 A_mean=0.4216 |g|=5.13e-03 bin=0.080 S_flip=0.100 t=100s
[finalist0_P800_h200_pad0.040_warm] it   8 J=0.32020 A_min=0.2208 A_mean=0.4224 |g|=4.99e-03 bin=0.075 S_flip=0.106 t=112s
[finalist0_P800_h200_pad0.040_warm] it   9 J=0.32270 A_min=0.2242 A_mean=0.4244 |g|=4.65e-03 bin=0.071 S_flip=0.112 t=123s
[finalist0_P800_h200_pad0.040_warm] it  10 J=0.32517 A_min=0.2277 A_mean=0.4269 |g|=4.17e-03 bin=0.068 S_flip=0.119 t=134s
[finalist0_P800_h200_pad0.040_warm] it  11 J=0.32748 A_min=0.2314 A_mean=0.4294 |g|=3.64e-03 bin=0.065 S_flip=0.125 t=146s
[finalist0_P800_h200_pad0.040_warm] it  12 J=0.32951 A_min=0.2351 A_mean=0.4314 |g|=3.15e-03 bin=0.062 S_flip=0.132 t=157s
[finalist0_P800_h200_pad0.040_warm] it  13 J=0.33122 A_min=0.2386 A_mean=0.4327 |g|=2.83e-03 bin=0.059 S_flip=0.140 t=169s
[finalist0_P800_h200_pad0.040_warm] it  14 J=0.33260 A_min=0.2420 A_mean=0.4331 |g|=2.77e-03 bin=0.056 S_flip=0.147 t=181s
[finalist0_P800_h200_pad0.040_warm] it  15 J=0.33373 A_min=0.2451 A_mean=0.4330 |g|=2.96e-03 bin=0.054 S_flip=0.154 t=193s
[finalist0_P800_h200_pad0.040_warm] it  16 J=0.33470 A_min=0.2478 A_mean=0.4324 |g|=3.27e-03 bin=0.051 S_flip=0.161 t=204s
[finalist0_P800_h200_pad0.040_warm] it  17 J=0.33563 A_min=0.2501 A_mean=0.4317 |g|=3.55e-03 bin=0.049 S_flip=0.169 t=216s
[finalist0_P800_h200_pad0.040_warm] it  18 J=0.33661 A_min=0.2519 A_mean=0.4310 |g|=3.69e-03 bin=0.047 S_flip=0.176 t=227s
[finalist0_P800_h200_pad0.040_warm] it  19 J=0.33765 A_min=0.2532 A_mean=0.4304 |g|=3.66e-03 bin=0.045 S_flip=0.182 t=238s
[finalist0_P800_h200_pad0.040_warm] it  20 J=0.33876 A_min=0.2541 A_mean=0.4297 |g|=3.47e-03 bin=0.043 S_flip=0.189 t=250s
[finalist0_P800_h200_pad0.040_warm] it  21 J=0.33989 A_min=0.2547 A_mean=0.4289 |g|=3.13e-03 bin=0.041 S_flip=0.195 t=261s
[finalist0_P800_h200_pad0.040_warm] it  22 J=0.34097 A_min=0.2550 A_mean=0.4277 |g|=2.73e-03 bin=0.039 S_flip=0.201 t=273s
[finalist0_P800_h200_pad0.040_warm] it  23 J=0.34196 A_min=0.2552 A_mean=0.4263 |g|=2.33e-03 bin=0.038 S_flip=0.207 t=285s
[finalist0_P800_h200_pad0.040_warm] it  24 J=0.34282 A_min=0.2553 A_mean=0.4247 |g|=2.05e-03 bin=0.036 S_flip=0.213 t=297s
[finalist0_P800_h200_pad0.040_warm] it  25 J=0.34356 A_min=0.2554 A_mean=0.4229 |g|=1.95e-03 bin=0.035 S_flip=0.219 t=309s
[finalist0_P800_h200_pad0.040_warm] it  26 J=0.34419 A_min=0.2556 A_mean=0.4212 |g|=2.02e-03 bin=0.033 S_flip=0.224 t=320s
[finalist0_P800_h200_pad0.040_warm] it  27 J=0.34476 A_min=0.2559 A_mean=0.4196 |g|=2.17e-03 bin=0.032 S_flip=0.229 t=332s
[finalist0_P800_h200_pad0.040_warm] it  28 J=0.34531 A_min=0.2563 A_mean=0.4183 |g|=2.28e-03 bin=0.031 S_flip=0.234 t=343s
[finalist0_P800_h200_pad0.040_warm] it  29 J=0.34585 A_min=0.2569 A_mean=0.4173 |g|=2.30e-03 bin=0.029 S_flip=0.239 t=354s
[finalist0_P800_h200_pad0.040_warm] it  30 J=0.34640 A_min=0.2576 A_mean=0.4166 |g|=2.20e-03 bin=0.028 S_flip=0.244 t=365s
[finalist0_P800_h200_pad0.040_warm] it  31 J=0.34695 A_min=0.2584 A_mean=0.4161 |g|=2.00e-03 bin=0.027 S_flip=0.248 t=377s
[finalist0_P800_h200_pad0.040_warm] it  32 J=0.34747 A_min=0.2593 A_mean=0.4157 |g|=1.73e-03 bin=0.026 S_flip=0.253 t=389s
[finalist0_P800_h200_pad0.040_warm] it  33 J=0.34794 A_min=0.2602 A_mean=0.4155 |g|=1.47e-03 bin=0.025 S_flip=0.257 t=401s
[finalist0_P800_h200_pad0.040_warm] it  34 J=0.34834 A_min=0.2611 A_mean=0.4152 |g|=1.31e-03 bin=0.024 S_flip=0.261 t=412s
[finalist0_P800_h200_pad0.040_warm] it  35 J=0.34868 A_min=0.2619 A_mean=0.4149 |g|=1.30e-03 bin=0.023 S_flip=0.264 t=424s
[finalist0_P800_h200_pad0.040_warm] it  36 J=0.34896 A_min=0.2626 A_mean=0.4145 |g|=1.42e-03 bin=0.022 S_flip=0.268 t=436s
[finalist0_P800_h200_pad0.040_warm] it  37 J=0.34921 A_min=0.2632 A_mean=0.4140 |g|=1.56e-03 bin=0.021 S_flip=0.271 t=448s
[finalist0_P800_h200_pad0.040_warm] it  38 J=0.34944 A_min=0.2636 A_mean=0.4134 |g|=1.65e-03 bin=0.021 S_flip=0.274 t=460s
[finalist0_P800_h200_pad0.040_warm] it  39 J=0.34966 A_min=0.2639 A_mean=0.4128 |g|=1.66e-03 bin=0.020 S_flip=0.277 t=473s
[finalist0_P800_h200_pad0.040_warm] it  40 J=0.34988 A_min=0.2641 A_mean=0.4120 |g|=1.58e-03 bin=0.019 S_flip=0.279 t=485s
[finalist0_P800_h200_pad0.040_warm] it  41 J=0.35009 A_min=0.2641 A_mean=0.4113 |g|=1.42e-03 bin=0.018 S_flip=0.282 t=497s
[finalist0_P800_h200_pad0.040_warm] it  42 J=0.35029 A_min=0.2640 A_mean=0.4105 |g|=1.21e-03 bin=0.018 S_flip=0.284 t=508s
[finalist0_P800_h200_pad0.040_warm] it  43 J=0.35046 A_min=0.2640 A_mean=0.4096 |g|=1.01e-03 bin=0.017 S_flip=0.286 t=520s
[finalist0_P800_h200_pad0.040_warm] it  44 J=0.35061 A_min=0.2638 A_mean=0.4088 |g|=8.52e-04 bin=0.017 S_flip=0.288 t=532s
[finalist0_P800_h200_pad0.040_warm] it  45 J=0.35073 A_min=0.2637 A_mean=0.4081 |g|=7.89e-04 bin=0.016 S_flip=0.290 t=543s
[finalist0_P800_h200_pad0.040_warm] it  46 J=0.35083 A_min=0.2637 A_mean=0.4074 |g|=8.09e-04 bin=0.015 S_flip=0.292 t=555s
[finalist0_P800_h200_pad0.040_warm] it  47 J=0.35092 A_min=0.2637 A_mean=0.4068 |g|=8.61e-04 bin=0.015 S_flip=0.293 t=567s
[finalist0_P800_h200_pad0.040_warm] it  48 J=0.35100 A_min=0.2637 A_mean=0.4063 |g|=8.97e-04 bin=0.014 S_flip=0.295 t=579s
[finalist0_P800_h200_pad0.040_warm] it  49 J=0.35108 A_min=0.2638 A_mean=0.4059 |g|=8.96e-04 bin=0.014 S_flip=0.296 t=590s
[finalist0_P800_h200_pad0.040_warm] it  50 J=0.35116 A_min=0.2640 A_mean=0.4056 |g|=8.55e-04 bin=0.013 S_flip=0.298 t=602s
[finalist0_P800_h200_pad0.040_warm] it  51 J=0.35123 A_min=0.2642 A_mean=0.4054 |g|=7.87e-04 bin=0.013 S_flip=0.299 t=613s
[finalist0_P800_h200_pad0.040_warm] it  52 J=0.35130 A_min=0.2644 A_mean=0.4052 |g|=7.20e-04 bin=0.012 S_flip=0.300 t=624s
[finalist0_P800_h200_pad0.040_warm] it  53 J=0.35137 A_min=0.2646 A_mean=0.4051 |g|=6.86e-04 bin=0.012 S_flip=0.302 t=635s
[finalist0_P800_h200_pad0.040_warm] it  54 J=0.35142 A_min=0.2649 A_mean=0.4050 |g|=7.03e-04 bin=0.011 S_flip=0.303 t=646s
[finalist0_P800_h200_pad0.040_warm] it  55 J=0.35147 A_min=0.2651 A_mean=0.4049 |g|=7.63e-04 bin=0.011 S_flip=0.304 t=658s
[finalist0_P800_h200_pad0.040_warm] it  56 J=0.35152 A_min=0.2653 A_mean=0.4048 |g|=8.39e-04 bin=0.010 S_flip=0.305 t=670s
[finalist0_P800_h200_pad0.040_warm] it  57 J=0.35156 A_min=0.2654 A_mean=0.4047 |g|=9.07e-04 bin=0.010 S_flip=0.306 t=682s
[finalist0_P800_h200_pad0.040_warm] it  58 J=0.35160 A_min=0.2655 A_mean=0.4046 |g|=9.52e-04 bin=0.010 S_flip=0.307 t=694s
[finalist0_P800_h200_pad0.040_warm] it  59 J=0.35164 A_min=0.2656 A_mean=0.4045 |g|=9.69e-04 bin=0.009 S_flip=0.308 t=706s
[finalist0_P800_h200_pad0.040_warm] it  60 J=0.35168 A_min=0.2657 A_mean=0.4044 |g|=9.64e-04 bin=0.009 S_flip=0.308 t=718s
[finalist0_P800_h200_pad0.040_warm] it  61 J=0.35172 A_min=0.2657 A_mean=0.4042 |g|=9.37e-04 bin=0.008 S_flip=0.309 t=730s
[finalist0_P800_h200_pad0.040_warm] it  62 J=0.35176 A_min=0.2658 A_mean=0.4041 |g|=8.94e-04 bin=0.008 S_flip=0.310 t=742s
[finalist0_P800_h200_pad0.040_warm] it  63 J=0.35179 A_min=0.2658 A_mean=0.4039 |g|=8.44e-04 bin=0.008 S_flip=0.310 t=753s
[finalist0_P800_h200_pad0.040_warm] it  64 J=0.35183 A_min=0.2658 A_mean=0.4038 |g|=7.97e-04 bin=0.007 S_flip=0.311 t=765s
[finalist0_P800_h200_pad0.040_warm] it  65 J=0.35186 A_min=0.2658 A_mean=0.4037 |g|=7.53e-04 bin=0.007 S_flip=0.312 t=777s
[finalist0_P800_h200_pad0.040_warm] it  66 J=0.35189 A_min=0.2658 A_mean=0.4035 |g|=7.17e-04 bin=0.007 S_flip=0.312 t=789s
[finalist0_P800_h200_pad0.040_warm] it  67 J=0.35192 A_min=0.2658 A_mean=0.4034 |g|=6.91e-04 bin=0.006 S_flip=0.313 t=801s
[finalist0_P800_h200_pad0.040_warm] it  68 J=0.35195 A_min=0.2658 A_mean=0.4034 |g|=6.74e-04 bin=0.006 S_flip=0.313 t=813s
[finalist0_P800_h200_pad0.040_warm] it  69 J=0.35197 A_min=0.2659 A_mean=0.4033 |g|=6.63e-04 bin=0.006 S_flip=0.314 t=825s
[finalist0_P800_h200_pad0.040_warm] it  70 J=0.35200 A_min=0.2659 A_mean=0.4033 |g|=6.59e-04 bin=0.006 S_flip=0.314 t=837s
[finalist0_P800_h200_pad0.040_warm] it  71 J=0.35203 A_min=0.2660 A_mean=0.4032 |g|=6.58e-04 bin=0.006 S_flip=0.315 t=849s
[finalist0_P800_h200_pad0.040_warm] it  72 J=0.35205 A_min=0.2660 A_mean=0.4032 |g|=6.62e-04 bin=0.005 S_flip=0.315 t=861s
[finalist0_P800_h200_pad0.040_warm] it  73 J=0.35207 A_min=0.2661 A_mean=0.4032 |g|=6.69e-04 bin=0.005 S_flip=0.315 t=873s
[finalist0_P800_h200_pad0.040_warm] it  74 J=0.35210 A_min=0.2662 A_mean=0.4032 |g|=6.80e-04 bin=0.005 S_flip=0.316 t=885s
[finalist0_P800_h200_pad0.040_warm] it  75 J=0.35212 A_min=0.2663 A_mean=0.4032 |g|=6.95e-04 bin=0.005 S_flip=0.316 t=896s
[finalist0_P800_h200_pad0.040_warm] it  76 J=0.35214 A_min=0.2663 A_mean=0.4033 |g|=7.14e-04 bin=0.005 S_flip=0.316 t=907s
[finalist0_P800_h200_pad0.040_warm] it  77 J=0.35216 A_min=0.2664 A_mean=0.4033 |g|=7.36e-04 bin=0.004 S_flip=0.317 t=918s
[finalist0_P800_h200_pad0.040_warm] it  78 J=0.35218 A_min=0.2665 A_mean=0.4034 |g|=7.59e-04 bin=0.004 S_flip=0.317 t=929s
[finalist0_P800_h200_pad0.040_warm] it  79 J=0.35220 A_min=0.2666 A_mean=0.4034 |g|=7.81e-04 bin=0.004 S_flip=0.317 t=940s
[finalist0_P800_h200_pad0.040_warm] it  80 J=0.35222 A_min=0.2666 A_mean=0.4035 |g|=7.98e-04 bin=0.004 S_flip=0.318 t=952s
[finalist0_P800_h200_pad0.040_warm] it  81 J=0.35224 A_min=0.2667 A_mean=0.4035 |g|=8.07e-04 bin=0.004 S_flip=0.318 t=963s
[finalist0_P800_h200_pad0.040_warm] it  82 J=0.35226 A_min=0.2667 A_mean=0.4035 |g|=8.07e-04 bin=0.003 S_flip=0.318 t=975s
[finalist0_P800_h200_pad0.040_warm] it  83 J=0.35227 A_min=0.2667 A_mean=0.4035 |g|=7.98e-04 bin=0.003 S_flip=0.318 t=987s
[finalist0_P800_h200_pad0.040_warm] it  84 J=0.35229 A_min=0.2668 A_mean=0.4035 |g|=7.81e-04 bin=0.003 S_flip=0.319 t=999s
[finalist0_P800_h200_pad0.040_warm] it  85 J=0.35230 A_min=0.2668 A_mean=0.4035 |g|=7.58e-04 bin=0.003 S_flip=0.319 t=1011s
[finalist0_P800_h200_pad0.040_warm] it  86 J=0.35232 A_min=0.2668 A_mean=0.4035 |g|=7.30e-04 bin=0.003 S_flip=0.319 t=1022s
[finalist0_P800_h200_pad0.040_warm] it  87 J=0.35233 A_min=0.2668 A_mean=0.4035 |g|=7.00e-04 bin=0.003 S_flip=0.319 t=1033s
[finalist0_P800_h200_pad0.040_warm] it  88 J=0.35234 A_min=0.2668 A_mean=0.4035 |g|=6.69e-04 bin=0.003 S_flip=0.319 t=1044s
[finalist0_P800_h200_pad0.040_warm] it  89 J=0.35235 A_min=0.2667 A_mean=0.4034 |g|=6.42e-04 bin=0.002 S_flip=0.319 t=1055s
[finalist0_P800_h200_pad0.040_warm] it  90 J=0.35236 A_min=0.2667 A_mean=0.4034 |g|=6.16e-04 bin=0.002 S_flip=0.320 t=1066s
[finalist0_P800_h200_pad0.040_warm] it  91 J=0.35237 A_min=0.2667 A_mean=0.4034 |g|=5.93e-04 bin=0.002 S_flip=0.320 t=1078s
[finalist0_P800_h200_pad0.040_warm] it  92 J=0.35238 A_min=0.2667 A_mean=0.4034 |g|=5.73e-04 bin=0.002 S_flip=0.320 t=1090s
[finalist0_P800_h200_pad0.040_warm] it  93 J=0.35239 A_min=0.2667 A_mean=0.4034 |g|=5.54e-04 bin=0.002 S_flip=0.320 t=1102s
[finalist0_P800_h200_pad0.040_warm] it  94 J=0.35240 A_min=0.2667 A_mean=0.4033 |g|=5.36e-04 bin=0.002 S_flip=0.320 t=1114s
[finalist0_P800_h200_pad0.040_warm] it  95 J=0.35240 A_min=0.2667 A_mean=0.4033 |g|=5.21e-04 bin=0.002 S_flip=0.320 t=1125s
[finalist0_P800_h200_pad0.040_warm] it  96 J=0.35241 A_min=0.2667 A_mean=0.4033 |g|=5.07e-04 bin=0.002 S_flip=0.321 t=1137s
[finalist0_P800_h200_pad0.040_warm] it  97 J=0.35242 A_min=0.2667 A_mean=0.4033 |g|=4.95e-04 bin=0.002 S_flip=0.321 t=1148s
[finalist0_P800_h200_pad0.040_warm] it  98 J=0.35242 A_min=0.2668 A_mean=0.4033 |g|=4.86e-04 bin=0.002 S_flip=0.321 t=1160s
[finalist0_P800_h200_pad0.040_warm] it  99 J=0.35243 A_min=0.2668 A_mean=0.4033 |g|=4.80e-04 bin=0.002 S_flip=0.321 t=1171s
[finalist0_P800_h200_pad0.040_warm] it 100 J=0.35243 A_min=0.2668 A_mean=0.4034 |g|=4.78e-04 bin=0.001 S_flip=0.321 t=1183s
[finalist0_P800_h200_pad0.040_warm] it 101 J=0.35244 A_min=0.2668 A_mean=0.4034 |g|=4.80e-04 bin=0.001 S_flip=0.321 t=1195s
[finalist0_P800_h200_pad0.040_warm] it 102 J=0.35244 A_min=0.2668 A_mean=0.4034 |g|=4.84e-04 bin=0.001 S_flip=0.321 t=1206s
[finalist0_P800_h200_pad0.040_warm] it 103 J=0.35244 A_min=0.2668 A_mean=0.4034 |g|=4.90e-04 bin=0.001 S_flip=0.321 t=1218s
[finalist0_P800_h200_pad0.040_warm] it 104 J=0.35245 A_min=0.2668 A_mean=0.4034 |g|=4.97e-04 bin=0.001 S_flip=0.321 t=1229s
[finalist0_P800_h200_pad0.040_warm] it 105 J=0.35245 A_min=0.2669 A_mean=0.4034 |g|=5.01e-04 bin=0.001 S_flip=0.321 t=1240s
[finalist0_P800_h200_pad0.040_warm] it 106 J=0.35245 A_min=0.2669 A_mean=0.4034 |g|=5.02e-04 bin=0.001 S_flip=0.321 t=1252s
[finalist0_P800_h200_pad0.040_warm] it 107 J=0.35246 A_min=0.2669 A_mean=0.4035 |g|=5.02e-04 bin=0.001 S_flip=0.322 t=1264s
[finalist0_P800_h200_pad0.040_warm] it 108 J=0.35246 A_min=0.2669 A_mean=0.4035 |g|=5.03e-04 bin=0.001 S_flip=0.322 t=1276s
[finalist0_P800_h200_pad0.040_warm] it 109 J=0.35246 A_min=0.2669 A_mean=0.4035 |g|=5.07e-04 bin=0.001 S_flip=0.322 t=1288s
[finalist0_P800_h200_pad0.040_warm] it 110 J=0.35247 A_min=0.2669 A_mean=0.4035 |g|=5.13e-04 bin=0.001 S_flip=0.322 t=1299s
[finalist0_P800_h200_pad0.040_warm] it 111 J=0.35247 A_min=0.2669 A_mean=0.4035 |g|=5.24e-04 bin=0.001 S_flip=0.322 t=1311s
[finalist0_P800_h200_pad0.040_warm] it 112 J=0.35247 A_min=0.2669 A_mean=0.4035 |g|=5.38e-04 bin=0.001 S_flip=0.322 t=1323s
[finalist0_P800_h200_pad0.040_warm] it 113 J=0.35247 A_min=0.2670 A_mean=0.4035 |g|=5.55e-04 bin=0.001 S_flip=0.322 t=1335s
[finalist0_P800_h200_pad0.040_warm] it 114 J=0.35247 A_min=0.2670 A_mean=0.4035 |g|=5.75e-04 bin=0.001 S_flip=0.322 t=1347s
[finalist0_P800_h200_pad0.040_warm] it 115 J=0.35247 A_min=0.2670 A_mean=0.4035 |g|=5.97e-04 bin=0.001 S_flip=0.322 t=1359s
[finalist0_P800_h200_pad0.040_warm] it 116 J=0.35248 A_min=0.2670 A_mean=0.4036 |g|=6.21e-04 bin=0.001 S_flip=0.322 t=1371s
[finalist0_P800_h200_pad0.040_warm] it 117 J=0.35248 A_min=0.2670 A_mean=0.4036 |g|=6.44e-04 bin=0.001 S_flip=0.322 t=1383s
[finalist0_P800_h200_pad0.040_warm] it 118 J=0.35248 A_min=0.2670 A_mean=0.4036 |g|=6.65e-04 bin=0.001 S_flip=0.322 t=1394s
[finalist0_P800_h200_pad0.040_warm] it 119 J=0.35248 A_min=0.2670 A_mean=0.4036 |g|=6.83e-04 bin=0.001 S_flip=0.322 t=1405s
[finalist0_P800_h200_pad0.040_warm] it 120 J=0.35248 A_min=0.2670 A_mean=0.4036 |g|=6.98e-04 bin=0.001 S_flip=0.322 t=1417s
[finalist0_P800_h200_pad0.040_warm] it 121 J=0.35249 A_min=0.2670 A_mean=0.4036 |g|=7.12e-04 bin=0.001 S_flip=0.322 t=1429s
[finalist0_P800_h200_pad0.040_warm] it 122 J=0.35249 A_min=0.2670 A_mean=0.4036 |g|=7.26e-04 bin=0.001 S_flip=0.323 t=1440s
[finalist0_P800_h200_pad0.040_warm] it 123 J=0.35249 A_min=0.2670 A_mean=0.4036 |g|=7.42e-04 bin=0.001 S_flip=0.323 t=1451s
[finalist0_P800_h200_pad0.040_warm] it 124 J=0.35249 A_min=0.2670 A_mean=0.4036 |g|=7.60e-04 bin=0.000 S_flip=0.323 t=1463s
[finalist0_P800_h200_pad0.040_warm] it 125 J=0.35249 A_min=0.2670 A_mean=0.4036 |g|=7.80e-04 bin=0.000 S_flip=0.323 t=1474s
[finalist0_P800_h200_pad0.040_warm] it 126 J=0.35249 A_min=0.2670 A_mean=0.4036 |g|=8.01e-04 bin=0.000 S_flip=0.323 t=1485s
[finalist0_P800_h200_pad0.040_warm] it 127 J=0.35249 A_min=0.2670 A_mean=0.4036 |g|=8.23e-04 bin=0.000 S_flip=0.323 t=1496s
[finalist0_P800_h200_pad0.040_warm] it 128 J=0.35249 A_min=0.2670 A_mean=0.4036 |g|=8.47e-04 bin=0.000 S_flip=0.323 t=1507s
[finalist0_P800_h200_pad0.040_warm] it 129 J=0.35250 A_min=0.2670 A_mean=0.4036 |g|=8.70e-04 bin=0.000 S_flip=0.323 t=1518s
[finalist0_P800_h200_pad0.040_warm] it 130 J=0.35250 A_min=0.2670 A_mean=0.4036 |g|=8.95e-04 bin=0.000 S_flip=0.323 t=1529s
[finalist0_P800_h200_pad0.040_warm] it 131 J=0.35250 A_min=0.2670 A_mean=0.4036 |g|=9.20e-04 bin=0.000 S_flip=0.323 t=1541s
[finalist0_P800_h200_pad0.040_warm] it 132 J=0.35250 A_min=0.2670 A_mean=0.4036 |g|=9.46e-04 bin=0.000 S_flip=0.323 t=1552s
[finalist0_P800_h200_pad0.040_warm] it 133 J=0.35250 A_min=0.2670 A_mean=0.4036 |g|=9.73e-04 bin=0.000 S_flip=0.323 t=1563s
[finalist0_P800_h200_pad0.040_warm] it 134 J=0.35250 A_min=0.2670 A_mean=0.4036 |g|=1.00e-03 bin=0.000 S_flip=0.323 t=1574s
[finalist0_P800_h200_pad0.040_warm] it 135 J=0.35250 A_min=0.2670 A_mean=0.4036 |g|=1.03e-03 bin=0.000 S_flip=0.323 t=1586s
[finalist0_P800_h200_pad0.040_warm] it 136 J=0.35250 A_min=0.2670 A_mean=0.4036 |g|=1.06e-03 bin=0.000 S_flip=0.323 t=1597s
[finalist0_P800_h200_pad0.040_warm] it 137 J=0.35250 A_min=0.2670 A_mean=0.4036 |g|=1.09e-03 bin=0.000 S_flip=0.323 t=1608s
[finalist0_P800_h200_pad0.040_warm] it 138 J=0.35250 A_min=0.2670 A_mean=0.4036 |g|=1.12e-03 bin=0.000 S_flip=0.323 t=1619s
[finalist0_P800_h200_pad0.040_warm] it 139 J=0.35250 A_min=0.2670 A_mean=0.4036 |g|=1.15e-03 bin=0.000 S_flip=0.323 t=1631s
[finalist0_P800_h200_pad0.040_warm] it 140 J=0.35250 A_min=0.2670 A_mean=0.4036 |g|=1.18e-03 bin=0.000 S_flip=0.323 t=1642s
[finalist0_P800_h200_pad0.040_warm] it 141 J=0.35250 A_min=0.2670 A_mean=0.4036 |g|=1.22e-03 bin=0.000 S_flip=0.323 t=1654s
[finalist0_P800_h200_pad0.040_warm] it 142 J=0.35250 A_min=0.2670 A_mean=0.4036 |g|=1.25e-03 bin=0.000 S_flip=0.323 t=1665s
[finalist0_P800_h200_pad0.040_warm] it 143 J=0.35250 A_min=0.2670 A_mean=0.4036 |g|=1.29e-03 bin=0.000 S_flip=0.323 t=1677s
[finalist0_P800_h200_pad0.040_warm] it 144 J=0.35250 A_min=0.2670 A_mean=0.4036 |g|=1.33e-03 bin=0.000 S_flip=0.323 t=1688s
[finalist0_P800_h200_pad0.040_warm] it 145 J=0.35250 A_min=0.2670 A_mean=0.4036 |g|=1.37e-03 bin=0.000 S_flip=0.323 t=1699s
[finalist0_P800_h200_pad0.040_warm] it 146 J=0.35250 A_min=0.2670 A_mean=0.4036 |g|=1.41e-03 bin=0.000 S_flip=0.323 t=1710s
[finalist0_P800_h200_pad0.040_warm] it 147 J=0.35250 A_min=0.2670 A_mean=0.4036 |g|=1.45e-03 bin=0.000 S_flip=0.323 t=1721s
[finalist0_P800_h200_pad0.040_warm] it 148 J=0.35250 A_min=0.2670 A_mean=0.4036 |g|=1.50e-03 bin=0.000 S_flip=0.323 t=1732s
[finalist0_P800_h200_pad0.040_warm] it 149 J=0.35251 A_min=0.2670 A_mean=0.4036 |g|=1.55e-03 bin=0.000 S_flip=0.323 t=1743s
[finalist0_P800_h200_pad0.040_warm] done: J_soft=0.35251 J_hard=0.35252 A_hard=[0.4507, 0.5132, 0.4098, 0.4381, 0.3419, 0.2669] S_flip=0.323 wall=1759s
[finalist1_P925_h240_pad0.040_warm] it   0 J=0.25788 A_min=0.1469 A_mean=0.4082 |g|=3.28e-03 bin=0.233 S_flip=0.915 t=12s
[finalist1_P925_h240_pad0.040_warm] it   1 J=0.26086 A_min=0.1496 A_mean=0.4203 |g|=2.78e-03 bin=0.220 S_flip=0.928 t=24s
[finalist1_P925_h240_pad0.040_warm] it   2 J=0.26335 A_min=0.1522 A_mean=0.4274 |g|=2.72e-03 bin=0.208 S_flip=0.938 t=36s
[finalist1_P925_h240_pad0.040_warm] it   3 J=0.26560 A_min=0.1546 A_mean=0.4314 |g|=2.80e-03 bin=0.197 S_flip=0.946 t=47s
[finalist1_P925_h240_pad0.040_warm] it   4 J=0.26776 A_min=0.1569 A_mean=0.4335 |g|=2.88e-03 bin=0.186 S_flip=0.952 t=57s
[finalist1_P925_h240_pad0.040_warm] it   5 J=0.26986 A_min=0.1590 A_mean=0.4347 |g|=2.89e-03 bin=0.177 S_flip=0.956 t=69s
[finalist1_P925_h240_pad0.040_warm] it   6 J=0.27190 A_min=0.1611 A_mean=0.4353 |g|=2.86e-03 bin=0.167 S_flip=0.959 t=81s
[finalist1_P925_h240_pad0.040_warm] it   7 J=0.27387 A_min=0.1630 A_mean=0.4355 |g|=2.81e-03 bin=0.159 S_flip=0.961 t=94s
[finalist1_P925_h240_pad0.040_warm] it   8 J=0.27577 A_min=0.1649 A_mean=0.4353 |g|=2.75e-03 bin=0.151 S_flip=0.962 t=106s
[finalist1_P925_h240_pad0.040_warm] it   9 J=0.27758 A_min=0.1667 A_mean=0.4349 |g|=2.69e-03 bin=0.143 S_flip=0.962 t=118s
[finalist1_P925_h240_pad0.040_warm] it  10 J=0.27930 A_min=0.1684 A_mean=0.4341 |g|=2.65e-03 bin=0.136 S_flip=0.963 t=129s
[finalist1_P925_h240_pad0.040_warm] it  11 J=0.28095 A_min=0.1701 A_mean=0.4331 |g|=2.63e-03 bin=0.130 S_flip=0.963 t=141s
[finalist1_P925_h240_pad0.040_warm] it  12 J=0.28253 A_min=0.1718 A_mean=0.4319 |g|=2.63e-03 bin=0.124 S_flip=0.963 t=152s
[finalist1_P925_h240_pad0.040_warm] it  13 J=0.28406 A_min=0.1734 A_mean=0.4306 |g|=2.64e-03 bin=0.118 S_flip=0.962 t=164s
[finalist1_P925_h240_pad0.040_warm] it  14 J=0.28553 A_min=0.1750 A_mean=0.4292 |g|=2.67e-03 bin=0.112 S_flip=0.962 t=175s
[finalist1_P925_h240_pad0.040_warm] it  15 J=0.28697 A_min=0.1766 A_mean=0.4277 |g|=2.70e-03 bin=0.107 S_flip=0.962 t=186s
[finalist1_P925_h240_pad0.040_warm] it  16 J=0.28837 A_min=0.1781 A_mean=0.4263 |g|=2.74e-03 bin=0.102 S_flip=0.961 t=198s
[finalist1_P925_h240_pad0.040_warm] it  17 J=0.28976 A_min=0.1797 A_mean=0.4250 |g|=2.78e-03 bin=0.098 S_flip=0.961 t=209s
[finalist1_P925_h240_pad0.040_warm] it  18 J=0.29113 A_min=0.1812 A_mean=0.4237 |g|=2.83e-03 bin=0.093 S_flip=0.960 t=221s
[finalist1_P925_h240_pad0.040_warm] it  19 J=0.29249 A_min=0.1827 A_mean=0.4226 |g|=2.89e-03 bin=0.089 S_flip=0.959 t=232s
[finalist1_P925_h240_pad0.040_warm] it  20 J=0.29385 A_min=0.1843 A_mean=0.4216 |g|=2.96e-03 bin=0.085 S_flip=0.958 t=243s
[finalist1_P925_h240_pad0.040_warm] it  21 J=0.29522 A_min=0.1858 A_mean=0.4208 |g|=3.03e-03 bin=0.082 S_flip=0.957 t=254s
[finalist1_P925_h240_pad0.040_warm] it  22 J=0.29660 A_min=0.1874 A_mean=0.4202 |g|=3.12e-03 bin=0.078 S_flip=0.956 t=265s
[finalist1_P925_h240_pad0.040_warm] it  23 J=0.29801 A_min=0.1890 A_mean=0.4198 |g|=3.22e-03 bin=0.075 S_flip=0.955 t=277s
[finalist1_P925_h240_pad0.040_warm] it  24 J=0.29944 A_min=0.1906 A_mean=0.4196 |g|=3.32e-03 bin=0.072 S_flip=0.953 t=288s
[finalist1_P925_h240_pad0.040_warm] it  25 J=0.30092 A_min=0.1923 A_mean=0.4196 |g|=3.44e-03 bin=0.069 S_flip=0.952 t=299s
[finalist1_P925_h240_pad0.040_warm] it  26 J=0.30245 A_min=0.1940 A_mean=0.4198 |g|=3.56e-03 bin=0.066 S_flip=0.950 t=310s
[finalist1_P925_h240_pad0.040_warm] it  27 J=0.30404 A_min=0.1958 A_mean=0.4203 |g|=3.68e-03 bin=0.063 S_flip=0.948 t=321s
[finalist1_P925_h240_pad0.040_warm] it  28 J=0.30569 A_min=0.1976 A_mean=0.4208 |g|=3.80e-03 bin=0.060 S_flip=0.945 t=332s
[finalist1_P925_h240_pad0.040_warm] it  29 J=0.30740 A_min=0.1996 A_mean=0.4215 |g|=3.91e-03 bin=0.058 S_flip=0.943 t=344s
[finalist1_P925_h240_pad0.040_warm] it  30 J=0.30919 A_min=0.2016 A_mean=0.4220 |g|=4.01e-03 bin=0.055 S_flip=0.940 t=355s
[finalist1_P925_h240_pad0.040_warm] it  31 J=0.31103 A_min=0.2038 A_mean=0.4224 |g|=4.09e-03 bin=0.053 S_flip=0.937 t=367s
[finalist1_P925_h240_pad0.040_warm] it  32 J=0.31293 A_min=0.2061 A_mean=0.4223 |g|=4.15e-03 bin=0.050 S_flip=0.934 t=378s
[finalist1_P925_h240_pad0.040_warm] it  33 J=0.31487 A_min=0.2084 A_mean=0.4217 |g|=4.17e-03 bin=0.048 S_flip=0.931 t=389s
[finalist1_P925_h240_pad0.040_warm] it  34 J=0.31684 A_min=0.2109 A_mean=0.4202 |g|=4.15e-03 bin=0.046 S_flip=0.928 t=400s
[finalist1_P925_h240_pad0.040_warm] it  35 J=0.31879 A_min=0.2135 A_mean=0.4177 |g|=4.06e-03 bin=0.044 S_flip=0.925 t=411s
[finalist1_P925_h240_pad0.040_warm] it  36 J=0.32069 A_min=0.2163 A_mean=0.4144 |g|=3.91e-03 bin=0.042 S_flip=0.922 t=422s
[finalist1_P925_h240_pad0.040_warm] it  37 J=0.32249 A_min=0.2191 A_mean=0.4103 |g|=3.69e-03 bin=0.040 S_flip=0.919 t=434s
[finalist1_P925_h240_pad0.040_warm] it  38 J=0.32413 A_min=0.2220 A_mean=0.4057 |g|=3.46e-03 bin=0.038 S_flip=0.916 t=445s
[finalist1_P925_h240_pad0.040_warm] it  39 J=0.32560 A_min=0.2249 A_mean=0.4011 |g|=3.29e-03 bin=0.037 S_flip=0.913 t=457s
[finalist1_P925_h240_pad0.040_warm] it  40 J=0.32689 A_min=0.2278 A_mean=0.3967 |g|=3.26e-03 bin=0.035 S_flip=0.910 t=468s
[finalist1_P925_h240_pad0.040_warm] it  41 J=0.32802 A_min=0.2305 A_mean=0.3929 |g|=3.36e-03 bin=0.034 S_flip=0.908 t=480s
[finalist1_P925_h240_pad0.040_warm] it  42 J=0.32907 A_min=0.2331 A_mean=0.3901 |g|=3.52e-03 bin=0.033 S_flip=0.907 t=491s
[finalist1_P925_h240_pad0.040_warm] it  43 J=0.33010 A_min=0.2354 A_mean=0.3882 |g|=3.63e-03 bin=0.031 S_flip=0.906 t=503s
[finalist1_P925_h240_pad0.040_warm] it  44 J=0.33113 A_min=0.2373 A_mean=0.3874 |g|=3.59e-03 bin=0.030 S_flip=0.905 t=514s
