[08:03:31] P0750_H0175_seed011_lam1332p5: it    0/150  F_co=-3.8098  S_ED=0.5475  S_MD=0.0009  bal=0.002  beta=    1.0  lr=0.02000  t=    2.0s
[08:03:50] P0750_H0175_seed011_lam1332p5: it   10/150  F_co=+0.4282  S_ED=1.4100  S_MD=1.6700  bal=0.844  beta=    1.6  lr=0.01978  t=   20.9s
[08:04:09] P0750_H0175_seed011_lam1332p5: it   20/150  F_co=+2.0203  S_ED=6.2273  S_MD=9.1312  bal=0.682  beta=    2.5  lr=0.01914  t=   39.3s
[08:04:28] P0750_H0175_seed011_lam1332p5: it   30/150  F_co=+3.4484  S_ED=24.6745  S_MD=40.0843  bal=0.616  beta=    4.0  lr=0.01809  t=   58.3s
[08:04:46] P0750_H0175_seed011_lam1332p5: it   40/150  F_co=+3.4550  S_ED=24.5764  S_MD=40.7827  bal=0.603  beta=    6.3  lr=0.01669  t=   76.6s
[08:05:04] P0750_H0175_seed011_lam1332p5: it   50/150  F_co=+3.5430  S_ED=26.5734  S_MD=44.9700  bal=0.591  beta=   10.0  lr=0.01500  t=   94.2s
[08:05:21] P0750_H0175_seed011_lam1332p5: it   60/150  F_co=+3.5409  S_ED=26.4945  S_MD=44.9208  bal=0.590  beta=   15.8  lr=0.01309  t=  111.5s
[08:05:38] P0750_H0175_seed011_lam1332p5: it   70/150  F_co=+3.5490  S_ED=26.7051  S_MD=45.2949  bal=0.590  beta=   25.1  lr=0.01105  t=  128.8s
[08:05:56] P0750_H0175_seed011_lam1332p5: it   80/150  F_co=+3.5526  S_ED=26.8068  S_MD=45.4472  bal=0.590  beta=   39.8  lr=0.00895  t=  146.5s
[08:06:13] P0750_H0175_seed011_lam1332p5: it   90/150  F_co=+3.5541  S_ED=26.8539  S_MD=45.4997  bal=0.590  beta=   63.1  lr=0.00691  t=  164.2s
[08:06:31] P0750_H0175_seed011_lam1332p5: it  100/150  F_co=+3.5551  S_ED=26.8891  S_MD=45.5321  bal=0.591  beta=  100.0  lr=0.00500  t=  181.7s
[08:06:49] P0750_H0175_seed011_lam1332p5: it  110/150  F_co=+3.5556  S_ED=26.9103  S_MD=45.5483  bal=0.591  beta=  158.5  lr=0.00331  t=  199.7s
[08:07:07] P0750_H0175_seed011_lam1332p5: it  120/150  F_co=+3.5553  S_ED=26.9057  S_MD=45.5276  bal=0.591  beta=  251.2  lr=0.00191  t=  217.7s
[08:07:24] P0750_H0175_seed011_lam1332p5: it  130/150  F_co=+3.5561  S_ED=26.9284  S_MD=45.5613  bal=0.591  beta=  398.1  lr=0.00086  t=  235.2s
[08:07:42] P0750_H0175_seed011_lam1332p5: it  140/150  F_co=+3.5560  S_ED=26.9254  S_MD=45.5526  bal=0.591  beta=  631.0  lr=0.00022  t=  252.9s
[08:07:58] P0750_H0175_seed011_lam1332p5: it  149/150  F_co=+3.5561  S_ED=26.9279  S_MD=45.5565  bal=0.591  beta=  955.0  lr=0.00000  t=  268.8s
[08:08:03] P0750_H0175_seed011_lam1332p5: completed after 269s  final(projected)={'F_co': 3.5559473037719727, 'S_ED': 26.92451286315918, 'S_MD': 45.5521240234375, 'balance': 0.5910704135894775}
[08:56:37] P0750_H0175_seed011_lam1332p5: already completed - skipping.
[09:00:23] P0750_H0175_seed011_lam1332p5: already completed - skipping.
[09:05:01] P0750_H0175_seed011_lam1332p5: already completed - skipping.
[09:09:37] P0750_H0175_seed011_lam1332p5: already completed - skipping.
[09:14:13] P0750_H0175_seed011_lam1332p5: already completed - skipping.
[09:18:48] P0750_H0175_seed011_lam1332p5: already completed - skipping.
[09:23:18] P0750_H0175_seed011_lam1332p5: already completed - skipping.
[09:27:46] P0750_H0175_seed011_lam1332p5: already completed - skipping.
[09:32:22] P0750_H0175_seed011_lam1332p5: already completed - skipping.
[09:36:55] P0750_H0175_seed011_lam1332p5: already completed - skipping.
[09:41:23] P0750_H0175_seed011_lam1332p5: already completed - skipping.
[09:45:54] P0750_H0175_seed011_lam1332p5: already completed - skipping.
[09:50:21] P0750_H0175_seed011_lam1332p5: already completed - skipping.
[09:54:50] P0750_H0175_seed011_lam1332p5: already completed - skipping.
