[02:49:00] P0900_H0100_seed029_lam1332p5: it    0/550  F_co=+2.4910  S_ED=11.3724  S_MD=12.8186  bal=0.887  beta=    8.0  lr=0.02000  t=   12.1s
[02:50:10] P0900_H0100_seed029_lam1332p5: it   10/550  F_co=+3.9628  S_ED=48.5014  S_MD=57.0546  bal=0.850  beta=    8.8  lr=0.01998  t=   82.1s
[02:51:20] P0900_H0100_seed029_lam1332p5: it   20/550  F_co=+4.2123  S_ED=61.8592  S_MD=73.6780  bal=0.840  beta=    9.8  lr=0.01993  t=  151.8s
[02:52:30] P0900_H0100_seed029_lam1332p5: it   30/550  F_co=+4.2043  S_ED=61.3926  S_MD=73.0678  bal=0.840  beta=   10.8  lr=0.01985  t=  221.6s
[02:53:40] P0900_H0100_seed029_lam1332p5: it   40/550  F_co=+4.2154  S_ED=62.0621  S_MD=73.8891  bal=0.840  beta=   12.0  lr=0.01974  t=  291.8s
[02:54:49] P0900_H0100_seed029_lam1332p5: it   50/550  F_co=+4.2158  S_ED=62.0711  S_MD=73.9466  bal=0.839  beta=   13.2  lr=0.01959  t=  360.5s
[02:55:59] P0900_H0100_seed029_lam1332p5: it   60/550  F_co=+4.2265  S_ED=62.7429  S_MD=74.7282  bal=0.840  beta=   14.6  lr=0.01942  t=  430.1s
[02:57:10] P0900_H0100_seed029_lam1332p5: it   70/550  F_co=+4.2262  S_ED=62.7646  S_MD=74.6703  bal=0.841  beta=   16.2  lr=0.01921  t=  501.5s
[02:58:28] P0900_H0100_seed029_lam1332p5: it   80/550  F_co=+4.2288  S_ED=62.9666  S_MD=74.8109  bal=0.842  beta=   17.9  lr=0.01897  t=  580.1s
[02:59:40] P0900_H0100_seed029_lam1332p5: it   90/550  F_co=+4.2307  S_ED=63.1218  S_MD=74.9072  bal=0.843  beta=   19.7  lr=0.01871  t=  651.4s
[03:00:51] P0900_H0100_seed029_lam1332p5: it  100/550  F_co=+4.2314  S_ED=63.2079  S_MD=74.9182  bal=0.844  beta=   21.8  lr=0.01841  t=  722.3s
[03:02:00] P0900_H0100_seed029_lam1332p5: it  110/550  F_co=+4.2339  S_ED=63.4145  S_MD=75.0494  bal=0.845  beta=   24.1  lr=0.01809  t=  791.9s
[03:03:10] P0900_H0100_seed029_lam1332p5: it  120/550  F_co=+4.2359  S_ED=63.6005  S_MD=75.1284  bal=0.847  beta=   26.7  lr=0.01774  t=  861.5s
[03:04:21] P0900_H0100_seed029_lam1332p5: it  130/550  F_co=+4.2378  S_ED=63.7874  S_MD=75.1927  bal=0.848  beta=   29.5  lr=0.01737  t=  932.8s
[03:05:30] P0900_H0100_seed029_lam1332p5: it  140/550  F_co=+4.2399  S_ED=63.9894  S_MD=75.2698  bal=0.850  beta=   32.6  lr=0.01697  t= 1001.7s
[03:06:41] P0900_H0100_seed029_lam1332p5: it  150/550  F_co=+4.2430  S_ED=64.2607  S_MD=75.4259  bal=0.852  beta=   36.1  lr=0.01655  t= 1072.8s
[03:07:52] P0900_H0100_seed029_lam1332p5: it  160/550  F_co=+4.2445  S_ED=64.4342  S_MD=75.4453  bal=0.854  beta=   39.9  lr=0.01611  t= 1144.0s
[03:12:32] P0900_H0100_seed029_lam1332p5: it  170/550  F_co=+4.2469  S_ED=64.6621  S_MD=75.5446  bal=0.856  beta=   44.1  lr=0.01564  t= 1423.3s
[03:13:41] P0900_H0100_seed029_lam1332p5: it  180/550  F_co=+4.2498  S_ED=64.9277  S_MD=75.6615  bal=0.858  beta=   48.7  lr=0.01516  t= 1492.4s
[03:14:51] P0900_H0100_seed029_lam1332p5: it  190/550  F_co=+4.2312  S_ED=63.7943  S_MD=74.1957  bal=0.860  beta=   53.9  lr=0.01467  t= 1562.6s
[03:16:00] P0900_H0100_seed029_lam1332p5: it  200/550  F_co=+4.2512  S_ED=65.1732  S_MD=75.5993  bal=0.862  beta=   59.6  lr=0.01415  t= 1632.0s
[03:17:10] P0900_H0100_seed029_lam1332p5: it  210/550  F_co=+4.2558  S_ED=65.5040  S_MD=75.9034  bal=0.863  beta=   65.9  lr=0.01363  t= 1701.9s
[03:18:20] P0900_H0100_seed029_lam1332p5: it  220/550  F_co=+4.2575  S_ED=65.6810  S_MD=75.9555  bal=0.865  beta=   72.8  lr=0.01309  t= 1772.0s
