[09:04:22] P0870_H0175_seed011_lam1332p5: it    0/150  F_co=-4.4484  S_ED=0.5455  S_MD=0.0003  bal=0.000  beta=    1.0  lr=0.02000  t=    1.9s
[09:04:40] P0870_H0175_seed011_lam1332p5: it   10/150  F_co=+1.8305  S_ED=6.5091  S_MD=5.9759  bal=0.918  beta=    1.6  lr=0.01978  t=   19.7s
[09:04:58] P0870_H0175_seed011_lam1332p5: it   20/150  F_co=+1.2821  S_ED=3.4234  S_MD=3.7947  bal=0.902  beta=    2.5  lr=0.01914  t=   37.4s
[09:05:15] P0870_H0175_seed011_lam1332p5: it   30/150  F_co=+1.1097  S_ED=2.8703  S_MD=3.2062  bal=0.895  beta=    4.0  lr=0.01809  t=   54.9s
[09:05:34] P0870_H0175_seed011_lam1332p5: it   40/150  F_co=+1.2342  S_ED=3.2228  S_MD=3.6625  bal=0.880  beta=    6.3  lr=0.01669  t=   73.0s
[09:05:51] P0870_H0175_seed011_lam1332p5: it   50/150  F_co=+1.8080  S_ED=5.5883  S_MD=6.6545  bal=0.840  beta=   10.0  lr=0.01500  t=   90.6s
[09:06:09] P0870_H0175_seed011_lam1332p5: it   60/150  F_co=+1.9300  S_ED=6.2422  S_MD=7.6041  bal=0.821  beta=   15.8  lr=0.01309  t=  108.3s
[09:06:27] P0870_H0175_seed011_lam1332p5: it   70/150  F_co=+1.9963  S_ED=6.6444  S_MD=8.1566  bal=0.815  beta=   25.1  lr=0.01105  t=  126.1s
[09:06:45] P0870_H0175_seed011_lam1332p5: it   80/150  F_co=+2.0346  S_ED=6.8819  S_MD=8.5020  bal=0.809  beta=   39.8  lr=0.00895  t=  144.6s
[09:07:03] P0870_H0175_seed011_lam1332p5: it   90/150  F_co=+2.0680  S_ED=7.0955  S_MD=8.8160  bal=0.805  beta=   63.1  lr=0.00691  t=  162.8s
[09:07:21] P0870_H0175_seed011_lam1332p5: it  100/150  F_co=+2.1003  S_ED=7.3106  S_MD=9.1282  bal=0.801  beta=  100.0  lr=0.00500  t=  180.8s
[09:07:39] P0870_H0175_seed011_lam1332p5: it  110/150  F_co=+2.1260  S_ED=7.4849  S_MD=9.3853  bal=0.798  beta=  158.5  lr=0.00331  t=  198.7s
[09:07:57] P0870_H0175_seed011_lam1332p5: it  120/150  F_co=+2.1430  S_ED=7.6031  S_MD=9.5594  bal=0.795  beta=  251.2  lr=0.00191  t=  216.8s
[09:08:15] P0870_H0175_seed011_lam1332p5: it  130/150  F_co=+2.1553  S_ED=7.6886  S_MD=9.6872  bal=0.794  beta=  398.1  lr=0.00086  t=  234.8s
[09:08:33] P0870_H0175_seed011_lam1332p5: it  140/150  F_co=+2.1586  S_ED=7.7125  S_MD=9.7224  bal=0.793  beta=  631.0  lr=0.00022  t=  252.2s
[09:08:49] P0870_H0175_seed011_lam1332p5: it  149/150  F_co=+2.1590  S_ED=7.7148  S_MD=9.7257  bal=0.793  beta=  955.0  lr=0.00000  t=  268.3s
[09:08:54] P0870_H0175_seed011_lam1332p5: completed after 268s  final(projected)={'F_co': 2.1589407920837402, 'S_ED': 7.714649200439453, 'S_MD': 9.725586891174316, 'balance': 0.793232262134552}
[09:08:57] P0870_H0175_seed011_lam1332p5: already completed - skipping.
[09:13:36] P0870_H0175_seed011_lam1332p5: already completed - skipping.
[09:18:07] P0870_H0175_seed011_lam1332p5: already completed - skipping.
[09:22:41] P0870_H0175_seed011_lam1332p5: already completed - skipping.
