Te=   300: lam0=1313.6 nm  g_r=119.9 (g1 115.6 + g2 4.3) g_nr=103.5 meV  Q_l=4.2 bg T/R=0.14/0.86 | rmse T 0.0225 R 0.0355 A 0.0427 max|dT| 0.0900 | RCWA T-min 0.0026@1302 A-max 0.996@1298 FWHM_A nan
Te=   400: lam0=1313.8 nm  g_r=119.2 (g1 115.0 + g2 4.3) g_nr=103.3 meV  Q_l=4.2 bg T/R=0.14/0.86 | rmse T 0.0226 R 0.0356 A 0.0427 max|dT| 0.0902 | RCWA T-min 0.0025@1302 A-max 0.996@1298 FWHM_A nan
Te=   500: lam0=1314.1 nm  g_r=118.4 (g1 114.2 + g2 4.2) g_nr=103.0 meV  Q_l=4.3 bg T/R=0.14/0.86 | rmse T 0.0227 R 0.0356 A 0.0428 max|dT| 0.0905 | RCWA T-min 0.0025@1302 A-max 0.996@1298 FWHM_A nan
Te=   600: lam0=1314.5 nm  g_r=117.5 (g1 113.2 + g2 4.2) g_nr=102.7 meV  Q_l=4.3 bg T/R=0.14/0.86 | rmse T 0.0228 R 0.0356 A 0.0428 max|dT| 0.0908 | RCWA T-min 0.0025@1302 A-max 0.996@1298 FWHM_A nan
Te=   800: lam0=1315.4 nm  g_r=115.1 (g1 111.0 + g2 4.1) g_nr=101.8 meV  Q_l=4.3 bg T/R=0.14/0.86 | rmse T 0.0232 R 0.0357 A 0.0430 max|dT| 0.0917 | RCWA T-min 0.0024@1302 A-max 0.997@1298 FWHM_A nan
Te=  1000: lam0=1316.4 nm  g_r=112.4 (g1 108.4 + g2 4.0) g_nr=100.7 meV  Q_l=4.4 bg T/R=0.14/0.86 | rmse T 0.0237 R 0.0357 A 0.0431 max|dT| 0.0928 | RCWA T-min 0.0022@1302 A-max 0.997@1300 FWHM_A nan
Te=  1250: lam0=1318.0 nm  g_r=108.8 (g1 104.9 + g2 3.9) g_nr=99.0 meV  Q_l=4.5 bg T/R=0.14/0.86 | rmse T 0.0245 R 0.0357 A 0.0433 max|dT| 0.0945 | RCWA T-min 0.0020@1302 A-max 0.996@1300 FWHM_A nan
Te=  1500: lam0=1319.8 nm  g_r=105.1 (g1 101.4 + g2 3.8) g_nr=97.0 meV  Q_l=4.6 bg T/R=0.14/0.86 | rmse T 0.0254 R 0.0356 A 0.0434 max|dT| 0.0963 | RCWA T-min 0.0018@1302 A-max 0.995@1302 FWHM_A nan
Te=  2000: lam0=1323.7 nm  g_r=98.9 (g1 95.2 + g2 3.7) g_nr=91.0 meV  Q_l=4.9 bg T/R=0.14/0.86 | rmse T 0.0275 R 0.0349 A 0.0429 max|dT| 0.0998 | RCWA T-min 0.0013@1302 A-max 0.989@1306 FWHM_A nan
Te=  2500: lam0=1327.7 nm  g_r=95.1 (g1 91.1 + g2 4.0) g_nr=83.0 meV  Q_l=5.2 bg T/R=0.16/0.84 | rmse T 0.0297 R 0.0338 A 0.0411 max|dT| 0.1023 | RCWA T-min 0.0009@1302 A-max 0.976@1310 FWHM_A nan
Te=  3000: lam0=1331.8 nm  g_r=93.5 (g1 88.9 + g2 4.6) g_nr=74.6 meV  Q_l=5.5 bg T/R=0.19/0.81 | rmse T 0.0321 R 0.0327 A 0.0382 max|dT| 0.1034 | RCWA T-min 0.0006@1302 A-max 0.955@1316 FWHM_A nan
Te=  3500: lam0=1335.7 nm  g_r=93.2 (g1 87.5 + g2 5.7) g_nr=67.1 meV  Q_l=5.8 bg T/R=0.22/0.78 | rmse T 0.0345 R 0.0328 A 0.0344 max|dT| 0.1032 | RCWA T-min 0.0003@1304 A-max 0.925@1320 FWHM_A nan
Te=  4000: lam0=1339.2 nm  g_r=93.5 (g1 86.4 + g2 7.1) g_nr=60.5 meV  Q_l=6.0 bg T/R=0.27/0.73 | rmse T 0.0369 R 0.0347 A 0.0302 max|dT| 0.1020 | RCWA T-min 0.0001@1304 A-max 0.888@1326 FWHM_A nan
Te=  4500: lam0=1342.3 nm  g_r=94.2 (g1 85.3 + g2 8.9) g_nr=55.0 meV  Q_l=6.2 bg T/R=0.32/0.68 | rmse T 0.0394 R 0.0386 A 0.0263 max|dT| 0.1082 | RCWA T-min 0.0001@1304 A-max 0.845@1330 FWHM_A nan
Te=  5000: lam0=1344.8 nm  g_r=95.1 (g1 84.0 + g2 11.1) g_nr=50.2 meV  Q_l=6.3 bg T/R=0.38/0.62 | rmse T 0.0419 R 0.0439 A 0.0233 max|dT| 0.1181 | RCWA T-min 0.0000@1304 A-max 0.800@1336 FWHM_A nan
Te=  6000: lam0=1347.9 nm  g_r=97.5 (g1 80.9 + g2 16.6) g_nr=42.7 meV  Q_l=6.6 bg T/R=0.50/0.50 | rmse T 0.0471 R 0.0559 A 0.0229 max|dT| 0.1355 | RCWA T-min 0.0001@1304 A-max 0.705@1344 FWHM_A nan
Te=  7000: lam0=1348.2 nm  g_r=100.1 (g1 77.2 + g2 22.8) g_nr=37.0 meV  Q_l=6.7 bg T/R=0.62/0.38 | rmse T 0.0522 R 0.0671 A 0.0288 max|dT| 0.1458 | RCWA T-min 0.0003@1304 A-max 0.616@1352 FWHM_A nan
Te=  8000: lam0=1345.6 nm  g_r=102.2 (g1 73.4 + g2 28.8) g_nr=32.1 meV  Q_l=6.9 bg T/R=0.72/0.28 | rmse T 0.0571 R 0.0766 A 0.0371 max|dT| 0.1652 | RCWA T-min 0.0004@1306 A-max 0.536@1358 FWHM_A nan
intensity validation: {"lam_op": 1302.0, "rmse_T_trust": 0.03156, "maxerr_T_trust": 0.05046, "rmse_T_model": 0.03323, "maxerr_T_model": 0.05385, "T_cold_rcwa": 0.00257, "T_cold_tcmt": 0.03109, "dT_trust_rcwa": -0.00194, "dT_trust_tcmt": 0.02001, "Te_peak_max_trust_rcwa": 5853.00244, "Te_peak_max_trust_tcmt": 5740.54756}
intensity validation: {"lam_op": 1268.0, "rmse_T_trust": 0.0478, "maxerr_T_trust": 0.10748, "rmse_T_model": 0.05289, "maxerr_T_model": 0.12885, "T_cold_rcwa": 0.07869, "T_cold_tcmt": 0.04138, "dT_trust_rcwa": 0.1248, "dT_trust_tcmt": 0.05463, "Te_peak_max_trust_rcwa": 5815.93592, "Te_peak_max_trust_tcmt": 5605.43333}
intensity validation: {"lam_op": 1306.0, "rmse_T_trust": 0.02994, "maxerr_T_trust": 0.04696, "rmse_T_model": 0.03091, "maxerr_T_model": 0.04901, "T_cold_rcwa": 0.00338, "T_cold_tcmt": 0.03052, "dT_trust_rcwa": -0.00251, "dT_trust_tcmt": 0.0173, "Te_peak_max_trust_rcwa": 5931.97604, "Te_peak_max_trust_tcmt": 5812.67031}
intensity validation: {"lam_op": 1292.0, "rmse_T_trust": 0.0285, "maxerr_T_trust": 0.04525, "rmse_T_model": 0.0301, "maxerr_T_model": 0.05047, "T_cold_rcwa": 0.00712, "T_cold_tcmt": 0.03314, "dT_trust_rcwa": 0.00857, "dT_trust_tcmt": 0.0278, "Te_peak_max_trust_rcwa": 5609.28698, "Te_peak_max_trust_tcmt": 5543.44015}
[tcmt] done
