  theta= 0.0 lam= 1279.21: T0=0.5481 dT=+0.01892 S_T=+0.5361 A0=0.3148 n_orders=1 nearest Rayleigh 892.7 nm (+386.6)
  theta= 0.0 lam= 1302.00: T0=0.5401 dT=-0.00671 S_T=-0.1837 A0=0.2442 n_orders=1 nearest Rayleigh 892.7 nm (+409.3)
  theta= 2.0 lam= 1279.21: T0=0.5743 dT=+0.01876 S_T=+0.5316 A0=0.3017 n_orders=1 nearest Rayleigh 913.1 nm (+366.1)
  theta= 2.0 lam= 1302.00: T0=0.5157 dT=-0.00827 S_T=-0.2263 A0=0.2632 n_orders=1 nearest Rayleigh 913.1 nm (+388.9)
  theta= 4.0 lam= 1279.21: T0=0.6407 dT=+0.01767 S_T=+0.5008 A0=0.2664 n_orders=1 nearest Rayleigh 933.5 nm (+345.7)
  theta= 4.0 lam= 1302.00: T0=0.4419 dT=-0.01372 S_T=-0.3754 A0=0.3242 n_orders=1 nearest Rayleigh 933.5 nm (+368.5)
  theta= 6.0 lam= 1279.21: T0=0.7177 dT=+0.01511 S_T=+0.4282 A0=0.2203 n_orders=1 nearest Rayleigh 953.9 nm (+325.3)
  theta= 6.0 lam= 1302.00: T0=0.3588 dT=-0.01912 S_T=-0.5233 A0=0.4100 n_orders=1 nearest Rayleigh 953.9 nm (+348.1)
  theta= 8.0 lam= 1279.21: T0=0.7802 dT=+0.01182 S_T=+0.3351 A0=0.1775 n_orders=1 nearest Rayleigh 974.2 nm (+305.0)
  theta= 8.0 lam= 1302.00: T0=0.4293 dT=-0.00357 S_T=-0.0976 A0=0.4033 n_orders=1 nearest Rayleigh 974.2 nm (+327.8)
{'1279.214': {'dT_mean': 0.016454713597123204, 'dT_std': 0.002687099780627467, 'dT_min': 0.011823105144611712, 'dT_max': 0.018917282759407184, 'S_T_mean': 0.46634965648878685, 'S_T_std': 0.07615617569094604, 'sign_stable': True}, '1302.000': {'dT_mean': -0.010277372150645937, 'dT_std': 0.005510437301786333, 'dT_min': -0.019121344736016455, 'dT_max': -0.003567819361136426, 'S_T_mean': -0.28124751152272603, 'S_T_std': 0.150796989328834, 'sign_stable': True}}
  theta= 0.0 lam= 1302.87: T0=0.1676 dT=+0.01079 S_T=+0.2950 A0=0.7681 n_orders=1 nearest Rayleigh 1251.2 nm (+51.6)
  theta= 0.0 lam= 1314.15: T0=0.1656 dT=+0.01325 S_T=+0.3561 A0=0.7811 n_orders=1 nearest Rayleigh 1251.2 nm (+62.9)
  theta= 2.0 lam= 1302.87: T0=0.1583 dT=+0.01046 S_T=+0.2859 A0=0.7811 n_orders=1 nearest Rayleigh 1280.0 nm (+22.9)
  theta= 2.0 lam= 1314.15: T0=0.1599 dT=+0.01340 S_T=+0.3599 A0=0.7884 n_orders=1 nearest Rayleigh 1280.0 nm (+34.2)
  theta= 4.0 lam= 1302.87: T0=0.1654 dT=+0.00888 S_T=+0.2426 A0=0.7691 n_orders=2 nearest Rayleigh 1308.7 nm (-5.8)
  theta= 4.0 lam= 1314.15: T0=0.1373 dT=+0.01209 S_T=+0.3249 A0=0.8091 n_orders=1 nearest Rayleigh 1308.7 nm (+5.5)
  theta= 6.0 lam= 1302.87: T0=0.2084 dT=+0.00946 S_T=+0.2586 A0=0.7205 n_orders=2 nearest Rayleigh 1337.3 nm (-34.4)
  theta= 6.0 lam= 1314.15: T0=0.1866 dT=+0.01013 S_T=+0.2720 A0=0.7513 n_orders=2 nearest Rayleigh 1337.3 nm (-23.2)
  theta= 8.0 lam= 1302.87: T0=0.2271 dT=+0.00952 S_T=+0.2603 A0=0.7045 n_orders=2 nearest Rayleigh 1246.0 nm (+56.9)
  theta= 8.0 lam= 1314.15: T0=0.2094 dT=+0.00934 S_T=+0.2509 A0=0.7308 n_orders=2 nearest Rayleigh 1365.8 nm (-51.7)
{'1302.870': {'dT_mean': 0.00982404438952661, 'dT_std': 0.0007024798885899655, 'dT_min': 0.008875794773605478, 'dT_max': 0.010794686585834545, 'S_T_mean': 0.2684858342189422, 'S_T_std': 0.019198396447717467, 'sign_stable': True}, '1314.150': {'dT_mean': 0.011641836065645127, 'dT_std': 0.0016413467394283054, 'dT_min': 0.00934067485922116, 'dT_max': 0.013395781405731666, 'S_T_mean': 0.3127702588936373, 'S_T_std': 0.044096518945164385, 'sign_stable': True}}
