[worker 0] 11 of 22 candidates; order [9, 9]; perturbation hot_electron_Te Te=1000.0
[A fr_Q100_final0_h700] T_bg=0.14747961872068555 (n=18 in [1261,1352]) T(lam_r)=0.10416382935942714 C_res=0.043315789361258406 C_ext=0.58988586198559 T(lam_E)=0.173 eta_reg=3.2828641803838613e-12 (104 s)
  [B fr_Q100_final0_h700]  1241.2 nm: T0=0.2390 T1=0.2434 dT=+0.0044 A0=0.3458 Fz0=0.3172 eta_z=0.92 (10 s)
  [B fr_Q100_final0_h700]  1271.2 nm: T0=0.0405 T1=0.0369 dT=-0.0036 A0=0.6776 Fz0=0.5337 eta_z=0.79 (155 s)
  [B fr_Q100_final0_h700]  1301.2 nm: T0=0.0997 T1=0.0920 dT=-0.0076 A0=0.7757 Fz0=0.7366 eta_z=0.95 (297 s)
  [B fr_Q100_final0_h700]  1331.2 nm: T0=0.0969 T1=0.0907 dT=-0.0062 A0=0.8465 Fz0=0.8115 eta_z=0.96 (437 s)
  [B fr_Q100_final0_h700]  1361.2 nm: T0=0.0938 T1=0.0894 dT=-0.0045 A0=0.8981 Fz0=0.8595 eta_z=0.96 (580 s)
  [B fr_Q100_final0_h700]  1391.2 nm: T0=0.0933 T1=0.0891 dT=-0.0042 A0=0.9019 Fz0=0.8545 eta_z=0.95 (740 s)
  [B fr_Q100_final0_h700]  1399.2 nm: T0=0.0827 T1=0.0779 dT=-0.0048 A0=0.9065 Fz0=0.8518 eta_z=0.94 (778 s)
  [conv fr_Q100_final0_h700]  1265.2 nm: 5:-0.0014 7:+0.0000 9:+0.0001 11:-0.0009  -> ok (|d|=0.0010)
  [conv fr_Q100_final0_h700]  1297.1 nm: 5:-0.0065 7:-0.0071 9:-0.0077 11:-0.0079  -> ok (|d|=0.0002)
  [conv fr_Q100_final0_h700]  1303.2 nm: 5:-0.0068 7:-0.0071 9:-0.0076 11:-0.0077  -> ok (|d|=0.0001)
  [lin fr_Q100_final0_h700]  1265.2 nm: S_T(Te)=600K:-0.004, 1000K:+0.004, 2000K:+0.032  Re-frac=3.8508891216405323
[B fr_Q100_final0_h700] lam_op+=1265.2277971023454 dT=0.00013204176404513907 T0=0.04773744995250299 T1=0.047869491716548127 A0=0.4781605663963087 Ftot0=0.47804286014559394 eta_z=0.7311899984942641 S_T=0.0038247976620024208 chan=A->R (absorption to reflection; NO transmission opening) | dT-=-0.007677841141610256@1297.1489548462848 | A->R dominant=True (1839 s)
[worker 0] fr_Q100_final0_h700 done in 1943 s
[A fr_Q100_final3_h640] T_bg=0.24839949345938747 (n=17 in [1261,1352]) T(lam_r)=0.03763290722652151 C_res=0.21076658623286595 C_ext=0.3774711809734177 T(lam_E)=0.469 eta_reg=6.949212607201862e-13 (81 s)
  [B fr_Q100_final3_h640]  1241.2 nm: T0=0.2235 T1=0.2295 dT=+0.0061 A0=0.3900 Fz0=0.3540 eta_z=0.91 (9 s)
  [B fr_Q100_final3_h640]  1271.2 nm: T0=0.0512 T1=0.0462 dT=-0.0050 A0=0.7103 Fz0=0.5725 eta_z=0.81 (150 s)
  [B fr_Q100_final3_h640]  1301.2 nm: T0=0.1810 T1=0.1676 dT=-0.0134 A0=0.6974 Fz0=0.6609 eta_z=0.95 (290 s)
  [B fr_Q100_final3_h640]  1331.2 nm: T0=0.2347 T1=0.2245 dT=-0.0103 A0=0.7294 Fz0=0.6844 eta_z=0.94 (433 s)
  [B fr_Q100_final3_h640]  1361.2 nm: T0=0.1403 T1=0.1332 dT=-0.0071 A0=0.8536 Fz0=0.8176 eta_z=0.96 (574 s)
  [B fr_Q100_final3_h640]  1391.2 nm: T0=0.1360 T1=0.1308 dT=-0.0052 A0=0.8558 Fz0=0.8164 eta_z=0.95 (713 s)
  [B fr_Q100_final3_h640]  1399.2 nm: T0=0.1345 T1=0.1296 dT=-0.0049 A0=0.8512 Fz0=0.8105 eta_z=0.95 (750 s)
/usr/local/lib/python3.11/dist-packages/scipy/interpolate/_bary_rational.py:66: RuntimeWarning: AAA failed to converge within 100 iterations.
  self._compute_weights(z, f, **kwargs)
  [conv fr_Q100_final3_h640]  1303.2 nm: 5:-0.0115 7:-0.0131 9:-0.0134 11:-0.0139  -> ok (|d|=0.0004)
  [conv fr_Q100_final3_h640]  1341.2 nm: 5:-0.0049 7:+0.0019 9:+0.0052 11:+0.0046  -> ok (|d|=0.0005)
  [lin fr_Q100_final3_h640]  1341.2 nm: S_T(Te)=600K:+0.131, 1000K:+0.133, 2000K:+0.132  Re-frac=0.8375394889080011
[B fr_Q100_final3_h640] lam_op+=1341.2277971023454 dT=0.0051580176965249636 T0=0.2623346232758635 T1=0.26749264097238845 A0=0.6894346650979426 Ftot0=0.6892300198845039 eta_z=0.862434519350176 S_T=0.1330819535835504 chan=A->T,R | dT-=-0.013448396122934608@1303.2277971023454 | A->R dominant=False (2412 s)
[worker 0] fr_Q100_final3_h640 done in 2493 s
[A fr_Q200_fresh4242_h700] T_bg=0.9716817992215675 (n=29 in [1261,1352]) T(lam_r)=0.6689582428218283 C_res=0.30272355639973925 C_ext=0.30272355639973925 T(lam_E)=0.861 eta_reg=6.047429074552644e-13 (104 s)
  [B fr_Q200_fresh4242_h700]  1241.2 nm: T0=0.8618 T1=0.8642 dT=+0.0024 A0=0.1229 Fz0=0.0945 eta_z=0.77 (15 s)
  [B fr_Q200_fresh4242_h700]  1271.2 nm: T0=0.8869 T1=0.8852 dT=-0.0017 A0=0.0974 Fz0=0.0669 eta_z=0.69 (256 s)
  [B fr_Q200_fresh4242_h700]  1301.2 nm: T0=0.9090 T1=0.9111 dT=+0.0020 A0=0.0724 Fz0=0.0402 eta_z=0.56 (503 s)
  [B fr_Q200_fresh4242_h700]  1331.2 nm: T0=0.9045 T1=0.9070 dT=+0.0026 A0=0.0722 Fz0=0.0383 eta_z=0.53 (762 s)
  [B fr_Q200_fresh4242_h700]  1361.2 nm: T0=0.8950 T1=0.8973 dT=+0.0023 A0=0.0769 Fz0=0.0410 eta_z=0.53 (1009 s)
  [B fr_Q200_fresh4242_h700]  1391.2 nm: T0=0.8868 T1=0.8886 dT=+0.0018 A0=0.0806 Fz0=0.0425 eta_z=0.53 (1258 s)
  [B fr_Q200_fresh4242_h700]  1399.2 nm: T0=0.8851 T1=0.8867 dT=+0.0016 A0=0.0811 Fz0=0.0424 eta_z=0.52 (1323 s)
  [conv fr_Q200_fresh4242_h700]  1261.2 nm: 5:-0.0041 7:-0.0040 9:-0.0037 11:-0.0035  -> ok (|d|=0.0002)
  [conv fr_Q200_fresh4242_h700]  1302.6 nm: 5:+0.0020 7:+0.0021 9:+0.0021 11:+0.0021  -> ok (|d|=0.0000)
  [conv fr_Q200_fresh4242_h700]  1333.2 nm: 5:+0.0029 7:+0.0027 9:+0.0026 11:+0.0025  -> ok (|d|=0.0001)
  [lin fr_Q200_fresh4242_h700]  1333.2 nm: S_T(Te)=600K:+0.068, 1000K:+0.067, 2000K:+0.065  Re-frac=0.8376907786195745
[B fr_Q200_fresh4242_h700] lam_op+=1333.2277971023454 dT=0.0025790097783353616 T0=0.9038636737634089 T1=0.9064426835417443 A0=0.07249678640231039 Ftot0=0.07245940491660989 eta_z=0.530690179275496 S_T=0.06733514424292912 chan=A->T (absorption to transmission, useful) | dT-=-0.003715627004701738@1261.2277971023454 | A->R dominant=False (2548 s)
[worker 0] fr_Q200_fresh4242_h700 done in 2652 s
[A fr_Q500_fresh4242_h700] T_bg=0.9723673903886265 (n=38 in [1261,1352]) T(lam_r)=0.675393496814829 C_res=0.29697389357379755 C_ext=0.29697389357379755 T(lam_E)=0.917 eta_reg=2.317996220820123e-13 (145 s)
  [B fr_Q500_fresh4242_h700]  1241.2 nm: T0=0.9012 T1=0.9025 dT=+0.0013 A0=0.0847 Fz0=0.0567 eta_z=0.67 (16 s)
  [B fr_Q500_fresh4242_h700]  1271.2 nm: T0=0.9129 T1=0.9130 dT=+0.0001 A0=0.0704 Fz0=0.0404 eta_z=0.57 (264 s)
  [B fr_Q500_fresh4242_h700]  1301.2 nm: T0=0.9157 T1=0.9178 dT=+0.0021 A0=0.0631 Fz0=0.0313 eta_z=0.50 (502 s)
  [B fr_Q500_fresh4242_h700]  1331.2 nm: T0=0.9065 T1=0.9089 dT=+0.0024 A0=0.0674 Fz0=0.0338 eta_z=0.50 (746 s)
  [B fr_Q500_fresh4242_h700]  1361.2 nm: T0=0.8964 T1=0.8985 dT=+0.0021 A0=0.0729 Fz0=0.0374 eta_z=0.51 (994 s)
  [B fr_Q500_fresh4242_h700]  1391.2 nm: T0=0.8886 T1=0.8901 dT=+0.0015 A0=0.0765 Fz0=0.0387 eta_z=0.51 (1235 s)
  [B fr_Q500_fresh4242_h700]  1399.2 nm: T0=0.8871 T1=0.8884 dT=+0.0013 A0=0.0770 Fz0=0.0386 eta_z=0.50 (1298 s)
  [conv fr_Q500_fresh4242_h700]  1261.2 nm: 5:-0.0015 7:-0.0016 9:-0.0013 11:-0.0010  -> ok (|d|=0.0003)
  [conv fr_Q500_fresh4242_h700]  1302.1 nm: 5:+0.0023 7:+0.0022 9:+0.0021 11:+0.0021  -> ok (|d|=0.0000)
  [conv fr_Q500_fresh4242_h700]  1328.7 nm: 5:+0.0027 7:+0.0025 9:+0.0024 11:+0.0023  -> ok (|d|=0.0001)
  [lin fr_Q500_fresh4242_h700]  1328.7 nm: S_T(Te)=600K:+0.063, 1000K:+0.063, 2000K:+0.061  Re-frac=0.8356829472981161
[B fr_Q500_fresh4242_h700] lam_op+=1328.7277971023454 dT=0.002399507413997193 T0=0.9074129158308744 T1=0.9098124232448715 A0=0.06691930280891412 Ftot0=0.0668872928328391 eta_z=0.500947889178685 S_T=0.0630700239186048 chan=A->T (absorption to transmission, useful) | dT-=-0.0013129914344696125@1261.2277971023454 | A->R dominant=False (2465 s)
[worker 0] fr_Q500_fresh4242_h700 done in 2610 s
[A pilot_h525_Q50_fresh8080] T_bg=0.7450810457094843 (n=46 in [1261,1352]) T(lam_r)=None C_res=None C_ext=None T(lam_E)=0.760 eta_reg=1.5085787819497326e-13 (21 s)
  [B pilot_h525_Q50_fresh8080]  1241.2 nm: T0=0.3234 T1=0.3421 dT=+0.0187 A0=0.6273 Fz0=0.5992 eta_z=0.96 (15 s)
  [B pilot_h525_Q50_fresh8080]  1271.2 nm: T0=0.2047 T1=0.2189 dT=+0.0142 A0=0.6986 Fz0=0.6728 eta_z=0.96 (247 s)
  [B pilot_h525_Q50_fresh8080]  1301.2 nm: T0=0.1597 T1=0.1696 dT=+0.0100 A0=0.7091 Fz0=0.6850 eta_z=0.97 (482 s)
  [B pilot_h525_Q50_fresh8080]  1331.2 nm: T0=0.1321 T1=0.1353 dT=+0.0032 A0=0.7320 Fz0=0.7071 eta_z=0.97 (723 s)
  [B pilot_h525_Q50_fresh8080]  1361.2 nm: T0=0.1342 T1=0.1301 dT=-0.0041 A0=0.7509 Fz0=0.7225 eta_z=0.96 (972 s)
  [B pilot_h525_Q50_fresh8080]  1391.2 nm: T0=0.1631 T1=0.1537 dT=-0.0094 A0=0.7581 Fz0=0.7229 eta_z=0.95 (1227 s)
  [B pilot_h525_Q50_fresh8080]  1399.2 nm: T0=0.1729 T1=0.1628 dT=-0.0101 A0=0.7583 Fz0=0.7208 eta_z=0.95 (1289 s)
  [conv pilot_h525_Q50_fresh8080]  1261.2 nm: 5:+0.0139 7:+0.0144 9:+0.0147 11:+0.0146  -> ok (|d|=0.0002)
  [conv pilot_h525_Q50_fresh8080]  1303.2 nm: 5:+0.0094 7:+0.0092 9:+0.0096 11:+0.0095  -> ok (|d|=0.0001)
  [conv pilot_h525_Q50_fresh8080]  1399.2 nm: 5:-0.0092 7:-0.0099 9:-0.0101 11:-0.0100  -> ok (|d|=0.0001)
  [lin pilot_h525_Q50_fresh8080]  1261.2 nm: S_T(Te)=600K:+0.426, 1000K:+0.429, 2000K:+0.440  Re-frac=0.9611564737822248
[B pilot_h525_Q50_fresh8080] lam_op+=1261.2277971023454 dT=0.01473398202809234 T0=0.21911974618570768 T1=0.23385372821380002 A0=0.7025737770619975 Ftot0=0.7024429262213988 eta_z=0.9616697660704747 S_T=0.42948390134410286 chan=A->T (absorption to transmission, useful) | dT-=-0.010118639614089708@1399.2277971023454 | A->R dominant=False (1963 s)
[worker 0] pilot_h525_Q50_fresh8080 done in 1983 s
[A fr_Q200_final3_h600] T_bg=0.1690017518429827 (n=27 in [1261,1352]) T(lam_r)=0.2442263555210818 C_res=0.0752246036780991 C_ext=0.8244691809074585 T(lam_E)=0.169 eta_reg=None (664 s)
  [B fr_Q200_final3_h600]  1241.2 nm: T0=0.2834 T1=0.2865 dT=+0.0031 A0=0.5039 Fz0=0.4707 eta_z=0.93 (16 s)
  [B fr_Q200_final3_h600]  1271.2 nm: T0=0.0665 T1=0.0610 dT=-0.0054 A0=0.7740 Fz0=0.7396 eta_z=0.96 (251 s)
  [B fr_Q200_final3_h600]  1301.2 nm: T0=0.0591 T1=0.0545 dT=-0.0046 A0=0.8884 Fz0=0.8602 eta_z=0.97 (498 s)
  [B fr_Q200_final3_h600]  1331.2 nm: T0=0.0487 T1=0.0459 dT=-0.0028 A0=0.9291 Fz0=0.8997 eta_z=0.97 (745 s)
  [B fr_Q200_final3_h600]  1361.2 nm: T0=0.0502 T1=0.0482 dT=-0.0020 A0=0.9167 Fz0=0.8844 eta_z=0.97 (996 s)
  [B fr_Q200_final3_h600]  1391.2 nm: T0=0.0604 T1=0.0581 dT=-0.0022 A0=0.8962 Fz0=0.8582 eta_z=0.96 (1251 s)
  [B fr_Q200_final3_h600]  1399.2 nm: T0=0.0640 T1=0.0616 dT=-0.0025 A0=0.8925 Fz0=0.8522 eta_z=0.96 (1316 s)
  [conv fr_Q200_final3_h600]  1262.2 nm: 5:-0.0122 7:-0.0042 9:+0.0028 11:+0.0007  -> ok (|d|=0.0022)
  [conv fr_Q200_final3_h600]  1279.2 nm: 5:-0.0052 7:-0.0056 9:-0.0059 11:-0.0061  -> ok (|d|=0.0002)
  [conv fr_Q200_final3_h600]  1303.2 nm: 5:-0.0048 7:-0.0046 9:-0.0045 11:-0.0045  -> ok (|d|=0.0000)
  [lin fr_Q200_final3_h600]  1262.2 nm: S_T(Te)=600K:+0.082, 1000K:+0.082, 2000K:+0.070  Re-frac=1.0722061160063894
[B fr_Q200_final3_h600] lam_op+=1262.2277971023454 dT=0.002834114809211641 T0=0.11737827624587355 T1=0.12021239105508519 A0=0.6624187674043358 Ftot0=0.6622681318172468 eta_z=0.7829820070561758 S_T=0.08248233913021982 chan=A->R (absorption to reflection; NO transmission opening) | dT-=-0.005892480131330216@1279.2277971023454 | A->R dominant=True (1991 s)
[worker 0] fr_Q200_final3_h600 done in 2655 s
