[worker 1] 11 of 22 candidates; order [9, 9]; perturbation hot_electron_Te Te=1000.0
[A fr_Q100_final1_h680] T_bg=0.10335739236265082 (n=17 in [1261,1352]) T(lam_r)=0.11385352817445114 C_res=0.010496135811800325 C_ext=0.5539724701765115 T(lam_E)=0.201 eta_reg=1.5669931237340582e-11 (102 s)
  [B fr_Q100_final1_h680]  1241.2 nm: T0=0.2114 T1=0.2117 dT=+0.0003 A0=0.3545 Fz0=0.3287 eta_z=0.93 (9 s)
  [B fr_Q100_final1_h680]  1271.2 nm: T0=0.0311 T1=0.0245 dT=-0.0065 A0=0.6150 Fz0=0.4449 eta_z=0.72 (154 s)
  [B fr_Q100_final1_h680]  1301.2 nm: T0=0.1293 T1=0.1208 dT=-0.0085 A0=0.7512 Fz0=0.7089 eta_z=0.94 (295 s)
  [B fr_Q100_final1_h680]  1331.2 nm: T0=0.1133 T1=0.1070 dT=-0.0063 A0=0.8297 Fz0=0.7936 eta_z=0.96 (437 s)
  [B fr_Q100_final1_h680]  1361.2 nm: T0=0.0907 T1=0.0864 dT=-0.0043 A0=0.9015 Fz0=0.8615 eta_z=0.96 (583 s)
  [B fr_Q100_final1_h680]  1391.2 nm: T0=0.0898 T1=0.0864 dT=-0.0035 A0=0.9080 Fz0=0.8649 eta_z=0.95 (738 s)
  [B fr_Q100_final1_h680]  1399.2 nm: T0=0.0930 T1=0.0894 dT=-0.0036 A0=0.9025 Fz0=0.8583 eta_z=0.95 (776 s)
  [conv fr_Q100_final1_h680]  1265.6 nm: 5:-0.0050 7:-0.0036 9:-0.0032 11:-0.0043  -> ok (|d|=0.0010)
  [conv fr_Q100_final1_h680]  1295.2 nm: 5:-0.0071 7:-0.0078 9:-0.0086 11:-0.0089  -> ok (|d|=0.0003)
  [conv fr_Q100_final1_h680]  1303.2 nm: 5:-0.0077 7:-0.0079 9:-0.0084 11:-0.0086  -> ok (|d|=0.0002)
  [lin fr_Q100_final1_h680]  1265.6 nm: S_T(Te)=600K:-0.101, 1000K:-0.094, 2000K:-0.068  Re-frac=0.8538574202088954
[B fr_Q100_final1_h680] lam_op+=1265.6477458495076 dT=-0.003246052621465441 T0=0.03546159869303102 T1=0.03221554607156558 A0=0.42391360292500213 Ftot0=0.4238065403717855 eta_z=0.6955963974873454 S_T=-0.0939651124550873 chan=T,A->R | dT-=-0.008594875447341888@1295.2277971023454 | A->R dominant=False (1835 s)
[worker 1] fr_Q100_final1_h680 done in 1937 s
[A fr_Q200_final1_h700] T_bg=0.20452000200500664 (n=15 in [1261,1352]) T(lam_r)=0.3739655008755724 C_res=0.16944549887056576 C_ext=0.3097756316018768 T(lam_E)=0.478 eta_reg=5.825794763268128e-12 (81 s)
  [B fr_Q200_final1_h700]  1241.2 nm: T0=0.2613 T1=0.2677 dT=+0.0064 A0=0.3688 Fz0=0.3454 eta_z=0.94 (9 s)
  [B fr_Q200_final1_h700]  1271.2 nm: T0=0.1517 T1=0.1497 dT=-0.0021 A0=0.5546 Fz0=0.4360 eta_z=0.79 (151 s)
  [B fr_Q200_final1_h700]  1301.2 nm: T0=0.1513 T1=0.1406 dT=-0.0107 A0=0.6777 Fz0=0.6416 eta_z=0.95 (292 s)
  [B fr_Q200_final1_h700]  1331.2 nm: T0=0.1508 T1=0.1418 dT=-0.0091 A0=0.7608 Fz0=0.7267 eta_z=0.96 (435 s)
  [B fr_Q200_final1_h700]  1361.2 nm: T0=0.1337 T1=0.1274 dT=-0.0063 A0=0.8460 Fz0=0.8069 eta_z=0.95 (575 s)
  [B fr_Q200_final1_h700]  1391.2 nm: T0=0.1016 T1=0.0964 dT=-0.0051 A0=0.8962 Fz0=0.8421 eta_z=0.94 (717 s)
  [B fr_Q200_final1_h700]  1399.2 nm: T0=0.0757 T1=0.0702 dT=-0.0055 A0=0.9143 Fz0=0.8487 eta_z=0.93 (754 s)
  [conv fr_Q200_final1_h700]  1273.6 nm: 5:-0.0071 7:-0.0022 9:-0.0003 11:-0.0010  -> ok (|d|=0.0008)
  [conv fr_Q200_final1_h700]  1302.1 nm: 5:-0.0096 7:-0.0103 9:-0.0107 11:-0.0110  -> ok (|d|=0.0003)
  [conv fr_Q200_final1_h700]  1304.5 nm: 5:-0.0099 7:-0.0104 9:-0.0108 11:-0.0110  -> ok (|d|=0.0002)
  [lin fr_Q200_final1_h700]  1273.6 nm: S_T(Te)=600K:-0.016, 1000K:-0.007, 2000K:+0.035  Re-frac=0.8143625458043129
[B fr_Q200_final1_h700] lam_op+=1273.6211344911057 dT=-0.00025455064322130183 T0=0.1546160738335203 T1=0.154361523190299 A0=0.5539831763873742 Ftot0=0.5538479987653173 eta_z=0.8093793258123977 S_T=-0.007277330233790958 chan=T->R | dT-=-0.010755979753277578@1304.5400221770287 | A->R dominant=False (1814 s)
[worker 1] fr_Q200_final1_h700 done in 1894 s
[A fr_Q20_final1_h420] T_bg=0.2998177091255852 (n=21 in [1261,1352]) T(lam_r)=0.19752461451637823 C_res=0.10229309460920696 C_ext=0.17786998959248387 T(lam_E)=0.177 eta_reg=2.3303446901177647e-12 (86 s)
  [B fr_Q20_final1_h420]  1241.2 nm: T0=0.2399 T1=0.2572 dT=+0.0174 A0=0.7482 Fz0=0.7041 eta_z=0.94 (10 s)
  [B fr_Q20_final1_h420]  1271.2 nm: T0=0.0437 T1=0.0453 dT=+0.0016 A0=0.8829 Fz0=0.8508 eta_z=0.96 (195 s)
  [B fr_Q20_final1_h420]  1301.2 nm: T0=0.0548 T1=0.0582 dT=+0.0034 A0=0.8389 Fz0=0.8095 eta_z=0.97 (349 s)
  [B fr_Q20_final1_h420]  1331.2 nm: T0=0.0579 T1=0.0571 dT=-0.0008 A0=0.8446 Fz0=0.8165 eta_z=0.97 (496 s)
  [B fr_Q20_final1_h420]  1361.2 nm: T0=0.0996 T1=0.0934 dT=-0.0063 A0=0.8376 Fz0=0.8036 eta_z=0.96 (684 s)
  [B fr_Q20_final1_h420]  1391.2 nm: T0=0.1814 T1=0.1746 dT=-0.0068 A0=0.7932 Fz0=0.7511 eta_z=0.95 (921 s)
  [B fr_Q20_final1_h420]  1399.2 nm: T0=0.2043 T1=0.1987 dT=-0.0056 A0=0.7778 Fz0=0.7335 eta_z=0.94 (986 s)
  [conv fr_Q20_final1_h420]  1297.4 nm: 5:+0.0027 7:+0.0032 9:+0.0036 11:+0.0039  -> ok (|d|=0.0002)
  [conv fr_Q20_final1_h420]  1302.1 nm: 5:+0.0026 7:+0.0030 9:+0.0033 11:+0.0031  -> ok (|d|=0.0002)
  [conv fr_Q20_final1_h420]  1379.2 nm: 5:-0.0076 7:-0.0076 9:-0.0075 11:-0.0075  -> ok (|d|=0.0000)
  [lin fr_Q20_final1_h420]  1297.4 nm: S_T(Te)=600K:+0.098, 1000K:+0.100, 2000K:+0.111  Re-frac=1.0274991183648985
[B fr_Q20_final1_h420] lam_op+=1297.3721020391542 dT=0.003641800304495374 T0=0.05674448171319394 T1=0.060386282017689315 A0=0.8367221221388194 Ftot0=0.8365425102429305 eta_z=0.9658957179284806 S_T=0.10036698622477541 chan=A->T,R | dT-=-0.0075194983718186725@1379.2277971023454 | A->R dominant=False (2222 s)
[worker 1] fr_Q20_final1_h420 done in 2308 s
[A pilot_h525_Q100_fresh4242] T_bg=0.9615845337042772 (n=46 in [1261,1352]) T(lam_r)=0.5125956795114939 C_res=0.44898885419278334 C_ext=0.44898885419278334 T(lam_E)=0.961 eta_reg=9.044799335678656e-14 (143 s)
  [B pilot_h525_Q100_fresh4242]  1241.2 nm: T0=0.8980 T1=0.9010 dT=+0.0030 A0=0.0671 Fz0=0.0389 eta_z=0.58 (16 s)
  [B pilot_h525_Q100_fresh4242]  1271.2 nm: T0=0.8810 T1=0.8834 dT=+0.0024 A0=0.0782 Fz0=0.0485 eta_z=0.62 (260 s)
  [B pilot_h525_Q100_fresh4242]  1301.2 nm: T0=0.8687 T1=0.8717 dT=+0.0030 A0=0.0858 Fz0=0.0544 eta_z=0.63 (514 s)
  [B pilot_h525_Q100_fresh4242]  1331.2 nm: T0=0.8549 T1=0.8584 dT=+0.0035 A0=0.0966 Fz0=0.0633 eta_z=0.66 (780 s)
  [B pilot_h525_Q100_fresh4242]  1361.2 nm: T0=0.8435 T1=0.8464 dT=+0.0029 A0=0.1067 Fz0=0.0711 eta_z=0.67 (1018 s)
  [B pilot_h525_Q100_fresh4242]  1391.2 nm: T0=0.8376 T1=0.8394 dT=+0.0017 A0=0.1128 Fz0=0.0747 eta_z=0.66 (1263 s)
  [B pilot_h525_Q100_fresh4242]  1399.2 nm: T0=0.8370 T1=0.8384 dT=+0.0014 A0=0.1137 Fz0=0.0748 eta_z=0.66 (1327 s)
  [conv pilot_h525_Q100_fresh4242]  1303.2 nm: 5:+0.0032 7:+0.0032 9:+0.0030 11:+0.0030  -> ok (|d|=0.0001)
  [conv pilot_h525_Q100_fresh4242]  1329.2 nm: 5:+0.0037 7:+0.0036 9:+0.0035 11:+0.0034  -> ok (|d|=0.0001)
  [conv pilot_h525_Q100_fresh4242]  1399.7 nm: 5:+0.0014 7:+0.0014 9:+0.0014 11:+0.0016  -> ok (|d|=0.0002)
  [lin pilot_h525_Q100_fresh4242]  1329.2 nm: S_T(Te)=600K:+0.092, 1000K:+0.092, 2000K:+0.089  Re-frac=0.9096702613180555
[B pilot_h525_Q100_fresh4242] lam_op+=1329.2277971023454 dT=0.003499836175491766 T0=0.8557846645497009 T1=0.8592845007251927 A0=0.09583212836467814 Ftot0=0.09578845440511746 eta_z=0.6541215810173109 S_T=0.09192307729513889 chan=A->T (absorption to transmission, useful) | dT-=0.0013790201274164193@1399.7277971023454 | A->R dominant=False (2498 s)
[worker 1] pilot_h525_Q100_fresh4242 done in 2641 s
