[08:03:34] P0750_H0175_seed047_lam1332p5: it    0/150  F_co=-3.8589  S_ED=0.5456  S_MD=0.0008  bal=0.001  beta=    1.0  lr=0.02000  t=    1.9s
[08:03:51] P0750_H0175_seed047_lam1332p5: it   10/150  F_co=+0.3640  S_ED=1.3362  S_MD=1.5498  bal=0.862  beta=    1.6  lr=0.01978  t=   19.1s
[08:04:09] P0750_H0175_seed047_lam1332p5: it   20/150  F_co=+1.9889  S_ED=5.9240  S_MD=9.0138  bal=0.657  beta=    2.5  lr=0.01914  t=   36.9s
[08:04:27] P0750_H0175_seed047_lam1332p5: it   30/150  F_co=+2.9911  S_ED=15.3386  S_MD=25.8356  bal=0.594  beta=    4.0  lr=0.01809  t=   55.1s
[08:04:45] P0750_H0175_seed047_lam1332p5: it   40/150  F_co=+3.2899  S_ED=20.5381  S_MD=35.0748  bal=0.586  beta=    6.3  lr=0.01669  t=   72.8s
[08:05:02] P0750_H0175_seed047_lam1332p5: it   50/150  F_co=+3.4714  S_ED=23.7084  S_MD=43.6878  bal=0.543  beta=   10.0  lr=0.01500  t=   90.5s
[08:05:20] P0750_H0175_seed047_lam1332p5: it   60/150  F_co=+3.4713  S_ED=23.5799  S_MD=43.9109  bal=0.537  beta=   15.8  lr=0.01309  t=  108.2s
[08:05:37] P0750_H0175_seed047_lam1332p5: it   70/150  F_co=+3.5153  S_ED=25.1749  S_MD=44.9098  bal=0.561  beta=   25.1  lr=0.01105  t=  125.7s
[08:05:55] P0750_H0175_seed047_lam1332p5: it   80/150  F_co=+3.5344  S_ED=25.9348  S_MD=45.2926  bal=0.573  beta=   39.8  lr=0.00895  t=  143.0s
[08:06:12] P0750_H0175_seed047_lam1332p5: it   90/150  F_co=+3.5414  S_ED=26.2639  S_MD=45.3578  bal=0.579  beta=   63.1  lr=0.00691  t=  160.5s
[08:06:30] P0750_H0175_seed047_lam1332p5: it  100/150  F_co=+3.5454  S_ED=26.4434  S_MD=45.4084  bal=0.582  beta=  100.0  lr=0.00500  t=  177.8s
[08:06:47] P0750_H0175_seed047_lam1332p5: it  110/150  F_co=+3.5469  S_ED=26.5276  S_MD=45.4071  bal=0.584  beta=  158.5  lr=0.00331  t=  195.5s
[08:07:05] P0750_H0175_seed047_lam1332p5: it  120/150  F_co=+3.5486  S_ED=26.5939  S_MD=45.4474  bal=0.585  beta=  251.2  lr=0.00191  t=  213.7s
[08:07:23] P0750_H0175_seed047_lam1332p5: it  130/150  F_co=+3.5478  S_ED=26.5822  S_MD=45.3967  bal=0.586  beta=  398.1  lr=0.00086  t=  231.0s
[08:07:40] P0750_H0175_seed047_lam1332p5: it  140/150  F_co=+3.5482  S_ED=26.5960  S_MD=45.4016  bal=0.586  beta=  631.0  lr=0.00022  t=  248.6s
[08:07:56] P0750_H0175_seed047_lam1332p5: it  149/150  F_co=+3.5475  S_ED=26.5791  S_MD=45.3742  bal=0.586  beta=  955.0  lr=0.00000  t=  264.7s
[08:08:01] P0750_H0175_seed047_lam1332p5: completed after 265s  final(projected)={'F_co': 3.5479788780212402, 'S_ED': 26.591140747070312, 'S_MD': 45.39397048950195, 'balance': 0.5857857465744019}
[08:56:37] P0750_H0175_seed047_lam1332p5: already completed - skipping.
[08:58:16] P0750_H0175_seed047_lam1332p5: already completed - skipping.
[09:02:52] P0750_H0175_seed047_lam1332p5: already completed - skipping.
[09:07:21] P0750_H0175_seed047_lam1332p5: already completed - skipping.
[09:11:47] P0750_H0175_seed047_lam1332p5: already completed - skipping.
[09:16:14] P0750_H0175_seed047_lam1332p5: already completed - skipping.
