[09:03:40] P0830_H0150_seed011_lam1332p5: it    0/150  F_co=-1.0795  S_ED=0.7401  S_MD=0.1560  bal=0.211  beta=    1.0  lr=0.02000  t=    1.9s
[09:03:57] P0830_H0150_seed011_lam1332p5: it   10/150  F_co=+3.7794  S_ED=39.6940  S_MD=48.3099  bal=0.822  beta=    1.6  lr=0.01978  t=   19.3s
[09:04:15] P0830_H0150_seed011_lam1332p5: it   20/150  F_co=+3.8499  S_ED=41.7503  S_MD=52.8788  bal=0.790  beta=    2.5  lr=0.01914  t=   36.5s
[09:04:32] P0830_H0150_seed011_lam1332p5: it   30/150  F_co=+3.8093  S_ED=38.9307  S_MD=52.2922  bal=0.744  beta=    4.0  lr=0.01809  t=   53.9s
[09:04:49] P0830_H0150_seed011_lam1332p5: it   40/150  F_co=+3.7193  S_ED=34.7709  S_MD=48.9033  bal=0.711  beta=    6.3  lr=0.01669  t=   71.3s
[09:05:07] P0830_H0150_seed011_lam1332p5: it   50/150  F_co=+3.5334  S_ED=28.5432  S_MD=41.0762  bal=0.695  beta=   10.0  lr=0.01500  t=   88.4s
[09:05:24] P0830_H0150_seed011_lam1332p5: it   60/150  F_co=+3.8206  S_ED=38.0038  S_MD=54.7951  bal=0.694  beta=   15.8  lr=0.01309  t=  106.0s
[09:05:42] P0830_H0150_seed011_lam1332p5: it   70/150  F_co=+3.7793  S_ED=36.4882  S_MD=52.5404  bal=0.694  beta=   25.1  lr=0.01105  t=  123.5s
[09:05:59] P0830_H0150_seed011_lam1332p5: it   80/150  F_co=+3.7958  S_ED=36.9833  S_MD=53.5753  bal=0.690  beta=   39.8  lr=0.00895  t=  140.7s
[09:06:16] P0830_H0150_seed011_lam1332p5: it   90/150  F_co=+3.8242  S_ED=37.9454  S_MD=55.2754  bal=0.686  beta=   63.1  lr=0.00691  t=  158.1s
[09:06:34] P0830_H0150_seed011_lam1332p5: it  100/150  F_co=+3.8260  S_ED=38.0087  S_MD=55.3782  bal=0.686  beta=  100.0  lr=0.00500  t=  175.9s
[09:06:52] P0830_H0150_seed011_lam1332p5: it  110/150  F_co=+3.8285  S_ED=38.1143  S_MD=55.4973  bal=0.687  beta=  158.5  lr=0.00331  t=  193.4s
[09:07:09] P0830_H0150_seed011_lam1332p5: it  120/150  F_co=+3.8297  S_ED=38.1734  S_MD=55.5495  bal=0.687  beta=  251.2  lr=0.00191  t=  211.0s
[09:07:26] P0830_H0150_seed011_lam1332p5: it  130/150  F_co=+3.8300  S_ED=38.1935  S_MD=55.5543  bal=0.687  beta=  398.1  lr=0.00086  t=  228.2s
[09:07:43] P0830_H0150_seed011_lam1332p5: it  140/150  F_co=+3.8300  S_ED=38.1969  S_MD=55.5519  bal=0.688  beta=  631.0  lr=0.00022  t=  245.3s
[09:07:59] P0830_H0150_seed011_lam1332p5: it  149/150  F_co=+3.8304  S_ED=38.2091  S_MD=55.5697  bal=0.688  beta=  955.0  lr=0.00000  t=  260.7s
[09:08:04] P0830_H0150_seed011_lam1332p5: completed after 261s  final(projected)={'F_co': 3.8300933837890625, 'S_ED': 38.19845962524414, 'S_MD': 55.555999755859375, 'balance': 0.6875667572021484}
[09:08:06] P0830_H0150_seed011_lam1332p5: already completed - skipping.
[09:12:38] P0830_H0150_seed011_lam1332p5: already completed - skipping.
[09:17:13] P0830_H0150_seed011_lam1332p5: already completed - skipping.
[09:21:46] P0830_H0150_seed011_lam1332p5: already completed - skipping.
[09:26:13] P0830_H0150_seed011_lam1332p5: already completed - skipping.
[09:30:47] P0830_H0150_seed011_lam1332p5: already completed - skipping.
[09:35:16] P0830_H0150_seed011_lam1332p5: already completed - skipping.
[09:39:40] P0830_H0150_seed011_lam1332p5: already completed - skipping.
