[08:53:42] P0870_H0100_seed029_lam1332p5: it    0/150  F_co=-3.7038  S_ED=0.8531  S_MD=0.0007  bal=0.001  beta=    1.0  lr=0.02000  t=    1.8s
[08:54:00] P0870_H0100_seed029_lam1332p5: it   10/150  F_co=+2.0043  S_ED=7.2021  S_MD=7.6460  bal=0.942  beta=    1.6  lr=0.01978  t=   19.6s
[08:54:18] P0870_H0100_seed029_lam1332p5: it   20/150  F_co=+3.3176  S_ED=26.2345  S_MD=29.0226  bal=0.904  beta=    2.5  lr=0.01914  t=   37.0s
[08:54:35] P0870_H0100_seed029_lam1332p5: it   30/150  F_co=+3.8133  S_ED=41.5641  S_MD=49.3674  bal=0.842  beta=    4.0  lr=0.01809  t=   54.4s
[08:54:52] P0870_H0100_seed029_lam1332p5: it   40/150  F_co=+3.7541  S_ED=37.9704  S_MD=48.0045  bal=0.791  beta=    6.3  lr=0.01669  t=   71.7s
[08:55:10] P0870_H0100_seed029_lam1332p5: it   50/150  F_co=+4.0346  S_ED=50.4610  S_MD=63.3067  bal=0.797  beta=   10.0  lr=0.01500  t=   89.2s
[08:55:28] P0870_H0100_seed029_lam1332p5: it   60/150  F_co=+4.0657  S_ED=51.9618  S_MD=65.4273  bal=0.794  beta=   15.8  lr=0.01309  t=  107.2s
[08:55:46] P0870_H0100_seed029_lam1332p5: it   70/150  F_co=+4.0905  S_ED=53.2283  S_MD=67.1152  bal=0.793  beta=   25.1  lr=0.01105  t=  125.1s
[08:56:37] P0870_H0100_seed029_lam1332p5: resuming from checkpoint at iteration 50.
[08:56:39] P0870_H0100_seed029_lam1332p5: it   50/150  F_co=+4.0346  S_ED=50.4610  S_MD=63.3067  bal=0.797  beta=   10.0  lr=0.01500  t=    1.9s
[08:56:57] P0870_H0100_seed029_lam1332p5: it   60/150  F_co=+4.0657  S_ED=51.9618  S_MD=65.4273  bal=0.794  beta=   15.8  lr=0.01309  t=   19.7s
[08:57:14] P0870_H0100_seed029_lam1332p5: it   70/150  F_co=+4.0905  S_ED=53.2283  S_MD=67.1152  bal=0.793  beta=   25.1  lr=0.01105  t=   37.0s
[08:57:31] P0870_H0100_seed029_lam1332p5: it   80/150  F_co=+4.0943  S_ED=53.4133  S_MD=67.3862  bal=0.793  beta=   39.8  lr=0.00895  t=   54.3s
[08:57:49] P0870_H0100_seed029_lam1332p5: it   90/150  F_co=+4.0978  S_ED=53.6118  S_MD=67.6208  bal=0.793  beta=   63.1  lr=0.00691  t=   71.7s
[08:58:06] P0870_H0100_seed029_lam1332p5: it  100/150  F_co=+4.0972  S_ED=53.5913  S_MD=67.5650  bal=0.793  beta=  100.0  lr=0.00500  t=   89.1s
[08:58:24] P0870_H0100_seed029_lam1332p5: it  110/150  F_co=+4.0983  S_ED=53.6490  S_MD=67.6340  bal=0.793  beta=  158.5  lr=0.00331  t=  106.8s
[08:58:42] P0870_H0100_seed029_lam1332p5: it  120/150  F_co=+4.0983  S_ED=53.6583  S_MD=67.6235  bal=0.793  beta=  251.2  lr=0.00191  t=  125.2s
[08:59:00] P0870_H0100_seed029_lam1332p5: it  130/150  F_co=+4.0987  S_ED=53.6814  S_MD=67.6430  bal=0.794  beta=  398.1  lr=0.00086  t=  143.3s
[08:59:18] P0870_H0100_seed029_lam1332p5: it  140/150  F_co=+4.0986  S_ED=53.6821  S_MD=67.6403  bal=0.794  beta=  631.0  lr=0.00022  t=  161.2s
[08:59:34] P0870_H0100_seed029_lam1332p5: it  149/150  F_co=+4.0987  S_ED=53.6854  S_MD=67.6453  bal=0.794  beta=  955.0  lr=0.00000  t=  177.3s
[08:59:39] P0870_H0100_seed029_lam1332p5: completed after 177s  final(projected)={'F_co': 4.098751544952393, 'S_ED': 53.6876106262207, 'S_MD': 67.6482162475586, 'balance': 0.7936293482780457}
[08:59:42] P0870_H0100_seed029_lam1332p5: already completed - skipping.
[09:04:21] P0870_H0100_seed029_lam1332p5: already completed - skipping.
[09:08:57] P0870_H0100_seed029_lam1332p5: already completed - skipping.
[09:13:36] P0870_H0100_seed029_lam1332p5: already completed - skipping.
[09:18:07] P0870_H0100_seed029_lam1332p5: already completed - skipping.
[09:22:41] P0870_H0100_seed029_lam1332p5: already completed - skipping.
[09:27:17] P0870_H0100_seed029_lam1332p5: already completed - skipping.
