[target] loaded /home/user/ENZ/enz_target/target_enz_mode.npz
[target] keys: ['Ex', 'Ez', 'Hy', 'K_imag_per_nm', 'K_note', 'K_real_per_nm', 'air_decay_length_nm', 'berreman_K_over_k0', 'berreman_wavelength_nm', 'branch_K_over_k0', 'branch_bound', 'branch_localization', 'branch_residual', 'branch_wavelength_nm', 'drude_fit_eps_inf_wp_gamma', 'eps_air', 'eps_ito_imag', 'eps_ito_real', 'field_units', 'glass_decay_length_nm', 'glass_index', 'glass_index_is_paper_value', 'inplane_modal_wavelength_nm', 'ito_thickness_nm', 'ito_z_range_nm', 'k0_per_nm', 'kz_air_per_nm', 'kz_glass_per_nm', 'kz_ito_per_nm', 'localization_fraction', 'material_zero_crossing_nm', 'modal_central_wavelength_complex_omega_nm', 'normalization', 'omega_rad_per_s', 'pole_residual', 'time_convention', 'wavelength_nm', 'z_nm']
[target] lambda = 1527.00 nm, K/k0 = 5.9463-12.8596j, d_ITO = 23.0 nm, n_glass = 1.4446
[target] eps_ITO = -0.5903 + 0.8449i, normalization = integral_ITO_abs_Ez_squared_dz_equals_1_z_in_nm
figure written: /home/user/ENZ/enz_inverse_design/outputs/figures/fig1_convergence.png
figure written: /home/user/ENZ/enz_inverse_design/outputs/figures/fig2_geometry.png
figure written: /home/user/ENZ/enz_inverse_design/outputs/figures/fig3_target_field.png
figure written: /home/user/ENZ/enz_inverse_design/outputs/figures/fig4_Ez_scat_initial.png
figure written: /home/user/ENZ/enz_inverse_design/outputs/figures/fig5_Ez_scat_final.png
figure written: /home/user/ENZ/enz_inverse_design/outputs/figures/fig6_complex_comparison.png
[target] grid normalization: integral_ITO |Ez_t|^2 dV = 1, residual = 0.00e+00 (dV = 118.903 nm^3, direction +x)
  lambda   1360: T=0.854 R=0.051 A=0.095 F=1.479e+01
  lambda   1370: T=0.852 R=0.049 A=0.099 F=1.562e+01
  lambda   1380: T=0.849 R=0.048 A=0.103 F=1.650e+01
  lambda   1390: T=0.846 R=0.047 A=0.107 F=1.743e+01
  lambda   1400: T=0.842 R=0.046 A=0.112 F=1.841e+01
  lambda   1410: T=0.838 R=0.045 A=0.117 F=1.942e+01
  lambda   1420: T=0.834 R=0.044 A=0.122 F=2.047e+01
  lambda   1430: T=0.830 R=0.043 A=0.127 F=2.155e+01
  lambda   1440: T=0.825 R=0.042 A=0.133 F=2.262e+01
  lambda   1450: T=0.820 R=0.042 A=0.138 F=2.369e+01
  lambda   1460: T=0.815 R=0.041 A=0.144 F=2.472e+01
  lambda   1470: T=0.810 R=0.041 A=0.149 F=2.568e+01
  lambda   1480: T=0.804 R=0.041 A=0.154 F=2.655e+01
  lambda   1490: T=0.799 R=0.042 A=0.159 F=2.729e+01
  lambda   1500: T=0.794 R=0.042 A=0.164 F=2.787e+01
  lambda   1510: T=0.790 R=0.042 A=0.168 F=2.825e+01
  lambda   1520: T=0.786 R=0.043 A=0.171 F=2.842e+01
  lambda   1530: T=0.782 R=0.044 A=0.174 F=2.835e+01
  lambda   1540: T=0.780 R=0.045 A=0.176 F=2.804e+01
  lambda   1550: T=0.778 R=0.045 A=0.177 F=2.751e+01
  lambda   1560: T=0.777 R=0.046 A=0.177 F=2.676e+01
  lambda   1570: T=0.777 R=0.047 A=0.177 F=2.583e+01
  lambda   1580: T=0.777 R=0.047 A=0.175 F=2.474e+01
  lambda   1590: T=0.779 R=0.048 A=0.174 F=2.354e+01
  lambda   1600: T=0.781 R=0.048 A=0.172 F=2.226e+01
  lambda   1610: T=0.783 R=0.048 A=0.169 F=2.094e+01
  lambda   1620: T=0.786 R=0.048 A=0.167 F=1.961e+01
  lambda   1630: T=0.788 R=0.047 A=0.164 F=1.829e+01
  lambda   1640: T=0.791 R=0.047 A=0.162 F=1.701e+01
  lambda   1650: T=0.795 R=0.046 A=0.159 F=1.578e+01
  lambda   1660: T=0.798 R=0.046 A=0.157 F=1.462e+01
  lambda   1670: T=0.801 R=0.045 A=0.154 F=1.352e+01
  lambda   1680: T=0.804 R=0.044 A=0.152 F=1.249e+01
figure written: /home/user/ENZ/enz_inverse_design/outputs/figures/fig7_spectral_response.png
figure written: /home/user/ENZ/enz_inverse_design/outputs/figures/fig8_overlap_spectrum.png
[target] grid normalization: integral_ITO |Ez_t|^2 dV = 1, residual = 0.00e+00 (dV = 118.903 nm^3, direction +x)
[convergence] baseline  order=[7, 7] nz=7: F = 2.83935e+01
[target] grid normalization: integral_ITO |Ez_t|^2 dV = 1, residual = 0.00e+00 (dV = 118.903 nm^3, direction +x)
[convergence] order+2   order=[9, 9] nz=7: F = 2.62039e+01
[target] grid normalization: integral_ITO |Ez_t|^2 dV = 1, residual = 2.22e-16 (dV = 55.488 nm^3, direction +x)
[convergence] nz x2     order=[7, 7] nz=15: F = 2.83870e+01
[convergence] order+2: relative change 7.71%
[convergence] nz x2: relative change 0.02%
