[target] loaded /home/user/ENZ/enz_target/target_enz_mode_periodic.npz
[target] keys: ['Ex', 'Ez', 'Hy', 'K_imag_per_nm', 'K_note', 'K_real_per_nm', 'drude_fit_eps_inf_wp_gamma', 'eps_air', 'eps_ito_imag', 'eps_ito_pole_imag', 'eps_ito_pole_real', 'eps_ito_real', 'field_units', 'glass_index', 'glass_index_is_paper_value', 'harmonic_order', 'ito_thickness_nm', 'ito_z_range_nm', 'k0_per_nm', 'kz_air_per_nm', 'kz_glass_per_nm', 'kz_ito_per_nm', 'normalization', 'omega_pole_rad_per_fs_imag', 'omega_pole_rad_per_fs_real', 'omega_rad_per_s', 'period_nm', 'pole_Q', 'pole_residual', 'time_convention', 'wavelength_nm', 'z_nm']
[target] lambda = 1470.76 nm, K/k0 = 5.7302+0.0000j, d_ITO = 23.0 nm, n_glass = 1.4446
[target] eps_ITO = -0.2765 + 0.7566i, normalization = integral_ITO_abs_Ez_squared_dz_equals_1_z_in_nm
[setup] eps_aSi(1470.8 nm) = 8.7775+0.0000j (n = 2.9627+0.0000j) from measured POSTECH n,k file
[momentum] target Re(K)/k0 = 5.7302; best harmonic (m,n) = (-3,0) with |k_par+G|/k0 = 5.7302
[momentum] relative mismatch delta_K = 0.00e+00 (threshold 0.05)
[momentum] target K is real (real-K/complex-omega pole formulation - self-consistent with the periodic cell); modal damping lives in Im(omega): Q = 5.53
[target] grid normalization: integral_ITO |Ez_t|^2 dV = 1, residual = 1.11e-16 (dV = 118.903 nm^3, direction +x)
[target] grid normalization: integral_ITO |Ez_t|^2 dV = 1, residual = 2.22e-16 (dV = 118.903 nm^3, direction -x)
[setup] P_inc_cell = 296450.0 (LH units, |E0|=1)
[reference] air/ITO/glass: R = 0.0468, T = 0.9062, max|Ez_ref| = 0.000e+00 (normal incidence: Ez_ref ~ 0 as expected)
[setup] |<T+,T->| on grid = 3.55e-17 (orthogonal)
it    0  F = 6.511022e-04  |a+| = 9.8130e+00  |grad| = 4.607e-03  binar = 0.999  t = 5s
it    1  F = 1.079273e-02  |a+| = 3.9992e+01  |grad| = 1.917e-02  binar = 0.999  t = 9s
it    2  F = 6.167025e-02  |a+| = 9.5616e+01  |grad| = 4.699e-02  binar = 0.997  t = 13s
it    3  F = 1.816380e-01  |a+| = 1.6410e+02  |grad| = 8.307e-02  binar = 0.993  t = 16s
it    4  F = 3.911526e-01  |a+| = 2.4083e+02  |grad| = 1.262e-01  binar = 0.987  t = 19s
it    5  F = 7.120547e-01  |a+| = 3.2493e+02  |grad| = 1.770e-01  binar = 0.977  t = 22s
it    6  F = 1.169814e+00  |a+| = 4.1649e+02  |grad| = 2.369e-01  binar = 0.963  t = 25s
it    7  F = 1.794395e+00  |a+| = 5.1583e+02  |grad| = 3.075e-01  binar = 0.945  t = 28s
it    8  F = 2.620625e+00  |a+| = 6.2339e+02  |grad| = 3.903e-01  binar = 0.921  t = 31s
it    9  F = 3.687823e+00  |a+| = 7.3951e+02  |grad| = 4.861e-01  binar = 0.892  t = 35s
it   10  F = 5.038108e+00  |a+| = 8.6436e+02  |grad| = 5.944e-01  binar = 0.858  t = 38s
it   11  F = 6.712426e+00  |a+| = 9.9771e+02  |grad| = 7.121e-01  binar = 0.818  t = 41s
it   12  F = 8.743191e+00  |a+| = 1.1387e+03  |grad| = 8.323e-01  binar = 0.772  t = 44s
it   13  F = 1.114298e+01  |a+| = 1.2855e+03  |grad| = 9.438e-01  binar = 0.722  t = 47s
it   14  F = 1.389024e+01  |a+| = 1.4352e+03  |grad| = 1.031e+00  binar = 0.668  t = 50s
it   15  F = 1.691581e+01  |a+| = 1.5838e+03  |grad| = 1.076e+00  binar = 0.612  t = 53s
it   16  F = 2.009703e+01  |a+| = 1.7263e+03  |grad| = 1.067e+00  binar = 0.555  t = 56s
it   17  F = 2.326880e+01  |a+| = 1.8575e+03  |grad| = 9.990e-01  binar = 0.500  t = 58s
it   18  F = 2.625602e+01  |a+| = 1.9731e+03  |grad| = 8.835e-01  binar = 0.447  t = 61s
it   19  F = 2.891635e+01  |a+| = 2.0707e+03  |grad| = 7.430e-01  binar = 0.398  t = 64s
it   20  F = 3.117127e+01  |a+| = 2.1498e+03  |grad| = 6.038e-01  binar = 0.353  t = 68s
it   21  F = 3.301343e+01  |a+| = 2.2124e+03  |grad| = 4.878e-01  binar = 0.314  t = 72s
it   22  F = 3.448964e+01  |a+| = 2.2613e+03  |grad| = 4.060e-01  binar = 0.281  t = 75s
it   23  F = 3.567207e+01  |a+| = 2.2997e+03  |grad| = 3.570e-01  binar = 0.252  t = 77s
it   24  F = 3.663391e+01  |a+| = 2.3304e+03  |grad| = 3.307e-01  binar = 0.227  t = 80s
it   25  F = 3.742822e+01  |a+| = 2.3556e+03  |grad| = 3.165e-01  binar = 0.206  t = 83s
it   26  F = 3.803408e+01  |a+| = 2.3745e+03  |grad| = 3.116e-01  binar = 0.189  t = 86s
it   27  F = 3.840685e+01  |a+| = 2.3860e+03  |grad| = 3.181e-01  binar = 0.177  t = 89s
it   28  F = 3.866855e+01  |a+| = 2.3941e+03  |grad| = 3.264e-01  binar = 0.167  t = 92s
it   29  F = 3.891747e+01  |a+| = 2.4018e+03  |grad| = 3.307e-01  binar = 0.158  t = 94s
it   30  F = 3.916995e+01  |a+| = 2.4096e+03  |grad| = 3.317e-01  binar = 0.150  t = 97s
it   31  F = 3.943275e+01  |a+| = 2.4176e+03  |grad| = 3.299e-01  binar = 0.143  t = 100s
it   32  F = 3.970252e+01  |a+| = 2.4259e+03  |grad| = 3.258e-01  binar = 0.136  t = 103s
it   33  F = 3.997608e+01  |a+| = 2.4342e+03  |grad| = 3.197e-01  binar = 0.130  t = 105s
it   34  F = 4.025045e+01  |a+| = 2.4426e+03  |grad| = 3.117e-01  binar = 0.124  t = 109s
it   35  F = 4.052214e+01  |a+| = 2.4508e+03  |grad| = 3.022e-01  binar = 0.118  t = 113s
it   36  F = 4.078716e+01  |a+| = 2.4588e+03  |grad| = 2.913e-01  binar = 0.113  t = 116s
it   37  F = 4.104418e+01  |a+| = 2.4665e+03  |grad| = 2.792e-01  binar = 0.107  t = 119s
it   38  F = 4.129200e+01  |a+| = 2.4740e+03  |grad| = 2.659e-01  binar = 0.103  t = 123s
it   39  F = 4.152908e+01  |a+| = 2.4811e+03  |grad| = 2.515e-01  binar = 0.098  t = 126s
it   40  F = 4.175358e+01  |a+| = 2.4878e+03  |grad| = 2.362e-01  binar = 0.094  t = 130s
it   41  F = 4.196253e+01  |a+| = 2.4940e+03  |grad| = 2.203e-01  binar = 0.089  t = 133s
it   42  F = 4.215484e+01  |a+| = 2.4997e+03  |grad| = 2.040e-01  binar = 0.085  t = 136s
it   43  F = 4.233174e+01  |a+| = 2.5049e+03  |grad| = 1.871e-01  binar = 0.082  t = 139s
it   44  F = 4.249265e+01  |a+| = 2.5097e+03  |grad| = 1.697e-01  binar = 0.078  t = 142s
it   45  F = 4.263719e+01  |a+| = 2.5139e+03  |grad| = 1.520e-01  binar = 0.074  t = 145s
it   46  F = 4.276453e+01  |a+| = 2.5177e+03  |grad| = 1.344e-01  binar = 0.071  t = 148s
it   47  F = 4.287595e+01  |a+| = 2.5210e+03  |grad| = 1.169e-01  binar = 0.068  t = 151s
it   48  F = 4.297205e+01  |a+| = 2.5238e+03  |grad| = 9.986e-02  binar = 0.065  t = 154s
it   49  F = 4.305363e+01  |a+| = 2.5262e+03  |grad| = 8.356e-02  binar = 0.062  t = 157s
it   50  F = 4.312174e+01  |a+| = 2.5282e+03  |grad| = 6.841e-02  binar = 0.059  t = 161s
it   51  F = 4.317770e+01  |a+| = 2.5298e+03  |grad| = 5.492e-02  binar = 0.057  t = 164s
it   52  F = 4.322334e+01  |a+| = 2.5312e+03  |grad| = 4.352e-02  binar = 0.054  t = 167s
it   53  F = 4.326034e+01  |a+| = 2.5322e+03  |grad| = 3.492e-02  binar = 0.052  t = 170s
it   54  F = 4.329013e+01  |a+| = 2.5331e+03  |grad| = 3.015e-02  binar = 0.050  t = 173s
it   55  F = 4.331404e+01  |a+| = 2.5338e+03  |grad| = 2.971e-02  binar = 0.048  t = 176s
it   56  F = 4.333331e+01  |a+| = 2.5344e+03  |grad| = 3.264e-02  binar = 0.046  t = 179s
it   57  F = 4.334907e+01  |a+| = 2.5348e+03  |grad| = 3.726e-02  binar = 0.044  t = 182s
it   58  F = 4.336228e+01  |a+| = 2.5352e+03  |grad| = 4.230e-02  binar = 0.042  t = 185s
it   59  F = 4.337378e+01  |a+| = 2.5356e+03  |grad| = 4.704e-02  binar = 0.040  t = 188s
it   60  F = 4.338422e+01  |a+| = 2.5359e+03  |grad| = 5.110e-02  binar = 0.038  t = 190s
it   61  F = 4.339412e+01  |a+| = 2.5362e+03  |grad| = 5.426e-02  binar = 0.036  t = 193s
it   62  F = 4.340385e+01  |a+| = 2.5365e+03  |grad| = 5.640e-02  binar = 0.035  t = 196s
it   63  F = 4.341361e+01  |a+| = 2.5367e+03  |grad| = 5.748e-02  binar = 0.033  t = 199s
it   64  F = 4.342350e+01  |a+| = 2.5370e+03  |grad| = 5.755e-02  binar = 0.031  t = 202s
it   65  F = 4.343351e+01  |a+| = 2.5373e+03  |grad| = 5.673e-02  binar = 0.029  t = 205s
it   66  F = 4.344352e+01  |a+| = 2.5376e+03  |grad| = 5.523e-02  binar = 0.027  t = 209s
it   67  F = 4.345341e+01  |a+| = 2.5379e+03  |grad| = 5.333e-02  binar = 0.026  t = 212s
it   68  F = 4.346302e+01  |a+| = 2.5382e+03  |grad| = 5.140e-02  binar = 0.024  t = 215s
it   69  F = 4.347227e+01  |a+| = 2.5384e+03  |grad| = 4.974e-02  binar = 0.023  t = 218s
it   70  F = 4.348117e+01  |a+| = 2.5387e+03  |grad| = 4.857e-02  binar = 0.022  t = 221s
it   71  F = 4.348975e+01  |a+| = 2.5389e+03  |grad| = 4.789e-02  binar = 0.021  t = 224s
it   72  F = 4.349809e+01  |a+| = 2.5392e+03  |grad| = 4.751e-02  binar = 0.020  t = 227s
it   73  F = 4.350622e+01  |a+| = 2.5394e+03  |grad| = 4.708e-02  binar = 0.018  t = 230s
it   74  F = 4.351417e+01  |a+| = 2.5397e+03  |grad| = 4.613e-02  binar = 0.017  t = 234s
it   75  F = 4.352190e+01  |a+| = 2.5399e+03  |grad| = 4.425e-02  binar = 0.016  t = 237s
it   76  F = 4.352927e+01  |a+| = 2.5401e+03  |grad| = 4.116e-02  binar = 0.014  t = 240s
it   77  F = 4.353609e+01  |a+| = 2.5403e+03  |grad| = 3.686e-02  binar = 0.012  t = 243s
it   78  F = 4.354215e+01  |a+| = 2.5405e+03  |grad| = 3.167e-02  binar = 0.010  t = 246s
it   79  F = 4.354729e+01  |a+| = 2.5406e+03  |grad| = 2.612e-02  binar = 0.008  t = 249s
it   80  F = 4.355146e+01  |a+| = 2.5407e+03  |grad| = 2.077e-02  binar = 0.007  t = 252s
it   81  F = 4.355472e+01  |a+| = 2.5408e+03  |grad| = 1.600e-02  binar = 0.005  t = 255s
it   82  F = 4.355717e+01  |a+| = 2.5409e+03  |grad| = 1.202e-02  binar = 0.004  t = 257s
it   83  F = 4.355898e+01  |a+| = 2.5410e+03  |grad| = 8.866e-03  binar = 0.003  t = 260s
it   84  F = 4.356028e+01  |a+| = 2.5410e+03  |grad| = 6.440e-03  binar = 0.002  t = 264s
it   85  F = 4.356120e+01  |a+| = 2.5410e+03  |grad| = 4.624e-03  binar = 0.001  t = 267s
it   86  F = 4.356185e+01  |a+| = 2.5410e+03  |grad| = 3.289e-03  binar = 0.001  t = 270s
it   87  F = 4.356230e+01  |a+| = 2.5411e+03  |grad| = 2.321e-03  binar = 0.001  t = 273s
it   88  F = 4.356261e+01  |a+| = 2.5411e+03  |grad| = 1.626e-03  binar = 0.000  t = 276s
it   89  F = 4.356282e+01  |a+| = 2.5411e+03  |grad| = 1.130e-03  binar = 0.000  t = 279s
it   90  F = 4.356296e+01  |a+| = 2.5411e+03  |grad| = 7.805e-04  binar = 0.000  t = 282s
it   91  F = 4.356306e+01  |a+| = 2.5411e+03  |grad| = 5.346e-04  binar = 0.000  t = 285s
it   92  F = 4.356312e+01  |a+| = 2.5411e+03  |grad| = 3.628e-04  binar = 0.000  t = 288s
it   93  F = 4.356316e+01  |a+| = 2.5411e+03  |grad| = 2.438e-04  binar = 0.000  t = 291s
it   94  F = 4.356319e+01  |a+| = 2.5411e+03  |grad| = 1.620e-04  binar = 0.000  t = 294s
it   95  F = 4.356320e+01  |a+| = 2.5411e+03  |grad| = 1.063e-04  binar = 0.000  t = 297s
it   96  F = 4.356321e+01  |a+| = 2.5411e+03  |grad| = 6.883e-05  binar = 0.000  t = 300s
it   97  F = 4.356322e+01  |a+| = 2.5411e+03  |grad| = 4.391e-05  binar = 0.000  t = 302s
it   98  F = 4.356322e+01  |a+| = 2.5411e+03  |grad| = 2.757e-05  binar = 0.000  t = 306s
it   99  F = 4.356323e+01  |a+| = 2.5411e+03  |grad| = 1.701e-05  binar = 0.000  t = 309s
it  100  F = 4.356323e+01  |a+| = 2.5411e+03  |grad| = 1.030e-05  binar = 0.000  t = 312s
it  101  F = 4.356323e+01  |a+| = 2.5411e+03  |grad| = 6.119e-06  binar = 0.000  t = 315s
it  102  F = 4.356323e+01  |a+| = 2.5411e+03  |grad| = 3.558e-06  binar = 0.000  t = 318s
it  103  F = 4.356323e+01  |a+| = 2.5411e+03  |grad| = 2.023e-06  binar = 0.000  t = 321s
it  104  F = 4.356323e+01  |a+| = 2.5411e+03  |grad| = 1.123e-06  binar = 0.000  t = 324s
it  105  F = 4.356323e+01  |a+| = 2.5411e+03  |grad| = 6.075e-07  binar = 0.000  t = 326s
it  106  F = 4.356323e+01  |a+| = 2.5411e+03  |grad| = 3.200e-07  binar = 0.000  t = 329s
it  107  F = 4.356323e+01  |a+| = 2.5411e+03  |grad| = 1.638e-07  binar = 0.000  t = 333s
it  108  F = 4.356323e+01  |a+| = 2.5411e+03  |grad| = 8.138e-08  binar = 0.000  t = 336s
it  109  F = 4.356323e+01  |a+| = 2.5411e+03  |grad| = 3.916e-08  binar = 0.000  t = 339s
it  110  F = 4.356323e+01  |a+| = 2.5411e+03  |grad| = 1.822e-08  binar = 0.000  t = 343s
it  111  F = 4.356323e+01  |a+| = 2.5411e+03  |grad| = 8.184e-09  binar = 0.000  t = 346s
it  112  F = 4.356323e+01  |a+| = 2.5411e+03  |grad| = 3.542e-09  binar = 0.000  t = 349s
it  113  F = 4.356323e+01  |a+| = 2.5411e+03  |grad| = 1.474e-09  binar = 0.000  t = 353s
it  114  F = 4.356323e+01  |a+| = 2.5411e+03  |grad| = 5.886e-10  binar = 0.000  t = 356s
it  115  F = 4.356323e+01  |a+| = 2.5411e+03  |grad| = 2.251e-10  binar = 0.000  t = 359s
it  116  F = 4.356323e+01  |a+| = 2.5411e+03  |grad| = 8.227e-11  binar = 0.000  t = 361s
it  117  F = 4.356323e+01  |a+| = 2.5411e+03  |grad| = 2.867e-11  binar = 0.000  t = 364s
it  118  F = 4.356323e+01  |a+| = 2.5411e+03  |grad| = 9.500e-12  binar = 0.000  t = 367s
it  119  F = 4.356323e+01  |a+| = 2.5411e+03  |grad| = 2.988e-12  binar = 0.000  t = 371s
it  120  F = 4.356323e+01  |a+| = 2.5411e+03  |grad| = 8.891e-13  binar = 0.000  t = 375s
it  121  F = 4.356323e+01  |a+| = 2.5411e+03  |grad| = 2.498e-13  binar = 0.000  t = 378s
it  122  F = 4.356323e+01  |a+| = 2.5411e+03  |grad| = 6.604e-14  binar = 0.000  t = 381s
it  123  F = 4.356323e+01  |a+| = 2.5411e+03  |grad| = 1.639e-14  binar = 0.000  t = 384s
it  124  F = 4.356323e+01  |a+| = 2.5411e+03  |grad| = 3.804e-15  binar = 0.000  t = 386s
it  125  F = 4.356323e+01  |a+| = 2.5411e+03  |grad| = 8.262e-16  binar = 0.000  t = 389s
it  126  F = 4.356323e+01  |a+| = 2.5411e+03  |grad| = 1.672e-16  binar = 0.000  t = 392s
it  127  F = 4.356323e+01  |a+| = 2.5411e+03  |grad| = 2.522e-17  binar = 0.000  t = 395s
it  128  F = 4.356323e+01  |a+| = 2.5411e+03  |grad| = 0.000e+00  binar = 0.000  t = 399s
it  129  F = 4.356323e+01  |a+| = 2.5411e+03  |grad| = 0.000e+00  binar = 0.000  t = 402s
it  130  F = 4.356323e+01  |a+| = 2.5411e+03  |grad| = 0.000e+00  binar = 0.000  t = 405s
it  131  F = 4.356323e+01  |a+| = 2.5411e+03  |grad| = 0.000e+00  binar = 0.000  t = 408s
it  132  F = 4.356323e+01  |a+| = 2.5411e+03  |grad| = 0.000e+00  binar = 0.000  t = 411s
it  133  F = 4.356323e+01  |a+| = 2.5411e+03  |grad| = 0.000e+00  binar = 0.000  t = 414s
it  134  F = 4.356323e+01  |a+| = 2.5411e+03  |grad| = 0.000e+00  binar = 0.000  t = 417s
it  135  F = 4.356323e+01  |a+| = 2.5411e+03  |grad| = 0.000e+00  binar = 0.000  t = 419s
it  136  F = 4.356323e+01  |a+| = 2.5411e+03  |grad| = 0.000e+00  binar = 0.000  t = 422s
it  137  F = 4.356323e+01  |a+| = 2.5411e+03  |grad| = 0.000e+00  binar = 0.000  t = 425s
it  138  F = 4.356323e+01  |a+| = 2.5411e+03  |grad| = 0.000e+00  binar = 0.000  t = 428s
it  139  F = 4.356323e+01  |a+| = 2.5411e+03  |grad| = 0.000e+00  binar = 0.000  t = 430s
it  140  F = 4.356323e+01  |a+| = 2.5411e+03  |grad| = 0.000e+00  binar = 0.000  t = 433s
it  141  F = 4.356323e+01  |a+| = 2.5411e+03  |grad| = 0.000e+00  binar = 0.000  t = 436s
it  142  F = 4.356323e+01  |a+| = 2.5411e+03  |grad| = 0.000e+00  binar = 0.000  t = 439s
it  143  F = 4.356323e+01  |a+| = 2.5411e+03  |grad| = 0.000e+00  binar = 0.000  t = 442s
it  144  F = 4.356323e+01  |a+| = 2.5411e+03  |grad| = 0.000e+00  binar = 0.000  t = 444s
it  145  F = 4.356323e+01  |a+| = 2.5411e+03  |grad| = 0.000e+00  binar = 0.000  t = 447s
it  146  F = 4.356323e+01  |a+| = 2.5411e+03  |grad| = 0.000e+00  binar = 0.000  t = 450s
it  147  F = 4.356323e+01  |a+| = 2.5411e+03  |grad| = 0.000e+00  binar = 0.000  t = 453s
it  148  F = 4.356323e+01  |a+| = 2.5411e+03  |grad| = 0.000e+00  binar = 0.000  t = 455s
it  149  F = 4.356323e+01  |a+| = 2.5411e+03  |grad| = 0.000e+00  binar = 0.000  t = 458s

================ summary ================
Initial F_ENZ       = 6.511022e-04
Final F_ENZ         = 4.356323e+01
Enhancement         = 66906.90x (ratio vs a near-orthogonal random start; see eta_pm for the dimensionless picture)
Initial |a+|,|a-|   = 9.8130e+00, 9.8349e+00
Final |a+|,|a-|     = 2.5411e+03, 2.5411e+03
Initial eta_pm      = 0.0399  (fraction of ITO Ez_scat energy in the +-K target subspace)
Final eta_pm        = 0.9432
Initial B_ITO       = 1.6314e-02  (ITO int|Ez|^2 dV / P_inc, units nm)
Final B_ITO         = 4.6186e+01
Initial ITO |Ez|^2  = 4.8363e+03
Final ITO |Ez|^2    = 1.3692e+07
Initial T, R        = 0.7048, 0.2586
Final T, R          = 0.8360, 0.0319
NOTE: This first-stage optimization uses a frozen bare-structure ENZ target. Self-consistent ENZ-mode drift and hybrid-mode tracking are not yet included. F_ENZ is a target ENZ-mode overlap FoM; it is not a coupling rate g and does not by itself prove strong coupling.
