[08:03:32] P0750_H0175_seed029_lam1332p5: it    0/150  F_co=-4.2828  S_ED=0.5415  S_MD=0.0004  bal=0.001  beta=    1.0  lr=0.02000  t=    1.9s
[08:03:49] P0750_H0175_seed029_lam1332p5: it   10/150  F_co=+0.3478  S_ED=1.3283  S_MD=1.5093  bal=0.880  beta=    1.6  lr=0.01978  t=   19.7s
[08:04:08] P0750_H0175_seed029_lam1332p5: it   20/150  F_co=+1.3225  S_ED=3.1108  S_MD=4.5269  bal=0.687  beta=    2.5  lr=0.01914  t=   37.8s
[08:04:26] P0750_H0175_seed029_lam1332p5: it   30/150  F_co=+3.0404  S_ED=16.9500  S_MD=25.8035  bal=0.657  beta=    4.0  lr=0.01809  t=   56.0s
[08:04:43] P0750_H0175_seed029_lam1332p5: it   40/150  F_co=+3.4892  S_ED=25.5280  S_MD=42.0393  bal=0.607  beta=    6.3  lr=0.01669  t=   73.4s
[08:05:00] P0750_H0175_seed029_lam1332p5: it   50/150  F_co=+3.5030  S_ED=25.6469  S_MD=43.0196  bal=0.596  beta=   10.0  lr=0.01500  t=   90.6s
[08:05:18] P0750_H0175_seed029_lam1332p5: it   60/150  F_co=+3.5369  S_ED=26.5333  S_MD=44.4986  bal=0.596  beta=   15.8  lr=0.01309  t=  108.1s
[08:05:35] P0750_H0175_seed029_lam1332p5: it   70/150  F_co=+3.5509  S_ED=26.8820  S_MD=45.1651  bal=0.595  beta=   25.1  lr=0.01105  t=  125.7s
[08:05:53] P0750_H0175_seed029_lam1332p5: it   80/150  F_co=+3.5520  S_ED=26.9166  S_MD=45.2040  bal=0.595  beta=   39.8  lr=0.00895  t=  143.0s
[08:06:10] P0750_H0175_seed029_lam1332p5: it   90/150  F_co=+3.5532  S_ED=26.9568  S_MD=45.2463  bal=0.596  beta=   63.1  lr=0.00691  t=  160.6s
[08:06:28] P0750_H0175_seed029_lam1332p5: it  100/150  F_co=+3.5543  S_ED=26.9995  S_MD=45.2761  bal=0.596  beta=  100.0  lr=0.00500  t=  178.1s
[08:06:46] P0750_H0175_seed029_lam1332p5: it  110/150  F_co=+3.5551  S_ED=27.0284  S_MD=45.3038  bal=0.597  beta=  158.5  lr=0.00331  t=  195.9s
[08:07:03] P0750_H0175_seed029_lam1332p5: it  120/150  F_co=+3.5554  S_ED=27.0419  S_MD=45.3054  bal=0.597  beta=  251.2  lr=0.00191  t=  213.7s
[08:07:21] P0750_H0175_seed029_lam1332p5: it  130/150  F_co=+3.5553  S_ED=27.0419  S_MD=45.2945  bal=0.597  beta=  398.1  lr=0.00086  t=  231.5s
[08:07:39] P0750_H0175_seed029_lam1332p5: it  140/150  F_co=+3.5555  S_ED=27.0493  S_MD=45.3045  bal=0.597  beta=  631.0  lr=0.00022  t=  249.1s
[08:07:55] P0750_H0175_seed029_lam1332p5: it  149/150  F_co=+3.5556  S_ED=27.0514  S_MD=45.3106  bal=0.597  beta=  955.0  lr=0.00000  t=  265.2s
[08:08:00] P0750_H0175_seed029_lam1332p5: completed after 265s  final(projected)={'F_co': 3.555540084838867, 'S_ED': 27.048871994018555, 'S_MD': 45.30580520629883, 'balance': 0.5970288515090942}
[08:56:37] P0750_H0175_seed029_lam1332p5: already completed - skipping.
[08:59:42] P0750_H0175_seed029_lam1332p5: already completed - skipping.
[09:04:21] P0750_H0175_seed029_lam1332p5: already completed - skipping.
[09:08:57] P0750_H0175_seed029_lam1332p5: already completed - skipping.
[09:13:36] P0750_H0175_seed029_lam1332p5: already completed - skipping.
[09:18:07] P0750_H0175_seed029_lam1332p5: already completed - skipping.
