[09:02:54] P0790_H0200_seed011_lam1332p5: it    0/150  F_co=-2.9408  S_ED=0.5175  S_MD=0.0054  bal=0.010  beta=    1.0  lr=0.02000  t=    1.9s
[09:03:11] P0790_H0200_seed011_lam1332p5: it   10/150  F_co=+3.4052  S_ED=26.1766  S_MD=34.6593  bal=0.755  beta=    1.6  lr=0.01978  t=   19.3s
[09:03:29] P0790_H0200_seed011_lam1332p5: it   20/150  F_co=+3.1229  S_ED=19.6455  S_MD=26.2564  bal=0.748  beta=    2.5  lr=0.01914  t=   37.1s
[09:03:46] P0790_H0200_seed011_lam1332p5: it   30/150  F_co=+3.3723  S_ED=24.3363  S_MD=34.9061  bal=0.697  beta=    4.0  lr=0.01809  t=   54.6s
[09:04:04] P0790_H0200_seed011_lam1332p5: it   40/150  F_co=+2.7238  S_ED=12.2995  S_MD=18.8776  bal=0.652  beta=    6.3  lr=0.01669  t=   71.9s
[09:04:21] P0790_H0200_seed011_lam1332p5: it   50/150  F_co=+3.4626  S_ED=25.4047  S_MD=40.0521  bal=0.634  beta=   10.0  lr=0.01500  t=   89.2s
[09:04:39] P0790_H0200_seed011_lam1332p5: it   60/150  F_co=+3.4207  S_ED=24.3885  S_MD=38.3668  bal=0.636  beta=   15.8  lr=0.01309  t=  107.2s
[09:04:56] P0790_H0200_seed011_lam1332p5: it   70/150  F_co=+3.4682  S_ED=25.5635  S_MD=40.2555  bal=0.635  beta=   25.1  lr=0.01105  t=  124.6s
[09:05:13] P0790_H0200_seed011_lam1332p5: it   80/150  F_co=+3.5043  S_ED=26.3679  S_MD=41.9530  bal=0.629  beta=   39.8  lr=0.00895  t=  141.6s
[09:05:31] P0790_H0200_seed011_lam1332p5: it   90/150  F_co=+3.5599  S_ED=27.9738  S_MD=44.1958  bal=0.633  beta=   63.1  lr=0.00691  t=  159.1s
[09:05:48] P0790_H0200_seed011_lam1332p5: it  100/150  F_co=+3.5683  S_ED=28.2144  S_MD=44.5582  bal=0.633  beta=  100.0  lr=0.00500  t=  176.4s
[09:06:05] P0790_H0200_seed011_lam1332p5: it  110/150  F_co=+3.5717  S_ED=28.3163  S_MD=44.7016  bal=0.633  beta=  158.5  lr=0.00331  t=  193.6s
[09:06:23] P0790_H0200_seed011_lam1332p5: it  120/150  F_co=+3.5727  S_ED=28.3552  S_MD=44.7253  bal=0.634  beta=  251.2  lr=0.00191  t=  211.1s
[09:06:41] P0790_H0200_seed011_lam1332p5: it  130/150  F_co=+3.5733  S_ED=28.3809  S_MD=44.7430  bal=0.634  beta=  398.1  lr=0.00086  t=  228.8s
[09:06:58] P0790_H0200_seed011_lam1332p5: it  140/150  F_co=+3.5732  S_ED=28.3792  S_MD=44.7357  bal=0.634  beta=  631.0  lr=0.00022  t=  246.4s
[09:07:14] P0790_H0200_seed011_lam1332p5: it  149/150  F_co=+3.5733  S_ED=28.3831  S_MD=44.7405  bal=0.634  beta=  955.0  lr=0.00000  t=  262.1s
[09:07:19] P0790_H0200_seed011_lam1332p5: completed after 262s  final(projected)={'F_co': 3.57252836227417, 'S_ED': 28.36122703552246, 'S_MD': 44.702701568603516, 'balance': 0.6344410181045532}
[09:07:21] P0790_H0200_seed011_lam1332p5: already completed - skipping.
[09:11:47] P0790_H0200_seed011_lam1332p5: already completed - skipping.
[09:16:14] P0790_H0200_seed011_lam1332p5: already completed - skipping.
[09:20:42] P0790_H0200_seed011_lam1332p5: already completed - skipping.
[09:25:19] P0790_H0200_seed011_lam1332p5: already completed - skipping.
[09:29:51] P0790_H0200_seed011_lam1332p5: already completed - skipping.
[09:34:23] P0790_H0200_seed011_lam1332p5: already completed - skipping.
[09:38:51] P0790_H0200_seed011_lam1332p5: already completed - skipping.
[09:43:18] P0790_H0200_seed011_lam1332p5: already completed - skipping.
[09:48:01] P0790_H0200_seed011_lam1332p5: already completed - skipping.
[09:52:29] P0790_H0200_seed011_lam1332p5: already completed - skipping.
