[09:37:08] P0900_H0175_seed047_lam1332p5: it    0/550  F_co=+3.7633  S_ED=33.7666  S_MD=54.9872  bal=0.614  beta=    8.0  lr=0.02000  t=    6.6s
[09:38:09] P0900_H0175_seed047_lam1332p5: it   10/550  F_co=+3.4854  S_ED=25.7985  S_MD=41.2875  bal=0.625  beta=    8.8  lr=0.01998  t=   67.3s
[09:39:09] P0900_H0175_seed047_lam1332p5: it   20/550  F_co=+3.4764  S_ED=25.5390  S_MD=40.9588  bal=0.624  beta=    9.8  lr=0.01993  t=  127.6s
[09:40:08] P0900_H0175_seed047_lam1332p5: it   30/550  F_co=+3.6649  S_ED=30.6589  S_MD=49.7448  bal=0.616  beta=   10.8  lr=0.01985  t=  186.0s
[09:41:07] P0900_H0175_seed047_lam1332p5: it   40/550  F_co=+3.8424  S_ED=36.5915  S_MD=59.4405  bal=0.616  beta=   12.0  lr=0.01974  t=  244.9s
[09:42:06] P0900_H0175_seed047_lam1332p5: it   50/550  F_co=+3.8966  S_ED=39.0594  S_MD=62.0651  bal=0.629  beta=   13.2  lr=0.01959  t=  304.6s
[09:43:06] P0900_H0175_seed047_lam1332p5: it   60/550  F_co=+3.9135  S_ED=39.9756  S_MD=62.7277  bal=0.637  beta=   14.6  lr=0.01942  t=  364.1s
[09:44:07] P0900_H0175_seed047_lam1332p5: it   70/550  F_co=+3.9349  S_ED=41.2487  S_MD=63.4408  bal=0.650  beta=   16.2  lr=0.01921  t=  424.9s
[09:45:05] P0900_H0175_seed047_lam1332p5: it   80/550  F_co=+3.9446  S_ED=42.2040  S_MD=63.2283  bal=0.667  beta=   17.9  lr=0.01897  t=  483.1s
[09:46:03] P0900_H0175_seed047_lam1332p5: it   90/550  F_co=+3.9707  S_ED=43.8835  S_MD=64.0658  bal=0.685  beta=   19.7  lr=0.01871  t=  541.0s
[09:47:03] P0900_H0175_seed047_lam1332p5: it  100/550  F_co=+3.9874  S_ED=45.2971  S_MD=64.1749  bal=0.706  beta=   21.8  lr=0.01841  t=  600.7s
[09:48:02] P0900_H0175_seed047_lam1332p5: it  110/550  F_co=+4.0052  S_ED=46.8799  S_MD=64.2541  bal=0.730  beta=   24.1  lr=0.01809  t=  659.6s
[09:49:01] P0900_H0175_seed047_lam1332p5: it  120/550  F_co=+4.0203  S_ED=48.2842  S_MD=64.2898  bal=0.751  beta=   26.7  lr=0.01774  t=  718.6s
[09:50:00] P0900_H0175_seed047_lam1332p5: it  130/550  F_co=+4.0316  S_ED=49.4655  S_MD=64.1940  bal=0.771  beta=   29.5  lr=0.01737  t=  778.0s
[09:50:56] P0900_H0175_seed047_lam1332p5: it  140/550  F_co=+4.0423  S_ED=50.5755  S_MD=64.1409  bal=0.789  beta=   32.6  lr=0.01697  t=  834.1s
[09:51:54] P0900_H0175_seed047_lam1332p5: it  150/550  F_co=+4.0491  S_ED=51.4220  S_MD=63.9520  bal=0.804  beta=   36.1  lr=0.01655  t=  891.9s
[09:52:52] P0900_H0175_seed047_lam1332p5: it  160/550  F_co=+4.0601  S_ED=52.4426  S_MD=64.1069  bal=0.818  beta=   39.9  lr=0.01611  t=  950.1s
[09:53:52] P0900_H0175_seed047_lam1332p5: it  170/550  F_co=+4.0682  S_ED=53.2021  S_MD=64.2132  bal=0.829  beta=   44.1  lr=0.01564  t= 1010.2s
[09:54:51] P0900_H0175_seed047_lam1332p5: it  180/550  F_co=+4.0736  S_ED=53.7552  S_MD=64.2472  bal=0.837  beta=   48.7  lr=0.01516  t= 1069.5s
[09:55:52] P0900_H0175_seed047_lam1332p5: it  190/550  F_co=+4.0809  S_ED=54.4319  S_MD=64.3834  bal=0.845  beta=   53.9  lr=0.01467  t= 1129.6s
[09:56:50] P0900_H0175_seed047_lam1332p5: it  200/550  F_co=+4.0900  S_ED=55.2129  S_MD=64.6339  bal=0.854  beta=   59.6  lr=0.01415  t= 1188.1s
[09:57:50] P0900_H0175_seed047_lam1332p5: it  210/550  F_co=+4.0977  S_ED=55.9320  S_MD=64.7996  bal=0.863  beta=   65.9  lr=0.01363  t= 1248.2s
