[08:35:26] P0830_H0150_seed029_lam1332p5: it    0/550  F_co=+2.6439  S_ED=12.6490  S_MD=15.6476  bal=0.808  beta=    8.0  lr=0.02000  t=    6.7s
[08:36:24] P0830_H0150_seed029_lam1332p5: it   10/550  F_co=+3.0558  S_ED=18.2788  S_MD=24.6773  bal=0.741  beta=    8.8  lr=0.01998  t=   64.6s
[08:37:20] P0830_H0150_seed029_lam1332p5: it   20/550  F_co=+3.4817  S_ED=23.1787  S_MD=45.6122  bal=0.508  beta=    9.8  lr=0.01993  t=  120.6s
[08:38:18] P0830_H0150_seed029_lam1332p5: it   30/550  F_co=+3.8183  S_ED=37.2916  S_MD=55.5771  bal=0.671  beta=   10.8  lr=0.01985  t=  178.3s
[08:39:15] P0830_H0150_seed029_lam1332p5: it   40/550  F_co=+3.8013  S_ED=37.1830  S_MD=53.8823  bal=0.690  beta=   12.0  lr=0.01974  t=  235.9s
[08:40:15] P0830_H0150_seed029_lam1332p5: it   50/550  F_co=+3.8453  S_ED=39.2845  S_MD=55.6851  bal=0.705  beta=   13.2  lr=0.01959  t=  295.9s
[08:41:15] P0830_H0150_seed029_lam1332p5: it   60/550  F_co=+3.8578  S_ED=39.7084  S_MD=56.4851  bal=0.703  beta=   14.6  lr=0.01942  t=  355.4s
[08:42:15] P0830_H0150_seed029_lam1332p5: it   70/550  F_co=+3.8609  S_ED=39.8858  S_MD=56.5879  bal=0.705  beta=   16.2  lr=0.01921  t=  416.0s
[08:43:18] P0830_H0150_seed029_lam1332p5: it   80/550  F_co=+3.8633  S_ED=40.0396  S_MD=56.6440  bal=0.707  beta=   17.9  lr=0.01897  t=  478.3s
[08:44:19] P0830_H0150_seed029_lam1332p5: it   90/550  F_co=+3.8660  S_ED=40.2025  S_MD=56.7120  bal=0.709  beta=   19.7  lr=0.01871  t=  539.2s
[08:45:17] P0830_H0150_seed029_lam1332p5: it  100/550  F_co=+3.8693  S_ED=40.3606  S_MD=56.8701  bal=0.710  beta=   21.8  lr=0.01841  t=  597.8s
[08:46:14] P0830_H0150_seed029_lam1332p5: it  110/550  F_co=+3.8721  S_ED=40.5641  S_MD=56.8967  bal=0.713  beta=   24.1  lr=0.01809  t=  655.0s
[08:47:13] P0830_H0150_seed029_lam1332p5: it  120/550  F_co=+3.8756  S_ED=40.7564  S_MD=57.0312  bal=0.715  beta=   26.7  lr=0.01774  t=  714.0s
[08:48:17] P0830_H0150_seed029_lam1332p5: it  130/550  F_co=+3.8792  S_ED=40.9925  S_MD=57.1132  bal=0.718  beta=   29.5  lr=0.01737  t=  777.7s
[08:49:18] P0830_H0150_seed029_lam1332p5: it  140/550  F_co=+3.8828  S_ED=41.1802  S_MD=57.2620  bal=0.719  beta=   32.6  lr=0.01697  t=  838.9s
[08:50:18] P0830_H0150_seed029_lam1332p5: it  150/550  F_co=+3.8866  S_ED=41.4030  S_MD=57.3877  bal=0.721  beta=   36.1  lr=0.01655  t=  898.2s
[08:51:18] P0830_H0150_seed029_lam1332p5: it  160/550  F_co=+3.8908  S_ED=41.6926  S_MD=57.4694  bal=0.725  beta=   39.9  lr=0.01611  t=  959.1s
[08:52:15] P0830_H0150_seed029_lam1332p5: it  170/550  F_co=+3.8950  S_ED=41.9190  S_MD=57.6461  bal=0.727  beta=   44.1  lr=0.01564  t= 1015.3s
[08:53:11] P0830_H0150_seed029_lam1332p5: it  180/550  F_co=+3.9002  S_ED=42.2497  S_MD=57.7909  bal=0.731  beta=   48.7  lr=0.01516  t= 1071.4s
[08:54:09] P0830_H0150_seed029_lam1332p5: it  190/550  F_co=+3.9040  S_ED=42.5423  S_MD=57.8289  bal=0.736  beta=   53.9  lr=0.01467  t= 1129.5s
[08:55:06] P0830_H0150_seed029_lam1332p5: it  200/550  F_co=+3.9089  S_ED=42.8117  S_MD=58.0335  bal=0.738  beta=   59.6  lr=0.01415  t= 1187.0s
[08:56:05] P0830_H0150_seed029_lam1332p5: it  210/550  F_co=+3.9124  S_ED=43.0386  S_MD=58.1315  bal=0.740  beta=   65.9  lr=0.01363  t= 1245.2s
[08:57:06] P0830_H0150_seed029_lam1332p5: it  220/550  F_co=+3.9167  S_ED=43.3368  S_MD=58.2263  bal=0.744  beta=   72.8  lr=0.01309  t= 1306.2s
[08:58:05] P0830_H0150_seed029_lam1332p5: it  230/550  F_co=+3.9203  S_ED=43.6039  S_MD=58.2893  bal=0.748  beta=   80.5  lr=0.01254  t= 1365.1s
[08:59:04] P0830_H0150_seed029_lam1332p5: it  240/550  F_co=+3.9252  S_ED=43.9127  S_MD=58.4571  bal=0.751  beta=   89.0  lr=0.01199  t= 1424.5s
[09:00:04] P0830_H0150_seed029_lam1332p5: it  250/550  F_co=+3.9284  S_ED=44.0985  S_MD=58.5799  bal=0.753  beta=   98.4  lr=0.01142  t= 1484.7s
[09:01:05] P0830_H0150_seed029_lam1332p5: it  260/550  F_co=+3.9335  S_ED=44.4234  S_MD=58.7491  bal=0.756  beta=  108.8  lr=0.01086  t= 1545.4s
[09:02:04] P0830_H0150_seed029_lam1332p5: it  270/550  F_co=+3.9398  S_ED=44.9095  S_MD=58.8509  bal=0.763  beta=  120.3  lr=0.01029  t= 1604.4s
[09:03:02] P0830_H0150_seed029_lam1332p5: it  280/550  F_co=+3.9440  S_ED=45.2153  S_MD=58.9462  bal=0.767  beta=  133.0  lr=0.00971  t= 1662.3s
[09:04:03] P0830_H0150_seed029_lam1332p5: it  290/550  F_co=+3.9487  S_ED=45.4684  S_MD=59.1685  bal=0.768  beta=  147.0  lr=0.00914  t= 1724.0s
[09:05:07] P0830_H0150_seed029_lam1332p5: it  300/550  F_co=+3.9532  S_ED=45.7896  S_MD=59.2862  bal=0.772  beta=  162.6  lr=0.00858  t= 1787.2s
[09:06:08] P0830_H0150_seed029_lam1332p5: it  310/550  F_co=+3.9578  S_ED=46.1042  S_MD=59.4247  bal=0.776  beta=  179.7  lr=0.00801  t= 1848.7s
[09:07:10] P0830_H0150_seed029_lam1332p5: it  320/550  F_co=+3.9605  S_ED=46.2898  S_MD=59.5119  bal=0.778  beta=  198.7  lr=0.00746  t= 1910.2s
[09:08:10] P0830_H0150_seed029_lam1332p5: it  330/550  F_co=+3.9635  S_ED=46.5056  S_MD=59.5892  bal=0.780  beta=  219.7  lr=0.00691  t= 1970.1s
[09:15:25] P0830_H0150_seed029_lam1332p5: it  340/550  F_co=+3.9662  S_ED=46.6838  S_MD=59.6763  bal=0.782  beta=  242.9  lr=0.00637  t= 2405.2s
[09:16:26] P0830_H0150_seed029_lam1332p5: it  350/550  F_co=+3.9682  S_ED=46.8428  S_MD=59.7149  bal=0.784  beta=  268.6  lr=0.00585  t= 2466.2s
[09:17:27] P0830_H0150_seed029_lam1332p5: it  360/550  F_co=+3.9704  S_ED=46.9783  S_MD=59.8076  bal=0.785  beta=  296.9  lr=0.00533  t= 2527.9s
[09:18:23] P0830_H0150_seed029_lam1332p5: it  370/550  F_co=+3.9722  S_ED=47.0961  S_MD=59.8720  bal=0.787  beta=  328.3  lr=0.00484  t= 2583.5s
[09:19:23] P0830_H0150_seed029_lam1332p5: it  380/550  F_co=+3.9733  S_ED=47.2224  S_MD=59.8493  bal=0.789  beta=  363.0  lr=0.00436  t= 2643.7s
[09:20:24] P0830_H0150_seed029_lam1332p5: it  390/550  F_co=+3.9758  S_ED=47.4070  S_MD=59.9054  bal=0.791  beta=  401.3  lr=0.00389  t= 2704.5s
[09:21:23] P0830_H0150_seed029_lam1332p5: it  400/550  F_co=+3.9773  S_ED=47.5150  S_MD=59.9550  bal=0.793  beta=  443.7  lr=0.00345  t= 2763.2s
[09:22:20] P0830_H0150_seed029_lam1332p5: it  410/550  F_co=+3.9781  S_ED=47.5690  S_MD=59.9818  bal=0.793  beta=  490.5  lr=0.00303  t= 2820.8s
[09:23:18] P0830_H0150_seed029_lam1332p5: it  420/550  F_co=+3.9792  S_ED=47.6527  S_MD=60.0104  bal=0.794  beta=  542.3  lr=0.00263  t= 2878.8s
[09:24:19] P0830_H0150_seed029_lam1332p5: it  430/550  F_co=+3.9805  S_ED=47.7399  S_MD=60.0552  bal=0.795  beta=  599.6  lr=0.00226  t= 2939.9s
[09:25:16] P0830_H0150_seed029_lam1332p5: it  440/550  F_co=+3.9819  S_ED=47.8282  S_MD=60.1085  bal=0.796  beta=  662.9  lr=0.00191  t= 2996.2s
[09:26:15] P0830_H0150_seed029_lam1332p5: it  450/550  F_co=+3.9821  S_ED=47.8637  S_MD=60.0847  bal=0.797  beta=  732.9  lr=0.00159  t= 3055.1s
[09:27:13] P0830_H0150_seed029_lam1332p5: it  460/550  F_co=+3.9831  S_ED=47.9266  S_MD=60.1264  bal=0.797  beta=  810.3  lr=0.00129  t= 3113.1s
