[09:41:25] P0870_H0150_seed047_lam1332p5: it    0/150  F_co=-4.5218  S_ED=0.6117  S_MD=0.0002  bal=0.000  beta=    1.0  lr=0.02000  t=    1.9s
[09:41:42] P0870_H0150_seed047_lam1332p5: it   10/150  F_co=+2.8578  S_ED=17.1027  S_MD=17.7480  bal=0.964  beta=    1.6  lr=0.01978  t=   19.2s
[09:42:00] P0870_H0150_seed047_lam1332p5: it   20/150  F_co=+1.5609  S_ED=4.5170  S_MD=5.0230  bal=0.899  beta=    2.5  lr=0.01914  t=   36.8s
[09:42:17] P0870_H0150_seed047_lam1332p5: it   30/150  F_co=+1.3850  S_ED=3.7673  S_MD=4.2361  bal=0.889  beta=    4.0  lr=0.01809  t=   54.3s
[09:42:35] P0870_H0150_seed047_lam1332p5: it   40/150  F_co=+1.5028  S_ED=4.1851  S_MD=4.8266  bal=0.867  beta=    6.3  lr=0.01669  t=   71.9s
[09:42:53] P0870_H0150_seed047_lam1332p5: it   50/150  F_co=+1.9460  S_ED=6.4056  S_MD=7.6507  bal=0.837  beta=   10.0  lr=0.01500  t=   89.8s
[09:43:11] P0870_H0150_seed047_lam1332p5: it   60/150  F_co=+2.1079  S_ED=7.5095  S_MD=9.0214  bal=0.832  beta=   15.8  lr=0.01309  t=  107.6s
[09:43:28] P0870_H0150_seed047_lam1332p5: it   70/150  F_co=+2.1526  S_ED=7.8028  S_MD=9.4954  bal=0.822  beta=   25.1  lr=0.01105  t=  125.2s
[09:43:46] P0870_H0150_seed047_lam1332p5: it   80/150  F_co=+2.1524  S_ED=7.7868  S_MD=9.5093  bal=0.819  beta=   39.8  lr=0.00895  t=  142.9s
[09:44:04] P0870_H0150_seed047_lam1332p5: it   90/150  F_co=+2.1560  S_ED=7.8137  S_MD=9.5457  bal=0.819  beta=   63.1  lr=0.00691  t=  160.7s
[09:44:21] P0870_H0150_seed047_lam1332p5: it  100/150  F_co=+2.1571  S_ED=7.8225  S_MD=9.5570  bal=0.819  beta=  100.0  lr=0.00500  t=  178.3s
[09:44:39] P0870_H0150_seed047_lam1332p5: it  110/150  F_co=+2.1574  S_ED=7.8236  S_MD=9.5606  bal=0.818  beta=  158.5  lr=0.00331  t=  195.8s
[09:44:57] P0870_H0150_seed047_lam1332p5: it  120/150  F_co=+2.1576  S_ED=7.8244  S_MD=9.5643  bal=0.818  beta=  251.2  lr=0.00191  t=  213.5s
[09:45:14] P0870_H0150_seed047_lam1332p5: it  130/150  F_co=+2.1578  S_ED=7.8249  S_MD=9.5669  bal=0.818  beta=  398.1  lr=0.00086  t=  230.7s
[09:45:31] P0870_H0150_seed047_lam1332p5: it  140/150  F_co=+2.1579  S_ED=7.8251  S_MD=9.5680  bal=0.818  beta=  631.0  lr=0.00022  t=  248.0s
[09:45:47] P0870_H0150_seed047_lam1332p5: it  149/150  F_co=+2.1579  S_ED=7.8251  S_MD=9.5681  bal=0.818  beta=  955.0  lr=0.00000  t=  263.6s
[09:45:52] P0870_H0150_seed047_lam1332p5: completed after 264s  final(projected)={'F_co': 2.157897472381592, 'S_ED': 7.825214385986328, 'S_MD': 9.568187713623047, 'balance': 0.8178366422653198}
[09:45:54] P0870_H0150_seed047_lam1332p5: already completed - skipping.
[09:50:21] P0870_H0150_seed047_lam1332p5: already completed - skipping.
[09:54:50] P0870_H0150_seed047_lam1332p5: already completed - skipping.
