[08:20:57] P0790_H0100_seed029_lam1332p5: it    0/150  F_co=-4.3137  S_ED=0.8513  S_MD=0.0002  bal=0.000  beta=    1.0  lr=0.02000  t=    1.8s
[08:21:15] P0790_H0100_seed029_lam1332p5: it   10/150  F_co=-0.4140  S_ED=1.0345  S_MD=0.4223  bal=0.408  beta=    1.6  lr=0.01978  t=   19.7s
[08:21:33] P0790_H0100_seed029_lam1332p5: it   20/150  F_co=+0.1661  S_ED=1.2782  S_MD=1.0906  bal=0.853  beta=    2.5  lr=0.01914  t=   37.8s
[08:21:51] P0790_H0100_seed029_lam1332p5: it   30/150  F_co=+0.2789  S_ED=1.3081  S_MD=1.3354  bal=0.980  beta=    4.0  lr=0.01809  t=   55.6s
[08:22:09] P0790_H0100_seed029_lam1332p5: it   40/150  F_co=+0.2571  S_ED=1.2672  S_MD=1.3197  bal=0.960  beta=    6.3  lr=0.01669  t=   73.4s
[08:22:26] P0790_H0100_seed029_lam1332p5: it   50/150  F_co=+0.2461  S_ED=1.2550  S_MD=1.3035  bal=0.963  beta=   10.0  lr=0.01500  t=   90.9s
[08:22:44] P0790_H0100_seed029_lam1332p5: it   60/150  F_co=+0.2513  S_ED=1.2618  S_MD=1.3102  bal=0.963  beta=   15.8  lr=0.01309  t=  108.7s
[08:23:02] P0790_H0100_seed029_lam1332p5: it   70/150  F_co=+0.2622  S_ED=1.2748  S_MD=1.3252  bal=0.962  beta=   25.1  lr=0.01105  t=  126.5s
[08:23:19] P0790_H0100_seed029_lam1332p5: it   80/150  F_co=+0.2722  S_ED=1.2870  S_MD=1.3393  bal=0.961  beta=   39.8  lr=0.00895  t=  144.2s
[08:23:37] P0790_H0100_seed029_lam1332p5: it   90/150  F_co=+0.2795  S_ED=1.2960  S_MD=1.3496  bal=0.960  beta=   63.1  lr=0.00691  t=  162.2s
[08:23:55] P0790_H0100_seed029_lam1332p5: it  100/150  F_co=+0.2850  S_ED=1.3029  S_MD=1.3572  bal=0.960  beta=  100.0  lr=0.00500  t=  180.0s
[08:24:13] P0790_H0100_seed029_lam1332p5: it  110/150  F_co=+0.2880  S_ED=1.3065  S_MD=1.3615  bal=0.960  beta=  158.5  lr=0.00331  t=  197.8s
[08:25:02] P0790_H0100_seed029_lam1332p5: it  120/150  F_co=+0.2903  S_ED=1.3093  S_MD=1.3648  bal=0.959  beta=  251.2  lr=0.00191  t=  246.4s
[08:25:20] P0790_H0100_seed029_lam1332p5: it  130/150  F_co=+0.2914  S_ED=1.3107  S_MD=1.3664  bal=0.959  beta=  398.1  lr=0.00086  t=  264.6s
[08:25:37] P0790_H0100_seed029_lam1332p5: it  140/150  F_co=+0.2916  S_ED=1.3110  S_MD=1.3667  bal=0.959  beta=  631.0  lr=0.00022  t=  282.1s
[08:25:53] P0790_H0100_seed029_lam1332p5: it  149/150  F_co=+0.2916  S_ED=1.3110  S_MD=1.3668  bal=0.959  beta=  955.0  lr=0.00000  t=  298.3s
[08:25:58] P0790_H0100_seed029_lam1332p5: completed after 298s  final(projected)={'F_co': 0.29163849353790283, 'S_ED': 1.3110226392745972, 'S_MD': 1.3667962551116943, 'balance': 0.9591938853263855}
[08:56:37] P0790_H0100_seed029_lam1332p5: already completed - skipping.
[08:59:00] P0790_H0100_seed029_lam1332p5: already completed - skipping.
[09:03:38] P0790_H0100_seed029_lam1332p5: already completed - skipping.
[09:08:06] P0790_H0100_seed029_lam1332p5: already completed - skipping.
[09:12:38] P0790_H0100_seed029_lam1332p5: already completed - skipping.
[09:17:13] P0790_H0100_seed029_lam1332p5: already completed - skipping.
