[08:59:44] P0870_H0125_seed047_lam1332p5: it    0/150  F_co=-3.2750  S_ED=0.7169  S_MD=0.0020  bal=0.003  beta=    1.0  lr=0.02000  t=    1.9s
[09:00:02] P0870_H0125_seed047_lam1332p5: it   10/150  F_co=+2.9167  S_ED=17.5913  S_MD=19.4134  bal=0.906  beta=    1.6  lr=0.01978  t=   19.6s
[09:00:20] P0870_H0125_seed047_lam1332p5: it   20/150  F_co=+2.7634  S_ED=15.3200  S_MD=16.4049  bal=0.934  beta=    2.5  lr=0.01914  t=   37.6s
[09:00:38] P0870_H0125_seed047_lam1332p5: it   30/150  F_co=+2.3229  S_ED=9.8928  S_MD=10.5273  bal=0.940  beta=    4.0  lr=0.01809  t=   55.7s
[09:00:56] P0870_H0125_seed047_lam1332p5: it   40/150  F_co=+2.1465  S_ED=8.2055  S_MD=8.9184  bal=0.920  beta=    6.3  lr=0.01669  t=   73.8s
[09:01:14] P0870_H0125_seed047_lam1332p5: it   50/150  F_co=+2.2580  S_ED=9.1642  S_MD=9.9813  bal=0.918  beta=   10.0  lr=0.01500  t=   92.3s
[09:01:33] P0870_H0125_seed047_lam1332p5: it   60/150  F_co=+2.3331  S_ED=9.7838  S_MD=10.8635  bal=0.901  beta=   15.8  lr=0.01309  t=  111.1s
[09:01:51] P0870_H0125_seed047_lam1332p5: it   70/150  F_co=+2.3977  S_ED=10.2574  S_MD=11.7918  bal=0.870  beta=   25.1  lr=0.01105  t=  129.0s
[09:02:09] P0870_H0125_seed047_lam1332p5: it   80/150  F_co=+2.4326  S_ED=10.4984  S_MD=12.3546  bal=0.850  beta=   39.8  lr=0.00895  t=  147.0s
[09:02:27] P0870_H0125_seed047_lam1332p5: it   90/150  F_co=+2.4477  S_ED=10.6128  S_MD=12.5954  bal=0.843  beta=   63.1  lr=0.00691  t=  165.2s
[09:02:45] P0870_H0125_seed047_lam1332p5: it  100/150  F_co=+2.4534  S_ED=10.6446  S_MD=12.7027  bal=0.838  beta=  100.0  lr=0.00500  t=  183.0s
[09:03:03] P0870_H0125_seed047_lam1332p5: it  110/150  F_co=+2.4556  S_ED=10.6542  S_MD=12.7464  bal=0.836  beta=  158.5  lr=0.00331  t=  200.9s
[09:03:21] P0870_H0125_seed047_lam1332p5: it  120/150  F_co=+2.4565  S_ED=10.6606  S_MD=12.7615  bal=0.835  beta=  251.2  lr=0.00191  t=  218.5s
[09:03:38] P0870_H0125_seed047_lam1332p5: it  130/150  F_co=+2.4569  S_ED=10.6636  S_MD=12.7677  bal=0.835  beta=  398.1  lr=0.00086  t=  236.5s
[09:03:57] P0870_H0125_seed047_lam1332p5: it  140/150  F_co=+2.4571  S_ED=10.6653  S_MD=12.7706  bal=0.835  beta=  631.0  lr=0.00022  t=  254.6s
[09:04:13] P0870_H0125_seed047_lam1332p5: it  149/150  F_co=+2.4571  S_ED=10.6657  S_MD=12.7708  bal=0.835  beta=  955.0  lr=0.00000  t=  270.6s
[09:04:18] P0870_H0125_seed047_lam1332p5: completed after 271s  final(projected)={'F_co': 2.4570982456207275, 'S_ED': 10.665665626525879, 'S_MD': 12.77087116241455, 'balance': 0.8351556658744812}
[09:04:21] P0870_H0125_seed047_lam1332p5: already completed - skipping.
[09:08:57] P0870_H0125_seed047_lam1332p5: already completed - skipping.
[09:13:36] P0870_H0125_seed047_lam1332p5: already completed - skipping.
[09:18:07] P0870_H0125_seed047_lam1332p5: already completed - skipping.
[09:22:41] P0870_H0125_seed047_lam1332p5: already completed - skipping.
