[09:32:24] P0870_H0100_seed011_lam1332p5: it    0/150  F_co=-3.7670  S_ED=0.8567  S_MD=0.0006  bal=0.001  beta=    1.0  lr=0.02000  t=    2.0s
[09:32:43] P0870_H0100_seed011_lam1332p5: it   10/150  F_co=+1.7460  S_ED=5.6311  S_MD=5.8335  bal=0.965  beta=    1.6  lr=0.01978  t=   20.2s
[09:33:00] P0870_H0100_seed011_lam1332p5: it   20/150  F_co=+3.3959  S_ED=28.1731  S_MD=31.6081  bal=0.891  beta=    2.5  lr=0.01914  t=   37.7s
[09:33:18] P0870_H0100_seed011_lam1332p5: it   30/150  F_co=+3.7039  S_ED=36.6543  S_MD=44.9830  bal=0.815  beta=    4.0  lr=0.01809  t=   55.4s
[09:33:36] P0870_H0100_seed011_lam1332p5: it   40/150  F_co=+4.0870  S_ED=52.8662  S_MD=67.1070  bal=0.788  beta=    6.3  lr=0.01669  t=   73.3s
[09:33:53] P0870_H0100_seed011_lam1332p5: it   50/150  F_co=+4.0925  S_ED=53.2636  S_MD=67.3395  bal=0.791  beta=   10.0  lr=0.01500  t=   91.0s
[09:34:11] P0870_H0100_seed011_lam1332p5: it   60/150  F_co=+4.0967  S_ED=53.3503  S_MD=67.7949  bal=0.787  beta=   15.8  lr=0.01309  t=  108.6s
[09:34:29] P0870_H0100_seed011_lam1332p5: it   70/150  F_co=+4.0972  S_ED=53.4927  S_MD=67.6851  bal=0.790  beta=   25.1  lr=0.01105  t=  126.5s
[09:34:47] P0870_H0100_seed011_lam1332p5: it   80/150  F_co=+4.1069  S_ED=53.9909  S_MD=68.3762  bal=0.790  beta=   39.8  lr=0.00895  t=  144.3s
[09:35:05] P0870_H0100_seed011_lam1332p5: it   90/150  F_co=+4.1094  S_ED=54.1696  S_MD=68.4935  bal=0.791  beta=   63.1  lr=0.00691  t=  162.1s
[09:35:22] P0870_H0100_seed011_lam1332p5: it  100/150  F_co=+4.1119  S_ED=54.3868  S_MD=68.5541  bal=0.793  beta=  100.0  lr=0.00500  t=  179.7s
[09:35:40] P0870_H0100_seed011_lam1332p5: it  110/150  F_co=+4.1143  S_ED=54.5479  S_MD=68.6875  bal=0.794  beta=  158.5  lr=0.00331  t=  197.6s
[09:35:58] P0870_H0100_seed011_lam1332p5: it  120/150  F_co=+4.1159  S_ED=54.6866  S_MD=68.7237  bal=0.796  beta=  251.2  lr=0.00191  t=  215.1s
[09:36:15] P0870_H0100_seed011_lam1332p5: it  130/150  F_co=+4.1170  S_ED=54.7719  S_MD=68.7791  bal=0.796  beta=  398.1  lr=0.00086  t=  232.8s
[09:36:32] P0870_H0100_seed011_lam1332p5: it  140/150  F_co=+4.1173  S_ED=54.8003  S_MD=68.7829  bal=0.797  beta=  631.0  lr=0.00022  t=  249.7s
[09:36:48] P0870_H0100_seed011_lam1332p5: it  149/150  F_co=+4.1175  S_ED=54.8157  S_MD=68.7841  bal=0.797  beta=  955.0  lr=0.00000  t=  265.1s
[09:36:53] P0870_H0100_seed011_lam1332p5: completed after 265s  final(projected)={'F_co': 4.117452621459961, 'S_ED': 54.81410598754883, 'S_MD': 68.78303527832031, 'balance': 0.7969131469726562}
[09:36:55] P0870_H0100_seed011_lam1332p5: already completed - skipping.
[09:41:23] P0870_H0100_seed011_lam1332p5: already completed - skipping.
[09:45:54] P0870_H0100_seed011_lam1332p5: already completed - skipping.
[09:50:21] P0870_H0100_seed011_lam1332p5: already completed - skipping.
[09:54:50] P0870_H0100_seed011_lam1332p5: already completed - skipping.
[09:59:22] P0870_H0100_seed011_lam1332p5: already completed - skipping.
[10:03:53] P0870_H0100_seed011_lam1332p5: already completed - skipping.
