[08:26:00] P0790_H0125_seed047_lam1332p5: it    0/150  F_co=-4.4047  S_ED=0.7155  S_MD=0.0002  bal=0.000  beta=    1.0  lr=0.02000  t=    1.8s
[08:26:17] P0790_H0125_seed047_lam1332p5: it   10/150  F_co=-0.0433  S_ED=1.1315  S_MD=0.8104  bal=0.716  beta=    1.6  lr=0.01978  t=   19.3s
[08:26:35] P0790_H0125_seed047_lam1332p5: it   20/150  F_co=+0.5787  S_ED=1.6537  S_MD=1.9240  bal=0.860  beta=    2.5  lr=0.01914  t=   37.0s
[08:26:53] P0790_H0125_seed047_lam1332p5: it   30/150  F_co=+0.6773  S_ED=1.7386  S_MD=2.2289  bal=0.780  beta=    4.0  lr=0.01809  t=   54.6s
[08:27:11] P0790_H0125_seed047_lam1332p5: it   40/150  F_co=+0.8652  S_ED=2.0714  S_MD=2.7244  bal=0.760  beta=    6.3  lr=0.01669  t=   72.5s
[08:27:28] P0790_H0125_seed047_lam1332p5: it   50/150  F_co=+2.1391  S_ED=7.9098  S_MD=9.1166  bal=0.868  beta=   10.0  lr=0.01500  t=   89.8s
[08:27:46] P0790_H0125_seed047_lam1332p5: it   60/150  F_co=+2.6422  S_ED=12.7520  S_MD=15.4682  bal=0.824  beta=   15.8  lr=0.01309  t=  107.4s
[08:28:03] P0790_H0125_seed047_lam1332p5: it   70/150  F_co=+2.7267  S_ED=13.6795  S_MD=17.0726  bal=0.801  beta=   25.1  lr=0.01105  t=  124.9s
[08:28:21] P0790_H0125_seed047_lam1332p5: it   80/150  F_co=+2.9580  S_ED=16.9700  S_MD=21.8564  bal=0.776  beta=   39.8  lr=0.00895  t=  142.7s
[08:28:38] P0790_H0125_seed047_lam1332p5: it   90/150  F_co=+3.5027  S_ED=27.2316  S_MD=40.4900  bal=0.673  beta=   63.1  lr=0.00691  t=  160.0s
[08:28:56] P0790_H0125_seed047_lam1332p5: it  100/150  F_co=+3.8587  S_ED=38.5468  S_MD=58.2976  bal=0.661  beta=  100.0  lr=0.00500  t=  177.5s
[08:29:13] P0790_H0125_seed047_lam1332p5: it  110/150  F_co=+3.8451  S_ED=38.0935  S_MD=57.4023  bal=0.664  beta=  158.5  lr=0.00331  t=  195.4s
[08:29:31] P0790_H0125_seed047_lam1332p5: it  120/150  F_co=+3.8679  S_ED=39.0232  S_MD=58.6532  bal=0.665  beta=  251.2  lr=0.00191  t=  212.8s
[08:29:49] P0790_H0125_seed047_lam1332p5: it  130/150  F_co=+3.8641  S_ED=38.9214  S_MD=58.3651  bal=0.667  beta=  398.1  lr=0.00086  t=  230.7s
[08:30:06] P0790_H0125_seed047_lam1332p5: it  140/150  F_co=+3.8642  S_ED=38.9521  S_MD=58.3319  bal=0.668  beta=  631.0  lr=0.00022  t=  247.7s
[08:30:21] P0790_H0125_seed047_lam1332p5: it  149/150  F_co=+3.8655  S_ED=39.0045  S_MD=58.4060  bal=0.668  beta=  955.0  lr=0.00000  t=  263.3s
[08:30:26] P0790_H0125_seed047_lam1332p5: completed after 263s  final(projected)={'F_co': 3.864333152770996, 'S_ED': 38.95951843261719, 'S_MD': 58.331546783447266, 'balance': 0.6678979396820068}
[08:56:37] P0790_H0125_seed047_lam1332p5: already completed - skipping.
[08:59:00] P0790_H0125_seed047_lam1332p5: already completed - skipping.
[09:03:38] P0790_H0125_seed047_lam1332p5: already completed - skipping.
[09:08:06] P0790_H0125_seed047_lam1332p5: already completed - skipping.
[09:12:38] P0790_H0125_seed047_lam1332p5: already completed - skipping.
[09:17:13] P0790_H0125_seed047_lam1332p5: already completed - skipping.
[09:21:46] P0790_H0125_seed047_lam1332p5: already completed - skipping.
[09:26:13] P0790_H0125_seed047_lam1332p5: already completed - skipping.
