[09:36:57] P0870_H0125_seed029_lam1332p5: it    0/150  F_co=-2.9873  S_ED=0.7161  S_MD=0.0036  bal=0.005  beta=    1.0  lr=0.02000  t=    1.9s
[09:37:14] P0870_H0125_seed029_lam1332p5: it   10/150  F_co=+4.0161  S_ED=52.0547  S_MD=59.1441  bal=0.880  beta=    1.6  lr=0.01978  t=   19.1s
[09:37:31] P0870_H0125_seed029_lam1332p5: it   20/150  F_co=+3.9079  S_ED=46.3046  S_MD=53.5498  bal=0.865  beta=    2.5  lr=0.01914  t=   36.1s
[09:37:48] P0870_H0125_seed029_lam1332p5: it   30/150  F_co=+4.0226  S_ED=50.4915  S_MD=61.7705  bal=0.817  beta=    4.0  lr=0.01809  t=   53.0s
[09:38:05] P0870_H0125_seed029_lam1332p5: it   40/150  F_co=+3.9439  S_ED=45.7891  S_MD=58.1971  bal=0.787  beta=    6.3  lr=0.01669  t=   69.9s
[09:38:22] P0870_H0125_seed029_lam1332p5: it   50/150  F_co=+3.6796  S_ED=34.8627  S_MD=45.0498  bal=0.774  beta=   10.0  lr=0.01500  t=   86.9s
[09:38:39] P0870_H0125_seed029_lam1332p5: it   60/150  F_co=+3.8192  S_ED=40.1780  S_MD=51.6785  bal=0.777  beta=   15.8  lr=0.01309  t=  103.9s
[09:38:56] P0870_H0125_seed029_lam1332p5: it   70/150  F_co=+3.9671  S_ED=46.4830  S_MD=60.0474  bal=0.774  beta=   25.1  lr=0.01105  t=  120.9s
[09:39:14] P0870_H0125_seed029_lam1332p5: it   80/150  F_co=+3.9547  S_ED=46.1003  S_MD=59.0587  bal=0.781  beta=   39.8  lr=0.00895  t=  138.3s
[09:39:31] P0870_H0125_seed029_lam1332p5: it   90/150  F_co=+4.0183  S_ED=49.1451  S_MD=62.9141  bal=0.781  beta=   63.1  lr=0.00691  t=  155.8s
[09:39:49] P0870_H0125_seed029_lam1332p5: it  100/150  F_co=+4.0340  S_ED=49.8931  S_MD=63.9456  bal=0.780  beta=  100.0  lr=0.00500  t=  173.4s
[09:40:06] P0870_H0125_seed029_lam1332p5: it  110/150  F_co=+4.0377  S_ED=50.1121  S_MD=64.1450  bal=0.781  beta=  158.5  lr=0.00331  t=  190.9s
[09:40:24] P0870_H0125_seed029_lam1332p5: it  120/150  F_co=+4.0386  S_ED=50.1890  S_MD=64.1625  bal=0.782  beta=  251.2  lr=0.00191  t=  208.7s
[09:40:42] P0870_H0125_seed029_lam1332p5: it  130/150  F_co=+4.0395  S_ED=50.2478  S_MD=64.1956  bal=0.783  beta=  398.1  lr=0.00086  t=  226.4s
[09:41:00] P0870_H0125_seed029_lam1332p5: it  140/150  F_co=+4.0394  S_ED=50.2497  S_MD=64.1867  bal=0.783  beta=  631.0  lr=0.00022  t=  244.4s
[09:41:16] P0870_H0125_seed029_lam1332p5: it  149/150  F_co=+4.0394  S_ED=50.2467  S_MD=64.1847  bal=0.783  beta=  955.0  lr=0.00000  t=  260.2s
[09:41:21] P0870_H0125_seed029_lam1332p5: completed after 260s  final(projected)={'F_co': 4.039578437805176, 'S_ED': 50.2579231262207, 'S_MD': 64.19910430908203, 'balance': 0.782844603061676}
[09:41:23] P0870_H0125_seed029_lam1332p5: already completed - skipping.
[09:45:54] P0870_H0125_seed029_lam1332p5: already completed - skipping.
[09:50:21] P0870_H0125_seed029_lam1332p5: already completed - skipping.
[09:54:50] P0870_H0125_seed029_lam1332p5: already completed - skipping.
[09:59:22] P0870_H0125_seed029_lam1332p5: already completed - skipping.
[10:03:53] P0870_H0125_seed029_lam1332p5: already completed - skipping.
