== Stage 0: ingest audit ==
{
 "lambda_E_nm": 1433.488,
 "lambda_E_origin": "Re(omega) of the bare air/ITO(23)/glass TM QNM at K = G10(850 nm): omega = 1.314034-0.113306i rad/fs, Q = 5.799; inherited from the frozen 850-nm benchmark and held FIXED for all periods in this campaign (task statement)",
 "eps_ito_csv_at_lambda_E": [
  -0.07424911555960151,
  0.7014282015838333
 ],
 "eps_ito_target_npz": [
  -0.07424989012321415,
  0.7014284101165421
 ],
 "eps_asi_postech_at_lambda_E": [
  8.79165315975592,
  0.0
 ],
 "n_asi": 2.9650722014406194,
 "d_ito_nm": 23.0,
 "n_glass": 1.4446,
 "material_ENZ_crossing_nm": 1419.59
}
  ref bare ITO              : fill=0.000 S_flip(lr)=0.000 S_flip(ud)=0.000  <- air/ITO(23)/glass, no a-Si
  ref EDR cuboid            : fill=0.390 S_flip(lr)=0.000 S_flip(ud)=0.000  <- 560x500x140 nm cuboid, 850 cell
  ref unpadded QNM winner   : fill=0.594 S_flip(lr)=0.000 S_flip(ud)=1.000  <- enz_inverse_design/outputs/geometries/rho_hard_binary.npy
  ref padded QNM winner     : fill=0.495 S_flip(lr)=0.141 S_flip(ud)=0.273  <- enz_padding_sideexperiment/outputs/geometries/rho_hard_binary.npy
  ref padded F_ENZ winner   : fill=0.488 S_flip(lr)=0.150 S_flip(ud)=0.248  <- enz_direct_enz_excitation/outputs/geometries/rho_hard_binary.npy
== Stage 1a: symmetry preflight (S_flip = ||rho-fliplr(rho)||/||rho||) ==
{
 "random_init_raw": 0.7077125590318573,
 "historical_fliplr_projected": 0.0,
 "new_path_filtered_masked": 0.05223595924894655,
 "new_path_flipud": 0.07076602641671081,
 "optimizer_smoke_s_flip_init": 0.22747944604379533,
 "optimizer_smoke_s_flip_final": 0.6974858324629157
}
== Stage 1b: energy conservation (no ITO, lossless) with ALL orders ==
  worst |R+T-1| = 2.02e-14 over 60 cases; order-count mismatches: 0
== Stage 1c: A = 1-R-T (all orders) vs (w/2) Im eps int|E|^2 / P_inc ==
  EDR cuboid         P=  850 th= 0 ph= 0: A_rt=0.19873 A_vol=0.19870 (diff +2.7e-05) F_Ez=2.148 eta_z=0.765 xpol(R,T)=0.000,0.000
  EDR cuboid         P=  850 th=20 ph= 0: A_rt=0.18866 A_vol=0.18863 (diff +2.4e-05) F_Ez=1.898 eta_z=0.757 xpol(R,T)=0.000,0.000
  EDR cuboid         P=  850 th=20 ph=90: A_rt=0.14081 A_vol=0.14079 (diff +1.8e-05) F_Ez=1.105 eta_z=0.591 xpol(R,T)=0.000,0.000
  EDR cuboid         P= 1050 th=25 ph=45: A_rt=0.14721 A_vol=0.14719 (diff +1.6e-05) F_Ez=1.205 eta_z=0.639 xpol(R,T)=0.866,0.014
  padded QNM winner  P=  850 th= 0 ph= 0: A_rt=0.20095 A_vol=0.20092 (diff +2.7e-05) F_Ez=2.214 eta_z=0.779 xpol(R,T)=0.000,0.000
  padded QNM winner  P=  850 th=20 ph= 0: A_rt=0.18280 A_vol=0.18278 (diff +2.4e-05) F_Ez=1.840 eta_z=0.758 xpol(R,T)=0.000,0.000
  padded QNM winner  P=  850 th=20 ph=90: A_rt=0.16963 A_vol=0.16961 (diff +2.3e-05) F_Ez=1.563 eta_z=0.693 xpol(R,T)=0.000,0.000
  padded QNM winner  P= 1050 th=25 ph=45: A_rt=0.15606 A_vol=0.15604 (diff +1.7e-05) F_Ez=1.205 eta_z=0.602 xpol(R,T)=0.789,0.027
== Stage 1d: finite-difference check of dJ_robust/drho ==
  pixel (10, 3): autograd=+4.822964e-05 FD=+4.822964e-05 rel=3.4e-08
  pixel (16, 10): autograd=+2.323679e-03 FD=+2.323679e-03 rel=3.7e-10
  pixel (25, 3): autograd=-1.126275e-04 FD=-1.126275e-04 rel=1.1e-07
  pixel (19, 16): autograd=+2.395511e-03 FD=+2.395511e-03 rel=5.8e-09
== Stage 1e: order convergence of A (padded QNM winner) ==
  th=0 ph=0: [5, 5]: 0.2015, [7, 7]: 0.2009, [9, 9]: 0.2027
  th=20 ph=0: [5, 5]: 0.1832, [7, 7]: 0.1828, [9, 9]: 0.1841
  th=20 ph=90: [5, 5]: 0.1696, [7, 7]: 0.1696, [9, 9]: 0.1718
== Stage 1f: timing (fwd+bwd, one angle, 128x128) ==
  order [5, 5]: 0.4 s per angle (fwd+bwd)
  order [7, 7]: 1.4 s per angle (fwd+bwd)
== Stage 1g: reference angular curves (ORDER_FULL) + beta ==
  bare ITO              : A(FULL set) = [0.0449, 0.0577, 0.0938, 0.0454, 0.0468] spread=0.0489 min=0.0449
  EDR cuboid            : A(FULL set) = [0.1987, 0.224, 0.1786, 0.1629, 0.127] spread=0.0971 min=0.1270
  unpadded QNM winner   : A(FULL set) = [0.205, 0.2229, 0.1664, 0.3085, 0.1848] spread=0.1421 min=0.1664
  padded QNM winner     : A(FULL set) = [0.2009, 0.2233, 0.1705, 0.1803, 0.1484] spread=0.0749 min=0.1484
  padded F_ENZ winner   : A(FULL set) = [0.2079, 0.2289, 0.1783, 0.185, 0.15] spread=0.0789 min=0.1500
  median reference spread = 0.0880 -> beta = 26.17
  bare ITO              : J_robust=0.0541 vs min=0.0449 mean=0.0577
  EDR cuboid            : J_robust=0.1643 vs min=0.1270 mean=0.1783
  unpadded QNM winner   : J_robust=0.1972 vs min=0.1664 mean=0.2175
  padded QNM winner     : J_robust=0.1766 vs min=0.1484 mean=0.1847
  padded F_ENZ winner   : J_robust=0.1810 vs min=0.1500 mean=0.1900
  sizing: {"s_per_iter_screen": 1.2688343524932861, "n_runs_stage2": 32, "n_iter_stage2": 60, "est_stage2_h": 0.6767116546630859, "s_per_iter_full": 7.125841379165649, "n_iter_stage4": 150, "est_stage4_h": 0.8907301723957062}