[02:49:00] P0870_H0100_seed011_lam1332p5: it    0/550  F_co=+3.9860  S_ED=47.9692  S_MD=60.4245  bal=0.794  beta=    8.0  lr=0.02000  t=   12.0s
[02:50:10] P0870_H0100_seed011_lam1332p5: it   10/550  F_co=+4.0689  S_ED=52.0518  S_MD=65.7269  bal=0.792  beta=    8.8  lr=0.01998  t=   82.0s
[02:51:22] P0870_H0100_seed011_lam1332p5: it   20/550  F_co=+4.0843  S_ED=53.3887  S_MD=66.0884  bal=0.808  beta=    9.8  lr=0.01993  t=  153.4s
[02:52:31] P0870_H0100_seed011_lam1332p5: it   30/550  F_co=+4.1219  S_ED=55.2228  S_MD=68.8909  bal=0.802  beta=   10.8  lr=0.01985  t=  222.6s
[02:53:42] P0870_H0100_seed011_lam1332p5: it   40/550  F_co=+4.1229  S_ED=55.2758  S_MD=68.9525  bal=0.802  beta=   12.0  lr=0.01974  t=  293.3s
[02:54:52] P0870_H0100_seed011_lam1332p5: it   50/550  F_co=+4.1303  S_ED=55.9264  S_MD=69.1660  bal=0.809  beta=   13.2  lr=0.01959  t=  364.1s
[02:56:02] P0870_H0100_seed011_lam1332p5: it   60/550  F_co=+4.1339  S_ED=56.2022  S_MD=69.3335  bal=0.811  beta=   14.6  lr=0.01942  t=  433.9s
[02:57:13] P0870_H0100_seed011_lam1332p5: it   70/550  F_co=+4.1362  S_ED=56.3324  S_MD=69.4886  bal=0.811  beta=   16.2  lr=0.01921  t=  504.5s
[02:58:24] P0870_H0100_seed011_lam1332p5: it   80/550  F_co=+4.1391  S_ED=56.5993  S_MD=69.5676  bal=0.814  beta=   17.9  lr=0.01897  t=  576.0s
[02:59:35] P0870_H0100_seed011_lam1332p5: it   90/550  F_co=+4.1421  S_ED=56.8436  S_MD=69.6845  bal=0.816  beta=   19.7  lr=0.01871  t=  646.3s
[03:00:45] P0870_H0100_seed011_lam1332p5: it  100/550  F_co=+4.1446  S_ED=57.0600  S_MD=69.7688  bal=0.818  beta=   21.8  lr=0.01841  t=  716.9s
[03:01:55] P0870_H0100_seed011_lam1332p5: it  110/550  F_co=+4.1476  S_ED=57.2863  S_MD=69.8996  bal=0.820  beta=   24.1  lr=0.01809  t=  786.7s
[03:03:05] P0870_H0100_seed011_lam1332p5: it  120/550  F_co=+4.1498  S_ED=57.4982  S_MD=69.9554  bal=0.822  beta=   26.7  lr=0.01774  t=  856.1s
[03:04:15] P0870_H0100_seed011_lam1332p5: it  130/550  F_co=+4.1521  S_ED=57.6778  S_MD=70.0555  bal=0.823  beta=   29.5  lr=0.01737  t=  926.6s
[03:05:24] P0870_H0100_seed011_lam1332p5: it  140/550  F_co=+4.1544  S_ED=57.8818  S_MD=70.1279  bal=0.825  beta=   32.6  lr=0.01697  t=  995.8s
[03:06:34] P0870_H0100_seed011_lam1332p5: it  150/550  F_co=+4.1570  S_ED=58.1123  S_MD=70.2191  bal=0.828  beta=   36.1  lr=0.01655  t= 1065.9s
[03:07:45] P0870_H0100_seed011_lam1332p5: it  160/550  F_co=+4.1592  S_ED=58.2996  S_MD=70.3045  bal=0.829  beta=   39.9  lr=0.01611  t= 1136.2s
[03:08:55] P0870_H0100_seed011_lam1332p5: it  170/550  F_co=+4.1614  S_ED=58.4884  S_MD=70.3801  bal=0.831  beta=   44.1  lr=0.01564  t= 1206.1s
[03:13:33] P0870_H0100_seed011_lam1332p5: it  180/550  F_co=+4.1635  S_ED=58.6833  S_MD=70.4504  bal=0.833  beta=   48.7  lr=0.01516  t= 1484.2s
[03:14:42] P0870_H0100_seed011_lam1332p5: it  190/550  F_co=+4.1656  S_ED=58.8831  S_MD=70.5089  bal=0.835  beta=   53.9  lr=0.01467  t= 1553.2s
[03:15:51] P0870_H0100_seed011_lam1332p5: it  200/550  F_co=+4.1676  S_ED=59.0800  S_MD=70.5499  bal=0.837  beta=   59.6  lr=0.01415  t= 1622.8s
[03:16:59] P0870_H0100_seed011_lam1332p5: it  210/550  F_co=+4.1693  S_ED=59.2606  S_MD=70.5707  bal=0.840  beta=   65.9  lr=0.01363  t= 1691.1s
[03:18:09] P0870_H0100_seed011_lam1332p5: it  220/550  F_co=+4.1716  S_ED=59.4543  S_MD=70.6619  bal=0.841  beta=   72.8  lr=0.01309  t= 1760.1s
