[09:16:16] P0830_H0175_seed011_lam1332p5: it    0/150  F_co=-3.5308  S_ED=0.5469  S_MD=0.0016  bal=0.003  beta=    1.0  lr=0.02000  t=    1.9s
[09:16:34] P0830_H0175_seed011_lam1332p5: it   10/150  F_co=+1.9216  S_ED=6.2289  S_MD=7.4931  bal=0.831  beta=    1.6  lr=0.01978  t=   19.2s
[09:16:51] P0830_H0175_seed011_lam1332p5: it   20/150  F_co=+2.0044  S_ED=6.8008  S_MD=8.0992  bal=0.840  beta=    2.5  lr=0.01914  t=   36.3s
[09:17:08] P0830_H0175_seed011_lam1332p5: it   30/150  F_co=+2.0434  S_ED=7.3570  S_MD=8.0948  bal=0.909  beta=    4.0  lr=0.01809  t=   53.5s
[09:17:25] P0830_H0175_seed011_lam1332p5: it   40/150  F_co=+2.0084  S_ED=6.8662  S_MD=8.0863  bal=0.849  beta=    6.3  lr=0.01669  t=   70.8s
[09:17:43] P0830_H0175_seed011_lam1332p5: it   50/150  F_co=+2.1224  S_ED=7.4517  S_MD=9.3592  bal=0.796  beta=   10.0  lr=0.01500  t=   88.2s
[09:18:00] P0830_H0175_seed011_lam1332p5: it   60/150  F_co=+2.2062  S_ED=7.8379  S_MD=10.5222  bal=0.745  beta=   15.8  lr=0.01309  t=  105.2s
[09:18:17] P0830_H0175_seed011_lam1332p5: it   70/150  F_co=+2.2326  S_ED=7.9513  S_MD=10.9335  bal=0.727  beta=   25.1  lr=0.01105  t=  122.7s
[09:18:34] P0830_H0175_seed011_lam1332p5: it   80/150  F_co=+2.2387  S_ED=7.9854  S_MD=11.0214  bal=0.725  beta=   39.8  lr=0.00895  t=  139.8s
[09:18:52] P0830_H0175_seed011_lam1332p5: it   90/150  F_co=+2.2402  S_ED=7.9913  S_MD=11.0450  bal=0.724  beta=   63.1  lr=0.00691  t=  157.1s
[09:19:09] P0830_H0175_seed011_lam1332p5: it  100/150  F_co=+2.2407  S_ED=7.9947  S_MD=11.0519  bal=0.723  beta=  100.0  lr=0.00500  t=  174.3s
[09:19:26] P0830_H0175_seed011_lam1332p5: it  110/150  F_co=+2.2410  S_ED=7.9960  S_MD=11.0563  bal=0.723  beta=  158.5  lr=0.00331  t=  191.6s
[09:19:44] P0830_H0175_seed011_lam1332p5: it  120/150  F_co=+2.2411  S_ED=7.9973  S_MD=11.0581  bal=0.723  beta=  251.2  lr=0.00191  t=  209.2s
[09:20:02] P0830_H0175_seed011_lam1332p5: it  130/150  F_co=+2.2413  S_ED=7.9981  S_MD=11.0602  bal=0.723  beta=  398.1  lr=0.00086  t=  227.6s
[09:20:19] P0830_H0175_seed011_lam1332p5: it  140/150  F_co=+2.2413  S_ED=7.9984  S_MD=11.0611  bal=0.723  beta=  631.0  lr=0.00022  t=  245.0s
[09:20:35] P0830_H0175_seed011_lam1332p5: it  149/150  F_co=+2.2413  S_ED=7.9980  S_MD=11.0607  bal=0.723  beta=  955.0  lr=0.00000  t=  260.6s
[09:20:40] P0830_H0175_seed011_lam1332p5: completed after 261s  final(projected)={'F_co': 2.2413768768310547, 'S_ED': 7.998616695404053, 'S_MD': 11.061659812927246, 'balance': 0.7230936884880066}
[09:20:42] P0830_H0175_seed011_lam1332p5: already completed - skipping.
[09:25:19] P0830_H0175_seed011_lam1332p5: already completed - skipping.
[09:29:51] P0830_H0175_seed011_lam1332p5: already completed - skipping.
[09:34:23] P0830_H0175_seed011_lam1332p5: already completed - skipping.
