[08:26:00] P0790_H0150_seed029_lam1332p5: it    0/150  F_co=-3.6294  S_ED=0.6091  S_MD=0.0012  bal=0.002  beta=    1.0  lr=0.02000  t=    1.9s
[08:26:19] P0790_H0150_seed029_lam1332p5: it   10/150  F_co=+1.2358  S_ED=3.0791  S_MD=3.8460  bal=0.801  beta=    1.6  lr=0.01978  t=   20.2s
[08:26:37] P0790_H0150_seed029_lam1332p5: it   20/150  F_co=+3.2301  S_ED=21.7439  S_MD=29.3988  bal=0.740  beta=    2.5  lr=0.01914  t=   38.4s
[08:26:55] P0790_H0150_seed029_lam1332p5: it   30/150  F_co=+3.6855  S_ED=32.9231  S_MD=48.2704  bal=0.682  beta=    4.0  lr=0.01809  t=   56.7s
[08:27:13] P0790_H0150_seed029_lam1332p5: it   40/150  F_co=+3.6591  S_ED=31.6061  S_MD=47.6993  bal=0.663  beta=    6.3  lr=0.01669  t=   75.0s
[08:27:32] P0790_H0150_seed029_lam1332p5: it   50/150  F_co=+3.7077  S_ED=32.6978  S_MD=50.8147  bal=0.643  beta=   10.0  lr=0.01500  t=   93.2s
[08:27:50] P0790_H0150_seed029_lam1332p5: it   60/150  F_co=+3.7241  S_ED=33.3382  S_MD=51.4933  bal=0.647  beta=   15.8  lr=0.01309  t=  111.3s
[08:28:08] P0790_H0150_seed029_lam1332p5: it   70/150  F_co=+3.7303  S_ED=33.5624  S_MD=51.7860  bal=0.648  beta=   25.1  lr=0.01105  t=  129.4s
[08:28:25] P0790_H0150_seed029_lam1332p5: it   80/150  F_co=+3.7323  S_ED=33.6263  S_MD=51.9010  bal=0.648  beta=   39.8  lr=0.00895  t=  147.1s
[08:28:43] P0790_H0150_seed029_lam1332p5: it   90/150  F_co=+3.7342  S_ED=33.6999  S_MD=51.9874  bal=0.648  beta=   63.1  lr=0.00691  t=  164.5s
[08:29:01] P0790_H0150_seed029_lam1332p5: it  100/150  F_co=+3.7352  S_ED=33.7433  S_MD=52.0172  bal=0.649  beta=  100.0  lr=0.00500  t=  182.7s
[08:29:19] P0790_H0150_seed029_lam1332p5: it  110/150  F_co=+3.7356  S_ED=33.7663  S_MD=52.0222  bal=0.649  beta=  158.5  lr=0.00331  t=  200.6s
[08:29:37] P0790_H0150_seed029_lam1332p5: it  120/150  F_co=+3.7363  S_ED=33.7988  S_MD=52.0502  bal=0.649  beta=  251.2  lr=0.00191  t=  218.6s
[08:29:55] P0790_H0150_seed029_lam1332p5: it  130/150  F_co=+3.7359  S_ED=33.7895  S_MD=52.0237  bal=0.650  beta=  398.1  lr=0.00086  t=  237.0s
[08:30:13] P0790_H0150_seed029_lam1332p5: it  140/150  F_co=+3.7364  S_ED=33.8089  S_MD=52.0423  bal=0.650  beta=  631.0  lr=0.00022  t=  254.7s
[08:30:29] P0790_H0150_seed029_lam1332p5: it  149/150  F_co=+3.7361  S_ED=33.7997  S_MD=52.0289  bal=0.650  beta=  955.0  lr=0.00000  t=  270.8s
[08:30:34] P0790_H0150_seed029_lam1332p5: completed after 271s  final(projected)={'F_co': 3.736171245574951, 'S_ED': 33.800750732421875, 'S_MD': 52.03201675415039, 'balance': 0.6496144533157349}
[08:56:37] P0790_H0150_seed029_lam1332p5: already completed - skipping.
[08:59:42] P0790_H0150_seed029_lam1332p5: already completed - skipping.
[09:04:21] P0790_H0150_seed029_lam1332p5: already completed - skipping.
[09:08:57] P0790_H0150_seed029_lam1332p5: already completed - skipping.
[09:13:36] P0790_H0150_seed029_lam1332p5: already completed - skipping.
[09:18:07] P0790_H0150_seed029_lam1332p5: already completed - skipping.
