[09:12:40] P0830_H0200_seed047_lam1332p5: it    0/150  F_co=-4.8480  S_ED=0.5122  S_MD=0.0001  bal=0.000  beta=    1.0  lr=0.02000  t=    2.0s
[09:12:59] P0830_H0200_seed047_lam1332p5: it   10/150  F_co=+1.9568  S_ED=6.3817  S_MD=7.8476  bal=0.813  beta=    1.6  lr=0.01978  t=   20.3s
[09:13:16] P0830_H0200_seed047_lam1332p5: it   20/150  F_co=+1.5876  S_ED=4.4393  S_MD=5.3912  bal=0.823  beta=    2.5  lr=0.01914  t=   37.8s
[09:13:34] P0830_H0200_seed047_lam1332p5: it   30/150  F_co=+1.8551  S_ED=6.0004  S_MD=6.8098  bal=0.881  beta=    4.0  lr=0.01809  t=   55.4s
[09:13:52] P0830_H0200_seed047_lam1332p5: it   40/150  F_co=+1.9092  S_ED=6.0198  S_MD=7.5633  bal=0.796  beta=    6.3  lr=0.01669  t=   73.2s
[09:14:09] P0830_H0200_seed047_lam1332p5: it   50/150  F_co=+2.1177  S_ED=7.1277  S_MD=9.6937  bal=0.735  beta=   10.0  lr=0.01500  t=   90.9s
[09:14:27] P0830_H0200_seed047_lam1332p5: it   60/150  F_co=+2.3165  S_ED=8.5303  S_MD=12.0532  bal=0.708  beta=   15.8  lr=0.01309  t=  108.9s
[09:14:46] P0830_H0200_seed047_lam1332p5: it   70/150  F_co=+2.4645  S_ED=9.7820  S_MD=14.1331  bal=0.692  beta=   25.1  lr=0.01105  t=  127.2s
[09:15:03] P0830_H0200_seed047_lam1332p5: it   80/150  F_co=+2.6293  S_ED=11.3999  S_MD=16.8594  bal=0.676  beta=   39.8  lr=0.00895  t=  145.1s
[09:15:22] P0830_H0200_seed047_lam1332p5: it   90/150  F_co=+2.8016  S_ED=13.3639  S_MD=20.3000  bal=0.658  beta=   63.1  lr=0.00691  t=  163.2s
[09:15:39] P0830_H0200_seed047_lam1332p5: it  100/150  F_co=+2.9698  S_ED=15.5691  S_MD=24.3949  bal=0.638  beta=  100.0  lr=0.00500  t=  181.1s
[09:15:57] P0830_H0200_seed047_lam1332p5: it  110/150  F_co=+3.1310  S_ED=17.9874  S_MD=29.1483  bal=0.617  beta=  158.5  lr=0.00331  t=  198.9s
[09:16:15] P0830_H0200_seed047_lam1332p5: it  120/150  F_co=+3.2287  S_ED=19.5500  S_MD=32.6065  bal=0.600  beta=  251.2  lr=0.00191  t=  216.5s
[09:16:32] P0830_H0200_seed047_lam1332p5: it  130/150  F_co=+3.2707  S_ED=20.1935  S_MD=34.3315  bal=0.588  beta=  398.1  lr=0.00086  t=  233.8s
[09:16:49] P0830_H0200_seed047_lam1332p5: it  140/150  F_co=+3.2795  S_ED=20.3163  S_MD=34.7283  bal=0.585  beta=  631.0  lr=0.00022  t=  251.1s
[09:17:05] P0830_H0200_seed047_lam1332p5: it  149/150  F_co=+3.2861  S_ED=20.4411  S_MD=34.9764  bal=0.584  beta=  955.0  lr=0.00000  t=  266.7s
[09:17:10] P0830_H0200_seed047_lam1332p5: completed after 267s  final(projected)={'F_co': 3.302043914794922, 'S_ED': 20.763240814208984, 'S_MD': 35.54869842529297, 'balance': 0.5840787887573242}
[09:17:13] P0830_H0200_seed047_lam1332p5: already completed - skipping.
[09:21:46] P0830_H0200_seed047_lam1332p5: already completed - skipping.
[09:26:13] P0830_H0200_seed047_lam1332p5: already completed - skipping.
