[09:27:48] P0830_H0175_seed047_lam1332p5: it    0/150  F_co=-4.7771  S_ED=0.5445  S_MD=0.0001  bal=0.000  beta=    1.0  lr=0.02000  t=    1.9s
[09:28:05] P0830_H0175_seed047_lam1332p5: it   10/150  F_co=+2.0205  S_ED=6.8734  S_MD=8.2752  bal=0.831  beta=    1.6  lr=0.01978  t=   19.7s
[09:28:24] P0830_H0175_seed047_lam1332p5: it   20/150  F_co=+2.0179  S_ED=6.8796  S_MD=8.2252  bal=0.836  beta=    2.5  lr=0.01914  t=   38.1s
[09:28:42] P0830_H0175_seed047_lam1332p5: it   30/150  F_co=+2.0694  S_ED=7.5151  S_MD=8.3463  bal=0.900  beta=    4.0  lr=0.01809  t=   55.9s
[09:28:59] P0830_H0175_seed047_lam1332p5: it   40/150  F_co=+2.0291  S_ED=6.9677  S_MD=8.3051  bal=0.839  beta=    6.3  lr=0.01669  t=   73.7s
[09:29:17] P0830_H0175_seed047_lam1332p5: it   50/150  F_co=+2.1306  S_ED=7.5244  S_MD=9.4217  bal=0.799  beta=   10.0  lr=0.01500  t=   91.4s
[09:29:35] P0830_H0175_seed047_lam1332p5: it   60/150  F_co=+2.2040  S_ED=7.8736  S_MD=10.4271  bal=0.755  beta=   15.8  lr=0.01309  t=  109.6s
[09:29:53] P0830_H0175_seed047_lam1332p5: it   70/150  F_co=+2.2301  S_ED=7.9870  S_MD=10.8296  bal=0.738  beta=   25.1  lr=0.01105  t=  127.0s
[09:30:11] P0830_H0175_seed047_lam1332p5: it   80/150  F_co=+2.2381  S_ED=8.0251  S_MD=10.9535  bal=0.733  beta=   39.8  lr=0.00895  t=  145.1s
[09:30:29] P0830_H0175_seed047_lam1332p5: it   90/150  F_co=+2.2418  S_ED=8.0440  S_MD=11.0089  bal=0.731  beta=   63.1  lr=0.00691  t=  163.0s
[09:30:47] P0830_H0175_seed047_lam1332p5: it  100/150  F_co=+2.2486  S_ED=8.0936  S_MD=11.0920  bal=0.730  beta=  100.0  lr=0.00500  t=  181.4s
[09:31:05] P0830_H0175_seed047_lam1332p5: it  110/150  F_co=+2.2540  S_ED=8.1326  S_MD=11.1583  bal=0.729  beta=  158.5  lr=0.00331  t=  199.2s
[09:31:23] P0830_H0175_seed047_lam1332p5: it  120/150  F_co=+2.2576  S_ED=8.1593  S_MD=11.2017  bal=0.728  beta=  251.2  lr=0.00191  t=  217.2s
[09:31:41] P0830_H0175_seed047_lam1332p5: it  130/150  F_co=+2.2595  S_ED=8.1736  S_MD=11.2235  bal=0.728  beta=  398.1  lr=0.00086  t=  235.1s
[09:31:59] P0830_H0175_seed047_lam1332p5: it  140/150  F_co=+2.2600  S_ED=8.1783  S_MD=11.2294  bal=0.728  beta=  631.0  lr=0.00022  t=  253.0s
[09:32:14] P0830_H0175_seed047_lam1332p5: it  149/150  F_co=+2.2600  S_ED=8.1787  S_MD=11.2297  bal=0.728  beta=  955.0  lr=0.00000  t=  268.8s
[09:32:20] P0830_H0175_seed047_lam1332p5: completed after 269s  final(projected)={'F_co': 2.260011911392212, 'S_ED': 8.17847728729248, 'S_MD': 11.229204177856445, 'balance': 0.7283220887184143}
[09:32:22] P0830_H0175_seed047_lam1332p5: already completed - skipping.
[09:36:55] P0830_H0175_seed047_lam1332p5: already completed - skipping.
[09:41:23] P0830_H0175_seed047_lam1332p5: already completed - skipping.
[09:45:54] P0830_H0175_seed047_lam1332p5: already completed - skipping.
[09:50:21] P0830_H0175_seed047_lam1332p5: already completed - skipping.
[09:54:50] P0830_H0175_seed047_lam1332p5: already completed - skipping.
[09:59:22] P0830_H0175_seed047_lam1332p5: already completed - skipping.
[10:03:53] P0830_H0175_seed047_lam1332p5: already completed - skipping.
