== final3_div_F1_P825_h500_pad0.12_s333_h525: P=825 h=525 | 151 wavelengths 1100-1400 nm, order [7, 7] ==
  spectrum with ITO (s=1)
    lam 1100: A=0.0740 Fz=0.0565 R=0.224 T=0.702
    lam 1140: A=0.1388 Fz=0.1167 R=0.234 T=0.628
    lam 1180: A=0.2332 Fz=0.1934 R=0.134 T=0.633
    lam 1220: A=0.3327 Fz=0.2593 R=0.001 T=0.666
    lam 1260: A=0.7622 Fz=0.5253 R=0.215 T=0.022
    lam 1300: A=0.9951 Fz=0.9563 R=0.002 T=0.003
    lam 1340: A=0.9115 Fz=0.8827 R=0.061 T=0.027
    lam 1380: A=0.8576 Fz=0.8253 R=0.085 T=0.057
  spectrum without ITO
    lam 1100: A=-0.0000 Fz=nan R=0.165 T=0.835
    lam 1140: A=-0.0000 Fz=nan R=0.155 T=0.845
    lam 1180: A=0.0000 Fz=nan R=0.134 T=0.866
    lam 1220: A=0.0000 Fz=nan R=0.004 T=0.996
    lam 1260: A=-0.0000 Fz=nan R=0.579 T=0.421
    lam 1300: A=-0.0000 Fz=nan R=0.961 T=0.039
    lam 1340: A=0.0000 Fz=nan R=0.902 T=0.098
    lam 1380: A=-0.0000 Fz=nan R=0.644 T=0.356
  spectrum lossless ITO (s=0)
    lam 1100: A=-0.0000 Fz=0.0000 R=0.227 T=0.773
    lam 1140: A=-0.0000 Fz=0.0000 R=0.283 T=0.717
    lam 1180: A=0.0000 Fz=0.0000 R=0.230 T=0.770
    lam 1220: A=0.0000 Fz=0.0000 R=0.032 T=0.968
    lam 1260: A=0.0000 Fz=0.0000 R=0.697 T=0.303
    lam 1300: A=-0.0000 Fz=0.0000 R=0.980 T=0.020
    lam 1340: A=-0.0000 Fz=0.0000 R=0.999 T=0.001
    lam 1380: A=0.0000 Fz=0.0000 R=0.219 T=0.781
  bare ITO film
  peaks: {"lam_ZE": 1302.2819858898874, "Fz_at_ZE": 0.955930563282521, "A_at_ZE": 0.9934880673081565, "Fz_max": 0.9562875118613436, "lam_Fz_max": 1300.0, "A_max": 0.995849761470412, "lam_A_max": 1298.0, "T_min_noITO": 0.0006468562356961566, "lam_T_min_noITO": 1314.0, "R_max_noITO": 0.9993531437637928, "bare_A_at_ZE": 0.02928351430950138, "Fz_fwhm_nm": 150.0, "Q_eff_Fz": 8.666666666666666}
  Rayleigh anomalies in window: [{'m': 0, 'n': 1, 'medium': 'glass', 'lam': 1251.1361864969072}, {'m': 1, 'n': 0, 'medium': 'glass', 'lam': 1251.1361864969072}] (poles within a few grid steps of these are branch-point artifacts and are dropped)
  poles with ITO: 1218.2 nm Q=13.1 (peak r/t 2.03/1.92); 1261.7 nm Q=173.4 (peak r/t 0.63/0.76); 1272.5 nm Q=11.3 (peak r/t 3.13/1.72)
  poles no ITO: 1197.0 nm Q=21.8 (peak r/t 0.19/0.33); 1272.8 nm Q=181.7 (peak r/t 1.00/1.25); 1337.6 nm Q=7.9 (peak r/t 2.07/2.36)
  poles lossless ITO: 1183.0 nm Q=14.9 (peak r/t 0.13/0.21); 1229.2 nm Q=20.7 (peak r/t 1.97/0.46); 1232.0 nm Q=26.1 (peak r/t 1.07/0.46); 1261.4 nm Q=359.1 (peak r/t 0.39/0.90); 1278.9 nm Q=18.0 (peak r/t 2.85/2.08); 1352.5 nm Q=1209.6 (peak r/t 1.93/0.49); 1367.8 nm Q=479.8 (peak r/t 2.08/0.76); 1384.9 nm Q=694.2 (peak r/t 0.44/0.28); 1398.8 nm Q=163.6 (peak r/t 0.19/0.12)
  [final3_div_F1_P825_h500_pad0.12_s333_h525|1273nm] s=1.00: pole  1272.52 nm Q=   11.27 gamma=0.06568 ovl=1.000
  [final3_div_F1_P825_h500_pad0.12_s333_h525|1273nm] s=0.50: pole  1279.08 nm Q=   16.31 gamma=0.04515 ovl=0.995
  [final3_div_F1_P825_h500_pad0.12_s333_h525|1273nm] s=0.25: pole  1278.20 nm Q=   15.69 gamma=0.04698 ovl=0.999
  [final3_div_F1_P825_h500_pad0.12_s333_h525|1273nm] s=0.10: pole  1277.69 nm Q=   17.08 gamma=0.04315 ovl=1.000
  [final3_div_F1_P825_h500_pad0.12_s333_h525|1273nm] s=0.03: pole  1278.06 nm Q=   17.86 gamma=0.04126 ovl=1.000
  [final3_div_F1_P825_h500_pad0.12_s333_h525|1273nm] s=0.00: pole  1278.88 nm Q=   17.97 gamma=0.04099 ovl=1.000
  fit: {"gamma_rad": 0.0400267409897909, "gamma_nr": 0.02289684897323585, "Q_rad": 18.490859830247683, "Q_nr": 32.32448525860437, "Q_loaded": 11.268443830973535, "lambda_loaded": 1272.5159607204346, "gamma_ratio": 1.748133161754187, "linearity_resid": 0.0963631037626558, "n_levels": 6, "pole_shift_nm": -6.368789023758836, "critical_coupling_metric": 0.5585484538250756}
  [final3_div_F1_P825_h500_pad0.12_s333_h525|1262nm] s=1.00: pole  1261.68 nm Q=  172.80 gamma=0.00432 ovl=1.000 refine:True
  [final3_div_F1_P825_h500_pad0.12_s333_h525|1262nm] s=0.50: pole  1261.57 nm Q=  228.24 gamma=0.00327 ovl=0.996 refine:True
  [final3_div_F1_P825_h500_pad0.12_s333_h525|1262nm] s=0.25: pole  1261.51 nm Q=  277.74 gamma=0.00269 ovl=0.999 refine:True
  [final3_div_F1_P825_h500_pad0.12_s333_h525|1262nm] s=0.10: pole  1261.47 nm Q=  320.67 gamma=0.00233 ovl=0.999 refine:True
  [final3_div_F1_P825_h500_pad0.12_s333_h525|1262nm] s=0.03: pole  1261.45 nm Q=  346.60 gamma=0.00215 ovl=1.000 refine:True
  [final3_div_F1_P825_h500_pad0.12_s333_h525|1262nm] s=0.00: pole  1261.45 nm Q=  357.90 gamma=0.00209 ovl=1.000 refine:True
  fit: {"gamma_rad": 0.002105538976964859, "gamma_nr": 0.0022415912327858, "Q_rad": 354.53592784155893, "Q_nr": 333.01754748437463, "Q_loaded": 172.79740457362968, "lambda_loaded": 1261.6752816614455, "gamma_ratio": 0.9393055014531537, "linearity_resid": 0.010318880177688615, "n_levels": 6, "pole_shift_nm": 0.228795178778455, "critical_coupling_metric": 0.06261450502750696}
  detuning map: 13 heights x 76 wavelengths, order [5, 5]
    h= 315.0: A_max 0.950 @ 1268 nm; Fz_max 0.864 @ 1268; poles with ITO [1280, 1374]; no ITO [1269, 1281, 1348, 1395]
    h= 350.0: A_max 0.971 @ 1276 nm; Fz_max 0.920 @ 1280; poles with ITO [1317, 1395]; no ITO [1266, 1292, 1302, 1390]
    h= 385.0: A_max 0.969 @ 1280 nm; Fz_max 0.923 @ 1284; poles with ITO [1265]; no ITO [1301]
    h= 420.0: A_max 0.974 @ 1284 nm; Fz_max 0.929 @ 1288; poles with ITO [1186, 1265, 1368]; no ITO [1116, 1310]
    h= 455.0: A_max 0.982 @ 1288 nm; Fz_max 0.939 @ 1292; poles with ITO [1129, 1210, 1267, 1273]; no ITO [1142, 1263, 1318]
    h= 490.0: A_max 0.990 @ 1296 nm; Fz_max 0.948 @ 1300; poles with ITO [1156, 1230, 1271]; no ITO [1169, 1179, 1268, 1325]
    h= 525.0: A_max 0.993 @ 1300 nm; Fz_max 0.954 @ 1304; poles with ITO [1178, 1225, 1263, 1274]; no ITO [1201, 1208, 1276, 1337]
    h= 560.0: A_max 0.986 @ 1308 nm; Fz_max 0.948 @ 1312; poles with ITO [1199, 1277, 1288]; no ITO [1218, 1271, 1288, 1361]
    h= 595.0: A_max 0.956 @ 1324 nm; Fz_max 0.921 @ 1328; poles with ITO [1213, 1267, 1292, 1310]; no ITO [1233, 1264, 1285, 1302, 1393]
    h= 630.0: A_max 0.927 @ 1288 nm; Fz_max 0.872 @ 1356; poles with ITO [1226, 1234, 1279, 1306, 1338]; no ITO [1269, 1297, 1315]
    h= 665.0: A_max 0.844 @ 1384 nm; Fz_max 0.807 @ 1384; poles with ITO [1237, 1289, 1319, 1366]; no ITO [1273, 1307, 1328]
    h= 700.0: A_max 0.768 @ 1400 nm; Fz_max 0.729 @ 1400; poles with ITO [1238, 1297, 1331]; no ITO [1101, 1278, 1315]
    h= 735.0: A_max 0.719 @ 1272 nm; Fz_max 0.637 @ 1400; poles with ITO [1103, 1269, 1277, 1304, 1343]; no ITO [1106, 1265, 1268, 1282, 1322]
  multipoles (with ITO @ZE): {"ED": 0.5603781728496549, "ED_p_only": 0.1777278815901237, "TD": 0.11347030638502267, "MD": 0.1561682885268545, "EQ": 0.27975277472694104, "MQ": 0.003700763896549764} dominant ED
== scratch_s8080_P825_h600_pad0.12: P=825 h=600 | 151 wavelengths 1100-1400 nm, order [7, 7] ==
  spectrum with ITO (s=1)
    lam 1100: A=0.1144 Fz=0.0976 R=0.488 T=0.398
    lam 1140: A=0.1305 Fz=0.1106 R=0.451 T=0.419
    lam 1180: A=0.1676 Fz=0.1354 R=0.333 T=0.500
    lam 1220: A=0.3442 Fz=0.2947 R=0.214 T=0.442
    lam 1260: A=0.7845 Fz=0.6458 R=0.057 T=0.158
    lam 1300: A=0.9970 Fz=0.9518 R=0.002 T=0.001
    lam 1340: A=0.9203 Fz=0.8869 R=0.045 T=0.035
    lam 1380: A=0.8594 Fz=0.8236 R=0.074 T=0.067
  spectrum without ITO
    lam 1100: A=0.0000 Fz=nan R=0.445 T=0.555
    lam 1140: A=0.0000 Fz=nan R=0.427 T=0.573
    lam 1180: A=0.0000 Fz=nan R=0.328 T=0.672
    lam 1220: A=0.0000 Fz=nan R=0.123 T=0.877
    lam 1260: A=0.0000 Fz=nan R=0.124 T=0.876
    lam 1300: A=-0.0000 Fz=nan R=0.908 T=0.092
    lam 1340: A=-0.0000 Fz=nan R=0.890 T=0.110
    lam 1380: A=0.0000 Fz=nan R=0.620 T=0.380
  spectrum lossless ITO (s=0)
    lam 1100: A=0.0000 Fz=0.0000 R=0.554 T=0.446
    lam 1140: A=0.0000 Fz=0.0000 R=0.525 T=0.475
    lam 1180: A=0.0000 Fz=0.0000 R=0.404 T=0.596
    lam 1220: A=0.0000 Fz=0.0000 R=0.431 T=0.569
    lam 1260: A=0.0000 Fz=0.0000 R=0.066 T=0.934
    lam 1300: A=-0.0000 Fz=0.0000 R=0.984 T=0.016
    lam 1340: A=-0.0000 Fz=0.0000 R=0.997 T=0.003
    lam 1380: A=-0.0000 Fz=0.0000 R=0.129 T=0.871
  bare ITO film
  peaks: {"lam_ZE": 1302.2819858898874, "Fz_at_ZE": 0.9520880178989336, "A_at_ZE": 0.9959470536884497, "Fz_max": 0.9520880178989336, "lam_Fz_max": 1302.0, "A_max": 0.997304221656943, "lam_A_max": 1298.0, "T_min_noITO": 0.002070776742183245, "lam_T_min_noITO": 1316.0, "R_max_noITO": 0.997929223261537, "bare_A_at_ZE": 0.029283514309501157, "Fz_fwhm_nm": 150.0, "Q_eff_Fz": 8.68}
  Rayleigh anomalies in window: [{'m': 0, 'n': 1, 'medium': 'glass', 'lam': 1251.1361864969072}, {'m': 1, 'n': 0, 'medium': 'glass', 'lam': 1251.1361864969072}] (poles within a few grid steps of these are branch-point artifacts and are dropped)
  poles with ITO: 1120.6 nm Q=37.2 (peak r/t 0.04/0.10); 1195.3 nm Q=22.5 (peak r/t 0.08/0.68); 1261.8 nm Q=22.7 (peak r/t 0.94/1.47); 1285.7 nm Q=9.5 (peak r/t 1.76/1.10)
  poles no ITO: 1210.6 nm Q=19.1 (peak r/t 0.21/0.54); 1267.5 nm Q=21.8 (peak r/t 4.03/1.93); 1270.2 nm Q=22.7 (peak r/t 5.68/1.93); 1330.6 nm Q=8.1 (peak r/t 2.07/1.79)
  poles lossless ITO: 1121.6 nm Q=41.2 (peak r/t 0.03/0.05); 1162.9 nm Q=21.3 (peak r/t 0.03/0.13); 1200.1 nm Q=26.4 (peak r/t 0.22/0.62); 1261.4 nm Q=28.3 (peak r/t 2.20/1.74); 1278.4 nm Q=13.8 (peak r/t 2.74/1.19); 1335.7 nm Q=441.3 (peak r/t 0.03/0.05); 1362.9 nm Q=375.7 (peak r/t 1.65/1.05); 1370.5 nm Q=446.8 (peak r/t 0.55/0.11); 1379.0 nm Q=549.4 (peak r/t 0.52/0.69); 1380.9 nm Q=85.3 (peak r/t 0.50/0.69)
  [scratch_s8080_P825_h600_pad0.12|1286nm] s=1.00: pole  1285.74 nm Q=    9.46 gamma=0.07741 ovl=1.000
  [scratch_s8080_P825_h600_pad0.12|1286nm] s=0.50: pole  1285.86 nm Q=   11.63 gamma=0.06296 ovl=0.995
  [scratch_s8080_P825_h600_pad0.12|1286nm] s=0.25: pole  1261.74 nm Q=   27.57 gamma=0.02708 ovl=0.934 refine:False
  [scratch_s8080_P825_h600_pad0.12|1286nm] s=0.10: pole  1262.30 nm Q=   27.59 gamma=0.02705 ovl=0.999 refine:False
  [scratch_s8080_P825_h600_pad0.12|1286nm] s=0.03: pole  1261.52 nm Q=   27.74 gamma=0.02691 ovl=1.000 refine:False
  [scratch_s8080_P825_h600_pad0.12|1286nm] s=0.00: pole  1261.42 nm Q=   28.29 gamma=0.02639 ovl=1.000 refine:False
  fit: {"gamma_rad": 0.023578582134568826, "gamma_nr": 0.05655300584126295, "Q_rad": 31.067135660124304, "Q_nr": 12.952786486789403, "Q_loaded": 9.462802838055286, "lambda_loaded": 1285.7356204992088, "gamma_ratio": 0.4169288932360357, "linearity_resid": 0.1433978281239464, "n_levels": 6, "pole_shift_nm": 24.316686744312165, "critical_coupling_metric": 0.8748395915411529}
  [scratch_s8080_P825_h600_pad0.12|1262nm] s=1.00: pole  1261.78 nm Q=   22.67 gamma=0.03292 ovl=1.000
  [scratch_s8080_P825_h600_pad0.12|1262nm] s=0.50: pole  1261.38 nm Q=   25.28 gamma=0.02953 ovl=0.995 refine:False
  [scratch_s8080_P825_h600_pad0.12|1262nm] s=0.25: pole  1261.74 nm Q=   27.57 gamma=0.02708 ovl=0.998 refine:False
  [scratch_s8080_P825_h600_pad0.12|1262nm] s=0.10: pole  1262.30 nm Q=   27.59 gamma=0.02705 ovl=0.999 refine:False
  [scratch_s8080_P825_h600_pad0.12|1262nm] s=0.03: pole  1261.52 nm Q=   27.74 gamma=0.02691 ovl=1.000 refine:False
  [scratch_s8080_P825_h600_pad0.12|1262nm] s=0.00: pole  1261.42 nm Q=   28.29 gamma=0.02639 ovl=1.000 refine:False
  fit: {"gamma_rad": 0.026290692262091114, "gamma_nr": 0.006454663946135981, "Q_rad": 28.39136245562257, "Q_nr": 115.64174052300622, "Q_loaded": 22.674133101824822, "lambda_loaded": 1261.7761664571003, "gamma_ratio": 4.073131069484999, "linearity_resid": 0.025057348464216245, "n_levels": 6, "pole_shift_nm": 0.3572327022036461, "critical_coupling_metric": 1.4044120082332117}
  detuning map: 13 heights x 76 wavelengths, order [5, 5]
    h= 360.0: A_max 0.937 @ 1272 nm; Fz_max 0.857 @ 1276; poles with ITO [1293]; no ITO [1291, 1305, 1357]
    h= 400.0: A_max 0.932 @ 1280 nm; Fz_max 0.870 @ 1280; poles with ITO [1102, 1274, 1342]; no ITO [1105, 1111, 1155, 1302, 1304, 1394]
    h= 440.0: A_max 0.930 @ 1284 nm; Fz_max 0.875 @ 1284; poles with ITO [1128, 1272, 1390]; no ITO [1139, 1145, 1311, 1313, 1354]
    h= 480.0: A_max 0.936 @ 1292 nm; Fz_max 0.887 @ 1292; poles with ITO [1107, 1149, 1155, 1273]; no ITO [1114, 1164, 1317, 1321, 1377]
    h= 520.0: A_max 0.953 @ 1296 nm; Fz_max 0.906 @ 1296; poles with ITO [1111, 1164, 1167, 1274, 1310]; no ITO [1156, 1186, 1320, 1328, 1398]
    h= 560.0: A_max 0.978 @ 1300 nm; Fz_max 0.931 @ 1304; poles with ITO [1114, 1184, 1274, 1317]; no ITO [1195, 1321, 1334]
    h= 600.0: A_max 0.996 @ 1304 nm; Fz_max 0.950 @ 1308; poles with ITO [1190, 1199, 1268, 1278]; no ITO [1213, 1280, 1324, 1340]
    h= 640.0: A_max 0.983 @ 1308 nm; Fz_max 0.937 @ 1316; poles with ITO [1208, 1274, 1299]; no ITO [1105, 1151, 1228, 1294, 1296, 1345, 1368]
    h= 680.0: A_max 0.935 @ 1344 nm; Fz_max 0.896 @ 1348; poles with ITO [1220, 1283, 1317]; no ITO [1118, 1139, 1168, 1307, 1350]
    h= 720.0: A_max 0.880 @ 1372 nm; Fz_max 0.840 @ 1372; poles with ITO [1139, 1229, 1291]; no ITO [1128, 1144, 1186, 1316, 1355]
    h= 760.0: A_max 0.808 @ 1396 nm; Fz_max 0.766 @ 1392; poles with ITO [1133, 1144, 1221, 1230, 1298, 1347]; no ITO [1106, 1109, 1151, 1201, 1323, 1359]
    h= 800.0: A_max 0.759 @ 1356 nm; Fz_max 0.715 @ 1356; poles with ITO [1109, 1304, 1352]; no ITO [1122, 1216, 1329, 1363]
    h= 840.0: A_max 0.730 @ 1360 nm; Fz_max 0.687 @ 1360; poles with ITO [1120, 1139, 1143, 1208, 1234, 1287, 1310, 1356]; no ITO [1132, 1234, 1276, 1333, 1367]
  multipoles (with ITO @ZE): {"ED": 0.34912562637904465, "ED_p_only": 0.06578652007906145, "TD": 0.11901146436597135, "MD": 0.19052976073703531, "EQ": 0.4547170049467221, "MQ": 0.005627607937197903} dominant EQ
[stage5] done
