== final0_F2_P850_h600_pad0.12_s333_P825: P=825 h=600 | 151 wavelengths 1100-1400 nm, order [7, 7] ==
  spectrum with ITO (s=1)
    lam 1100: A=0.0963 Fz=0.0758 R=0.310 T=0.594
    lam 1140: A=0.1263 Fz=0.1028 R=0.326 T=0.548
    lam 1180: A=0.2243 Fz=0.1954 R=0.271 T=0.504
    lam 1220: A=0.3601 Fz=0.3030 R=0.106 T=0.534
    lam 1260: A=0.7576 Fz=0.6215 R=0.034 T=0.208
    lam 1300: A=0.9983 Fz=0.9567 R=0.001 T=0.001
    lam 1340: A=0.9231 Fz=0.8915 R=0.040 T=0.037
    lam 1380: A=0.8510 Fz=0.8156 R=0.072 T=0.077
  spectrum without ITO
    lam 1100: A=0.0000 Fz=nan R=0.222 T=0.778
    lam 1140: A=0.0000 Fz=nan R=0.294 T=0.706
    lam 1180: A=-0.0000 Fz=nan R=0.206 T=0.794
    lam 1220: A=-0.0000 Fz=nan R=0.086 T=0.914
    lam 1260: A=-0.0000 Fz=nan R=0.119 T=0.881
    lam 1300: A=-0.0000 Fz=nan R=0.945 T=0.055
    lam 1340: A=0.0000 Fz=nan R=0.868 T=0.132
    lam 1380: A=-0.0000 Fz=nan R=0.574 T=0.426
  spectrum lossless ITO (s=0)
    lam 1100: A=0.0000 Fz=0.0000 R=0.342 T=0.658
    lam 1140: A=0.0000 Fz=0.0000 R=0.372 T=0.628
    lam 1180: A=-0.0000 Fz=0.0000 R=0.387 T=0.613
    lam 1220: A=0.0000 Fz=0.0000 R=0.281 T=0.719
    lam 1260: A=0.0000 Fz=0.0000 R=0.064 T=0.936
    lam 1300: A=0.0000 Fz=0.0000 R=0.988 T=0.012
    lam 1340: A=-0.0000 Fz=0.0000 R=0.999 T=0.001
    lam 1380: A=0.0000 Fz=0.0000 R=0.753 T=0.247
  bare ITO film
  peaks: {"lam_ZE": 1302.2819858898874, "Fz_at_ZE": 0.9570821940388333, "A_at_ZE": 0.9972768540111538, "Fz_max": 0.9570821940388333, "lam_Fz_max": 1302.0, "A_max": 0.9984854492205992, "lam_A_max": 1298.0, "T_min_noITO": 0.00015064848386615257, "lam_T_min_noITO": 1314.0, "R_max_noITO": 0.9998493515160579, "bare_A_at_ZE": 0.029283514309501157, "Fz_fwhm_nm": 150.0, "Q_eff_Fz": 8.68}
  Rayleigh anomalies in window: [{'m': 0, 'n': 1, 'medium': 'glass', 'lam': 1251.1361864969072}, {'m': 1, 'n': 0, 'medium': 'glass', 'lam': 1251.1361864969072}] (poles within a few grid steps of these are branch-point artifacts and are dropped)
  poles with ITO: 1138.8 nm Q=43.0 (peak r/t 0.03/0.07); 1152.6 nm Q=15.0 (peak r/t 0.26/0.92); 1238.2 nm Q=42.0 (peak r/t 0.13/0.24); 1270.9 nm Q=9.1 (peak r/t 2.76/3.05)
  poles no ITO: 1159.1 nm Q=19.7 (peak r/t 0.08/0.05); 1257.7 nm Q=31.6 (peak r/t 0.66/0.87); 1264.8 nm Q=19.9 (peak r/t 1.80/1.56); 1318.5 nm Q=8.4 (peak r/t 2.72/1.18)
  poles lossless ITO: 1148.4 nm Q=15.0 (peak r/t 0.32/0.64); 1237.0 nm Q=56.3 (peak r/t 0.12/0.21); 1266.2 nm Q=19.9 (peak r/t 6.18/2.71); 1274.9 nm Q=12.3 (peak r/t 7.10/2.47); 1321.4 nm Q=243.9 (peak r/t 0.11/0.07); 1358.5 nm Q=423.1 (peak r/t 0.18/0.43); 1366.0 nm Q=859.6 (peak r/t 2.20/1.05); 1374.6 nm Q=1347.3 (peak r/t 1.08/0.90); 1396.2 nm Q=249.2 (peak r/t 0.76/0.21)
  [final0_F2_P850_h600_pad0.12_s333_P825|1271nm] s=1.00: pole  1270.88 nm Q=    9.05 gamma=0.08186 ovl=1.000
  [final0_F2_P850_h600_pad0.12_s333_P825|1271nm] s=0.50: pole  1262.70 nm Q=   21.03 gamma=0.03547 ovl=0.993
  [final0_F2_P850_h600_pad0.12_s333_P825|1271nm] s=0.25: pole  1262.26 nm Q=   19.53 gamma=0.03820 ovl=0.999
  [final0_F2_P850_h600_pad0.12_s333_P825|1271nm] s=0.10: pole  1264.47 nm Q=   20.01 gamma=0.03723 ovl=0.998
  [final0_F2_P850_h600_pad0.12_s333_P825|1271nm] s=0.03: pole  1265.59 nm Q=   20.10 gamma=0.03702 ovl=0.999
  [final0_F2_P850_h600_pad0.12_s333_P825|1271nm] s=0.00: pole  1266.20 nm Q=   19.91 gamma=0.03736 ovl=1.000
  fit: {"gamma_rad": 0.031607492115327235, "gamma_nr": 0.0412284374179832, "Q_rad": 23.446355685928324, "Q_nr": 17.9749839889127, "Q_loaded": 9.052562948978322, "lambda_loaded": 1270.8818819379926, "gamma_ratio": 0.7666429798171429, "linearity_resid": 0.2045976932521132, "n_levels": 6, "pole_shift_nm": 4.679814665478716, "critical_coupling_metric": 0.2657340621009767}
  [final0_F2_P850_h600_pad0.12_s333_P825|1238nm] s=1.00: pole  1238.17 nm Q=   41.97 gamma=0.01812 ovl=1.000 refine:False
  [final0_F2_P850_h600_pad0.12_s333_P825|1238nm] s=0.50: pole  1238.11 nm Q=   46.69 gamma=0.01629 ovl=0.998 refine:False
  [final0_F2_P850_h600_pad0.12_s333_P825|1238nm] s=0.25: pole  1237.50 nm Q=   51.21 gamma=0.01486 ovl=0.999 refine:False
  [final0_F2_P850_h600_pad0.12_s333_P825|1238nm] s=0.10: pole  1237.19 nm Q=   53.99 gamma=0.01410 ovl=1.000 refine:False
  [final0_F2_P850_h600_pad0.12_s333_P825|1238nm] s=0.03: pole  1237.04 nm Q=   55.57 gamma=0.01370 ovl=1.000 refine:False
  [final0_F2_P850_h600_pad0.12_s333_P825|1238nm] s=0.00: pole  1236.96 nm Q=   56.34 gamma=0.01351 ovl=1.000 refine:False
  fit: {"gamma_rad": 0.013639401206836876, "gamma_nr": 0.00465673450478492, "Q_rad": 55.769105151861204, "Q_nr": 163.34562327547613, "Q_loaded": 41.971881457914655, "lambda_loaded": 1238.1737575285185, "gamma_ratio": 2.9289626009002716, "linearity_resid": 0.017828280106282502, "n_levels": 6, "pole_shift_nm": 1.213191860670122, "critical_coupling_metric": 1.0746482992083493}
  detuning map: 13 heights x 76 wavelengths, order [5, 5]
    h= 360.0: A_max 0.957 @ 1268 nm; Fz_max 0.883 @ 1272; poles with ITO [1293]; no ITO [1266, 1286, 1354]
    h= 400.0: A_max 0.962 @ 1276 nm; Fz_max 0.911 @ 1280; poles with ITO []; no ITO [1296, 1311, 1391]
    h= 440.0: A_max 0.959 @ 1280 nm; Fz_max 0.913 @ 1284; poles with ITO [1265, 1396]; no ITO [1304, 1335]
    h= 480.0: A_max 0.966 @ 1284 nm; Fz_max 0.922 @ 1288; poles with ITO [1170, 1185, 1269]; no ITO [1198, 1311, 1358]
    h= 520.0: A_max 0.979 @ 1292 nm; Fz_max 0.935 @ 1292; poles with ITO [1141, 1180, 1208, 1269]; no ITO [1155, 1221, 1315, 1378]
    h= 560.0: A_max 0.992 @ 1296 nm; Fz_max 0.949 @ 1300; poles with ITO [1130, 1172, 1229, 1270]; no ITO [1317, 1397]
    h= 600.0: A_max 0.998 @ 1300 nm; Fz_max 0.957 @ 1304; poles with ITO [1135, 1138, 1267]; no ITO [1146, 1160, 1269, 1318]
    h= 640.0: A_max 0.984 @ 1308 nm; Fz_max 0.944 @ 1316; poles with ITO [1144, 1166, 1266, 1301]; no ITO [1152, 1170, 1285]
    h= 680.0: A_max 0.949 @ 1288 nm; Fz_max 0.905 @ 1336; poles with ITO [1106, 1109, 1150, 1181, 1263, 1276, 1327]; no ITO [1111, 1157, 1185, 1273, 1297, 1394]
    h= 720.0: A_max 0.889 @ 1364 nm; Fz_max 0.852 @ 1364; poles with ITO [1123, 1152, 1155, 1192, 1213, 1273, 1285, 1348]; no ITO [1119, 1129, 1161, 1194, 1307]
    h= 760.0: A_max 0.825 @ 1388 nm; Fz_max 0.786 @ 1384; poles with ITO [1142, 1145, 1151, 1160, 1199, 1217, 1292]; no ITO [1150, 1165, 1203, 1315]
    h= 800.0: A_max 0.747 @ 1400 nm; Fz_max 0.708 @ 1396; poles with ITO [1158, 1164, 1205, 1226, 1266, 1298]; no ITO [1165, 1169, 1211, 1269, 1321]
    h= 840.0: A_max 0.675 @ 1384 nm; Fz_max 0.640 @ 1368; poles with ITO [1119, 1168, 1210, 1235, 1300, 1304]; no ITO [1173, 1221, 1295, 1326]
  multipoles (with ITO @ZE): {"ED": 0.4521731829796831, "ED_p_only": 0.09264090237990144, "TD": 0.1408275845074719, "MD": 0.15455103265809406, "EQ": 0.3889185645023272, "MQ": 0.004357219859895585} dominant ED
  reference spectrum: Karimi EDR cuboid (560x500x140, P850)
  reference spectrum: direct-Ez winner (P850,h140,pad86)
  reference spectrum: robust A finalist0 (P800,h200,pad4%)
[stage5] done
