[06:58:51] P0900_H0200_seed029_lam1332p5: it    0/550  F_co=+2.7462  S_ED=12.1208  S_MD=20.0332  bal=0.605  beta=    8.0  lr=0.02000  t=    6.2s
[06:59:51] P0900_H0200_seed029_lam1332p5: it   10/550  F_co=+3.3565  S_ED=22.4371  S_MD=36.6787  bal=0.612  beta=    8.8  lr=0.01998  t=   66.2s
[07:00:50] P0900_H0200_seed029_lam1332p5: it   20/550  F_co=+3.4405  S_ED=24.2445  S_MD=40.1544  bal=0.604  beta=    9.8  lr=0.01993  t=  125.2s
[07:01:48] P0900_H0200_seed029_lam1332p5: it   30/550  F_co=+3.7725  S_ED=34.2362  S_MD=55.2394  bal=0.620  beta=   10.8  lr=0.01985  t=  183.2s
[07:02:47] P0900_H0200_seed029_lam1332p5: it   40/550  F_co=+3.9238  S_ED=39.8676  S_MD=64.2084  bal=0.621  beta=   12.0  lr=0.01974  t=  242.8s
[07:03:47] P0900_H0200_seed029_lam1332p5: it   50/550  F_co=+4.0416  S_ED=45.4578  S_MD=71.2608  bal=0.638  beta=   13.2  lr=0.01959  t=  302.4s
[07:04:47] P0900_H0200_seed029_lam1332p5: it   60/550  F_co=+4.0883  S_ED=47.4085  S_MD=75.0298  bal=0.632  beta=   14.6  lr=0.01942  t=  362.4s
[07:05:47] P0900_H0200_seed029_lam1332p5: it   70/550  F_co=+4.1274  S_ED=49.1354  S_MD=78.2781  bal=0.628  beta=   16.2  lr=0.01921  t=  422.8s
[07:06:46] P0900_H0200_seed029_lam1332p5: it   80/550  F_co=+4.1791  S_ED=52.0417  S_MD=81.9581  bal=0.635  beta=   17.9  lr=0.01897  t=  481.3s
[07:07:48] P0900_H0200_seed029_lam1332p5: it   90/550  F_co=+4.2103  S_ED=53.7190  S_MD=84.5134  bal=0.636  beta=   19.7  lr=0.01871  t=  543.0s
[07:08:50] P0900_H0200_seed029_lam1332p5: it  100/550  F_co=+4.2242  S_ED=55.1480  S_MD=84.6366  bal=0.652  beta=   21.8  lr=0.01841  t=  605.0s
[07:09:51] P0900_H0200_seed029_lam1332p5: it  110/550  F_co=+4.2512  S_ED=57.2313  S_MD=86.0826  bal=0.665  beta=   24.1  lr=0.01809  t=  666.5s
[07:10:52] P0900_H0200_seed029_lam1332p5: it  120/550  F_co=+4.2663  S_ED=58.7908  S_MD=86.3702  bal=0.681  beta=   26.7  lr=0.01774  t=  727.6s
[07:11:50] P0900_H0200_seed029_lam1332p5: it  130/550  F_co=+4.2768  S_ED=61.0851  S_MD=84.8882  bal=0.720  beta=   29.5  lr=0.01737  t=  785.1s
[07:12:49] P0900_H0200_seed029_lam1332p5: it  140/550  F_co=+4.3013  S_ED=62.5927  S_MD=87.0039  bal=0.719  beta=   32.6  lr=0.01697  t=  844.2s
[07:13:49] P0900_H0200_seed029_lam1332p5: it  150/550  F_co=+4.3235  S_ED=65.1653  S_MD=87.3646  bal=0.746  beta=   36.1  lr=0.01655  t=  904.6s
[07:14:48] P0900_H0200_seed029_lam1332p5: it  160/550  F_co=+4.3403  S_ED=66.8632  S_MD=88.0618  bal=0.759  beta=   39.9  lr=0.01611  t=  963.5s
[07:15:48] P0900_H0200_seed029_lam1332p5: it  170/550  F_co=+4.3513  S_ED=68.3579  S_MD=88.0503  bal=0.776  beta=   44.1  lr=0.01564  t= 1023.0s
[07:16:46] P0900_H0200_seed029_lam1332p5: it  180/550  F_co=+4.3722  S_ED=71.1024  S_MD=88.2568  bal=0.806  beta=   48.7  lr=0.01516  t= 1081.4s
[07:17:43] P0900_H0200_seed029_lam1332p5: it  190/550  F_co=+4.3851  S_ED=72.6652  S_MD=88.6243  bal=0.820  beta=   53.9  lr=0.01467  t= 1138.9s
