[09:08:08] P0830_H0175_seed029_lam1332p5: it    0/150  F_co=-3.4549  S_ED=0.5441  S_MD=0.0018  bal=0.003  beta=    1.0  lr=0.02000  t=    1.8s
[09:08:25] P0830_H0175_seed029_lam1332p5: it   10/150  F_co=+1.9589  S_ED=6.4527  S_MD=7.7932  bal=0.828  beta=    1.6  lr=0.01978  t=   18.8s
[09:08:42] P0830_H0175_seed029_lam1332p5: it   20/150  F_co=+3.3723  S_ED=20.1195  S_MD=42.2224  bal=0.477  beta=    2.5  lr=0.01914  t=   36.0s
[09:08:59] P0830_H0175_seed029_lam1332p5: it   30/150  F_co=+3.4011  S_ED=25.5146  S_MD=35.2675  bal=0.723  beta=    4.0  lr=0.01809  t=   53.2s
[09:09:17] P0830_H0175_seed029_lam1332p5: it   40/150  F_co=+3.2224  S_ED=16.8008  S_MD=37.4635  bal=0.448  beta=    6.3  lr=0.01669  t=   70.8s
[09:09:34] P0830_H0175_seed029_lam1332p5: it   50/150  F_co=+3.0524  S_ED=13.5660  S_MD=33.0254  bal=0.411  beta=   10.0  lr=0.01500  t=   88.2s
[09:09:52] P0830_H0175_seed029_lam1332p5: it   60/150  F_co=+3.2565  S_ED=15.5532  S_MD=43.3270  bal=0.359  beta=   15.8  lr=0.01309  t=  106.0s
[09:10:10] P0830_H0175_seed029_lam1332p5: it   70/150  F_co=+3.4089  S_ED=19.6370  S_MD=46.5467  bal=0.422  beta=   25.1  lr=0.01105  t=  123.7s
[09:10:27] P0830_H0175_seed029_lam1332p5: it   80/150  F_co=+3.5740  S_ED=24.3228  S_MD=52.2776  bal=0.465  beta=   39.8  lr=0.00895  t=  141.4s
[09:10:45] P0830_H0175_seed029_lam1332p5: it   90/150  F_co=+3.6128  S_ED=26.0206  S_MD=52.8107  bal=0.493  beta=   63.1  lr=0.00691  t=  158.7s
[09:11:02] P0830_H0175_seed029_lam1332p5: it  100/150  F_co=+3.6394  S_ED=27.4662  S_MD=52.7619  bal=0.521  beta=  100.0  lr=0.00500  t=  176.3s
[09:11:21] P0830_H0175_seed029_lam1332p5: it  110/150  F_co=+3.6577  S_ED=28.5598  S_MD=52.6358  bal=0.543  beta=  158.5  lr=0.00331  t=  194.6s
[09:11:38] P0830_H0175_seed029_lam1332p5: it  120/150  F_co=+3.6816  S_ED=29.7062  S_MD=53.0792  bal=0.560  beta=  251.2  lr=0.00191  t=  212.4s
[09:11:56] P0830_H0175_seed029_lam1332p5: it  130/150  F_co=+3.6935  S_ED=30.5579  S_MD=52.8411  bal=0.578  beta=  398.1  lr=0.00086  t=  230.4s
[09:12:14] P0830_H0175_seed029_lam1332p5: it  140/150  F_co=+3.6961  S_ED=30.8420  S_MD=52.6287  bal=0.586  beta=  631.0  lr=0.00022  t=  248.5s
[09:12:30] P0830_H0175_seed029_lam1332p5: it  149/150  F_co=+3.6982  S_ED=30.9178  S_MD=52.7279  bal=0.586  beta=  955.0  lr=0.00000  t=  264.4s
[09:12:36] P0830_H0175_seed029_lam1332p5: completed after 264s  final(projected)={'F_co': 3.6968941688537598, 'S_ED': 30.894330978393555, 'S_MD': 52.626277923583984, 'balance': 0.5870513916015625}
[09:12:38] P0830_H0175_seed029_lam1332p5: already completed - skipping.
[09:17:13] P0830_H0175_seed029_lam1332p5: already completed - skipping.
[09:21:46] P0830_H0175_seed029_lam1332p5: already completed - skipping.
[09:26:13] P0830_H0175_seed029_lam1332p5: already completed - skipping.
[09:30:47] P0830_H0175_seed029_lam1332p5: already completed - skipping.
[09:35:16] P0830_H0175_seed029_lam1332p5: already completed - skipping.
[09:39:40] P0830_H0175_seed029_lam1332p5: already completed - skipping.
