[09:38:53] P0870_H0200_seed047_lam1332p5: it    0/150  F_co=-4.8456  S_ED=0.5120  S_MD=0.0001  bal=0.000  beta=    1.0  lr=0.02000  t=    1.9s
[09:39:10] P0870_H0200_seed047_lam1332p5: it   10/150  F_co=+0.8512  S_ED=2.6942  S_MD=2.0365  bal=0.756  beta=    1.6  lr=0.01978  t=   18.8s
[09:39:26] P0870_H0200_seed047_lam1332p5: it   20/150  F_co=+1.1620  S_ED=3.0421  S_MD=3.3584  bal=0.906  beta=    2.5  lr=0.01914  t=   35.6s
[09:39:43] P0870_H0200_seed047_lam1332p5: it   30/150  F_co=+1.3607  S_ED=3.6782  S_MD=4.1328  bal=0.890  beta=    4.0  lr=0.01809  t=   52.7s
[09:40:00] P0870_H0200_seed047_lam1332p5: it   40/150  F_co=+1.6966  S_ED=5.0249  S_MD=5.9226  bal=0.848  beta=    6.3  lr=0.01669  t=   69.7s
[09:40:18] P0870_H0200_seed047_lam1332p5: it   50/150  F_co=+1.6822  S_ED=4.9280  S_MD=5.8672  bal=0.840  beta=   10.0  lr=0.01500  t=   87.0s
[09:40:35] P0870_H0200_seed047_lam1332p5: it   60/150  F_co=+1.7006  S_ED=5.0172  S_MD=5.9799  bal=0.839  beta=   15.8  lr=0.01309  t=  104.4s
[09:40:53] P0870_H0200_seed047_lam1332p5: it   70/150  F_co=+1.7046  S_ED=5.0387  S_MD=6.0011  bal=0.840  beta=   25.1  lr=0.01105  t=  122.1s
[09:41:10] P0870_H0200_seed047_lam1332p5: it   80/150  F_co=+1.7046  S_ED=5.0389  S_MD=6.0020  bal=0.840  beta=   39.8  lr=0.00895  t=  139.3s
[09:41:27] P0870_H0200_seed047_lam1332p5: it   90/150  F_co=+1.7056  S_ED=5.0425  S_MD=6.0096  bal=0.839  beta=   63.1  lr=0.00691  t=  156.4s
[09:41:44] P0870_H0200_seed047_lam1332p5: it  100/150  F_co=+1.7059  S_ED=5.0434  S_MD=6.0122  bal=0.839  beta=  100.0  lr=0.00500  t=  173.5s
[09:42:02] P0870_H0200_seed047_lam1332p5: it  110/150  F_co=+1.7062  S_ED=5.0442  S_MD=6.0146  bal=0.839  beta=  158.5  lr=0.00331  t=  190.9s
[09:42:19] P0870_H0200_seed047_lam1332p5: it  120/150  F_co=+1.7064  S_ED=5.0449  S_MD=6.0163  bal=0.839  beta=  251.2  lr=0.00191  t=  208.5s
[09:42:37] P0870_H0200_seed047_lam1332p5: it  130/150  F_co=+1.7065  S_ED=5.0453  S_MD=6.0168  bal=0.839  beta=  398.1  lr=0.00086  t=  226.0s
[09:42:54] P0870_H0200_seed047_lam1332p5: it  140/150  F_co=+1.7066  S_ED=5.0456  S_MD=6.0172  bal=0.839  beta=  631.0  lr=0.00022  t=  243.6s
[09:43:10] P0870_H0200_seed047_lam1332p5: it  149/150  F_co=+1.7065  S_ED=5.0455  S_MD=6.0170  bal=0.839  beta=  955.0  lr=0.00000  t=  259.4s
[09:43:15] P0870_H0200_seed047_lam1332p5: completed after 259s  final(projected)={'F_co': 1.706580400466919, 'S_ED': 5.04565954208374, 'S_MD': 6.017262935638428, 'balance': 0.8385306596755981}
[09:43:18] P0870_H0200_seed047_lam1332p5: already completed - skipping.
[09:48:01] P0870_H0200_seed047_lam1332p5: already completed - skipping.
[09:52:29] P0870_H0200_seed047_lam1332p5: already completed - skipping.
