=== baseline final3: P=825.0 h=525.0
[cert final3] lambda_r=1271.1169257725505 Q_r=219.61097193271746 eta_Dz(lambda_E)=0.11140471805054879 U_mid=17.088083058480457 (2224 s)
=== baseline final1: P=825.0 h=575.0
[cert final1] lambda_r=None Q_r=None eta_Dz(lambda_E)=0.10053657250275475 U_mid=18.47745635389443 (1312 s)
=== baseline final0: P=825.0 h=600.0
Traceback (most recent call last):
  File "/home/user/ENZ/enz_jz_inverse_design/qdz_parent/baselines.py", line 78, in <module>
    main()
  File "/home/user/ENZ/enz_jz_inverse_design/qdz_parent/baselines.py", line 59, in main
    r = cp.certify(rho, P, h, name, OUT / name, orders=orders, n_z=9)
        ^^^^^^^^^^^^^^^^^^^^^^^^^^^^^^^^^^^^^^^^^^^^^^^^^^^^^^^^^^^^^
  File "/home/user/ENZ/enz_jz_inverse_design/qdz_parent/certify_parent.py", line 105, in certify
    res["local_refine"] = pp.refine_pole(rho, P, h, order_c, near, ray=pk["rayleigh"])
                          ^^^^^^^^^^^^^^^^^^^^^^^^^^^^^^^^^^^^^^^^^^^^^^^^^^^^^^^^^^^^
  File "/home/user/ENZ/enz_jz_inverse_design/qdz_parent/poles_parent.py", line 56, in refine_pole
    r, t, R, T = parent_rt(rho, P, h, lams, order)
                 ^^^^^^^^^^^^^^^^^^^^^^^^^^^^^^^^^
  File "/home/user/ENZ/enz_jz_inverse_design/qdz_parent/poles_parent.py", line 32, in parent_rt
    sim = fwd.build_sim(rho, P, h, float(lam), order, with_ito=False)
          ^^^^^^^^^^^^^^^^^^^^^^^^^^^^^^^^^^^^^^^^^^^^^^^^^^^^^^^^^^^
  File "/home/user/ENZ/enz_jz_inverse_design/forward.py", line 127, in build_sim
    n_glass = mat.n_glass(lam) if n_glass is None else n_glass
              ^^^^^^^^^^^^^^^^
  File "/home/user/ENZ/enz_jz_inverse_design/materials.py", line 159, in n_glass
    raise ValueError(f"glass k = {nk.imag:g} at {lam} nm is not zero; a lossy "
ValueError: glass k = 1.10541e-06 at 350.6543468862367 nm is not zero; a lossy semi-infinite substrate is outside this model
