[fr_Q200_final1_h700] it   0 eta=0.00513 Q=    94.5 lam_r= 1309.13 u= 0.114 | L_obj=+5.272 L_Q=1.183 L_lam=0.226 L_sh=0.2728 L=+7.499 | U_mid=108.40 R=0.935 fitres=3.72e-03 |g|=3.29e+00 bin=0.240 t=5s
[fr_Q200_final1_h700] it   1 eta=0.01093 Q=   104.7 lam_r= 1301.30 u= 0.267 | L_obj=+4.516 L_Q=0.436 L_lam=0.026 L_sh=0.0491 L=+5.126 | U_mid=183.05 R=0.917 fitres=3.86e-04 |g|=1.26e-01 bin=0.241 t=9s
[fr_Q200_final1_h700] it   2 eta=0.01982 Q=    96.8 lam_r= 1296.11 u= 0.126 | L_obj=+3.921 L_Q=1.073 L_lam=0.231 L_sh=0.2409 L=+5.948 | U_mid=108.64 R=0.709 fitres=2.17e-03 |g|=1.65e+00 bin=0.238 t=13s
[fr_Q200_final1_h700] it   3 eta=0.02486 Q=    98.2 lam_r= 1292.57 u= 0.076 | L_obj=+3.695 L_Q=1.622 L_lam=0.207 L_sh=0.2491 L=+6.271 | U_mid=81.96 R=0.650 fitres=1.92e-03 |g|=1.04e+00 bin=0.231 t=16s
[fr_Q200_final1_h700] it   4 eta=0.02754 Q=   106.5 lam_r= 1290.43 u= 0.059 | L_obj=+3.592 L_Q=1.846 L_lam=0.185 L_sh=0.2280 L=+6.308 | U_mid=72.61 R=0.620 fitres=1.64e-03 |g|=6.82e-01 bin=0.223 t=20s
[fr_Q200_final1_h700] it   5 eta=0.02840 Q=   106.4 lam_r= 1290.08 u= 0.056 | L_obj=+3.561 L_Q=1.883 L_lam=0.179 L_sh=0.2113 L=+6.257 | U_mid=70.99 R=0.602 fitres=1.48e-03 |g|=6.46e-01 bin=0.213 t=24s
[fr_Q200_final1_h700] it   6 eta=0.02781 Q=    97.1 lam_r= 1291.25 u= 0.063 | L_obj=+3.582 L_Q=1.791 L_lam=0.183 L_sh=0.1993 L=+6.155 | U_mid=74.58 R=0.589 fitres=1.41e-03 |g|=8.00e-01 bin=0.202 t=27s
[fr_Q200_final1_h700] it   7 eta=0.02553 Q=    90.3 lam_r= 1293.64 u= 0.083 | L_obj=+3.668 L_Q=1.534 L_lam=0.195 L_sh=0.1861 L=+5.956 | U_mid=85.35 R=0.584 fitres=1.37e-03 |g|=1.21e+00 bin=0.191 t=31s
[fr_Q200_final1_h700] it   8 eta=0.02103 Q=    90.9 lam_r= 1296.88 u= 0.131 | L_obj=+3.862 L_Q=1.035 L_lam=0.190 L_sh=0.1482 L=+5.531 | U_mid=111.04 R=0.608 fitres=1.23e-03 |g|=1.43e+00 bin=0.180 t=34s
[fr_Q200_final1_h700] it   9 eta=0.01523 Q=    95.5 lam_r= 1300.24 u= 0.209 | L_obj=+4.184 L_Q=0.614 L_lam=0.069 L_sh=0.0601 L=+5.048 | U_mid=152.80 R=0.723 fitres=4.48e-04 |g|=7.01e-01 bin=0.168 t=38s
[fr_Q200_final1_h700] it  10 eta=0.01237 Q=    96.2 lam_r= 1302.03 u= 0.231 | L_obj=+4.393 L_Q=0.536 L_lam=0.001 L_sh=0.0318 L=+5.026 | U_mid=164.73 R=0.814 fitres=3.25e-04 |g|=7.58e-01 bin=0.157 t=41s
[fr_Q200_final1_h700] it  11 eta=0.01154 Q=    95.5 lam_r= 1302.73 u= 0.227 | L_obj=+4.462 L_Q=0.549 L_lam=0.004 L_sh=0.0316 L=+5.110 | U_mid=162.40 R=0.840 fitres=5.52e-04 |g|=1.41e+00 bin=0.145 t=45s
[fr_Q200_final1_h700] it  12 eta=0.01224 Q=    94.7 lam_r= 1302.46 u= 0.224 | L_obj=+4.403 L_Q=0.559 L_lam=0.001 L_sh=0.0294 L=+5.051 | U_mid=160.40 R=0.801 fitres=4.04e-04 |g|=1.13e+00 bin=0.134 t=48s
[fr_Q200_final1_h700] it  13 eta=0.01390 Q=    93.7 lam_r= 1301.63 u= 0.217 | L_obj=+4.276 L_Q=0.583 L_lam=0.007 L_sh=0.0306 L=+4.958 | U_mid=156.11 R=0.718 fitres=1.22e-04 |g|=3.84e-01 bin=0.123 t=52s
[fr_Q200_final1_h700] it  14 eta=0.01593 Q=    92.0 lam_r= 1300.69 u= 0.201 | L_obj=+4.139 L_Q=0.645 L_lam=0.039 L_sh=0.0398 L=+4.942 | U_mid=147.14 R=0.632 fitres=2.29e-04 |g|=3.28e-01 bin=0.113 t=56s
[fr_Q200_final1_h700] it  15 eta=0.01740 Q=    90.4 lam_r= 1300.08 u= 0.186 | L_obj=+4.051 L_Q=0.706 L_lam=0.064 L_sh=0.0470 L=+4.962 | U_mid=139.53 R=0.582 fitres=3.48e-04 |g|=6.28e-01 bin=0.103 t=59s
[fr_Q200_final1_h700] it  16 eta=0.01797 Q=    89.7 lam_r= 1299.92 u= 0.181 | L_obj=+4.019 L_Q=0.729 L_lam=0.069 L_sh=0.0470 L=+4.958 | U_mid=136.94 R=0.565 fitres=3.56e-04 |g|=6.73e-01 bin=0.095 t=63s
[fr_Q200_final1_h700] it  17 eta=0.01778 Q=    89.7 lam_r= 1300.13 u= 0.184 | L_obj=+4.030 L_Q=0.715 L_lam=0.060 L_sh=0.0416 L=+4.929 | U_mid=138.61 R=0.570 fitres=3.00e-04 |g|=5.68e-01 bin=0.086 t=67s
[fr_Q200_final1_h700] it  18 eta=0.01706 Q=    90.2 lam_r= 1300.58 u= 0.192 | L_obj=+4.071 L_Q=0.680 L_lam=0.040 L_sh=0.0336 L=+4.892 | U_mid=142.88 R=0.594 fitres=2.04e-04 |g|=3.33e-01 bin=0.079 t=70s
[fr_Q200_final1_h700] it  19 eta=0.01616 Q=    90.7 lam_r= 1301.14 u= 0.200 | L_obj=+4.125 L_Q=0.646 L_lam=0.020 L_sh=0.0263 L=+4.870 | U_mid=147.34 R=0.631 fitres=9.87e-05 |g|=8.63e-02 bin=0.072 t=74s
[fr_Q200_final1_h700] it  20 eta=0.01540 Q=    91.1 lam_r= 1301.63 u= 0.206 | L_obj=+4.173 L_Q=0.626 L_lam=0.007 L_sh=0.0216 L=+4.871 | U_mid=150.28 R=0.668 fitres=6.02e-05 |g|=3.50e-01 bin=0.066 t=78s
[fr_Q200_final1_h700] it  21 eta=0.01502 Q=    91.3 lam_r= 1301.91 u= 0.208 | L_obj=+4.198 L_Q=0.618 L_lam=0.002 L_sh=0.0193 L=+4.876 | U_mid=151.56 R=0.691 fitres=9.03e-05 |g|=5.46e-01 bin=0.060 t=81s
[fr_Q200_final1_h700] it  22 eta=0.01514 Q=    91.4 lam_r= 1301.92 u= 0.208 | L_obj=+4.190 L_Q=0.616 L_lam=0.002 L_sh=0.0182 L=+4.863 | U_mid=151.83 R=0.693 fitres=8.52e-05 |g|=5.43e-01 bin=0.055 t=85s
[fr_Q200_final1_h700] it  23 eta=0.01577 Q=    91.3 lam_r= 1301.64 u= 0.207 | L_obj=+4.150 L_Q=0.622 L_lam=0.007 L_sh=0.0180 L=+4.832 | U_mid=151.10 R=0.672 fitres=5.02e-05 |g|=3.52e-01 bin=0.051 t=89s
[fr_Q200_final1_h700] it  24 eta=0.01677 Q=    91.1 lam_r= 1301.17 u= 0.202 | L_obj=+4.088 L_Q=0.638 L_lam=0.019 L_sh=0.0195 L=+4.804 | U_mid=148.74 R=0.638 fitres=7.32e-05 |g|=1.01e-01 bin=0.046 t=93s
[fr_Q200_final1_h700] it  25 eta=0.01779 Q=    90.8 lam_r= 1300.71 u= 0.196 | L_obj=+4.029 L_Q=0.663 L_lam=0.036 L_sh=0.0217 L=+4.793 | U_mid=145.47 R=0.607 fitres=1.27e-04 |g|=2.21e-01 bin=0.042 t=96s
[fr_Q200_final1_h700] it  26 eta=0.01850 Q=    90.7 lam_r= 1300.41 u= 0.192 | L_obj=+3.990 L_Q=0.681 L_lam=0.049 L_sh=0.0230 L=+4.789 | U_mid=143.16 R=0.590 fitres=1.56e-04 |g|=3.46e-01 bin=0.039 t=100s
[fr_Q200_final1_h700] it  27 eta=0.01876 Q=    90.8 lam_r= 1300.33 u= 0.192 | L_obj=+3.976 L_Q=0.683 L_lam=0.053 L_sh=0.0225 L=+4.779 | U_mid=142.98 R=0.589 fitres=1.57e-04 |g|=3.73e-01 bin=0.036 t=103s
[fr_Q200_final1_h700] it  28 eta=0.01864 Q=    91.3 lam_r= 1300.44 u= 0.195 | L_obj=+3.982 L_Q=0.669 L_lam=0.049 L_sh=0.0204 L=+4.761 | U_mid=144.76 R=0.600 fitres=1.39e-04 |g|=3.28e-01 bin=0.033 t=107s
[fr_Q200_final1_h700] it  29 eta=0.01829 Q=    92.0 lam_r= 1300.65 u= 0.200 | L_obj=+4.001 L_Q=0.646 L_lam=0.041 L_sh=0.0177 L=+4.741 | U_mid=147.66 R=0.618 fitres=1.11e-04 |g|=2.39e-01 bin=0.030 t=111s
[fr_Q200_final1_h700] it  30 eta=0.01783 Q=    92.8 lam_r= 1300.91 u= 0.207 | L_obj=+4.027 L_Q=0.621 L_lam=0.031 L_sh=0.0150 L=+4.723 | U_mid=150.94 R=0.640 fitres=8.03e-05 |g|=1.37e-01 bin=0.027 t=114s
[fr_Q200_final1_h700] it  31 eta=0.01740 Q=    93.5 lam_r= 1301.16 u= 0.213 | L_obj=+4.051 L_Q=0.599 L_lam=0.021 L_sh=0.0126 L=+4.710 | U_mid=153.97 R=0.663 fitres=5.29e-05 |g|=1.10e-01 bin=0.025 t=117s
[fr_Q200_final1_h700] it  32 eta=0.01709 Q=    94.1 lam_r= 1301.36 u= 0.217 | L_obj=+4.069 L_Q=0.582 L_lam=0.015 L_sh=0.0117 L=+4.702 | U_mid=156.39 R=0.682 fitres=3.79e-05 |g|=1.76e-01 bin=0.023 t=121s
[fr_Q200_final1_h700] it  33 eta=0.01695 Q=    94.7 lam_r= 1301.46 u= 0.221 | L_obj=+4.077 L_Q=0.570 L_lam=0.013 L_sh=0.0112 L=+4.693 | U_mid=158.15 R=0.695 fitres=3.33e-05 |g|=2.23e-01 bin=0.021 t=125s
[fr_Q200_final1_h700] it  34 eta=0.01699 Q=    95.3 lam_r= 1301.47 u= 0.224 | L_obj=+4.075 L_Q=0.561 L_lam=0.012 L_sh=0.0111 L=+4.681 | U_mid=159.35 R=0.700 fitres=3.36e-05 |g|=2.25e-01 bin=0.020 t=128s
[fr_Q200_final1_h700] it  35 eta=0.01718 Q=    95.9 lam_r= 1301.41 u= 0.226 | L_obj=+4.064 L_Q=0.554 L_lam=0.015 L_sh=0.0113 L=+4.667 | U_mid=160.07 R=0.700 fitres=3.61e-05 |g|=1.89e-01 bin=0.018 t=132s
[fr_Q200_final1_h700] it  36 eta=0.01747 Q=    96.4 lam_r= 1301.29 u= 0.227 | L_obj=+4.047 L_Q=0.549 L_lam=0.019 L_sh=0.0119 L=+4.652 | U_mid=160.43 R=0.695 fitres=4.32e-05 |g|=1.42e-01 bin=0.016 t=135s
[fr_Q200_final1_h700] it  37 eta=0.01776 Q=    97.0 lam_r= 1301.17 u= 0.229 | L_obj=+4.031 L_Q=0.545 L_lam=0.024 L_sh=0.0125 L=+4.637 | U_mid=160.67 R=0.690 fitres=5.41e-05 |g|=1.29e-01 bin=0.015 t=139s
[fr_Q200_final1_h700] it  38 eta=0.01800 Q=    97.7 lam_r= 1301.08 u= 0.231 | L_obj=+4.018 L_Q=0.538 L_lam=0.029 L_sh=0.0131 L=+4.624 | U_mid=161.15 R=0.687 fitres=6.39e-05 |g|=1.53e-01 bin=0.014 t=142s
[fr_Q200_final1_h700] it  39 eta=0.01812 Q=    98.6 lam_r= 1301.04 u= 0.234 | L_obj=+4.011 L_Q=0.527 L_lam=0.032 L_sh=0.0133 L=+4.610 | U_mid=162.18 R=0.688 fitres=6.87e-05 |g|=1.76e-01 bin=0.013 t=146s
[fr_Q200_final1_h700] it  40 eta=0.01812 Q=    99.6 lam_r= 1301.07 u= 0.239 | L_obj=+4.011 L_Q=0.512 L_lam=0.032 L_sh=0.0132 L=+4.594 | U_mid=163.88 R=0.693 fitres=6.70e-05 |g|=1.80e-01 bin=0.012 t=150s
[fr_Q200_final1_h700] it  41 eta=0.01802 Q=   100.7 lam_r= 1301.14 u= 0.246 | L_obj=+4.016 L_Q=0.493 L_lam=0.030 L_sh=0.0127 L=+4.577 | U_mid=166.16 R=0.701 fitres=5.99e-05 |g|=1.65e-01 bin=0.011 t=154s
[fr_Q200_final1_h700] it  42 eta=0.01787 Q=   102.0 lam_r= 1301.23 u= 0.253 | L_obj=+4.025 L_Q=0.473 L_lam=0.027 L_sh=0.0121 L=+4.561 | U_mid=168.72 R=0.710 fitres=5.11e-05 |g|=1.46e-01 bin=0.010 t=158s
[fr_Q200_final1_h700] it  43 eta=0.01772 Q=   103.2 lam_r= 1301.32 u= 0.260 | L_obj=+4.033 L_Q=0.454 L_lam=0.024 L_sh=0.0115 L=+4.545 | U_mid=171.21 R=0.719 fitres=4.66e-05 |g|=1.41e-01 bin=0.009 t=161s
[fr_Q200_final1_h700] it  44 eta=0.01762 Q=   104.4 lam_r= 1301.38 u= 0.266 | L_obj=+4.039 L_Q=0.437 L_lam=0.022 L_sh=0.0110 L=+4.531 | U_mid=173.38 R=0.725 fitres=4.80e-05 |g|=1.49e-01 bin=0.008 t=165s
[fr_Q200_final1_h700] it  45 eta=0.01759 Q=   105.5 lam_r= 1301.41 u= 0.272 | L_obj=+4.040 L_Q=0.423 L_lam=0.021 L_sh=0.0108 L=+4.517 | U_mid=175.16 R=0.728 fitres=5.17e-05 |g|=1.52e-01 bin=0.007 t=169s
[fr_Q200_final1_h700] it  46 eta=0.01762 Q=   106.6 lam_r= 1301.41 u= 0.278 | L_obj=+4.039 L_Q=0.410 L_lam=0.022 L_sh=0.0107 L=+4.503 | U_mid=176.61 R=0.728 fitres=5.47e-05 |g|=1.49e-01 bin=0.007 t=172s
[fr_Q200_final1_h700] it  47 eta=0.01767 Q=   107.6 lam_r= 1301.40 u= 0.283 | L_obj=+4.036 L_Q=0.398 L_lam=0.024 L_sh=0.0108 L=+4.489 | U_mid=177.87 R=0.727 fitres=5.72e-05 |g|=1.45e-01 bin=0.006 t=176s
[fr_Q200_final1_h700] it  48 eta=0.01773 Q=   108.7 lam_r= 1301.40 u= 0.289 | L_obj=+4.033 L_Q=0.386 L_lam=0.025 L_sh=0.0108 L=+4.475 | U_mid=179.08 R=0.726 fitres=6.00e-05 |g|=1.45e-01 bin=0.006 t=180s
[fr_Q200_final1_h700] it  49 eta=0.01777 Q=   109.8 lam_r= 1301.40 u= 0.295 | L_obj=+4.030 L_Q=0.374 L_lam=0.026 L_sh=0.0107 L=+4.462 | U_mid=180.31 R=0.726 fitres=6.38e-05 |g|=1.47e-01 bin=0.005 t=183s
[fr_Q200_final1_h700] it  50 eta=0.01779 Q=   110.9 lam_r= 1301.41 u= 0.301 | L_obj=+4.029 L_Q=0.361 L_lam=0.026 L_sh=0.0106 L=+4.448 | U_mid=181.60 R=0.726 fitres=6.90e-05 |g|=1.49e-01 bin=0.005 t=187s
[fr_Q200_final1_h700] it  51 eta=0.01781 Q=   112.0 lam_r= 1301.42 u= 0.307 | L_obj=+4.028 L_Q=0.349 L_lam=0.026 L_sh=0.0105 L=+4.435 | U_mid=182.87 R=0.726 fitres=7.45e-05 |g|=1.41e-01 bin=0.004 t=191s
[fr_Q200_final1_h700] it  52 eta=0.01786 Q=   113.1 lam_r= 1301.41 u= 0.312 | L_obj=+4.025 L_Q=0.339 L_lam=0.028 L_sh=0.0105 L=+4.423 | U_mid=183.91 R=0.725 fitres=7.73e-05 |g|=1.28e-01 bin=0.004 t=195s
[fr_Q200_final1_h700] it  53 eta=0.01796 Q=   114.0 lam_r= 1301.39 u= 0.316 | L_obj=+4.020 L_Q=0.331 L_lam=0.030 L_sh=0.0107 L=+4.413 | U_mid=184.62 R=0.722 fitres=7.65e-05 |g|=1.20e-01 bin=0.003 t=199s
[fr_Q200_final1_h700] it  54 eta=0.01806 Q=   114.7 lam_r= 1301.35 u= 0.320 | L_obj=+4.014 L_Q=0.325 L_lam=0.034 L_sh=0.0110 L=+4.405 | U_mid=185.09 R=0.720 fitres=7.47e-05 |g|=1.28e-01 bin=0.003 t=202s
[fr_Q200_final1_h700] it  55 eta=0.01815 Q=   115.3 lam_r= 1301.33 u= 0.323 | L_obj=+4.009 L_Q=0.320 L_lam=0.036 L_sh=0.0112 L=+4.398 | U_mid=185.51 R=0.718 fitres=7.44e-05 |g|=1.44e-01 bin=0.003 t=206s
[fr_Q200_final1_h700] it  56 eta=0.01819 Q=   115.9 lam_r= 1301.32 u= 0.326 | L_obj=+4.007 L_Q=0.314 L_lam=0.037 L_sh=0.0112 L=+4.392 | U_mid=186.10 R=0.717 fitres=7.59e-05 |g|=1.54e-01 bin=0.002 t=210s
[fr_Q200_final1_h700] it  57 eta=0.01818 Q=   116.5 lam_r= 1301.34 u= 0.330 | L_obj=+4.008 L_Q=0.308 L_lam=0.036 L_sh=0.0110 L=+4.385 | U_mid=186.95 R=0.719 fitres=7.92e-05 |g|=1.49e-01 bin=0.002 t=213s
[fr_Q200_final1_h700] it  58 eta=0.01812 Q=   117.1 lam_r= 1301.38 u= 0.333 | L_obj=+4.011 L_Q=0.302 L_lam=0.034 L_sh=0.0107 L=+4.379 | U_mid=188.01 R=0.721 fitres=8.53e-05 |g|=1.37e-01 bin=0.002 t=217s
[fr_Q200_final1_h700] it  59 eta=0.01804 Q=   117.6 lam_r= 1301.42 u= 0.337 | L_obj=+4.015 L_Q=0.295 L_lam=0.032 L_sh=0.0103 L=+4.373 | U_mid=189.10 R=0.724 fitres=9.49e-05 |g|=1.20e-01 bin=0.002 t=220s
[fr_Q200_final1_h700] it  60 eta=0.01797 Q=   118.1 lam_r= 1301.46 u= 0.341 | L_obj=+4.019 L_Q=0.290 L_lam=0.030 L_sh=0.0099 L=+4.369 | U_mid=190.02 R=0.727 fitres=1.06e-04 |g|=1.08e-01 bin=0.001 t=224s
[fr_Q200_final1_h700] it  61 eta=0.01790 Q=   118.4 lam_r= 1301.50 u= 0.343 | L_obj=+4.023 L_Q=0.286 L_lam=0.027 L_sh=0.0096 L=+4.365 | U_mid=190.73 R=0.729 fitres=1.17e-04 |g|=1.19e-01 bin=0.001 t=227s
[fr_Q200_final1_h700] it  62 eta=0.01785 Q=   118.8 lam_r= 1301.53 u= 0.346 | L_obj=+4.026 L_Q=0.282 L_lam=0.026 L_sh=0.0093 L=+4.361 | U_mid=191.33 R=0.730 fitres=1.28e-04 |g|=1.39e-01 bin=0.001 t=231s
[fr_Q200_final1_h700] it  63 eta=0.01782 Q=   119.1 lam_r= 1301.55 u= 0.348 | L_obj=+4.027 L_Q=0.278 L_lam=0.024 L_sh=0.0091 L=+4.357 | U_mid=191.84 R=0.731 fitres=1.37e-04 |g|=1.52e-01 bin=0.001 t=234s
[fr_Q200_final1_h700] it  64 eta=0.01782 Q=   119.4 lam_r= 1301.56 u= 0.350 | L_obj=+4.028 L_Q=0.275 L_lam=0.024 L_sh=0.0090 L=+4.354 | U_mid=192.24 R=0.731 fitres=1.42e-04 |g|=1.52e-01 bin=0.001 t=238s
[fr_Q200_final1_h700] it  65 eta=0.01783 Q=   119.8 lam_r= 1301.56 u= 0.352 | L_obj=+4.027 L_Q=0.273 L_lam=0.024 L_sh=0.0090 L=+4.351 | U_mid=192.54 R=0.730 fitres=1.42e-04 |g|=1.48e-01 bin=0.001 t=242s
[fr_Q200_final1_h700] it  66 eta=0.01786 Q=   120.1 lam_r= 1301.55 u= 0.354 | L_obj=+4.025 L_Q=0.270 L_lam=0.025 L_sh=0.0091 L=+4.348 | U_mid=192.81 R=0.729 fitres=1.41e-04 |g|=1.50e-01 bin=0.001 t=245s
[fr_Q200_final1_h700] it  67 eta=0.01789 Q=   120.4 lam_r= 1301.54 u= 0.355 | L_obj=+4.024 L_Q=0.268 L_lam=0.026 L_sh=0.0092 L=+4.345 | U_mid=193.02 R=0.728 fitres=1.40e-04 |g|=1.51e-01 bin=0.001 t=248s
[fr_Q200_final1_h700] it  68 eta=0.01792 Q=   120.6 lam_r= 1301.53 u= 0.356 | L_obj=+4.022 L_Q=0.266 L_lam=0.027 L_sh=0.0093 L=+4.343 | U_mid=193.13 R=0.727 fitres=1.37e-04 |g|=1.45e-01 bin=0.001 t=252s
[fr_Q200_final1_h700] it  69 eta=0.01796 Q=   120.8 lam_r= 1301.51 u= 0.357 | L_obj=+4.019 L_Q=0.265 L_lam=0.029 L_sh=0.0094 L=+4.341 | U_mid=193.18 R=0.725 fitres=1.33e-04 |g|=1.50e-01 bin=0.001 t=255s
[fr_Q200_final1_h700] it  70 eta=0.01799 Q=   121.0 lam_r= 1301.50 u= 0.358 | L_obj=+4.018 L_Q=0.264 L_lam=0.029 L_sh=0.0095 L=+4.339 | U_mid=193.27 R=0.724 fitres=1.31e-04 |g|=1.84e-01 bin=0.001 t=259s
[fr_Q200_final1_h700] it  71 eta=0.01800 Q=   121.2 lam_r= 1301.50 u= 0.359 | L_obj=+4.017 L_Q=0.262 L_lam=0.030 L_sh=0.0095 L=+4.337 | U_mid=193.50 R=0.724 fitres=1.31e-04 |g|=2.42e-01 bin=0.001 t=262s
[fr_Q200_final1_h700] it  72 eta=0.01799 Q=   121.5 lam_r= 1301.51 u= 0.361 | L_obj=+4.018 L_Q=0.259 L_lam=0.030 L_sh=0.0094 L=+4.335 | U_mid=193.89 R=0.724 fitres=1.34e-04 |g|=3.06e-01 bin=0.001 t=266s
[fr_Q200_final1_h700] it  73 eta=0.01797 Q=   121.9 lam_r= 1301.52 u= 0.363 | L_obj=+4.019 L_Q=0.256 L_lam=0.029 L_sh=0.0093 L=+4.332 | U_mid=194.39 R=0.724 fitres=1.40e-04 |g|=3.55e-01 bin=0.001 t=269s
[fr_Q200_final1_h700] it  74 eta=0.01794 Q=   122.2 lam_r= 1301.53 u= 0.366 | L_obj=+4.021 L_Q=0.253 L_lam=0.029 L_sh=0.0092 L=+4.330 | U_mid=194.86 R=0.724 fitres=1.47e-04 |g|=3.89e-01 bin=0.001 t=273s
[fr_Q200_final1_h700] it  75 eta=0.01792 Q=   122.5 lam_r= 1301.54 u= 0.367 | L_obj=+4.022 L_Q=0.251 L_lam=0.028 L_sh=0.0091 L=+4.328 | U_mid=195.20 R=0.724 fitres=1.52e-04 |g|=4.15e-01 bin=0.001 t=277s
[fr_Q200_final1_h700] it  76 eta=0.01792 Q=   122.7 lam_r= 1301.55 u= 0.369 | L_obj=+4.022 L_Q=0.249 L_lam=0.028 L_sh=0.0090 L=+4.326 | U_mid=195.42 R=0.724 fitres=1.55e-04 |g|=4.36e-01 bin=0.001 t=280s
[fr_Q200_final1_h700] it  77 eta=0.01792 Q=   122.8 lam_r= 1301.55 u= 0.370 | L_obj=+4.022 L_Q=0.248 L_lam=0.028 L_sh=0.0090 L=+4.324 | U_mid=195.54 R=0.724 fitres=1.57e-04 |g|=4.52e-01 bin=0.001 t=284s
[fr_Q200_final1_h700] it  78 eta=0.01793 Q=   122.9 lam_r= 1301.55 u= 0.370 | L_obj=+4.022 L_Q=0.247 L_lam=0.028 L_sh=0.0090 L=+4.324 | U_mid=195.59 R=0.723 fitres=1.57e-04 |g|=4.66e-01 bin=0.001 t=287s
[fr_Q200_final1_h700] it  79 eta=0.01793 Q=   122.9 lam_r= 1301.55 u= 0.370 | L_obj=+4.021 L_Q=0.247 L_lam=0.028 L_sh=0.0090 L=+4.323 | U_mid=195.62 R=0.723 fitres=1.57e-04 |g|=4.79e-01 bin=0.001 t=291s
[fr_Q200_final1_h700] done: eta_soft=0.01817 eta_hard=0.01819 Q_hard=122.97441973286473 lam_hard=1301.5334112129958 u=0.370 U_mid=180.26 fill=0.282 wall=295s
