[fr_Q100_final3_h640] it   0 eta=0.01027 Q=    91.8 lam_r= 1303.82 u= 0.807 | L_obj=+4.578 L_Q=0.011 L_lam=0.145 L_sh=0.0168 L=+4.785 | U_mid=167.04 R=0.946 fitres=7.45e-03 |g|=2.12e+00 bin=0.242 t=5s
[fr_Q100_final3_h640] it   1 eta=0.01592 Q=    61.2 lam_r= 1294.21 u= 0.235 | L_obj=+4.140 L_Q=0.525 L_lam=0.345 L_sh=0.2389 L=+5.726 | U_mid=119.90 R=0.904 fitres=6.27e-02 |g|=5.65e+00 bin=0.245 t=10s
[fr_Q100_final3_h640] it   2 eta=0.01276 Q=    94.3 lam_r= 1301.55 u= 0.878 | L_obj=+4.361 L_Q=0.004 L_lam=0.040 L_sh=0.0039 L=+4.417 | U_mid=172.97 R=0.998 fitres=5.17e-03 |g|=4.41e-01 bin=0.236 t=14s
[fr_Q100_final3_h640] it   3 eta=0.01152 Q=    92.7 lam_r= 1304.31 u= 0.796 | L_obj=+4.463 L_Q=0.013 L_lam=0.246 L_sh=0.0309 L=+4.815 | U_mid=159.47 R=0.932 fitres=1.15e-02 |g|=2.56e+00 bin=0.228 t=19s
[fr_Q100_final3_h640] it   4 eta=0.01273 Q=    96.1 lam_r= 1303.15 u= 0.910 | L_obj=+4.364 L_Q=0.002 L_lam=0.059 L_sh=0.0053 L=+4.442 | U_mid=171.14 R=0.980 fitres=5.85e-03 |g|=1.70e+00 bin=0.220 t=25s
[fr_Q100_final3_h640] it   5 eta=0.01593 Q=    97.7 lam_r= 1300.71 u= 0.902 | L_obj=+4.140 L_Q=0.003 L_lam=0.190 L_sh=0.0181 L=+4.387 | U_mid=164.77 R=0.979 fitres=6.10e-03 |g|=1.47e+00 bin=0.210 t=30s
[fr_Q100_final3_h640] it   6 eta=0.01887 Q=    95.6 lam_r= 1299.06 u= 0.744 | L_obj=+3.970 L_Q=0.022 L_lam=0.545 L_sh=0.0908 L=+4.810 | U_mid=141.10 R=0.914 fitres=1.07e-02 |g|=2.60e+00 bin=0.201 t=34s
[fr_Q100_final3_h640] it   7 eta=0.01989 Q=    94.9 lam_r= 1298.64 u= 0.699 | L_obj=+3.918 L_Q=0.032 L_lam=0.617 L_sh=0.1187 L=+4.923 | U_mid=134.03 R=0.886 fitres=1.09e-02 |g|=2.79e+00 bin=0.191 t=39s
[fr_Q100_final3_h640] it   8 eta=0.01913 Q=    95.8 lam_r= 1299.23 u= 0.760 | L_obj=+3.957 L_Q=0.019 L_lam=0.513 L_sh=0.0791 L=+4.726 | U_mid=141.61 R=0.896 fitres=9.00e-03 |g|=2.57e+00 bin=0.182 t=43s
[fr_Q100_final3_h640] it   9 eta=0.01798 Q=    97.0 lam_r= 1300.04 u= 0.844 | L_obj=+4.018 L_Q=0.007 L_lam=0.341 L_sh=0.0395 L=+4.485 | U_mid=152.16 R=0.916 fitres=6.75e-03 |g|=2.15e+00 bin=0.172 t=48s
[fr_Q100_final3_h640] it  10 eta=0.01693 Q=    98.2 lam_r= 1300.85 u= 0.919 | L_obj=+4.079 L_Q=0.002 L_lam=0.164 L_sh=0.0149 L=+4.289 | U_mid=161.06 R=0.939 fitres=4.70e-03 |g|=1.46e+00 bin=0.162 t=53s
[fr_Q100_final3_h640] it  11 eta=0.01567 Q=    98.8 lam_r= 1301.81 u= 0.970 | L_obj=+4.156 L_Q=0.000 L_lam=0.020 L_sh=0.0016 L=+4.181 | U_mid=167.13 R=0.967 fitres=2.22e-03 |g|=5.16e-01 bin=0.152 t=59s
[fr_Q100_final3_h640] it  12 eta=0.01471 Q=    97.9 lam_r= 1302.61 u= 0.956 | L_obj=+4.220 L_Q=0.001 L_lam=0.009 L_sh=0.0008 L=+4.231 | U_mid=166.70 R=0.984 fitres=2.96e-03 |g|=1.62e+00 bin=0.141 t=63s
[fr_Q100_final3_h640] it  13 eta=0.01450 Q=    95.9 lam_r= 1302.94 u= 0.913 | L_obj=+4.233 L_Q=0.002 L_lam=0.034 L_sh=0.0031 L=+4.279 | U_mid=164.44 R=0.988 fitres=7.41e-03 |g|=2.21e+00 bin=0.131 t=67s
[fr_Q100_final3_h640] it  14 eta=0.01527 Q=    95.0 lam_r= 1302.76 u= 0.899 | L_obj=+4.182 L_Q=0.003 L_lam=0.018 L_sh=0.0018 L=+4.208 | U_mid=164.68 R=0.982 fitres=1.04e-02 |g|=2.04e+00 bin=0.121 t=72s
[fr_Q100_final3_h640] it  15 eta=0.01735 Q=    96.0 lam_r= 1302.10 u= 0.921 | L_obj=+4.054 L_Q=0.002 L_lam=0.003 L_sh=0.0002 L=+4.059 | U_mid=166.50 R=0.964 fitres=1.06e-02 |g|=1.06e+00 bin=0.111 t=76s
[fr_Q100_final3_h640] it  16 eta=0.02047 Q=    96.4 lam_r= 1301.17 u= 0.904 | L_obj=+3.889 L_Q=0.003 L_lam=0.096 L_sh=0.0073 L=+4.009 | U_mid=167.39 R=0.942 fitres=1.26e-02 |g|=9.95e-01 bin=0.102 t=81s
[fr_Q100_final3_h640] it  17 eta=0.02325 Q=    96.0 lam_r= 1300.49 u= 0.860 | L_obj=+3.761 L_Q=0.006 L_lam=0.226 L_sh=0.0196 L=+4.052 | U_mid=171.65 R=0.944 fitres=1.93e-02 |g|=2.00e+00 bin=0.094 t=85s
[fr_Q100_final3_h640] it  18 eta=0.02490 Q=    92.3 lam_r= 1300.34 u= 0.790 | L_obj=+3.693 L_Q=0.014 L_lam=0.224 L_sh=0.0208 L=+3.993 | U_mid=182.10 R=0.973 fitres=3.42e-02 |g|=1.60e+00 bin=0.086 t=90s
[fr_Q100_final3_h640] it  19 eta=0.02598 Q=    81.5 lam_r= 1300.43 u= 0.628 | L_obj=+3.651 L_Q=0.054 L_lam=0.129 L_sh=0.0166 L=+3.884 | U_mid=192.26 R=0.994 fitres=5.55e-02 |g|=1.10e+00 bin=0.079 t=95s
[fr_Q100_final3_h640] it  20 eta=0.02717 Q=    78.9 lam_r= 1300.92 u= 0.605 | L_obj=+3.606 L_Q=0.063 L_lam=0.065 L_sh=0.0103 L=+3.764 | U_mid=199.24 R=0.986 fitres=6.03e-02 |g|=1.94e+00 bin=0.072 t=100s
[fr_Q100_final3_h640] it  21 eta=0.02839 Q=    95.7 lam_r= 1301.58 u= 0.906 | L_obj=+3.562 L_Q=0.002 L_lam=0.038 L_sh=0.0033 L=+3.613 | U_mid=207.48 R=0.982 fitres=4.34e-02 |g|=5.89e-01 bin=0.066 t=104s
[fr_Q100_final3_h640] it  22 eta=0.02952 Q=   105.3 lam_r= 1301.99 u= 1.106 | L_obj=+3.523 L_Q=0.003 L_lam=0.010 L_sh=0.0023 L=+3.542 | U_mid=216.80 R=0.964 fitres=3.73e-02 |g|=6.62e-01 bin=0.061 t=109s
[fr_Q100_final3_h640] it  23 eta=0.03050 Q=   106.7 lam_r= 1302.48 u= 1.137 | L_obj=+3.490 L_Q=0.004 L_lam=0.005 L_sh=0.0034 L=+3.509 | U_mid=224.74 R=0.911 fitres=4.29e-02 |g|=3.61e-01 bin=0.056 t=115s
[fr_Q100_final3_h640] it  24 eta=0.03128 Q=   105.7 lam_r= 1303.00 u= 1.104 | L_obj=+3.465 L_Q=0.002 L_lam=0.060 L_sh=0.0078 L=+3.551 | U_mid=229.31 R=0.830 fitres=5.04e-02 |g|=9.64e-01 bin=0.051 t=120s
[fr_Q100_final3_h640] it  25 eta=0.03185 Q=   112.5 lam_r= 1303.19 u= 1.237 | L_obj=+3.447 L_Q=0.011 L_lam=0.121 L_sh=0.0121 L=+3.615 | U_mid=236.00 R=0.781 fitres=5.01e-02 |g|=1.17e+00 bin=0.047 t=125s
[fr_Q100_final3_h640] it  26 eta=0.03235 Q=   128.8 lam_r= 1302.91 u= 1.634 | L_obj=+3.431 L_Q=0.060 L_lam=0.101 L_sh=0.0131 L=+3.632 | U_mid=248.68 R=0.807 fitres=3.91e-02 |g|=1.13e+00 bin=0.043 t=129s
[fr_Q100_final3_h640] it  27 eta=0.03284 Q=   146.7 lam_r= 1302.29 u= 2.151 | L_obj=+3.416 L_Q=0.147 L_lam=0.000 L_sh=0.0154 L=+3.609 | U_mid=258.32 R=0.909 fitres=1.80e-02 |g|=1.00e+00 bin=0.039 t=134s
[fr_Q100_final3_h640] it  28 eta=0.03306 Q=   150.6 lam_r= 1301.95 u= 2.253 | L_obj=+3.409 L_Q=0.165 L_lam=0.052 L_sh=0.0165 L=+3.676 | U_mid=253.28 R=0.955 fitres=8.41e-03 |g|=2.92e+00 bin=0.036 t=139s
[fr_Q100_final3_h640] it  29 eta=0.03268 Q=   142.4 lam_r= 1302.47 u= 2.024 | L_obj=+3.421 L_Q=0.124 L_lam=0.014 L_sh=0.0121 L=+3.595 | U_mid=249.89 R=0.899 fitres=1.62e-02 |g|=5.75e-01 bin=0.033 t=144s
[fr_Q100_final3_h640] it  30 eta=0.03234 Q=   134.3 lam_r= 1302.77 u= 1.787 | L_obj=+3.431 L_Q=0.084 L_lam=0.072 L_sh=0.0101 L=+3.618 | U_mid=239.71 R=0.875 fitres=1.88e-02 |g|=1.33e+00 bin=0.030 t=149s
[fr_Q100_final3_h640] it  31 eta=0.03198 Q=   133.5 lam_r= 1302.56 u= 1.777 | L_obj=+3.443 L_Q=0.083 L_lam=0.024 L_sh=0.0074 L=+3.571 | U_mid=232.09 R=0.921 fitres=1.16e-02 |g|=7.86e-01 bin=0.028 t=153s
[fr_Q100_final3_h640] it  32 eta=0.03153 Q=   132.4 lam_r= 1302.12 u= 1.751 | L_obj=+3.457 L_Q=0.078 L_lam=0.008 L_sh=0.0059 L=+3.560 | U_mid=222.16 R=0.972 fitres=4.43e-03 |g|=1.08e+00 bin=0.025 t=157s
[fr_Q100_final3_h640] it  33 eta=0.03096 Q=   128.1 lam_r= 1302.04 u= 1.636 | L_obj=+3.475 L_Q=0.061 L_lam=0.015 L_sh=0.0047 L=+3.565 | U_mid=213.06 R=0.982 fitres=3.09e-03 |g|=1.26e+00 bin=0.023 t=161s
[fr_Q100_final3_h640] it  34 eta=0.03035 Q=   123.2 lam_r= 1302.31 u= 1.517 | L_obj=+3.495 L_Q=0.043 L_lam=0.000 L_sh=0.0030 L=+3.547 | U_mid=207.39 R=0.976 fitres=4.36e-03 |g|=2.24e-01 bin=0.021 t=165s
[fr_Q100_final3_h640] it  35 eta=0.02994 Q=   119.3 lam_r= 1302.54 u= 1.421 | L_obj=+3.508 L_Q=0.031 L_lam=0.013 L_sh=0.0027 L=+3.561 | U_mid=202.80 R=0.968 fitres=5.91e-03 |g|=1.12e+00 bin=0.020 t=170s
[fr_Q100_final3_h640] it  36 eta=0.02978 Q=   118.1 lam_r= 1302.54 u= 1.393 | L_obj=+3.514 L_Q=0.027 L_lam=0.012 L_sh=0.0024 L=+3.561 | U_mid=200.43 R=0.971 fitres=5.58e-03 |g|=1.14e+00 bin=0.018 t=175s
[fr_Q100_final3_h640] it  37 eta=0.02987 Q=   119.1 lam_r= 1302.32 u= 1.418 | L_obj=+3.511 L_Q=0.030 L_lam=0.000 L_sh=0.0020 L=+3.548 | U_mid=200.07 R=0.980 fitres=3.84e-03 |g|=4.00e-01 bin=0.016 t=180s
[fr_Q100_final3_h640] it  38 eta=0.03016 Q=   120.4 lam_r= 1302.08 u= 1.447 | L_obj=+3.501 L_Q=0.034 L_lam=0.008 L_sh=0.0025 L=+3.551 | U_mid=200.42 R=0.986 fitres=2.64e-03 |g|=7.45e-01 bin=0.015 t=185s
[fr_Q100_final3_h640] it  39 eta=0.03037 Q=   120.7 lam_r= 1302.10 u= 1.454 | L_obj=+3.494 L_Q=0.035 L_lam=0.007 L_sh=0.0026 L=+3.544 | U_mid=201.61 R=0.984 fitres=2.98e-03 |g|=7.05e-01 bin=0.014 t=189s
[fr_Q100_final3_h640] it  40 eta=0.03053 Q=   119.9 lam_r= 1302.30 u= 1.438 | L_obj=+3.489 L_Q=0.033 L_lam=0.000 L_sh=0.0023 L=+3.529 | U_mid=203.43 R=0.974 fitres=4.89e-03 |g|=2.70e-01 bin=0.012 t=194s
[fr_Q100_final3_h640] it  41 eta=0.03078 Q=   119.1 lam_r= 1302.47 u= 1.418 | L_obj=+3.481 L_Q=0.031 L_lam=0.007 L_sh=0.0025 L=+3.526 | U_mid=205.44 R=0.960 fitres=7.27e-03 |g|=7.23e-01 bin=0.011 t=198s
[fr_Q100_final3_h640] it  42 eta=0.03116 Q=   120.0 lam_r= 1302.48 u= 1.439 | L_obj=+3.469 L_Q=0.033 L_lam=0.008 L_sh=0.0028 L=+3.518 | U_mid=208.61 R=0.952 fitres=8.43e-03 |g|=6.72e-01 bin=0.010 t=203s
[fr_Q100_final3_h640] it  43 eta=0.03162 Q=   122.8 lam_r= 1302.37 u= 1.507 | L_obj=+3.454 L_Q=0.042 L_lam=0.002 L_sh=0.0032 L=+3.507 | U_mid=213.00 R=0.952 fitres=8.14e-03 |g|=1.86e-01 bin=0.009 t=207s
[fr_Q100_final3_h640] it  44 eta=0.03205 Q=   125.7 lam_r= 1302.25 u= 1.580 | L_obj=+3.441 L_Q=0.052 L_lam=0.000 L_sh=0.0038 L=+3.504 | U_mid=217.32 R=0.953 fitres=7.72e-03 |g|=4.25e-01 bin=0.009 t=211s
[fr_Q100_final3_h640] it  45 eta=0.03235 Q=   127.2 lam_r= 1302.25 u= 1.619 | L_obj=+3.431 L_Q=0.058 L_lam=0.000 L_sh=0.0043 L=+3.502 | U_mid=220.85 R=0.946 fitres=8.49e-03 |g|=5.39e-01 bin=0.008 t=217s
[fr_Q100_final3_h640] it  46 eta=0.03254 Q=   127.0 lam_r= 1302.34 u= 1.613 | L_obj=+3.425 L_Q=0.057 L_lam=0.001 L_sh=0.0045 L=+3.497 | U_mid=223.33 R=0.931 fitres=1.07e-02 |g|=2.45e-01 bin=0.007 t=221s
[fr_Q100_final3_h640] it  47 eta=0.03265 Q=   125.8 lam_r= 1302.45 u= 1.582 | L_obj=+3.422 L_Q=0.053 L_lam=0.007 L_sh=0.0046 L=+3.495 | U_mid=224.78 R=0.914 fitres=1.33e-02 |g|=2.23e-01 bin=0.007 t=226s
[fr_Q100_final3_h640] it  48 eta=0.03275 Q=   125.0 lam_r= 1302.51 u= 1.561 | L_obj=+3.419 L_Q=0.050 L_lam=0.012 L_sh=0.0047 L=+3.494 | U_mid=225.81 R=0.902 fitres=1.50e-02 |g|=3.50e-01 bin=0.006 t=230s
[fr_Q100_final3_h640] it  49 eta=0.03285 Q=   125.3 lam_r= 1302.48 u= 1.568 | L_obj=+3.416 L_Q=0.051 L_lam=0.010 L_sh=0.0047 L=+3.490 | U_mid=226.88 R=0.901 fitres=1.54e-02 |g|=2.72e-01 bin=0.006 t=235s
[fr_Q100_final3_h640] it  50 eta=0.03294 Q=   126.2 lam_r= 1302.41 u= 1.591 | L_obj=+3.413 L_Q=0.054 L_lam=0.004 L_sh=0.0047 L=+3.485 | U_mid=227.68 R=0.907 fitres=1.47e-02 |g|=2.33e-01 bin=0.005 t=240s
[fr_Q100_final3_h640] it  51 eta=0.03299 Q=   126.5 lam_r= 1302.34 u= 1.601 | L_obj=+3.412 L_Q=0.055 L_lam=0.001 L_sh=0.0046 L=+3.482 | U_mid=227.74 R=0.913 fitres=1.40e-02 |g|=4.29e-01 bin=0.005 t=244s
[fr_Q100_final3_h640] it  52 eta=0.03299 Q=   125.7 lam_r= 1302.32 u= 1.579 | L_obj=+3.412 L_Q=0.052 L_lam=0.000 L_sh=0.0043 L=+3.477 | U_mid=227.00 R=0.914 fitres=1.42e-02 |g|=4.90e-01 bin=0.004 t=249s
[fr_Q100_final3_h640] it  53 eta=0.03293 Q=   123.6 lam_r= 1302.36 u= 1.526 | L_obj=+3.413 L_Q=0.045 L_lam=0.001 L_sh=0.0039 L=+3.471 | U_mid=225.60 R=0.910 fitres=1.54e-02 |g|=3.52e-01 bin=0.004 t=254s
[fr_Q100_final3_h640] it  54 eta=0.03285 Q=   120.7 lam_r= 1302.43 u= 1.455 | L_obj=+3.416 L_Q=0.035 L_lam=0.004 L_sh=0.0034 L=+3.465 | U_mid=223.73 R=0.902 fitres=1.70e-02 |g|=1.73e-01 bin=0.004 t=259s
[fr_Q100_final3_h640] it  55 eta=0.03278 Q=   117.8 lam_r= 1302.48 u= 1.387 | L_obj=+3.418 L_Q=0.027 L_lam=0.007 L_sh=0.0030 L=+3.461 | U_mid=221.80 R=0.897 fitres=1.85e-02 |g|=2.12e-01 bin=0.003 t=264s
[fr_Q100_final3_h640] it  56 eta=0.03273 Q=   115.8 lam_r= 1302.50 u= 1.339 | L_obj=+3.420 L_Q=0.021 L_lam=0.008 L_sh=0.0027 L=+3.457 | U_mid=220.27 R=0.895 fitres=1.94e-02 |g|=2.93e-01 bin=0.003 t=268s
[fr_Q100_final3_h640] it  57 eta=0.03271 Q=   114.7 lam_r= 1302.48 u= 1.314 | L_obj=+3.420 L_Q=0.019 L_lam=0.007 L_sh=0.0025 L=+3.453 | U_mid=219.38 R=0.896 fitres=1.96e-02 |g|=2.75e-01 bin=0.003 t=273s
[fr_Q100_final3_h640] it  58 eta=0.03272 Q=   114.4 lam_r= 1302.44 u= 1.308 | L_obj=+3.420 L_Q=0.018 L_lam=0.004 L_sh=0.0023 L=+3.449 | U_mid=219.04 R=0.899 fitres=1.94e-02 |g|=1.89e-01 bin=0.003 t=277s
[fr_Q100_final3_h640] it  59 eta=0.03276 Q=   114.4 lam_r= 1302.40 u= 1.308 | L_obj=+3.419 L_Q=0.018 L_lam=0.002 L_sh=0.0021 L=+3.445 | U_mid=219.02 R=0.902 fitres=1.92e-02 |g|=1.53e-01 bin=0.002 t=282s
[fr_Q100_final3_h640] it  60 eta=0.03279 Q=   114.2 lam_r= 1302.37 u= 1.304 | L_obj=+3.417 L_Q=0.018 L_lam=0.001 L_sh=0.0020 L=+3.442 | U_mid=219.09 R=0.903 fitres=1.92e-02 |g|=2.03e-01 bin=0.002 t=288s
[fr_Q100_final3_h640] it  61 eta=0.03283 Q=   113.7 lam_r= 1302.36 u= 1.292 | L_obj=+3.417 L_Q=0.016 L_lam=0.001 L_sh=0.0020 L=+3.440 | U_mid=219.13 R=0.902 fitres=1.97e-02 |g|=2.21e-01 bin=0.002 t=293s
[fr_Q100_final3_h640] it  62 eta=0.03285 Q=   112.7 lam_r= 1302.37 u= 1.271 | L_obj=+3.416 L_Q=0.014 L_lam=0.001 L_sh=0.0019 L=+3.437 | U_mid=219.15 R=0.898 fitres=2.05e-02 |g|=1.93e-01 bin=0.002 t=297s
[fr_Q100_final3_h640] it  63 eta=0.03287 Q=   111.5 lam_r= 1302.39 u= 1.244 | L_obj=+3.415 L_Q=0.012 L_lam=0.002 L_sh=0.0018 L=+3.434 | U_mid=219.22 R=0.892 fitres=2.16e-02 |g|=1.80e-01 bin=0.001 t=301s
[fr_Q100_final3_h640] it  64 eta=0.03291 Q=   110.3 lam_r= 1302.42 u= 1.217 | L_obj=+3.414 L_Q=0.010 L_lam=0.003 L_sh=0.0017 L=+3.432 | U_mid=219.50 R=0.886 fitres=2.29e-02 |g|=2.30e-01 bin=0.001 t=306s
[fr_Q100_final3_h640] it  65 eta=0.03295 Q=   109.3 lam_r= 1302.44 u= 1.195 | L_obj=+3.413 L_Q=0.008 L_lam=0.003 L_sh=0.0017 L=+3.429 | U_mid=220.10 R=0.879 fitres=2.42e-02 |g|=2.83e-01 bin=0.001 t=311s
[fr_Q100_final3_h640] it  66 eta=0.03302 Q=   108.8 lam_r= 1302.44 u= 1.183 | L_obj=+3.411 L_Q=0.007 L_lam=0.003 L_sh=0.0017 L=+3.426 | U_mid=221.04 R=0.873 fitres=2.53e-02 |g|=2.87e-01 bin=0.001 t=316s
[fr_Q100_final3_h640] it  67 eta=0.03308 Q=   108.7 lam_r= 1302.44 u= 1.181 | L_obj=+3.409 L_Q=0.007 L_lam=0.003 L_sh=0.0018 L=+3.424 | U_mid=222.22 R=0.868 fitres=2.62e-02 |g|=2.31e-01 bin=0.001 t=321s
[fr_Q100_final3_h640] it  68 eta=0.03315 Q=   109.0 lam_r= 1302.44 u= 1.187 | L_obj=+3.407 L_Q=0.007 L_lam=0.003 L_sh=0.0019 L=+3.423 | U_mid=223.46 R=0.864 fitres=2.68e-02 |g|=1.47e-01 bin=0.001 t=325s
[fr_Q100_final3_h640] it  69 eta=0.03321 Q=   109.4 lam_r= 1302.43 u= 1.196 | L_obj=+3.405 L_Q=0.008 L_lam=0.003 L_sh=0.0019 L=+3.422 | U_mid=224.57 R=0.860 fitres=2.72e-02 |g|=1.03e-01 bin=0.001 t=330s
[fr_Q100_final3_h640] it  70 eta=0.03325 Q=   109.7 lam_r= 1302.43 u= 1.203 | L_obj=+3.404 L_Q=0.009 L_lam=0.003 L_sh=0.0020 L=+3.421 | U_mid=225.43 R=0.858 fitres=2.75e-02 |g|=1.30e-01 bin=0.001 t=334s
[fr_Q100_final3_h640] it  71 eta=0.03328 Q=   109.9 lam_r= 1302.43 u= 1.207 | L_obj=+3.403 L_Q=0.009 L_lam=0.003 L_sh=0.0020 L=+3.421 | U_mid=226.03 R=0.855 fitres=2.78e-02 |g|=1.61e-01 bin=0.000 t=339s
[fr_Q100_final3_h640] it  72 eta=0.03330 Q=   109.9 lam_r= 1302.43 u= 1.207 | L_obj=+3.402 L_Q=0.009 L_lam=0.003 L_sh=0.0021 L=+3.420 | U_mid=226.39 R=0.853 fitres=2.80e-02 |g|=1.73e-01 bin=0.000 t=343s
[fr_Q100_final3_h640] it  73 eta=0.03331 Q=   109.8 lam_r= 1302.44 u= 1.205 | L_obj=+3.402 L_Q=0.009 L_lam=0.003 L_sh=0.0021 L=+3.420 | U_mid=226.58 R=0.851 fitres=2.82e-02 |g|=1.69e-01 bin=0.000 t=348s
[fr_Q100_final3_h640] it  74 eta=0.03332 Q=   109.6 lam_r= 1302.45 u= 1.201 | L_obj=+3.402 L_Q=0.008 L_lam=0.004 L_sh=0.0021 L=+3.420 | U_mid=226.66 R=0.850 fitres=2.85e-02 |g|=1.57e-01 bin=0.000 t=352s
[fr_Q100_final3_h640] it  75 eta=0.03332 Q=   109.5 lam_r= 1302.45 u= 1.197 | L_obj=+3.402 L_Q=0.008 L_lam=0.004 L_sh=0.0021 L=+3.420 | U_mid=226.68 R=0.849 fitres=2.86e-02 |g|=1.46e-01 bin=0.000 t=358s
[fr_Q100_final3_h640] it  76 eta=0.03332 Q=   109.3 lam_r= 1302.46 u= 1.194 | L_obj=+3.402 L_Q=0.008 L_lam=0.004 L_sh=0.0021 L=+3.420 | U_mid=226.68 R=0.848 fitres=2.88e-02 |g|=1.39e-01 bin=0.000 t=361s
[fr_Q100_final3_h640] it  77 eta=0.03332 Q=   109.1 lam_r= 1302.46 u= 1.191 | L_obj=+3.402 L_Q=0.008 L_lam=0.004 L_sh=0.0021 L=+3.420 | U_mid=226.68 R=0.847 fitres=2.89e-02 |g|=1.37e-01 bin=0.000 t=365s
[fr_Q100_final3_h640] it  78 eta=0.03332 Q=   109.0 lam_r= 1302.47 u= 1.188 | L_obj=+3.402 L_Q=0.007 L_lam=0.005 L_sh=0.0021 L=+3.420 | U_mid=226.68 R=0.846 fitres=2.90e-02 |g|=1.38e-01 bin=0.000 t=369s
[fr_Q100_final3_h640] it  79 eta=0.03332 Q=   109.0 lam_r= 1302.47 u= 1.186 | L_obj=+3.402 L_Q=0.007 L_lam=0.005 L_sh=0.0021 L=+3.420 | U_mid=226.68 R=0.845 fitres=2.91e-02 |g|=1.41e-01 bin=0.000 t=374s
[fr_Q100_final3_h640] done: eta_soft=0.03350 eta_hard=0.03350 Q_hard=109.068526830734 lam_hard=1302.4993125568815 u=1.188 U_mid=235.61 fill=0.333 wall=380s
