[fr_Q200_fresh4242_h700] it   0 eta=0.03359 Q=     nan lam_r=     nan u= 0.000 | L_obj=+3.394 L_Q=2.723 L_lam=0.094 L_sh=0.2208 L=+6.873 | U_mid=23.20 R=0.040 fitres=8.14e-04 |g|=2.98e-01 bin=0.141 t=5s
[fr_Q200_fresh4242_h700] it   1 eta=0.04590 Q=   186.0 lam_r= 1293.33 u= 0.113 | L_obj=+3.081 L_Q=1.188 L_lam=0.393 L_sh=0.5189 L=+6.219 | U_mid=76.01 R=0.127 fitres=4.39e-03 |g|=2.74e+00 bin=0.148 t=12s
[fr_Q200_fresh4242_h700] it   2 eta=0.05543 Q=   146.5 lam_r= 1302.28 u= 0.537 | L_obj=+2.893 L_Q=0.097 L_lam=0.000 L_sh=0.0110 L=+3.023 | U_mid=226.68 R=0.379 fitres=2.55e-03 |g|=3.75e-01 bin=0.153 t=16s
[fr_Q200_fresh4242_h700] it   3 eta=0.06021 Q=   139.2 lam_r= 1307.72 u= 0.208 | L_obj=+2.810 L_Q=0.618 L_lam=0.479 L_sh=0.4188 L=+5.162 | U_mid=98.25 R=0.157 fitres=3.16e-03 |g|=3.48e+00 bin=0.155 t=19s
[fr_Q200_fresh4242_h700] it   4 eta=0.05889 Q=   144.5 lam_r= 1304.47 u= 0.424 | L_obj=+2.832 L_Q=0.184 L_lam=0.325 L_sh=0.1159 L=+3.689 | U_mid=177.58 R=0.293 fitres=9.33e-04 |g|=5.69e+00 bin=0.147 t=23s
[fr_Q200_fresh4242_h700] it   5 eta=0.04857 Q=   166.1 lam_r= 1294.66 u= 0.143 | L_obj=+3.025 L_Q=0.948 L_lam=0.452 L_sh=0.4444 L=+5.758 | U_mid=84.16 R=0.138 fitres=3.83e-03 |g|=2.79e+00 bin=0.135 t=27s
[fr_Q200_fresh4242_h700] it   6 eta=0.04264 Q=     nan lam_r=     nan u= 0.035 | L_obj=+3.155 L_Q=2.183 L_lam=0.225 L_sh=0.2634 L=+6.352 | U_mid=40.16 R=0.067 fitres=1.58e-03 |g|=1.04e+00 bin=0.126 t=30s
[fr_Q200_fresh4242_h700] it   7 eta=0.03920 Q=     nan lam_r=     nan u= 0.010 | L_obj=+3.239 L_Q=2.563 L_lam=0.139 L_sh=0.1822 L=+6.488 | U_mid=27.55 R=0.047 fitres=8.37e-04 |g|=6.48e-01 bin=0.117 t=34s
[fr_Q200_fresh4242_h700] it   8 eta=0.03716 Q=     nan lam_r=     nan u= 0.001 | L_obj=+3.293 L_Q=2.709 L_lam=0.101 L_sh=0.1451 L=+6.538 | U_mid=21.74 R=0.038 fitres=5.20e-04 |g|=5.03e-01 bin=0.109 t=38s
[fr_Q200_fresh4242_h700] it   9 eta=0.03597 Q=     nan lam_r=     nan u=-0.003 | L_obj=+3.325 L_Q=2.778 L_lam=0.080 L_sh=0.1238 L=+6.554 | U_mid=18.35 R=0.034 fitres=3.57e-04 |g|=4.30e-01 bin=0.101 t=41s
[fr_Q200_fresh4242_h700] it  10 eta=0.03536 Q=     nan lam_r=     nan u=-0.005 | L_obj=+3.342 L_Q=2.815 L_lam=0.068 L_sh=0.1096 L=+6.554 | U_mid=16.13 R=0.031 fitres=2.64e-04 |g|=3.87e-01 bin=0.094 t=45s
[fr_Q200_fresh4242_h700] it  11 eta=0.03517 Q=     nan lam_r=     nan u=-0.007 | L_obj=+3.348 L_Q=2.838 L_lam=0.060 L_sh=0.0994 L=+6.544 | U_mid=14.58 R=0.030 fitres=2.08e-04 |g|=3.59e-01 bin=0.086 t=48s
[fr_Q200_fresh4242_h700] it  12 eta=0.03531 Q=     nan lam_r=     nan u=-0.007 | L_obj=+3.344 L_Q=2.852 L_lam=0.056 L_sh=0.0916 L=+6.527 | U_mid=13.46 R=0.029 fitres=1.74e-04 |g|=3.41e-01 bin=0.079 t=52s
[fr_Q200_fresh4242_h700] it  13 eta=0.03571 Q=     nan lam_r=     nan u=-0.008 | L_obj=+3.332 L_Q=2.862 L_lam=0.054 L_sh=0.0854 L=+6.504 | U_mid=12.68 R=0.028 fitres=1.54e-04 |g|=3.30e-01 bin=0.072 t=56s
[fr_Q200_fresh4242_h700] it  14 eta=0.03634 Q=     nan lam_r=     nan u=-0.008 | L_obj=+3.315 L_Q=2.868 L_lam=0.054 L_sh=0.0805 L=+6.478 | U_mid=12.16 R=0.028 fitres=1.44e-04 |g|=3.26e-01 bin=0.066 t=59s
[fr_Q200_fresh4242_h700] it  15 eta=0.03717 Q=     nan lam_r=     nan u=-0.009 | L_obj=+3.292 L_Q=2.872 L_lam=0.056 L_sh=0.0766 L=+6.449 | U_mid=11.87 R=0.028 fitres=1.42e-04 |g|=3.28e-01 bin=0.060 t=63s
[fr_Q200_fresh4242_h700] it  16 eta=0.03821 Q=     nan lam_r=     nan u=-0.009 | L_obj=+3.265 L_Q=2.872 L_lam=0.059 L_sh=0.0736 L=+6.417 | U_mid=11.81 R=0.029 fitres=1.48e-04 |g|=3.39e-01 bin=0.055 t=67s
[fr_Q200_fresh4242_h700] it  17 eta=0.03943 Q=     nan lam_r=     nan u=-0.008 | L_obj=+3.233 L_Q=2.868 L_lam=0.065 L_sh=0.0716 L=+6.381 | U_mid=11.97 R=0.029 fitres=1.62e-04 |g|=3.61e-01 bin=0.051 t=70s
[fr_Q200_fresh4242_h700] it  18 eta=0.04086 Q=     nan lam_r=     nan u=-0.008 | L_obj=+3.198 L_Q=2.858 L_lam=0.074 L_sh=0.0706 L=+6.341 | U_mid=12.37 R=0.030 fitres=1.84e-04 |g|=4.00e-01 bin=0.046 t=74s
[fr_Q200_fresh4242_h700] it  19 eta=0.04251 Q=     nan lam_r=     nan u=-0.007 | L_obj=+3.158 L_Q=2.836 L_lam=0.086 L_sh=0.0708 L=+6.293 | U_mid=13.06 R=0.030 fitres=2.16e-04 |g|=4.61e-01 bin=0.042 t=77s
[fr_Q200_fresh4242_h700] it  20 eta=0.04442 Q=     nan lam_r=     nan u=-0.004 | L_obj=+3.114 L_Q=2.798 L_lam=0.104 L_sh=0.0726 L=+6.234 | U_mid=14.11 R=0.032 fitres=2.62e-04 |g|=5.59e-01 bin=0.039 t=81s
[fr_Q200_fresh4242_h700] it  21 eta=0.04657 Q=     nan lam_r=     nan u=-0.000 | L_obj=+3.067 L_Q=2.732 L_lam=0.129 L_sh=0.0764 L=+6.157 | U_mid=15.63 R=0.033 fitres=3.25e-04 |g|=7.13e-01 bin=0.036 t=85s
[fr_Q200_fresh4242_h700] it  22 eta=0.04890 Q=     nan lam_r=     nan u= 0.006 | L_obj=+3.018 L_Q=2.626 L_lam=0.164 L_sh=0.0826 L=+6.056 | U_mid=17.75 R=0.036 fitres=4.07e-04 |g|=9.43e-01 bin=0.033 t=88s
[fr_Q200_fresh4242_h700] it  23 eta=0.05154 Q=     nan lam_r=     nan u= 0.017 | L_obj=+2.965 L_Q=2.449 L_lam=0.217 L_sh=0.0934 L=+5.911 | U_mid=20.94 R=0.039 fitres=5.22e-04 |g|=1.31e+00 bin=0.030 t=92s
[fr_Q200_fresh4242_h700] it  24 eta=0.05473 Q=     nan lam_r=     nan u= 0.039 | L_obj=+2.905 L_Q=2.118 L_lam=0.307 L_sh=0.1141 L=+5.673 | U_mid=26.48 R=0.045 fitres=7.04e-04 |g|=1.91e+00 bin=0.028 t=95s
[fr_Q200_fresh4242_h700] it  25 eta=0.05879 Q=     nan lam_r=     nan u= 0.091 | L_obj=+2.834 L_Q=1.437 L_lam=0.488 L_sh=0.1602 L=+5.239 | U_mid=38.14 R=0.058 fitres=1.04e-03 |g|=2.81e+00 bin=0.026 t=99s
[fr_Q200_fresh4242_h700] it  26 eta=0.06384 Q=   359.5 lam_r= 1295.98 u= 0.244 | L_obj=+2.751 L_Q=0.497 L_lam=0.904 L_sh=0.2692 L=+4.960 | U_mid=70.03 R=0.092 fitres=1.74e-03 |g|=9.84e-01 bin=0.024 t=103s
[fr_Q200_fresh4242_h700] it  27 eta=0.06756 Q=   235.4 lam_r= 1298.82 u= 0.538 | L_obj=+2.695 L_Q=0.096 L_lam=1.315 L_sh=0.2967 L=+4.996 | U_mid=128.52 R=0.155 fitres=2.38e-03 |g|=1.96e+00 bin=0.022 t=106s
[fr_Q200_fresh4242_h700] it  28 eta=0.07137 Q=   231.6 lam_r= 1301.28 u= 1.190 | L_obj=+2.640 L_Q=0.008 L_lam=0.533 L_sh=0.0351 L=+3.286 | U_mid=256.20 R=0.293 fitres=1.89e-03 |g|=1.19e+01 bin=0.021 t=110s
[fr_Q200_fresh4242_h700] it  29 eta=0.07555 Q=   223.0 lam_r= 1304.36 u= 0.828 | L_obj=+2.583 L_Q=0.009 L_lam=1.117 L_sh=0.1377 L=+4.122 | U_mid=182.08 R=0.209 fitres=7.06e-04 |g|=7.37e+00 bin=0.019 t=114s
[fr_Q200_fresh4242_h700] it  30 eta=0.07692 Q=   214.9 lam_r= 1305.94 u= 0.472 | L_obj=+2.565 L_Q=0.141 L_lam=1.124 L_sh=0.2124 L=+4.467 | U_mid=112.83 R=0.135 fitres=9.85e-04 |g|=6.03e-01 bin=0.018 t=117s
[fr_Q200_fresh4242_h700] it  31 eta=0.07784 Q=   217.2 lam_r= 1307.60 u= 0.286 | L_obj=+2.553 L_Q=0.391 L_lam=0.872 L_sh=0.1756 L=+4.343 | U_mid=76.63 R=0.096 fitres=8.62e-04 |g|=6.22e-01 bin=0.017 t=121s
[fr_Q200_fresh4242_h700] it  32 eta=0.07848 Q=   261.2 lam_r= 1309.59 u= 0.180 | L_obj=+2.545 L_Q=0.735 L_lam=0.646 L_sh=0.1358 L=+4.334 | U_mid=55.61 R=0.074 fitres=7.28e-04 |g|=8.04e-01 bin=0.015 t=124s
[fr_Q200_fresh4242_h700] it  33 eta=0.07883 Q=     nan lam_r=     nan u= 0.125 | L_obj=+2.541 L_Q=1.080 L_lam=0.505 L_sh=0.1090 L=+4.452 | U_mid=44.57 R=0.062 fitres=6.19e-04 |g|=2.09e+00 bin=0.014 t=128s
[fr_Q200_fresh4242_h700] it  34 eta=0.07898 Q=     nan lam_r=     nan u= 0.101 | L_obj=+2.539 L_Q=1.310 L_lam=0.437 L_sh=0.0960 L=+4.574 | U_mid=39.77 R=0.057 fitres=5.58e-04 |g|=2.85e+00 bin=0.013 t=132s
[fr_Q200_fresh4242_h700] it  35 eta=0.07901 Q=     nan lam_r=     nan u= 0.098 | L_obj=+2.538 L_Q=1.351 L_lam=0.425 L_sh=0.0936 L=+4.595 | U_mid=39.26 R=0.057 fitres=5.44e-04 |g|=2.89e+00 bin=0.012 t=136s
[fr_Q200_fresh4242_h700] it  36 eta=0.07889 Q=     nan lam_r=     nan u= 0.118 | L_obj=+2.540 L_Q=1.145 L_lam=0.476 L_sh=0.1030 L=+4.470 | U_mid=43.99 R=0.063 fitres=5.82e-04 |g|=2.38e+00 bin=0.011 t=139s
[fr_Q200_fresh4242_h700] it  37 eta=0.07851 Q=   242.1 lam_r= 1309.84 u= 0.167 | L_obj=+2.545 L_Q=0.802 L_lam=0.593 L_sh=0.1243 L=+4.313 | U_mid=55.27 R=0.077 fitres=6.61e-04 |g|=1.24e+00 bin=0.010 t=143s
[fr_Q200_fresh4242_h700] it  38 eta=0.07784 Q=   200.3 lam_r= 1307.95 u= 0.250 | L_obj=+2.553 L_Q=0.479 L_lam=0.756 L_sh=0.1512 L=+4.242 | U_mid=74.36 R=0.101 fitres=7.41e-04 |g|=3.35e-01 bin=0.009 t=147s
[fr_Q200_fresh4242_h700] it  39 eta=0.07700 Q=   194.0 lam_r= 1306.51 u= 0.366 | L_obj=+2.564 L_Q=0.253 L_lam=0.900 L_sh=0.1654 L=+4.213 | U_mid=100.93 R=0.134 fitres=7.62e-04 |g|=6.43e-01 bin=0.009 t=150s
[fr_Q200_fresh4242_h700] it  40 eta=0.07598 Q=   194.8 lam_r= 1305.31 u= 0.524 | L_obj=+2.577 L_Q=0.104 L_lam=0.946 L_sh=0.1449 L=+4.062 | U_mid=138.04 R=0.180 fitres=6.63e-04 |g|=3.17e+00 bin=0.008 t=154s
[fr_Q200_fresh4242_h700] it  41 eta=0.07420 Q=   199.0 lam_r= 1303.74 u= 0.828 | L_obj=+2.601 L_Q=0.009 L_lam=0.550 L_sh=0.0493 L=+3.307 | U_mid=210.38 R=0.271 fitres=1.72e-04 |g|=8.56e+00 bin=0.007 t=158s
[fr_Q200_fresh4242_h700] it  42 eta=0.07035 Q=   200.9 lam_r= 1301.10 u= 0.889 | L_obj=+2.654 L_Q=0.003 L_lam=0.420 L_sh=0.0335 L=+3.179 | U_mid=230.56 R=0.298 fitres=1.21e-03 |g|=9.72e+00 bin=0.006 t=161s
[fr_Q200_fresh4242_h700] it  43 eta=0.06928 Q=   198.0 lam_r= 1300.47 u= 0.749 | L_obj=+2.670 L_Q=0.021 L_lam=0.700 L_sh=0.0731 L=+3.610 | U_mid=201.41 R=0.265 fitres=1.34e-03 |g|=9.28e+00 bin=0.006 t=165s
[fr_Q200_fresh4242_h700] it  44 eta=0.07031 Q=   196.0 lam_r= 1301.20 u= 0.866 | L_obj=+2.655 L_Q=0.005 L_lam=0.334 L_sh=0.0264 L=+3.073 | U_mid=231.74 R=0.306 fitres=1.11e-03 |g|=8.85e+00 bin=0.005 t=168s
[fr_Q200_fresh4242_h700] it  45 eta=0.07253 Q=   192.9 lam_r= 1302.75 u= 0.913 | L_obj=+2.624 L_Q=0.002 L_lam=0.069 L_sh=0.0047 L=+2.709 | U_mid=243.79 R=0.326 fitres=3.75e-04 |g|=4.13e+00 bin=0.005 t=172s
[fr_Q200_fresh4242_h700] it  46 eta=0.07362 Q=   188.9 lam_r= 1303.61 u= 0.778 | L_obj=+2.609 L_Q=0.016 L_lam=0.402 L_sh=0.0359 L=+3.134 | U_mid=212.11 R=0.288 fitres=8.67e-05 |g|=7.58e+00 bin=0.004 t=176s
[fr_Q200_fresh4242_h700] it  47 eta=0.07351 Q=   187.5 lam_r= 1303.57 u= 0.775 | L_obj=+2.610 L_Q=0.016 L_lam=0.374 L_sh=0.0332 L=+3.100 | U_mid=213.13 R=0.291 fitres=7.41e-05 |g|=7.38e+00 bin=0.004 t=179s
[fr_Q200_fresh4242_h700] it  48 eta=0.07253 Q=   188.0 lam_r= 1302.88 u= 0.859 | L_obj=+2.624 L_Q=0.006 L_lam=0.100 L_sh=0.0074 L=+2.752 | U_mid=236.75 R=0.323 fitres=2.99e-04 |g|=4.68e+00 bin=0.004 t=183s
[fr_Q200_fresh4242_h700] it  49 eta=0.07112 Q=   188.1 lam_r= 1301.94 u= 0.876 | L_obj=+2.643 L_Q=0.004 L_lam=0.034 L_sh=0.0025 L=+2.689 | U_mid=243.90 R=0.334 fitres=7.31e-04 |g|=3.27e+00 bin=0.003 t=187s
[fr_Q200_fresh4242_h700] it  50 eta=0.07028 Q=   187.2 lam_r= 1301.41 u= 0.823 | L_obj=+2.655 L_Q=0.009 L_lam=0.196 L_sh=0.0155 L=+2.907 | U_mid=232.70 R=0.320 fitres=9.32e-04 |g|=6.74e+00 bin=0.003 t=190s
[fr_Q200_fresh4242_h700] it  51 eta=0.07030 Q=   186.6 lam_r= 1301.44 u= 0.821 | L_obj=+2.655 L_Q=0.010 L_lam=0.181 L_sh=0.0143 L=+2.888 | U_mid=233.10 R=0.321 fitres=9.14e-04 |g|=6.50e+00 bin=0.002 t=193s
[fr_Q200_fresh4242_h700] it  52 eta=0.07093 Q=   186.2 lam_r= 1301.87 u= 0.854 | L_obj=+2.646 L_Q=0.006 L_lam=0.048 L_sh=0.0037 L=+2.711 | U_mid=241.27 R=0.333 fitres=7.48e-04 |g|=3.78e+00 bin=0.002 t=197s
[fr_Q200_fresh4242_h700] it  53 eta=0.07175 Q=   185.7 lam_r= 1302.42 u= 0.861 | L_obj=+2.635 L_Q=0.006 L_lam=0.005 L_sh=0.0006 L=+2.647 | U_mid=242.11 R=0.335 fitres=5.04e-04 |g|=9.32e-01 bin=0.002 t=200s
[fr_Q200_fresh4242_h700] it  54 eta=0.07234 Q=   185.0 lam_r= 1302.83 u= 0.836 | L_obj=+2.626 L_Q=0.008 L_lam=0.079 L_sh=0.0061 L=+2.732 | U_mid=235.10 R=0.326 fitres=3.15e-04 |g|=4.01e+00 bin=0.002 t=204s
[fr_Q200_fresh4242_h700] it  55 eta=0.07256 Q=   184.6 lam_r= 1302.99 u= 0.820 | L_obj=+2.623 L_Q=0.010 L_lam=0.126 L_sh=0.0098 L=+2.788 | U_mid=230.90 R=0.321 fitres=2.45e-04 |g|=4.85e+00 bin=0.002 t=208s
[fr_Q200_fresh4242_h700] it  56 eta=0.07247 Q=   184.7 lam_r= 1302.92 u= 0.826 | L_obj=+2.625 L_Q=0.009 L_lam=0.105 L_sh=0.0081 L=+2.763 | U_mid=232.65 R=0.323 fitres=2.74e-04 |g|=4.54e+00 bin=0.001 t=211s
[fr_Q200_fresh4242_h700] it  57 eta=0.07215 Q=   185.0 lam_r= 1302.70 u= 0.844 | L_obj=+2.629 L_Q=0.007 L_lam=0.047 L_sh=0.0036 L=+2.694 | U_mid=237.69 R=0.330 fitres=3.74e-04 |g|=3.20e+00 bin=0.001 t=215s
[fr_Q200_fresh4242_h700] it  58 eta=0.07173 Q=   185.3 lam_r= 1302.41 u= 0.858 | L_obj=+2.635 L_Q=0.006 L_lam=0.005 L_sh=0.0006 L=+2.647 | U_mid=241.74 R=0.335 fitres=5.06e-04 |g|=8.66e-01 bin=0.001 t=219s
[fr_Q200_fresh4242_h700] it  59 eta=0.07133 Q=   185.5 lam_r= 1302.15 u= 0.858 | L_obj=+2.640 L_Q=0.006 L_lam=0.005 L_sh=0.0006 L=+2.653 | U_mid=242.58 R=0.336 fitres=6.23e-04 |g|=1.46e+00 bin=0.001 t=223s
[fr_Q200_fresh4242_h700] it  60 eta=0.07107 Q=   185.5 lam_r= 1301.98 u= 0.853 | L_obj=+2.644 L_Q=0.006 L_lam=0.026 L_sh=0.0021 L=+2.682 | U_mid=241.68 R=0.334 fitres=6.96e-04 |g|=2.86e+00 bin=0.001 t=227s
[fr_Q200_fresh4242_h700] it  61 eta=0.07098 Q=   185.5 lam_r= 1301.92 u= 0.851 | L_obj=+2.645 L_Q=0.007 L_lam=0.036 L_sh=0.0028 L=+2.696 | U_mid=241.15 R=0.334 fitres=7.20e-04 |g|=3.28e+00 bin=0.001 t=230s
[fr_Q200_fresh4242_h700] it  62 eta=0.07104 Q=   185.5 lam_r= 1301.96 u= 0.853 | L_obj=+2.645 L_Q=0.006 L_lam=0.029 L_sh=0.0023 L=+2.687 | U_mid=241.56 R=0.334 fitres=7.05e-04 |g|=2.96e+00 bin=0.001 t=233s
[fr_Q200_fresh4242_h700] it  63 eta=0.07118 Q=   185.6 lam_r= 1302.05 u= 0.857 | L_obj=+2.643 L_Q=0.006 L_lam=0.015 L_sh=0.0013 L=+2.667 | U_mid=242.32 R=0.335 fitres=6.65e-04 |g|=2.19e+00 bin=0.001 t=237s
[fr_Q200_fresh4242_h700] it  64 eta=0.07135 Q=   185.5 lam_r= 1302.16 u= 0.859 | L_obj=+2.640 L_Q=0.006 L_lam=0.004 L_sh=0.0005 L=+2.651 | U_mid=242.74 R=0.336 fitres=6.16e-04 |g|=1.25e+00 bin=0.001 t=241s
[fr_Q200_fresh4242_h700] it  65 eta=0.07150 Q=   185.5 lam_r= 1302.27 u= 0.860 | L_obj=+2.638 L_Q=0.006 L_lam=0.000 L_sh=0.0002 L=+2.644 | U_mid=242.69 R=0.336 fitres=5.71e-04 |g|=3.92e-01 bin=0.000 t=244s
[fr_Q200_fresh4242_h700] it  66 eta=0.07163 Q=   185.4 lam_r= 1302.35 u= 0.860 | L_obj=+2.636 L_Q=0.006 L_lam=0.001 L_sh=0.0003 L=+2.644 | U_mid=242.35 R=0.335 fitres=5.34e-04 |g|=2.89e-01 bin=0.000 t=248s
[fr_Q200_fresh4242_h700] it  67 eta=0.07171 Q=   185.4 lam_r= 1302.41 u= 0.859 | L_obj=+2.635 L_Q=0.006 L_lam=0.004 L_sh=0.0005 L=+2.647 | U_mid=241.96 R=0.335 fitres=5.09e-04 |g|=7.44e-01 bin=0.000 t=252s
[fr_Q200_fresh4242_h700] it  68 eta=0.07176 Q=   185.4 lam_r= 1302.44 u= 0.858 | L_obj=+2.634 L_Q=0.006 L_lam=0.007 L_sh=0.0007 L=+2.649 | U_mid=241.66 R=0.334 fitres=4.93e-04 |g|=9.95e-01 bin=0.000 t=255s
[fr_Q200_fresh4242_h700] it  69 eta=0.07179 Q=   185.4 lam_r= 1302.46 u= 0.857 | L_obj=+2.634 L_Q=0.006 L_lam=0.008 L_sh=0.0008 L=+2.651 | U_mid=241.48 R=0.334 fitres=4.85e-04 |g|=1.09e+00 bin=0.000 t=259s
[fr_Q200_fresh4242_h700] it  70 eta=0.07180 Q=   185.4 lam_r= 1302.46 u= 0.857 | L_obj=+2.634 L_Q=0.006 L_lam=0.009 L_sh=0.0009 L=+2.652 | U_mid=241.41 R=0.334 fitres=4.83e-04 |g|=1.09e+00 bin=0.000 t=263s
[fr_Q200_fresh4242_h700] it  71 eta=0.07179 Q=   185.3 lam_r= 1302.46 u= 0.857 | L_obj=+2.634 L_Q=0.006 L_lam=0.009 L_sh=0.0009 L=+2.651 | U_mid=241.41 R=0.334 fitres=4.83e-04 |g|=1.04e+00 bin=0.000 t=266s
[fr_Q200_fresh4242_h700] it  72 eta=0.07179 Q=   185.3 lam_r= 1302.46 u= 0.857 | L_obj=+2.634 L_Q=0.006 L_lam=0.009 L_sh=0.0008 L=+2.651 | U_mid=241.43 R=0.334 fitres=4.85e-04 |g|=9.81e-01 bin=0.000 t=270s
[fr_Q200_fresh4242_h700] it  73 eta=0.07178 Q=   185.3 lam_r= 1302.45 u= 0.857 | L_obj=+2.634 L_Q=0.006 L_lam=0.008 L_sh=0.0008 L=+2.651 | U_mid=241.46 R=0.334 fitres=4.87e-04 |g|=9.25e-01 bin=0.000 t=274s
[fr_Q200_fresh4242_h700] it  74 eta=0.07178 Q=   185.3 lam_r= 1302.45 u= 0.857 | L_obj=+2.634 L_Q=0.006 L_lam=0.008 L_sh=0.0008 L=+2.650 | U_mid=241.48 R=0.334 fitres=4.88e-04 |g|=8.85e-01 bin=0.000 t=278s
[fr_Q200_fresh4242_h700] it  75 eta=0.07177 Q=   185.3 lam_r= 1302.45 u= 0.857 | L_obj=+2.634 L_Q=0.006 L_lam=0.008 L_sh=0.0008 L=+2.650 | U_mid=241.49 R=0.334 fitres=4.89e-04 |g|=8.63e-01 bin=0.000 t=281s
[fr_Q200_fresh4242_h700] it  76 eta=0.07177 Q=   185.3 lam_r= 1302.45 u= 0.857 | L_obj=+2.634 L_Q=0.006 L_lam=0.008 L_sh=0.0008 L=+2.650 | U_mid=241.49 R=0.334 fitres=4.89e-04 |g|=8.55e-01 bin=0.000 t=285s
[fr_Q200_fresh4242_h700] it  77 eta=0.07178 Q=   185.3 lam_r= 1302.45 u= 0.857 | L_obj=+2.634 L_Q=0.006 L_lam=0.008 L_sh=0.0008 L=+2.650 | U_mid=241.48 R=0.334 fitres=4.88e-04 |g|=8.54e-01 bin=0.000 t=289s
[fr_Q200_fresh4242_h700] it  78 eta=0.07178 Q=   185.3 lam_r= 1302.45 u= 0.857 | L_obj=+2.634 L_Q=0.006 L_lam=0.008 L_sh=0.0008 L=+2.651 | U_mid=241.45 R=0.334 fitres=4.87e-04 |g|=8.54e-01 bin=0.000 t=293s
[fr_Q200_fresh4242_h700] it  79 eta=0.07179 Q=   185.3 lam_r= 1302.46 u= 0.857 | L_obj=+2.634 L_Q=0.006 L_lam=0.008 L_sh=0.0008 L=+2.651 | U_mid=241.42 R=0.334 fitres=4.85e-04 |g|=8.48e-01 bin=0.000 t=297s
[fr_Q200_fresh4242_h700] done: eta_soft=0.07213 eta_hard=0.07218 Q_hard=185.2889246005374 lam_hard=1302.4927742344798 u=0.855 U_mid=258.80 fill=0.095 wall=301s
