[fr_Q200_final3_h600] it   0 eta=0.00588 Q=    42.5 lam_r= 1314.65 u= 0.028 | L_obj=+5.135 L_Q=2.286 L_lam=0.044 L_sh=0.1558 L=+7.933 | U_mid=150.41 R=0.501 fitres=5.92e-02 |g|=2.32e+01 bin=0.242 t=4s
[fr_Q200_final3_h600] it   1 eta=0.02352 Q=   172.1 lam_r= 1296.59 u= 0.225 | L_obj=+3.750 L_Q=0.556 L_lam=0.626 L_sh=0.6785 L=+6.967 | U_mid=97.26 R=0.818 fitres=3.03e-02 |g|=6.33e+00 bin=0.245 t=8s
[fr_Q200_final3_h600] it   2 eta=0.03608 Q=     nan lam_r=     nan u= 0.004 | L_obj=+3.322 L_Q=2.653 L_lam=0.272 L_sh=0.4772 L=+7.679 | U_mid=54.76 R=0.971 fitres=6.16e-03 |g|=2.12e+00 bin=0.243 t=13s
[fr_Q200_final3_h600] it   3 eta=0.04435 Q=     nan lam_r=     nan u=-0.019 | L_obj=+3.116 L_Q=3.051 L_lam=0.133 L_sh=0.2497 L=+7.049 | U_mid=41.11 R=0.994 fitres=1.16e-03 |g|=1.39e+00 bin=0.239 t=18s
[fr_Q200_final3_h600] it   4 eta=0.05131 Q=     nan lam_r=     nan u=-0.020 | L_obj=+2.970 L_Q=3.070 L_lam=0.076 L_sh=0.1709 L=+6.628 | U_mid=34.01 R=0.995 fitres=2.31e-04 |g|=9.34e-01 bin=0.233 t=22s
[fr_Q200_final3_h600] it   5 eta=0.05805 Q=     nan lam_r=     nan u=-0.019 | L_obj=+2.847 L_Q=3.043 L_lam=0.047 L_sh=0.1344 L=+6.340 | U_mid=29.36 R=0.988 fitres=4.50e-06 |g|=6.92e-01 bin=0.225 t=27s
[fr_Q200_final3_h600] it   6 eta=0.06472 Q=     nan lam_r=     nan u=-0.017 | L_obj=+2.738 L_Q=3.012 L_lam=0.031 L_sh=0.1133 L=+6.120 | U_mid=26.02 R=0.976 fitres=7.47e-05 |g|=5.54e-01 bin=0.216 t=31s
[fr_Q200_final3_h600] it   7 eta=0.07131 Q=     nan lam_r=     nan u=-0.015 | L_obj=+2.641 L_Q=2.982 L_lam=0.021 L_sh=0.0993 L=+5.941 | U_mid=23.51 R=0.962 fitres=9.43e-05 |g|=4.66e-01 bin=0.206 t=36s
[fr_Q200_final3_h600] it   8 eta=0.07774 Q=     nan lam_r=     nan u=-0.013 | L_obj=+2.554 L_Q=2.954 L_lam=0.014 L_sh=0.0892 L=+5.790 | U_mid=21.58 R=0.948 fitres=9.50e-05 |g|=4.03e-01 bin=0.196 t=40s
[fr_Q200_final3_h600] it   9 eta=0.08394 Q=     nan lam_r=     nan u=-0.012 | L_obj=+2.478 L_Q=2.929 L_lam=0.010 L_sh=0.0813 L=+5.661 | U_mid=20.06 R=0.934 fitres=8.81e-05 |g|=3.55e-01 bin=0.184 t=45s
[fr_Q200_final3_h600] it  10 eta=0.08986 Q=     nan lam_r=     nan u=-0.011 | L_obj=+2.410 L_Q=2.907 L_lam=0.007 L_sh=0.0748 L=+5.549 | U_mid=18.84 R=0.921 fitres=7.87e-05 |g|=3.15e-01 bin=0.172 t=49s
[fr_Q200_final3_h600] it  11 eta=0.09542 Q=     nan lam_r=     nan u=-0.010 | L_obj=+2.349 L_Q=2.888 L_lam=0.005 L_sh=0.0693 L=+5.451 | U_mid=17.86 R=0.909 fitres=6.87e-05 |g|=2.82e-01 bin=0.160 t=53s
[fr_Q200_final3_h600] it  12 eta=0.10057 Q=     nan lam_r=     nan u=-0.009 | L_obj=+2.297 L_Q=2.871 L_lam=0.004 L_sh=0.0644 L=+5.365 | U_mid=17.06 R=0.898 fitres=5.92e-05 |g|=2.53e-01 bin=0.148 t=58s
[fr_Q200_final3_h600] it  13 eta=0.10527 Q=     nan lam_r=     nan u=-0.008 | L_obj=+2.251 L_Q=2.857 L_lam=0.003 L_sh=0.0601 L=+5.291 | U_mid=16.41 R=0.889 fitres=5.05e-05 |g|=2.28e-01 bin=0.137 t=62s
[fr_Q200_final3_h600] it  14 eta=0.10948 Q=     nan lam_r=     nan u=-0.007 | L_obj=+2.212 L_Q=2.844 L_lam=0.002 L_sh=0.0561 L=+5.226 | U_mid=15.88 R=0.880 fitres=4.30e-05 |g|=2.07e-01 bin=0.126 t=67s
[fr_Q200_final3_h600] it  15 eta=0.11322 Q=     nan lam_r=     nan u=-0.006 | L_obj=+2.178 L_Q=2.833 L_lam=0.001 L_sh=0.0525 L=+5.170 | U_mid=15.44 R=0.873 fitres=3.65e-05 |g|=1.88e-01 bin=0.116 t=71s
[fr_Q200_final3_h600] it  16 eta=0.11650 Q=     nan lam_r=     nan u=-0.006 | L_obj=+2.150 L_Q=2.824 L_lam=0.001 L_sh=0.0491 L=+5.122 | U_mid=15.08 R=0.866 fitres=3.10e-05 |g|=1.72e-01 bin=0.106 t=76s
[fr_Q200_final3_h600] it  17 eta=0.11936 Q=     nan lam_r=     nan u=-0.005 | L_obj=+2.126 L_Q=2.816 L_lam=0.001 L_sh=0.0460 L=+5.080 | U_mid=14.78 R=0.860 fitres=2.63e-05 |g|=1.57e-01 bin=0.097 t=80s
[fr_Q200_final3_h600] it  18 eta=0.12183 Q=     nan lam_r=     nan u=-0.005 | L_obj=+2.105 L_Q=2.809 L_lam=0.001 L_sh=0.0430 L=+5.044 | U_mid=14.53 R=0.855 fitres=2.25e-05 |g|=1.45e-01 bin=0.089 t=85s
[fr_Q200_final3_h600] it  19 eta=0.12396 Q=     nan lam_r=     nan u=-0.005 | L_obj=+2.088 L_Q=2.803 L_lam=0.000 L_sh=0.0403 L=+5.012 | U_mid=14.32 R=0.850 fitres=1.93e-05 |g|=1.34e-01 bin=0.082 t=89s
[fr_Q200_final3_h600] it  20 eta=0.12579 Q=     nan lam_r=     nan u=-0.004 | L_obj=+2.073 L_Q=2.798 L_lam=0.000 L_sh=0.0377 L=+4.984 | U_mid=14.15 R=0.845 fitres=1.66e-05 |g|=1.26e-01 bin=0.075 t=94s
[fr_Q200_final3_h600] it  21 eta=0.12737 Q=     nan lam_r=     nan u=-0.004 | L_obj=+2.061 L_Q=2.793 L_lam=0.000 L_sh=0.0352 L=+4.960 | U_mid=14.00 R=0.841 fitres=1.44e-05 |g|=1.15e-01 bin=0.069 t=98s
[fr_Q200_final3_h600] it  22 eta=0.12873 Q=     nan lam_r=     nan u=-0.004 | L_obj=+2.050 L_Q=2.789 L_lam=0.000 L_sh=0.0329 L=+4.938 | U_mid=13.87 R=0.838 fitres=1.25e-05 |g|=1.08e-01 bin=0.063 t=102s
[fr_Q200_final3_h600] it  23 eta=0.12989 Q=     nan lam_r=     nan u=-0.004 | L_obj=+2.041 L_Q=2.786 L_lam=0.000 L_sh=0.0308 L=+4.919 | U_mid=13.76 R=0.834 fitres=1.10e-05 |g|=1.01e-01 bin=0.058 t=106s
[fr_Q200_final3_h600] it  24 eta=0.13089 Q=     nan lam_r=     nan u=-0.003 | L_obj=+2.033 L_Q=2.783 L_lam=0.000 L_sh=0.0287 L=+4.903 | U_mid=13.67 R=0.831 fitres=9.66e-06 |g|=9.54e-02 bin=0.053 t=111s
[fr_Q200_final3_h600] it  25 eta=0.13175 Q=     nan lam_r=     nan u=-0.003 | L_obj=+2.027 L_Q=2.780 L_lam=0.000 L_sh=0.0268 L=+4.888 | U_mid=13.59 R=0.829 fitres=8.56e-06 |g|=9.04e-02 bin=0.049 t=115s
[fr_Q200_final3_h600] it  26 eta=0.13249 Q=     nan lam_r=     nan u=-0.003 | L_obj=+2.021 L_Q=2.778 L_lam=0.000 L_sh=0.0250 L=+4.875 | U_mid=13.52 R=0.826 fitres=7.62e-06 |g|=8.60e-02 bin=0.045 t=119s
[fr_Q200_final3_h600] it  27 eta=0.13313 Q=     nan lam_r=     nan u=-0.003 | L_obj=+2.016 L_Q=2.776 L_lam=0.000 L_sh=0.0233 L=+4.863 | U_mid=13.46 R=0.824 fitres=6.82e-06 |g|=8.24e-02 bin=0.041 t=123s
[fr_Q200_final3_h600] it  28 eta=0.13368 Q=     nan lam_r=     nan u=-0.003 | L_obj=+2.012 L_Q=2.775 L_lam=0.000 L_sh=0.0217 L=+4.852 | U_mid=13.41 R=0.822 fitres=6.13e-06 |g|=7.95e-02 bin=0.037 t=126s
[fr_Q200_final3_h600] it  29 eta=0.13415 Q=     nan lam_r=     nan u=-0.003 | L_obj=+2.009 L_Q=2.773 L_lam=0.000 L_sh=0.0202 L=+4.843 | U_mid=13.37 R=0.820 fitres=5.54e-06 |g|=7.71e-02 bin=0.034 t=129s
[fr_Q200_final3_h600] it  30 eta=0.13457 Q=     nan lam_r=     nan u=-0.003 | L_obj=+2.006 L_Q=2.772 L_lam=0.000 L_sh=0.0188 L=+4.834 | U_mid=13.33 R=0.819 fitres=5.02e-06 |g|=7.52e-02 bin=0.032 t=132s
[fr_Q200_final3_h600] it  31 eta=0.13493 Q=     nan lam_r=     nan u=-0.003 | L_obj=+2.003 L_Q=2.771 L_lam=0.000 L_sh=0.0175 L=+4.827 | U_mid=13.30 R=0.818 fitres=4.57e-06 |g|=7.37e-02 bin=0.029 t=134s
[fr_Q200_final3_h600] it  32 eta=0.13525 Q=     nan lam_r=     nan u=-0.003 | L_obj=+2.001 L_Q=2.770 L_lam=0.000 L_sh=0.0175 L=+4.823 | U_mid=13.28 R=0.816 fitres=4.48e-06 |g|=7.27e-02 bin=0.027 t=137s
[fr_Q200_final3_h600] it  33 eta=0.13553 Q=     nan lam_r=     nan u=-0.003 | L_obj=+1.999 L_Q=2.769 L_lam=0.000 L_sh=0.0175 L=+4.820 | U_mid=13.25 R=0.815 fitres=4.41e-06 |g|=7.19e-02 bin=0.024 t=140s
[fr_Q200_final3_h600] it  34 eta=0.13578 Q=     nan lam_r=     nan u=-0.003 | L_obj=+1.997 L_Q=2.769 L_lam=0.000 L_sh=0.0175 L=+4.818 | U_mid=13.23 R=0.814 fitres=4.35e-06 |g|=7.14e-02 bin=0.022 t=142s
[fr_Q200_final3_h600] it  35 eta=0.13600 Q=     nan lam_r=     nan u=-0.002 | L_obj=+1.995 L_Q=2.768 L_lam=0.000 L_sh=0.0175 L=+4.816 | U_mid=13.22 R=0.814 fitres=4.29e-06 |g|=7.11e-02 bin=0.021 t=145s
[fr_Q200_final3_h600] it  36 eta=0.13621 Q=     nan lam_r=     nan u=-0.002 | L_obj=+1.994 L_Q=2.767 L_lam=0.000 L_sh=0.0175 L=+4.813 | U_mid=13.20 R=0.813 fitres=4.24e-06 |g|=7.10e-02 bin=0.019 t=148s
[fr_Q200_final3_h600] it  37 eta=0.13639 Q=     nan lam_r=     nan u=-0.002 | L_obj=+1.992 L_Q=2.767 L_lam=0.000 L_sh=0.0175 L=+4.812 | U_mid=13.19 R=0.812 fitres=4.20e-06 |g|=7.10e-02 bin=0.017 t=150s
[fr_Q200_final3_h600] it  38 eta=0.13656 Q=     nan lam_r=     nan u=-0.002 | L_obj=+1.991 L_Q=2.766 L_lam=0.000 L_sh=0.0175 L=+4.810 | U_mid=13.18 R=0.812 fitres=4.16e-06 |g|=7.13e-02 bin=0.016 t=153s
[fr_Q200_final3_h600] it  39 eta=0.13671 Q=     nan lam_r=     nan u=-0.002 | L_obj=+1.990 L_Q=2.766 L_lam=0.000 L_sh=0.0175 L=+4.808 | U_mid=13.17 R=0.811 fitres=4.12e-06 |g|=7.16e-02 bin=0.015 t=155s
[fr_Q200_final3_h600] it  40 eta=0.13686 Q=     nan lam_r=     nan u=-0.002 | L_obj=+1.989 L_Q=2.766 L_lam=0.000 L_sh=0.0175 L=+4.807 | U_mid=13.16 R=0.811 fitres=4.10e-06 |g|=7.22e-02 bin=0.014 t=158s
[fr_Q200_final3_h600] it  41 eta=0.13699 Q=     nan lam_r=     nan u=-0.002 | L_obj=+1.988 L_Q=2.765 L_lam=0.000 L_sh=0.0175 L=+4.806 | U_mid=13.15 R=0.811 fitres=4.07e-06 |g|=7.29e-02 bin=0.013 t=161s
[fr_Q200_final3_h600] it  42 eta=0.13711 Q=     nan lam_r=     nan u=-0.002 | L_obj=+1.987 L_Q=2.765 L_lam=0.000 L_sh=0.0175 L=+4.805 | U_mid=13.15 R=0.811 fitres=4.05e-06 |g|=7.37e-02 bin=0.012 t=163s
[fr_Q200_final3_h600] it  43 eta=0.13723 Q=     nan lam_r=     nan u=-0.002 | L_obj=+1.986 L_Q=2.765 L_lam=0.000 L_sh=0.0175 L=+4.803 | U_mid=13.14 R=0.810 fitres=4.03e-06 |g|=7.47e-02 bin=0.011 t=166s
[fr_Q200_final3_h600] it  44 eta=0.13734 Q=     nan lam_r=     nan u=-0.002 | L_obj=+1.985 L_Q=2.765 L_lam=0.000 L_sh=0.0175 L=+4.802 | U_mid=13.14 R=0.810 fitres=4.02e-06 |g|=7.57e-02 bin=0.010 t=168s
[fr_Q200_final3_h600] it  45 eta=0.13745 Q=     nan lam_r=     nan u=-0.002 | L_obj=+1.984 L_Q=2.765 L_lam=0.000 L_sh=0.0175 L=+4.801 | U_mid=13.13 R=0.810 fitres=4.00e-06 |g|=7.68e-02 bin=0.009 t=170s
[fr_Q200_final3_h600] it  46 eta=0.13755 Q=     nan lam_r=     nan u=-0.002 | L_obj=+1.984 L_Q=2.764 L_lam=0.000 L_sh=0.0175 L=+4.801 | U_mid=13.13 R=0.810 fitres=3.99e-06 |g|=7.78e-02 bin=0.008 t=173s
[fr_Q200_final3_h600] it  47 eta=0.13765 Q=     nan lam_r=     nan u=-0.002 | L_obj=+1.983 L_Q=2.764 L_lam=0.000 L_sh=0.0175 L=+4.800 | U_mid=13.12 R=0.810 fitres=3.98e-06 |g|=7.91e-02 bin=0.008 t=175s
[fr_Q200_final3_h600] it  48 eta=0.13775 Q=     nan lam_r=     nan u=-0.002 | L_obj=+1.982 L_Q=2.764 L_lam=0.000 L_sh=0.0175 L=+4.799 | U_mid=13.12 R=0.810 fitres=3.97e-06 |g|=8.02e-02 bin=0.007 t=178s
[fr_Q200_final3_h600] it  49 eta=0.13784 Q=     nan lam_r=     nan u=-0.002 | L_obj=+1.982 L_Q=2.764 L_lam=0.000 L_sh=0.0175 L=+4.798 | U_mid=13.12 R=0.810 fitres=3.97e-06 |g|=8.12e-02 bin=0.006 t=180s
[fr_Q200_final3_h600] it  50 eta=0.13793 Q=     nan lam_r=     nan u=-0.002 | L_obj=+1.981 L_Q=2.764 L_lam=0.000 L_sh=0.0175 L=+4.797 | U_mid=13.11 R=0.810 fitres=3.96e-06 |g|=8.21e-02 bin=0.006 t=183s
[fr_Q200_final3_h600] it  51 eta=0.13802 Q=     nan lam_r=     nan u=-0.002 | L_obj=+1.980 L_Q=2.764 L_lam=0.000 L_sh=0.0175 L=+4.796 | U_mid=13.11 R=0.810 fitres=3.95e-06 |g|=8.30e-02 bin=0.005 t=186s
[fr_Q200_final3_h600] it  52 eta=0.13810 Q=     nan lam_r=     nan u=-0.002 | L_obj=+1.980 L_Q=2.764 L_lam=0.000 L_sh=0.0175 L=+4.796 | U_mid=13.11 R=0.810 fitres=3.94e-06 |g|=8.38e-02 bin=0.005 t=189s
[fr_Q200_final3_h600] it  53 eta=0.13817 Q=     nan lam_r=     nan u=-0.002 | L_obj=+1.979 L_Q=2.763 L_lam=0.000 L_sh=0.0175 L=+4.795 | U_mid=13.10 R=0.810 fitres=3.94e-06 |g|=8.44e-02 bin=0.005 t=192s
[fr_Q200_final3_h600] it  54 eta=0.13824 Q=     nan lam_r=     nan u=-0.002 | L_obj=+1.979 L_Q=2.763 L_lam=0.000 L_sh=0.0175 L=+4.795 | U_mid=13.10 R=0.810 fitres=3.93e-06 |g|=8.50e-02 bin=0.004 t=195s
[fr_Q200_final3_h600] it  55 eta=0.13831 Q=     nan lam_r=     nan u=-0.002 | L_obj=+1.978 L_Q=2.763 L_lam=0.000 L_sh=0.0175 L=+4.794 | U_mid=13.10 R=0.810 fitres=3.93e-06 |g|=8.56e-02 bin=0.004 t=198s
[fr_Q200_final3_h600] it  56 eta=0.13837 Q=     nan lam_r=     nan u=-0.002 | L_obj=+1.978 L_Q=2.763 L_lam=0.000 L_sh=0.0175 L=+4.793 | U_mid=13.10 R=0.810 fitres=3.92e-06 |g|=8.62e-02 bin=0.004 t=201s
[fr_Q200_final3_h600] it  57 eta=0.13843 Q=     nan lam_r=     nan u=-0.002 | L_obj=+1.977 L_Q=2.763 L_lam=0.000 L_sh=0.0175 L=+4.793 | U_mid=13.09 R=0.810 fitres=3.92e-06 |g|=8.82e-02 bin=0.003 t=204s
[fr_Q200_final3_h600] it  58 eta=0.13848 Q=     nan lam_r=     nan u=-0.002 | L_obj=+1.977 L_Q=2.763 L_lam=0.000 L_sh=0.0175 L=+4.793 | U_mid=13.09 R=0.810 fitres=3.91e-06 |g|=8.79e-02 bin=0.003 t=206s
[fr_Q200_final3_h600] it  59 eta=0.13852 Q=     nan lam_r=     nan u=-0.002 | L_obj=+1.977 L_Q=2.763 L_lam=0.000 L_sh=0.0175 L=+4.792 | U_mid=13.09 R=0.809 fitres=3.91e-06 |g|=8.89e-02 bin=0.003 t=209s
[fr_Q200_final3_h600] it  60 eta=0.13856 Q=     nan lam_r=     nan u=-0.002 | L_obj=+1.976 L_Q=2.763 L_lam=0.000 L_sh=0.0175 L=+4.792 | U_mid=13.08 R=0.809 fitres=3.90e-06 |g|=9.01e-02 bin=0.003 t=212s
[fr_Q200_final3_h600] it  61 eta=0.13860 Q=     nan lam_r=     nan u=-0.002 | L_obj=+1.976 L_Q=2.763 L_lam=0.000 L_sh=0.0175 L=+4.791 | U_mid=13.08 R=0.809 fitres=3.90e-06 |g|=9.17e-02 bin=0.002 t=215s
[fr_Q200_final3_h600] it  62 eta=0.13863 Q=     nan lam_r=     nan u=-0.002 | L_obj=+1.976 L_Q=2.763 L_lam=0.000 L_sh=0.0175 L=+4.791 | U_mid=13.08 R=0.809 fitres=3.89e-06 |g|=9.35e-02 bin=0.002 t=218s
[fr_Q200_final3_h600] it  63 eta=0.13866 Q=     nan lam_r=     nan u=-0.002 | L_obj=+1.976 L_Q=2.763 L_lam=0.000 L_sh=0.0175 L=+4.791 | U_mid=13.07 R=0.809 fitres=3.89e-06 |g|=9.56e-02 bin=0.002 t=221s
[fr_Q200_final3_h600] it  64 eta=0.13868 Q=     nan lam_r=     nan u=-0.002 | L_obj=+1.976 L_Q=2.763 L_lam=0.000 L_sh=0.0175 L=+4.791 | U_mid=13.07 R=0.809 fitres=3.88e-06 |g|=9.80e-02 bin=0.002 t=223s
[fr_Q200_final3_h600] it  65 eta=0.13870 Q=     nan lam_r=     nan u=-0.002 | L_obj=+1.975 L_Q=2.762 L_lam=0.000 L_sh=0.0175 L=+4.790 | U_mid=13.07 R=0.809 fitres=3.88e-06 |g|=1.01e-01 bin=0.002 t=226s
[fr_Q200_final3_h600] it  66 eta=0.13873 Q=     nan lam_r=     nan u=-0.002 | L_obj=+1.975 L_Q=2.762 L_lam=0.000 L_sh=0.0175 L=+4.790 | U_mid=13.07 R=0.808 fitres=3.87e-06 |g|=1.04e-01 bin=0.002 t=228s
[fr_Q200_final3_h600] it  67 eta=0.13874 Q=     nan lam_r=     nan u=-0.002 | L_obj=+1.975 L_Q=2.762 L_lam=0.000 L_sh=0.0175 L=+4.790 | U_mid=13.06 R=0.808 fitres=3.87e-06 |g|=1.07e-01 bin=0.002 t=231s
[fr_Q200_final3_h600] it  68 eta=0.13876 Q=     nan lam_r=     nan u=-0.002 | L_obj=+1.975 L_Q=2.762 L_lam=0.000 L_sh=0.0175 L=+4.790 | U_mid=13.06 R=0.808 fitres=3.86e-06 |g|=1.10e-01 bin=0.001 t=233s
[fr_Q200_final3_h600] it  69 eta=0.13877 Q=     nan lam_r=     nan u=-0.002 | L_obj=+1.975 L_Q=2.762 L_lam=0.000 L_sh=0.0175 L=+4.790 | U_mid=13.06 R=0.808 fitres=3.86e-06 |g|=1.13e-01 bin=0.001 t=235s
[fr_Q200_final3_h600] it  70 eta=0.13878 Q=     nan lam_r=     nan u=-0.002 | L_obj=+1.975 L_Q=2.762 L_lam=0.000 L_sh=0.0175 L=+4.789 | U_mid=13.05 R=0.808 fitres=3.86e-06 |g|=1.17e-01 bin=0.001 t=238s
[fr_Q200_final3_h600] it  71 eta=0.13879 Q=     nan lam_r=     nan u=-0.002 | L_obj=+1.975 L_Q=2.762 L_lam=0.000 L_sh=0.0175 L=+4.789 | U_mid=13.05 R=0.808 fitres=3.85e-06 |g|=1.21e-01 bin=0.001 t=240s
[fr_Q200_final3_h600] it  72 eta=0.13880 Q=     nan lam_r=     nan u=-0.002 | L_obj=+1.975 L_Q=2.762 L_lam=0.000 L_sh=0.0175 L=+4.789 | U_mid=13.05 R=0.808 fitres=3.85e-06 |g|=1.25e-01 bin=0.001 t=242s
[fr_Q200_final3_h600] it  73 eta=0.13881 Q=     nan lam_r=     nan u=-0.002 | L_obj=+1.975 L_Q=2.762 L_lam=0.000 L_sh=0.0175 L=+4.789 | U_mid=13.05 R=0.807 fitres=3.85e-06 |g|=1.30e-01 bin=0.001 t=245s
[fr_Q200_final3_h600] it  74 eta=0.13881 Q=     nan lam_r=     nan u=-0.002 | L_obj=+1.975 L_Q=2.762 L_lam=0.000 L_sh=0.0175 L=+4.789 | U_mid=13.05 R=0.807 fitres=3.84e-06 |g|=1.34e-01 bin=0.001 t=247s
[fr_Q200_final3_h600] it  75 eta=0.13882 Q=     nan lam_r=     nan u=-0.002 | L_obj=+1.975 L_Q=2.762 L_lam=0.000 L_sh=0.0175 L=+4.789 | U_mid=13.05 R=0.807 fitres=3.84e-06 |g|=1.39e-01 bin=0.001 t=250s
[fr_Q200_final3_h600] it  76 eta=0.13882 Q=     nan lam_r=     nan u=-0.002 | L_obj=+1.975 L_Q=2.762 L_lam=0.000 L_sh=0.0175 L=+4.789 | U_mid=13.05 R=0.807 fitres=3.84e-06 |g|=1.44e-01 bin=0.001 t=252s
[fr_Q200_final3_h600] it  77 eta=0.13882 Q=     nan lam_r=     nan u=-0.002 | L_obj=+1.975 L_Q=2.762 L_lam=0.000 L_sh=0.0175 L=+4.789 | U_mid=13.05 R=0.807 fitres=3.84e-06 |g|=1.49e-01 bin=0.001 t=254s
[fr_Q200_final3_h600] it  78 eta=0.13882 Q=     nan lam_r=     nan u=-0.002 | L_obj=+1.975 L_Q=2.762 L_lam=0.000 L_sh=0.0175 L=+4.789 | U_mid=13.04 R=0.807 fitres=3.83e-06 |g|=1.53e-01 bin=0.001 t=257s
[fr_Q200_final3_h600] it  79 eta=0.13881 Q=     nan lam_r=     nan u=-0.002 | L_obj=+1.975 L_Q=2.762 L_lam=0.000 L_sh=0.0175 L=+4.789 | U_mid=13.04 R=0.807 fitres=3.83e-06 |g|=1.57e-01 bin=0.001 t=259s
[fr_Q200_final3_h600] done: eta_soft=0.13915 eta_hard=0.13919 Q_hard=None lam_hard=None u=-0.002 U_mid=9.57 fill=0.286 wall=263s
