[fr_Q20_final3_h380] it   0 eta=0.08308 Q=     nan lam_r=     nan u=-0.140 | L_obj=+2.488 L_Q=5.533 L_lam=0.213 L_sh=1.1900 L=+11.804 | U_mid=48.80 R=0.977 fitres=1.63e-01 |g|=9.06e+00 bin=0.242 t=5s
[fr_Q20_final3_h380] it   1 eta=0.08502 Q=     nan lam_r=     nan u= 0.023 | L_obj=+2.465 L_Q=2.361 L_lam=0.149 L_sh=0.2446 L=+5.709 | U_mid=49.62 R=0.992 fitres=8.96e-02 |g|=4.29e+00 bin=0.246 t=9s
[fr_Q20_final3_h380] it   2 eta=0.08770 Q=     9.6 lam_r= 1277.61 u= 0.197 | L_obj=+2.434 L_Q=0.661 L_lam=0.095 L_sh=0.0782 L=+3.424 | U_mid=49.68 R=0.999 fitres=4.07e-02 |g|=1.08e+00 bin=0.247 t=11s
[fr_Q20_final3_h380] it   3 eta=0.09031 Q=    11.6 lam_r= 1289.06 u= 0.313 | L_obj=+2.404 L_Q=0.338 L_lam=0.067 L_sh=0.0432 L=+2.939 | U_mid=49.39 R=0.998 fitres=1.68e-02 |g|=4.13e-01 bin=0.246 t=14s
[fr_Q20_final3_h380] it   4 eta=0.09282 Q=    12.6 lam_r= 1292.33 u= 0.379 | L_obj=+2.377 L_Q=0.235 L_lam=0.056 L_sh=0.0329 L=+2.767 | U_mid=48.99 R=0.996 fitres=1.86e-02 |g|=2.55e-01 bin=0.241 t=17s
[fr_Q20_final3_h380] it   5 eta=0.09522 Q=    13.2 lam_r= 1293.60 u= 0.416 | L_obj=+2.352 L_Q=0.192 L_lam=0.051 L_sh=0.0289 L=+2.682 | U_mid=48.57 R=0.993 fitres=2.50e-02 |g|=2.06e-01 bin=0.234 t=20s
[fr_Q20_final3_h380] it   6 eta=0.09752 Q=    13.5 lam_r= 1294.18 u= 0.439 | L_obj=+2.328 L_Q=0.170 L_lam=0.049 L_sh=0.0269 L=+2.627 | U_mid=48.18 R=0.991 fitres=2.85e-02 |g|=1.87e-01 bin=0.226 t=22s
[fr_Q20_final3_h380] it   7 eta=0.09971 Q=    13.7 lam_r= 1294.51 u= 0.454 | L_obj=+2.305 L_Q=0.156 L_lam=0.049 L_sh=0.0253 L=+2.586 | U_mid=47.85 R=0.989 fitres=2.96e-02 |g|=1.77e-01 bin=0.216 t=25s
[fr_Q20_final3_h380] it   8 eta=0.10177 Q=    13.9 lam_r= 1294.75 u= 0.468 | L_obj=+2.285 L_Q=0.145 L_lam=0.049 L_sh=0.0239 L=+2.550 | U_mid=47.59 R=0.989 fitres=2.92e-02 |g|=1.68e-01 bin=0.205 t=28s
[fr_Q20_final3_h380] it   9 eta=0.10365 Q=    14.1 lam_r= 1294.97 u= 0.480 | L_obj=+2.267 L_Q=0.134 L_lam=0.048 L_sh=0.0224 L=+2.517 | U_mid=47.42 R=0.989 fitres=2.79e-02 |g|=1.59e-01 bin=0.193 t=31s
[fr_Q20_final3_h380] it  10 eta=0.10532 Q=    14.3 lam_r= 1295.19 u= 0.494 | L_obj=+2.251 L_Q=0.125 L_lam=0.048 L_sh=0.0208 L=+2.486 | U_mid=47.33 R=0.989 fitres=2.62e-02 |g|=1.48e-01 bin=0.181 t=34s
[fr_Q20_final3_h380] it  11 eta=0.10674 Q=    14.5 lam_r= 1295.42 u= 0.508 | L_obj=+2.237 L_Q=0.115 L_lam=0.048 L_sh=0.0193 L=+2.457 | U_mid=47.34 R=0.990 fitres=2.44e-02 |g|=1.38e-01 bin=0.169 t=37s
[fr_Q20_final3_h380] it  12 eta=0.10787 Q=    14.7 lam_r= 1295.65 u= 0.524 | L_obj=+2.227 L_Q=0.104 L_lam=0.047 L_sh=0.0177 L=+2.432 | U_mid=47.46 R=0.992 fitres=2.25e-02 |g|=1.27e-01 bin=0.156 t=39s
[fr_Q20_final3_h380] it  13 eta=0.10870 Q=    15.0 lam_r= 1295.89 u= 0.542 | L_obj=+2.219 L_Q=0.094 L_lam=0.047 L_sh=0.0162 L=+2.409 | U_mid=47.67 R=0.993 fitres=2.08e-02 |g|=1.16e-01 bin=0.144 t=42s
[fr_Q20_final3_h380] it  14 eta=0.10922 Q=    15.2 lam_r= 1296.13 u= 0.561 | L_obj=+2.214 L_Q=0.084 L_lam=0.047 L_sh=0.0148 L=+2.389 | U_mid=47.99 R=0.994 fitres=1.92e-02 |g|=1.05e-01 bin=0.133 t=45s
[fr_Q20_final3_h380] it  15 eta=0.10943 Q=    15.5 lam_r= 1296.37 u= 0.581 | L_obj=+2.212 L_Q=0.074 L_lam=0.046 L_sh=0.0133 L=+2.372 | U_mid=48.40 R=0.995 fitres=1.78e-02 |g|=9.41e-02 bin=0.122 t=48s
[fr_Q20_final3_h380] it  16 eta=0.10936 Q=    15.8 lam_r= 1296.61 u= 0.604 | L_obj=+2.213 L_Q=0.064 L_lam=0.046 L_sh=0.0120 L=+2.358 | U_mid=48.89 R=0.996 fitres=1.66e-02 |g|=8.39e-02 bin=0.112 t=50s
[fr_Q20_final3_h380] it  17 eta=0.10904 Q=    16.0 lam_r= 1296.86 u= 0.627 | L_obj=+2.216 L_Q=0.054 L_lam=0.045 L_sh=0.0107 L=+2.348 | U_mid=49.45 R=0.997 fitres=1.55e-02 |g|=7.44e-02 bin=0.102 t=53s
[fr_Q20_final3_h380] it  18 eta=0.10854 Q=    16.3 lam_r= 1297.11 u= 0.652 | L_obj=+2.221 L_Q=0.046 L_lam=0.044 L_sh=0.0095 L=+2.339 | U_mid=50.06 R=0.998 fitres=1.46e-02 |g|=6.60e-02 bin=0.094 t=56s
[fr_Q20_final3_h380] it  19 eta=0.10789 Q=    16.6 lam_r= 1297.37 u= 0.677 | L_obj=+2.227 L_Q=0.038 L_lam=0.043 L_sh=0.0084 L=+2.333 | U_mid=50.70 R=0.999 fitres=1.37e-02 |g|=5.92e-02 bin=0.086 t=59s
[fr_Q20_final3_h380] it  20 eta=0.10717 Q=    16.9 lam_r= 1297.61 u= 0.702 | L_obj=+2.233 L_Q=0.031 L_lam=0.042 L_sh=0.0073 L=+2.329 | U_mid=51.34 R=0.999 fitres=1.30e-02 |g|=5.43e-02 bin=0.079 t=61s
[fr_Q20_final3_h380] it  21 eta=0.10640 Q=    17.2 lam_r= 1297.85 u= 0.726 | L_obj=+2.241 L_Q=0.026 L_lam=0.040 L_sh=0.0064 L=+2.326 | U_mid=51.96 R=1.000 fitres=1.22e-02 |g|=5.16e-02 bin=0.072 t=64s
[fr_Q20_final3_h380] it  22 eta=0.10564 Q=    17.5 lam_r= 1298.08 u= 0.749 | L_obj=+2.248 L_Q=0.021 L_lam=0.039 L_sh=0.0056 L=+2.324 | U_mid=52.55 R=1.000 fitres=1.16e-02 |g|=5.08e-02 bin=0.066 t=67s
[fr_Q20_final3_h380] it  23 eta=0.10492 Q=    17.7 lam_r= 1298.29 u= 0.770 | L_obj=+2.255 L_Q=0.017 L_lam=0.037 L_sh=0.0050 L=+2.323 | U_mid=53.10 R=1.000 fitres=1.09e-02 |g|=5.16e-02 bin=0.061 t=69s
[fr_Q20_final3_h380] it  24 eta=0.10426 Q=    17.9 lam_r= 1298.49 u= 0.789 | L_obj=+2.261 L_Q=0.014 L_lam=0.035 L_sh=0.0044 L=+2.323 | U_mid=53.59 R=0.999 fitres=1.03e-02 |g|=5.34e-02 bin=0.056 t=72s
[fr_Q20_final3_h380] it  25 eta=0.10368 Q=    18.1 lam_r= 1298.66 u= 0.805 | L_obj=+2.266 L_Q=0.012 L_lam=0.033 L_sh=0.0039 L=+2.323 | U_mid=54.01 R=0.999 fitres=9.74e-03 |g|=5.58e-02 bin=0.051 t=74s
[fr_Q20_final3_h380] it  26 eta=0.10319 Q=    18.2 lam_r= 1298.81 u= 0.818 | L_obj=+2.271 L_Q=0.010 L_lam=0.031 L_sh=0.0035 L=+2.323 | U_mid=54.36 R=0.999 fitres=9.20e-03 |g|=5.82e-02 bin=0.047 t=77s
[fr_Q20_final3_h380] it  27 eta=0.10280 Q=    18.3 lam_r= 1298.94 u= 0.829 | L_obj=+2.275 L_Q=0.009 L_lam=0.030 L_sh=0.0032 L=+2.323 | U_mid=54.64 R=0.998 fitres=8.68e-03 |g|=6.05e-02 bin=0.043 t=79s
[fr_Q20_final3_h380] it  28 eta=0.10252 Q=    18.4 lam_r= 1299.04 u= 0.836 | L_obj=+2.278 L_Q=0.008 L_lam=0.029 L_sh=0.0029 L=+2.323 | U_mid=54.85 R=0.998 fitres=8.18e-03 |g|=6.24e-02 bin=0.039 t=82s
[fr_Q20_final3_h380] it  29 eta=0.10233 Q=    18.4 lam_r= 1299.12 u= 0.840 | L_obj=+2.280 L_Q=0.008 L_lam=0.027 L_sh=0.0027 L=+2.323 | U_mid=55.00 R=0.998 fitres=7.71e-03 |g|=6.39e-02 bin=0.036 t=84s
[fr_Q20_final3_h380] it  30 eta=0.10224 Q=    18.5 lam_r= 1299.18 u= 0.841 | L_obj=+2.280 L_Q=0.007 L_lam=0.026 L_sh=0.0025 L=+2.322 | U_mid=55.08 R=0.997 fitres=7.26e-03 |g|=6.49e-02 bin=0.033 t=88s
[fr_Q20_final3_h380] it  31 eta=0.10224 Q=    18.4 lam_r= 1299.22 u= 0.839 | L_obj=+2.280 L_Q=0.008 L_lam=0.026 L_sh=0.0024 L=+2.321 | U_mid=55.11 R=0.997 fitres=6.83e-03 |g|=6.54e-02 bin=0.030 t=90s
[fr_Q20_final3_h380] it  32 eta=0.10234 Q=    18.4 lam_r= 1299.29 u= 0.839 | L_obj=+2.279 L_Q=0.008 L_lam=0.024 L_sh=0.0023 L=+2.319 | U_mid=55.08 R=0.997 fitres=6.70e-03 |g|=6.60e-02 bin=0.028 t=93s
[fr_Q20_final3_h380] it  33 eta=0.10252 Q=    18.4 lam_r= 1299.34 u= 0.836 | L_obj=+2.278 L_Q=0.008 L_lam=0.023 L_sh=0.0022 L=+2.316 | U_mid=55.00 R=0.997 fitres=6.54e-03 |g|=6.62e-02 bin=0.025 t=96s
