[fr_Q500_fresh4242_h700] it   0 eta=0.03359 Q=     nan lam_r=     nan u= 0.000 | L_obj=+3.394 L_Q=2.726 L_lam=0.015 L_sh=0.1307 L=+6.527 | U_mid=23.20 R=0.040 fitres=8.35e-05 |g|=4.96e-01 bin=0.141 t=4s
[fr_Q500_fresh4242_h700] it   1 eta=0.04756 Q=   161.4 lam_r= 1295.57 u= 0.027 | L_obj=+3.046 L_Q=2.294 L_lam=0.080 L_sh=0.1736 L=+5.941 | U_mid=94.73 R=0.155 fitres=3.91e-04 |g|=1.71e+00 bin=0.151 t=8s
[fr_Q500_fresh4242_h700] it   2 eta=0.05739 Q=   149.1 lam_r= 1304.35 u= 0.073 | L_obj=+2.858 L_Q=1.657 L_lam=0.054 L_sh=0.1181 L=+4.923 | U_mid=180.90 R=0.292 fitres=1.49e-04 |g|=3.29e+00 bin=0.158 t=12s
[fr_Q500_fresh4242_h700] it   3 eta=0.05246 Q=   156.6 lam_r= 1299.41 u= 0.066 | L_obj=+2.948 L_Q=1.744 L_lam=0.085 L_sh=0.1400 L=+5.198 | U_mid=170.56 R=0.267 fitres=4.64e-04 |g|=4.21e+00 bin=0.148 t=16s
[fr_Q500_fresh4242_h700] it   4 eta=0.05683 Q=   167.5 lam_r= 1302.09 u= 0.112 | L_obj=+2.868 L_Q=1.199 L_lam=0.001 L_sh=0.0643 L=+4.260 | U_mid=245.93 R=0.366 fitres=2.28e-04 |g|=1.10e+00 bin=0.144 t=20s
[fr_Q500_fresh4242_h700] it   5 eta=0.05925 Q=   177.9 lam_r= 1303.32 u= 0.117 | L_obj=+2.826 L_Q=1.148 L_lam=0.035 L_sh=0.0776 L=+4.242 | U_mid=236.00 R=0.329 fitres=3.42e-05 |g|=3.34e+00 bin=0.139 t=24s
[fr_Q500_fresh4242_h700] it   6 eta=0.05836 Q=   194.3 lam_r= 1301.51 u= 0.143 | L_obj=+2.841 L_Q=0.944 L_lam=0.029 L_sh=0.0651 L=+4.010 | U_mid=264.25 R=0.345 fitres=3.95e-04 |g|=3.62e+00 bin=0.130 t=28s
[fr_Q500_fresh4242_h700] it   7 eta=0.05973 Q=   209.8 lam_r= 1301.59 u= 0.167 | L_obj=+2.818 L_Q=0.798 L_lam=0.032 L_sh=0.0585 L=+3.824 | U_mid=279.67 R=0.342 fitres=4.18e-04 |g|=3.77e+00 bin=0.123 t=31s
[fr_Q500_fresh4242_h700] it   8 eta=0.06250 Q=   224.3 lam_r= 1302.77 u= 0.196 | L_obj=+2.773 L_Q=0.665 L_lam=0.022 L_sh=0.0471 L=+3.601 | U_mid=294.07 R=0.334 fitres=1.01e-04 |g|=2.73e+00 bin=0.117 t=35s
[fr_Q500_fresh4242_h700] it   9 eta=0.06336 Q=   241.7 lam_r= 1302.32 u= 0.234 | L_obj=+2.759 L_Q=0.529 L_lam=0.000 L_sh=0.0327 L=+3.386 | U_mid=319.33 R=0.342 fitres=2.59e-04 |g|=3.62e-01 bin=0.109 t=38s
[fr_Q500_fresh4242_h700] it  10 eta=0.06395 Q=   258.7 lam_r= 1301.68 u= 0.253 | L_obj=+2.750 L_Q=0.472 L_lam=0.055 L_sh=0.0457 L=+3.414 | U_mid=318.49 R=0.324 fitres=5.05e-04 |g|=4.97e+00 bin=0.100 t=42s
[fr_Q500_fresh4242_h700] it  11 eta=0.06629 Q=   273.5 lam_r= 1302.41 u= 0.298 | L_obj=+2.714 L_Q=0.366 L_lam=0.004 L_sh=0.0243 L=+3.156 | U_mid=343.19 R=0.328 fitres=2.42e-04 |g|=1.11e+00 bin=0.093 t=45s
[fr_Q500_fresh4242_h700] it  12 eta=0.06788 Q=   287.6 lam_r= 1302.61 u= 0.324 | L_obj=+2.690 L_Q=0.317 L_lam=0.026 L_sh=0.0264 L=+3.112 | U_mid=346.22 R=0.315 fitres=1.57e-04 |g|=3.27e+00 bin=0.085 t=49s
[fr_Q500_fresh4242_h700] it  13 eta=0.06803 Q=   301.8 lam_r= 1301.75 u= 0.344 | L_obj=+2.688 L_Q=0.285 L_lam=0.078 L_sh=0.0358 L=+3.158 | U_mid=346.20 R=0.309 fitres=5.35e-04 |g|=6.15e+00 bin=0.078 t=53s
[fr_Q500_fresh4242_h700] it  14 eta=0.07007 Q=   312.4 lam_r= 1302.41 u= 0.389 | L_obj=+2.658 L_Q=0.223 L_lam=0.006 L_sh=0.0154 L=+2.933 | U_mid=368.13 R=0.313 fitres=2.42e-04 |g|=1.53e+00 bin=0.071 t=56s
[fr_Q500_fresh4242_h700] it  15 eta=0.07141 Q=   321.3 lam_r= 1302.65 u= 0.400 | L_obj=+2.639 L_Q=0.210 L_lam=0.051 L_sh=0.0227 L=+2.968 | U_mid=361.50 R=0.298 fitres=1.22e-04 |g|=4.83e+00 bin=0.065 t=60s
[fr_Q500_fresh4242_h700] it  16 eta=0.07116 Q=   330.3 lam_r= 1301.81 u= 0.412 | L_obj=+2.643 L_Q=0.196 L_lam=0.090 L_sh=0.0286 L=+3.015 | U_mid=361.59 R=0.299 fitres=5.00e-04 |g|=6.90e+00 bin=0.059 t=64s
[fr_Q500_fresh4242_h700] it  17 eta=0.07280 Q=   336.9 lam_r= 1302.42 u= 0.452 | L_obj=+2.620 L_Q=0.158 L_lam=0.009 L_sh=0.0110 L=+2.820 | U_mid=380.48 R=0.303 fitres=2.12e-04 |g|=2.10e+00 bin=0.054 t=67s
[fr_Q500_fresh4242_h700] it  18 eta=0.07369 Q=   342.7 lam_r= 1302.60 u= 0.457 | L_obj=+2.608 L_Q=0.153 L_lam=0.049 L_sh=0.0166 L=+2.859 | U_mid=374.49 R=0.292 fitres=1.22e-04 |g|=4.96e+00 bin=0.049 t=71s
[fr_Q500_fresh4242_h700] it  19 eta=0.07316 Q=   348.9 lam_r= 1301.83 u= 0.460 | L_obj=+2.615 L_Q=0.151 L_lam=0.100 L_sh=0.0242 L=+2.939 | U_mid=371.10 R=0.293 fitres=4.45e-04 |g|=7.49e+00 bin=0.045 t=75s
[fr_Q500_fresh4242_h700] it  20 eta=0.07462 Q=   353.1 lam_r= 1302.52 u= 0.491 | L_obj=+2.595 L_Q=0.127 L_lam=0.032 L_sh=0.0114 L=+2.789 | U_mid=384.58 R=0.293 fitres=1.38e-04 |g|=4.17e+00 bin=0.041 t=78s
[fr_Q500_fresh4242_h700] it  21 eta=0.07490 Q=   357.6 lam_r= 1302.44 u= 0.508 | L_obj=+2.592 L_Q=0.115 L_lam=0.016 L_sh=0.0081 L=+2.747 | U_mid=391.08 R=0.295 fitres=1.62e-04 |g|=2.93e+00 bin=0.038 t=82s
[fr_Q500_fresh4242_h700] it  22 eta=0.07437 Q=   361.8 lam_r= 1301.86 u= 0.496 | L_obj=+2.599 L_Q=0.123 L_lam=0.104 L_sh=0.0204 L=+2.887 | U_mid=379.29 R=0.291 fitres=3.82e-04 |g|=7.82e+00 bin=0.035 t=86s
[fr_Q500_fresh4242_h700] it  23 eta=0.07570 Q=   364.3 lam_r= 1302.59 u= 0.516 | L_obj=+2.581 L_Q=0.110 L_lam=0.060 L_sh=0.0128 L=+2.789 | U_mid=386.36 R=0.285 fitres=8.70e-05 |g|=5.75e+00 bin=0.032 t=90s
[fr_Q500_fresh4242_h700] it  24 eta=0.07567 Q=   367.8 lam_r= 1302.40 u= 0.539 | L_obj=+2.581 L_Q=0.096 L_lam=0.009 L_sh=0.0055 L=+2.703 | U_mid=399.36 R=0.295 fitres=1.51e-04 |g|=2.30e+00 bin=0.029 t=94s
[fr_Q500_fresh4242_h700] it  25 eta=0.07497 Q=   370.6 lam_r= 1301.80 u= 0.511 | L_obj=+2.591 L_Q=0.113 L_lam=0.141 L_sh=0.0225 L=+2.912 | U_mid=378.76 R=0.285 fitres=3.44e-04 |g|=8.95e+00 bin=0.027 t=98s
[fr_Q500_fresh4242_h700] it  26 eta=0.07631 Q=   372.0 lam_r= 1302.60 u= 0.536 | L_obj=+2.573 L_Q=0.097 L_lam=0.070 L_sh=0.0121 L=+2.777 | U_mid=389.92 R=0.283 fitres=6.41e-05 |g|=6.33e+00 bin=0.025 t=102s
[fr_Q500_fresh4242_h700] it  27 eta=0.07624 Q=   374.6 lam_r= 1302.46 u= 0.556 | L_obj=+2.574 L_Q=0.086 L_lam=0.022 L_sh=0.0058 L=+2.700 | U_mid=401.58 R=0.291 fitres=1.06e-04 |g|=3.66e+00 bin=0.023 t=105s
[fr_Q500_fresh4242_h700] it  28 eta=0.07523 Q=   376.3 lam_r= 1301.71 u= 0.510 | L_obj=+2.587 L_Q=0.114 L_lam=0.202 L_sh=0.0280 L=+2.987 | U_mid=370.98 R=0.278 fitres=3.13e-04 |g|=1.02e+01 bin=0.021 t=109s
[fr_Q500_fresh4242_h700] it  29 eta=0.07653 Q=   377.6 lam_r= 1302.51 u= 0.561 | L_obj=+2.570 L_Q=0.084 L_lam=0.038 L_sh=0.0068 L=+2.712 | U_mid=400.78 R=0.288 fitres=7.66e-05 |g|=4.81e+00 bin=0.019 t=113s
[fr_Q500_fresh4242_h700] it  30 eta=0.07665 Q=   378.9 lam_r= 1302.54 u= 0.562 | L_obj=+2.568 L_Q=0.083 L_lam=0.049 L_sh=0.0075 L=+2.723 | U_mid=399.68 R=0.286 fitres=6.30e-05 |g|=5.43e+00 bin=0.018 t=117s
[fr_Q500_fresh4242_h700] it  31 eta=0.07567 Q=   380.5 lam_r= 1301.83 u= 0.541 | L_obj=+2.581 L_Q=0.094 L_lam=0.141 L_sh=0.0170 L=+2.867 | U_mid=387.22 R=0.285 fitres=2.38e-04 |g|=9.09e+00 bin=0.016 t=121s
[fr_Q500_fresh4242_h700] it  32 eta=0.07665 Q=   381.6 lam_r= 1302.44 u= 0.578 | L_obj=+2.569 L_Q=0.075 L_lam=0.019 L_sh=0.0041 L=+2.675 | U_mid=407.77 R=0.291 fitres=8.55e-05 |g|=3.43e+00 bin=0.015 t=125s
[fr_Q500_fresh4242_h700] it  33 eta=0.07676 Q=   382.5 lam_r= 1302.48 u= 0.577 | L_obj=+2.567 L_Q=0.075 L_lam=0.031 L_sh=0.0053 L=+2.689 | U_mid=406.14 R=0.288 fitres=7.39e-05 |g|=4.45e+00 bin=0.014 t=129s
[fr_Q500_fresh4242_h700] it  34 eta=0.07609 Q=   383.8 lam_r= 1302.00 u= 0.573 | L_obj=+2.576 L_Q=0.078 L_lam=0.063 L_sh=0.0083 L=+2.741 | U_mid=404.27 R=0.293 fitres=2.04e-04 |g|=6.74e+00 bin=0.012 t=133s
[fr_Q500_fresh4242_h700] it  35 eta=0.07672 Q=   384.6 lam_r= 1302.39 u= 0.589 | L_obj=+2.568 L_Q=0.070 L_lam=0.010 L_sh=0.0032 L=+2.657 | U_mid=412.19 R=0.292 fitres=9.89e-05 |g|=2.52e+00 bin=0.011 t=136s
[fr_Q500_fresh4242_h700] it  36 eta=0.07679 Q=   385.4 lam_r= 1302.42 u= 0.590 | L_obj=+2.567 L_Q=0.069 L_lam=0.015 L_sh=0.0036 L=+2.662 | U_mid=411.91 R=0.291 fitres=9.22e-05 |g|=3.16e+00 bin=0.010 t=140s
[fr_Q500_fresh4242_h700] it  37 eta=0.07636 Q=   386.5 lam_r= 1302.11 u= 0.591 | L_obj=+2.572 L_Q=0.069 L_lam=0.026 L_sh=0.0046 L=+2.681 | U_mid=412.83 R=0.295 fitres=1.79e-04 |g|=4.61e+00 bin=0.009 t=144s
[fr_Q500_fresh4242_h700] it  38 eta=0.07674 Q=   387.2 lam_r= 1302.34 u= 0.599 | L_obj=+2.567 L_Q=0.066 L_lam=0.003 L_sh=0.0024 L=+2.643 | U_mid=416.15 R=0.294 fitres=1.14e-04 |g|=1.35e+00 bin=0.009 t=148s
[fr_Q500_fresh4242_h700] it  39 eta=0.07683 Q=   387.9 lam_r= 1302.38 u= 0.600 | L_obj=+2.566 L_Q=0.065 L_lam=0.008 L_sh=0.0029 L=+2.649 | U_mid=415.74 R=0.293 fitres=1.03e-04 |g|=2.36e+00 bin=0.008 t=152s
[fr_Q500_fresh4242_h700] it  40 eta=0.07657 Q=   388.8 lam_r= 1302.20 u= 0.603 | L_obj=+2.569 L_Q=0.064 L_lam=0.006 L_sh=0.0026 L=+2.648 | U_mid=418.07 R=0.296 fitres=1.56e-04 |g|=2.43e+00 bin=0.007 t=155s
[fr_Q500_fresh4242_h700] it  41 eta=0.07673 Q=   389.5 lam_r= 1302.29 u= 0.607 | L_obj=+2.567 L_Q=0.062 L_lam=0.000 L_sh=0.0021 L=+2.636 | U_mid=419.34 R=0.295 fitres=1.31e-04 |g|=1.01e-01 bin=0.007 t=159s
[fr_Q500_fresh4242_h700] it  42 eta=0.07683 Q=   390.1 lam_r= 1302.34 u= 0.608 | L_obj=+2.566 L_Q=0.062 L_lam=0.003 L_sh=0.0023 L=+2.638 | U_mid=419.08 R=0.294 fitres=1.16e-04 |g|=1.43e+00 bin=0.006 t=163s
[fr_Q500_fresh4242_h700] it  43 eta=0.07676 Q=   390.7 lam_r= 1302.29 u= 0.611 | L_obj=+2.567 L_Q=0.061 L_lam=0.000 L_sh=0.0020 L=+2.634 | U_mid=420.67 R=0.295 fitres=1.33e-04 |g|=1.35e-01 bin=0.005 t=167s
[fr_Q500_fresh4242_h700] it  44 eta=0.07671 Q=   391.2 lam_r= 1302.25 u= 0.612 | L_obj=+2.568 L_Q=0.060 L_lam=0.001 L_sh=0.0021 L=+2.635 | U_mid=421.32 R=0.296 fitres=1.45e-04 |g|=1.21e+00 bin=0.005 t=171s
[fr_Q500_fresh4242_h700] it  45 eta=0.07680 Q=   391.7 lam_r= 1302.30 u= 0.614 | L_obj=+2.567 L_Q=0.060 L_lam=0.000 L_sh=0.0020 L=+2.632 | U_mid=421.68 R=0.295 fitres=1.30e-04 |g|=1.98e-01 bin=0.005 t=175s
[fr_Q500_fresh4242_h700] it  46 eta=0.07685 Q=   392.0 lam_r= 1302.32 u= 0.614 | L_obj=+2.566 L_Q=0.059 L_lam=0.002 L_sh=0.0021 L=+2.633 | U_mid=421.73 R=0.294 fitres=1.23e-04 |g|=9.28e-01 bin=0.004 t=179s
[fr_Q500_fresh4242_h700] it  47 eta=0.07680 Q=   392.3 lam_r= 1302.29 u= 0.616 | L_obj=+2.567 L_Q=0.059 L_lam=0.000 L_sh=0.0020 L=+2.631 | U_mid=422.62 R=0.295 fitres=1.33e-04 |g|=7.25e-02 bin=0.004 t=183s
[fr_Q500_fresh4242_h700] it  48 eta=0.07677 Q=   392.6 lam_r= 1302.26 u= 0.616 | L_obj=+2.567 L_Q=0.059 L_lam=0.000 L_sh=0.0020 L=+2.632 | U_mid=423.06 R=0.296 fitres=1.41e-04 |g|=8.12e-01 bin=0.003 t=187s
[fr_Q500_fresh4242_h700] it  49 eta=0.07681 Q=   392.7 lam_r= 1302.29 u= 0.617 | L_obj=+2.566 L_Q=0.058 L_lam=0.000 L_sh=0.0019 L=+2.631 | U_mid=423.26 R=0.295 fitres=1.34e-04 |g|=1.13e-01 bin=0.003 t=191s
[fr_Q500_fresh4242_h700] it  50 eta=0.07685 Q=   392.9 lam_r= 1302.31 u= 0.617 | L_obj=+2.566 L_Q=0.058 L_lam=0.001 L_sh=0.0020 L=+2.631 | U_mid=423.21 R=0.295 fitres=1.27e-04 |g|=5.94e-01 bin=0.003 t=194s
[fr_Q500_fresh4242_h700] it  51 eta=0.07684 Q=   393.0 lam_r= 1302.30 u= 0.618 | L_obj=+2.566 L_Q=0.058 L_lam=0.000 L_sh=0.0020 L=+2.630 | U_mid=423.52 R=0.295 fitres=1.29e-04 |g|=3.61e-01 bin=0.003 t=198s
[fr_Q500_fresh4242_h700] it  52 eta=0.07680 Q=   393.0 lam_r= 1302.28 u= 0.618 | L_obj=+2.566 L_Q=0.058 L_lam=0.000 L_sh=0.0019 L=+2.630 | U_mid=423.88 R=0.296 fitres=1.37e-04 |g|=3.90e-01 bin=0.002 t=202s
[fr_Q500_fresh4242_h700] it  53 eta=0.07681 Q=   393.1 lam_r= 1302.28 u= 0.618 | L_obj=+2.566 L_Q=0.058 L_lam=0.000 L_sh=0.0019 L=+2.630 | U_mid=424.01 R=0.296 fitres=1.37e-04 |g|=3.76e-01 bin=0.002 t=206s
[fr_Q500_fresh4242_h700] it  54 eta=0.07683 Q=   393.1 lam_r= 1302.30 u= 0.618 | L_obj=+2.566 L_Q=0.058 L_lam=0.000 L_sh=0.0019 L=+2.630 | U_mid=423.99 R=0.295 fitres=1.32e-04 |g|=1.33e-01 bin=0.002 t=209s
[fr_Q500_fresh4242_h700] it  55 eta=0.07685 Q=   393.1 lam_r= 1302.31 u= 0.618 | L_obj=+2.566 L_Q=0.058 L_lam=0.001 L_sh=0.0020 L=+2.630 | U_mid=423.96 R=0.295 fitres=1.29e-04 |g|=4.38e-01 bin=0.002 t=213s
[fr_Q500_fresh4242_h700] it  56 eta=0.07684 Q=   393.1 lam_r= 1302.30 u= 0.618 | L_obj=+2.566 L_Q=0.058 L_lam=0.000 L_sh=0.0020 L=+2.630 | U_mid=424.11 R=0.295 fitres=1.31e-04 |g|=2.43e-01 bin=0.002 t=217s
[fr_Q500_fresh4242_h700] it  57 eta=0.07682 Q=   393.1 lam_r= 1302.28 u= 0.618 | L_obj=+2.566 L_Q=0.058 L_lam=0.000 L_sh=0.0019 L=+2.630 | U_mid=424.28 R=0.296 fitres=1.36e-04 |g|=2.18e-01 bin=0.002 t=221s
[fr_Q500_fresh4242_h700] it  58 eta=0.07682 Q=   393.1 lam_r= 1302.28 u= 0.618 | L_obj=+2.566 L_Q=0.058 L_lam=0.000 L_sh=0.0019 L=+2.630 | U_mid=424.34 R=0.296 fitres=1.36e-04 |g|=2.50e-01 bin=0.001 t=225s
[fr_Q500_fresh4242_h700] it  59 eta=0.07684 Q=   393.1 lam_r= 1302.29 u= 0.618 | L_obj=+2.566 L_Q=0.058 L_lam=0.000 L_sh=0.0019 L=+2.630 | U_mid=424.31 R=0.295 fitres=1.32e-04 |g|=9.57e-02 bin=0.001 t=229s
[fr_Q500_fresh4242_h700] it  60 eta=0.07685 Q=   393.1 lam_r= 1302.30 u= 0.618 | L_obj=+2.566 L_Q=0.058 L_lam=0.000 L_sh=0.0020 L=+2.630 | U_mid=424.28 R=0.295 fitres=1.30e-04 |g|=3.07e-01 bin=0.001 t=232s
[fr_Q500_fresh4242_h700] it  61 eta=0.07684 Q=   393.1 lam_r= 1302.30 u= 0.618 | L_obj=+2.566 L_Q=0.058 L_lam=0.000 L_sh=0.0020 L=+2.630 | U_mid=424.35 R=0.295 fitres=1.31e-04 |g|=1.96e-01 bin=0.001 t=237s
[fr_Q500_fresh4242_h700] it  62 eta=0.07683 Q=   393.1 lam_r= 1302.29 u= 0.618 | L_obj=+2.566 L_Q=0.058 L_lam=0.000 L_sh=0.0019 L=+2.630 | U_mid=424.44 R=0.296 fitres=1.34e-04 |g|=9.90e-02 bin=0.001 t=241s
[fr_Q500_fresh4242_h700] it  63 eta=0.07682 Q=   393.1 lam_r= 1302.28 u= 0.618 | L_obj=+2.566 L_Q=0.058 L_lam=0.000 L_sh=0.0019 L=+2.630 | U_mid=424.48 R=0.296 fitres=1.35e-04 |g|=2.10e-01 bin=0.001 t=245s
[fr_Q500_fresh4242_h700] it  64 eta=0.07683 Q=   393.1 lam_r= 1302.29 u= 0.618 | L_obj=+2.566 L_Q=0.058 L_lam=0.000 L_sh=0.0019 L=+2.630 | U_mid=424.48 R=0.296 fitres=1.34e-04 |g|=6.82e-02 bin=0.001 t=249s
[fr_Q500_fresh4242_h700] it  65 eta=0.07684 Q=   393.1 lam_r= 1302.30 u= 0.618 | L_obj=+2.566 L_Q=0.058 L_lam=0.000 L_sh=0.0019 L=+2.630 | U_mid=424.45 R=0.295 fitres=1.32e-04 |g|=1.47e-01 bin=0.001 t=253s
[fr_Q500_fresh4242_h700] it  66 eta=0.07684 Q=   393.1 lam_r= 1302.30 u= 0.618 | L_obj=+2.566 L_Q=0.058 L_lam=0.000 L_sh=0.0020 L=+2.630 | U_mid=424.45 R=0.295 fitres=1.31e-04 |g|=2.13e-01 bin=0.001 t=257s
[fr_Q500_fresh4242_h700] it  67 eta=0.07684 Q=   393.1 lam_r= 1302.29 u= 0.618 | L_obj=+2.566 L_Q=0.058 L_lam=0.000 L_sh=0.0019 L=+2.630 | U_mid=424.48 R=0.295 fitres=1.32e-04 |g|=1.26e-01 bin=0.001 t=261s
[fr_Q500_fresh4242_h700] it  68 eta=0.07683 Q=   393.1 lam_r= 1302.29 u= 0.618 | L_obj=+2.566 L_Q=0.058 L_lam=0.000 L_sh=0.0019 L=+2.630 | U_mid=424.51 R=0.296 fitres=1.34e-04 |g|=3.61e-02 bin=0.001 t=266s
[fr_Q500_fresh4242_h700] it  69 eta=0.07683 Q=   393.1 lam_r= 1302.29 u= 0.618 | L_obj=+2.566 L_Q=0.058 L_lam=0.000 L_sh=0.0019 L=+2.630 | U_mid=424.53 R=0.296 fitres=1.34e-04 |g|=9.32e-02 bin=0.001 t=270s
[fr_Q500_fresh4242_h700] it  70 eta=0.07683 Q=   393.1 lam_r= 1302.29 u= 0.618 | L_obj=+2.566 L_Q=0.058 L_lam=0.000 L_sh=0.0019 L=+2.630 | U_mid=424.52 R=0.296 fitres=1.34e-04 |g|=8.23e-02 bin=0.000 t=274s
[fr_Q500_fresh4242_h700] it  71 eta=0.07684 Q=   393.1 lam_r= 1302.29 u= 0.618 | L_obj=+2.566 L_Q=0.058 L_lam=0.000 L_sh=0.0019 L=+2.630 | U_mid=424.49 R=0.296 fitres=1.33e-04 |g|=3.87e-02 bin=0.000 t=277s
[fr_Q500_fresh4242_h700] it  72 eta=0.07684 Q=   393.0 lam_r= 1302.29 u= 0.618 | L_obj=+2.566 L_Q=0.058 L_lam=0.000 L_sh=0.0019 L=+2.630 | U_mid=424.46 R=0.295 fitres=1.33e-04 |g|=8.62e-02 bin=0.000 t=281s
[fr_Q500_fresh4242_h700] it  73 eta=0.07684 Q=   393.0 lam_r= 1302.30 u= 0.618 | L_obj=+2.566 L_Q=0.058 L_lam=0.000 L_sh=0.0020 L=+2.630 | U_mid=424.42 R=0.295 fitres=1.32e-04 |g|=1.50e-01 bin=0.000 t=284s
[fr_Q500_fresh4242_h700] it  74 eta=0.07685 Q=   393.0 lam_r= 1302.30 u= 0.618 | L_obj=+2.566 L_Q=0.058 L_lam=0.000 L_sh=0.0020 L=+2.630 | U_mid=424.38 R=0.295 fitres=1.32e-04 |g|=1.98e-01 bin=0.000 t=288s
[fr_Q500_fresh4242_h700] it  75 eta=0.07685 Q=   393.0 lam_r= 1302.30 u= 0.618 | L_obj=+2.566 L_Q=0.058 L_lam=0.000 L_sh=0.0020 L=+2.630 | U_mid=424.34 R=0.295 fitres=1.31e-04 |g|=2.32e-01 bin=0.000 t=291s
[fr_Q500_fresh4242_h700] it  76 eta=0.07685 Q=   393.0 lam_r= 1302.30 u= 0.618 | L_obj=+2.566 L_Q=0.058 L_lam=0.000 L_sh=0.0020 L=+2.630 | U_mid=424.30 R=0.295 fitres=1.31e-04 |g|=2.65e-01 bin=0.000 t=295s
[fr_Q500_fresh4242_h700] it  77 eta=0.07685 Q=   393.0 lam_r= 1302.30 u= 0.618 | L_obj=+2.566 L_Q=0.058 L_lam=0.000 L_sh=0.0020 L=+2.630 | U_mid=424.26 R=0.295 fitres=1.31e-04 |g|=3.03e-01 bin=0.000 t=299s
[fr_Q500_fresh4242_h700] it  78 eta=0.07685 Q=   393.0 lam_r= 1302.30 u= 0.618 | L_obj=+2.566 L_Q=0.058 L_lam=0.000 L_sh=0.0020 L=+2.630 | U_mid=424.21 R=0.295 fitres=1.30e-04 |g|=3.54e-01 bin=0.000 t=302s
[fr_Q500_fresh4242_h700] it  79 eta=0.07686 Q=   392.9 lam_r= 1302.30 u= 0.618 | L_obj=+2.566 L_Q=0.058 L_lam=0.000 L_sh=0.0020 L=+2.630 | U_mid=424.15 R=0.295 fitres=1.29e-04 |g|=4.17e-01 bin=0.000 t=306s
[fr_Q500_fresh4242_h700] done: eta_soft=0.07722 eta_hard=0.07726 Q_hard=392.83289796073916 lam_hard=1302.328794992493 u=0.617 U_mid=453.54 fill=0.093 wall=310s
