  jzfz_final1 h=  325: 5 poles ['1264/Q23', '1275/Q7', '1280/Q31', '1321/Q1094', '1331/Q21'] nearest 1321.2 nm Q=1094 (+18.9 nm) eta=0.1272 (201 s)
  jzfz_final1 h=  375: 3 poles ['1294/Q23', '1339/Q1103', '1383/Q18'] nearest 1294.5 nm Q=23 (-7.8 nm) eta=0.1016 (443 s)
  jzfz_final1 h=  425: 2 poles ['1305/Q19', '1354/Q1044'] nearest 1305.5 nm Q=19 (+3.2 nm) eta=0.0923 (562 s)
  jzfz_final1 h=  475: 3 poles ['1314/Q15', '1359/Q209', '1367/Q790'] nearest 1314.5 nm Q=15 (+12.2 nm) eta=0.0894 (577 s)
  jzfz_final1 h=  525: 3 poles ['1323/Q12', '1378/Q991', '1386/Q178'] nearest 1323.2 nm Q=12 (+21.0 nm) eta=0.0847 (594 s)
  jzfz_final1 h=  575: 1 poles ['1332/Q8'] nearest 1331.5 nm Q=8 (+29.2 nm) eta=0.0724 (610 s)
  jzfz_final1 h=  625: 2 poles ['1264/Q827', '1283/Q45'] nearest 1282.8 nm Q=45 (-19.4 nm) eta=0.0468 (626 s)
  jzfz_final1 h=  675: 3 poles ['1181/Q24', '1277/Q1286', '1299/Q77'] nearest 1299.2 nm Q=77 (-3.1 nm) eta=0.0179 (642 s)
  jzfz_final2 h=  325: 3 poles ['1274/Q19', '1277/Q38', '1323/Q24'] nearest 1322.7 nm Q=24 (+20.5 nm) eta=0.0530 (656 s)
  jzfz_final2 h=  375: 3 poles ['1291/Q26', '1368/Q18', '1372/Q20'] nearest 1291.2 nm Q=26 (-11.1 nm) eta=0.0976 (671 s)
  jzfz_final2 h=  425: 2 poles ['1302/Q22', '1326/Q247'] nearest 1302.4 nm Q=22 (+0.1 nm) eta=0.0861 (686 s)
  jzfz_final2 h=  475: 4 poles ['1192/Q34', '1202/Q13', '1311/Q18', '1357/Q201'] nearest 1311.0 nm Q=18 (+8.7 nm) eta=0.0823 (700 s)
  jzfz_final2 h=  525: 3 poles ['1220/Q42', '1317/Q14', '1383/Q190'] nearest 1316.6 nm Q=14 (+14.3 nm) eta=0.0778 (714 s)
  jzfz_final2 h=  575: 1 poles ['1323/Q10'] nearest 1323.3 nm Q=10 (+21.0 nm) eta=0.0684 (728 s)
  jzfz_final2 h=  625: 4 poles ['1196/Q11', '1275/Q20', '1278/Q31', '1342/Q7'] nearest 1278.2 nm Q=31 (-24.1 nm) eta=0.0495 (743 s)
  jzfz_final2 h=  675: 3 poles ['1209/Q9', '1266/Q687', '1295/Q56'] nearest 1295.3 nm Q=56 (-7.0 nm) eta=0.0248 (757 s)
  square_w500 h=  325: 1 poles ['1302/Q19'] nearest 1301.9 nm Q=19 (-0.4 nm) eta=0.0623 (772 s)
  square_w500 h=  375: 2 poles ['1270/Q7', '1317/Q17'] nearest 1317.5 nm Q=17 (+15.2 nm) eta=0.0493 (787 s)
  square_w500 h=  425: 1 poles ['1329/Q13'] nearest 1329.3 nm Q=13 (+27.1 nm) eta=0.0418 (800 s)
  square_w500 h=  475: 3 poles ['1237/Q18', '1285/Q15', '1346/Q8'] nearest 1285.2 nm Q=15 (-17.1 nm) eta=0.0256 (814 s)
  square_w500 h=  525: 1 poles ['1310/Q56'] nearest 1309.5 nm Q=56 (+7.2 nm) eta=0.0180 (828 s)
  square_w500 h=  575: 2 poles ['1275/Q8', '1332/Q280'] nearest 1274.6 nm Q=8 (-27.7 nm) eta=0.0686 (843 s)
  square_w500 h=  625: 2 poles ['1282/Q7', '1349/Q573'] nearest 1281.6 nm Q=7 (-20.7 nm) eta=0.0666 (858 s)
  square_w500 h=  675: 1 poles ['1360/Q314'] nearest 1360.3 nm Q=314 (+58.0 nm) eta=0.0430 (872 s)
  rand_s202 h=  325: 1 poles ['1239/Q9'] nearest 1239.0 nm Q=9 (-63.3 nm) eta=0.0701 (886 s)
  rand_s202 h=  375: 0 poles [] nearest - eta=0.0649 (901 s)
  rand_s202 h=  425: 1 poles ['1263/Q39'] nearest 1263.3 nm Q=39 (-39.0 nm) eta=0.0638 (916 s)
  rand_s202 h=  475: 3 poles ['1236/Q16', '1279/Q28', '1285/Q32'] nearest 1285.1 nm Q=32 (-17.1 nm) eta=0.0730 (930 s)
  rand_s202 h=  525: 1 poles ['1306/Q27'] nearest 1305.8 nm Q=27 (+3.5 nm) eta=0.0907 (947 s)
  rand_s202 h=  575: 2 poles ['1264/Q20', '1324/Q25'] nearest 1323.6 nm Q=25 (+21.3 nm) eta=0.1048 (963 s)
  rand_s202 h=  625: 1 poles ['1338/Q23'] nearest 1338.3 nm Q=23 (+36.0 nm) eta=0.1075 (980 s)
  rand_s202 h=  675: 2 poles ['1285/Q8', '1351/Q23'] nearest 1285.1 nm Q=8 (-17.2 nm) eta=0.0995 (994 s)
[hscan] 994 s
