  jzfz_final3 h=  300: 4 poles ['1264/Q28', '1274/Q30', '1330/Q20', '1386/Q675'] nearest 1330.0 nm Q=20 (+27.7 nm) eta=0.1355 (14 s)
  jzfz_final3 h=  350: 2 poles ['1292/Q22', '1390/Q16'] nearest 1291.7 nm Q=22 (-10.6 nm) eta=0.1002 (28 s)
  jzfz_final3 h=  400: 1 poles ['1305/Q18'] nearest 1305.0 nm Q=18 (+2.8 nm) eta=0.0937 (42 s)
  jzfz_final3 h=  450: 1 poles ['1318/Q14'] nearest 1318.4 nm Q=14 (+16.1 nm) eta=0.0900 (56 s)
  jzfz_final3 h=  500: 3 poles ['1187/Q20', '1270/Q107', '1329/Q10'] nearest 1328.7 nm Q=10 (+26.4 nm) eta=0.0833 (69 s)
  jzfz_final3 h=  550: 4 poles ['1213/Q28', '1264/Q52', '1284/Q167', '1355/Q7'] nearest 1284.0 nm Q=167 (-18.3 nm) eta=0.0643 (84 s)
  jzfz_final3 h=  600: 5 poles ['1235/Q44', '1265/Q1005', '1282/Q40', '1287/Q63', '1304/Q361'] nearest 1304.0 nm Q=361 (+1.7 nm) eta=0.0048 (98 s)
  jzfz_final3 h=  650: 3 poles ['1272/Q684', '1303/Q93', '1323/Q974'] nearest 1302.9 nm Q=93 (+0.6 nm) eta=0.0098 (114 s)
  jzfz_final3 h=  700: 2 poles ['1278/Q513', '1315/Q103'] nearest 1315.3 nm Q=103 (+13.0 nm) eta=0.0070 (129 s)
  jzfz_final3 h=  750: 7 poles ['1194/Q23', '1265/Q128', '1267/Q172', '1273/Q399', '1285/Q304', '1302/Q6', '1324/Q111'] nearest 1301.6 nm Q=6 (-0.7 nm) eta=0.0123 (144 s)
  jzfz_final3 h=  800: 5 poles ['1221/Q32', '1274/Q201', '1292/Q210', '1325/Q5', '1332/Q145'] nearest 1291.6 nm Q=210 (-10.7 nm) eta=0.0086 (159 s)
  jzfz_final0 h=  300: 2 poles ['1266/Q67', '1299/Q24'] nearest 1299.3 nm Q=24 (-3.0 nm) eta=0.1307 (174 s)
  jzfz_final0 h=  350: 4 poles ['1264/Q9', '1279/Q271', '1284/Q31', '1344/Q22'] nearest 1283.5 nm Q=31 (-18.8 nm) eta=0.1055 (189 s)
  jzfz_final0 h=  400: 3 poles ['1296/Q24', '1311/Q287', '1392/Q18'] nearest 1296.4 nm Q=24 (-5.9 nm) eta=0.0906 (204 s)
  jzfz_final0 h=  450: 2 poles ['1306/Q20', '1341/Q257'] nearest 1306.1 nm Q=20 (+3.8 nm) eta=0.0809 (218 s)
  jzfz_final0 h=  500: 3 poles ['1210/Q36', '1313/Q16', '1368/Q222'] nearest 1313.2 nm Q=16 (+10.9 nm) eta=0.0772 (233 s)
  jzfz_final0 h=  550: 4 poles ['1236/Q47', '1319/Q12', '1388/Q1127', '1393/Q208'] nearest 1318.6 nm Q=12 (+16.3 nm) eta=0.0711 (248 s)
  jzfz_final0 h=  600: 3 poles ['1203/Q17', '1272/Q21', '1324/Q9'] nearest 1324.1 nm Q=9 (+21.8 nm) eta=0.0582 (262 s)
  jzfz_final0 h=  650: 3 poles ['1222/Q13', '1265/Q746', '1288/Q41'] nearest 1288.2 nm Q=41 (-14.1 nm) eta=0.0363 (277 s)
  jzfz_final0 h=  700: 4 poles ['1188/Q21', '1199/Q19', '1278/Q1341', '1302/Q70'] nearest 1302.4 nm Q=70 (+0.1 nm) eta=0.0157 (295 s)
  jzfz_final0 h=  750: 2 poles ['1201/Q27', '1313/Q90'] nearest 1313.2 nm Q=90 (+10.9 nm) eta=0.0090 (312 s)
  jzfz_final0 h=  800: 3 poles ['1211/Q34', '1267/Q7', '1321/Q99'] nearest 1321.1 nm Q=99 (+18.8 nm) eta=0.0098 (326 s)
  disc_d540 h=  300: 2 poles ['1283/Q18', '1375/Q13'] nearest 1282.6 nm Q=18 (-19.7 nm) eta=0.1133 (340 s)
  disc_d540 h=  350: 1 poles ['1296/Q16'] nearest 1296.5 nm Q=16 (-5.8 nm) eta=0.0807 (355 s)
  disc_d540 h=  400: 1 poles ['1309/Q14'] nearest 1308.5 nm Q=14 (+6.2 nm) eta=0.0670 (369 s)
  disc_d540 h=  450: 2 poles ['1264/Q17', '1322/Q10'] nearest 1321.6 nm Q=10 (+19.3 nm) eta=0.0579 (384 s)
  disc_d540 h=  500: 2 poles ['1280/Q40', '1353/Q7'] nearest 1279.5 nm Q=40 (-22.7 nm) eta=0.0339 (400 s)
  disc_d540 h=  550: 2 poles ['1277/Q12', '1305/Q195'] nearest 1305.3 nm Q=195 (+3.1 nm) eta=0.0070 (414 s)
  disc_d540 h=  600: 2 poles ['1278/Q8', '1325/Q606'] nearest 1324.8 nm Q=606 (+22.5 nm) eta=0.0808 (430 s)
  disc_d540 h=  650: 1 poles ['1338/Q258'] nearest 1337.6 nm Q=258 (+35.3 nm) eta=0.0654 (445 s)
  disc_d540 h=  700: 2 poles ['1346/Q177', '1364/Q6'] nearest 1345.8 nm Q=177 (+43.5 nm) eta=0.0345 (459 s)
  disc_d540 h=  750: 2 poles ['1205/Q26', '1352/Q187'] nearest 1352.1 nm Q=187 (+49.9 nm) eta=0.0135 (474 s)
  disc_d540 h=  800: 2 poles ['1238/Q24', '1358/Q225'] nearest 1358.3 nm Q=225 (+56.0 nm) eta=0.0039 (488 s)
  rand_s11 h=  300: 0 poles [] nearest - eta=0.0697 (504 s)
  rand_s11 h=  350: 0 poles [] nearest - eta=0.0782 (520 s)
  rand_s11 h=  400: 1 poles ['1279/Q51'] nearest 1279.0 nm Q=51 (-23.3 nm) eta=0.1006 (535 s)
  rand_s11 h=  450: 1 poles ['1307/Q47'] nearest 1307.1 nm Q=47 (+4.8 nm) eta=0.1256 (550 s)
  rand_s11 h=  500: 3 poles ['1268/Q28', '1283/Q9', '1334/Q41'] nearest 1282.5 nm Q=9 (-19.8 nm) eta=0.0933 (566 s)
  rand_s11 h=  550: 3 poles ['1282/Q24', '1296/Q10', '1359/Q37'] nearest 1296.0 nm Q=10 (-6.3 nm) eta=0.0778 (580 s)
  rand_s11 h=  600: 2 poles ['1297/Q19', '1380/Q34'] nearest 1297.0 nm Q=19 (-5.3 nm) eta=0.0748 (596 s)
  rand_s11 h=  650: 2 poles ['1265/Q22', '1304/Q19'] nearest 1304.2 nm Q=19 (+1.9 nm) eta=0.0735 (612 s)
  rand_s11 h=  700: 2 poles ['1290/Q7', '1312/Q19'] nearest 1312.3 nm Q=19 (+10.1 nm) eta=0.0710 (627 s)
  rand_s11 h=  750: 1 poles ['1319/Q20'] nearest 1319.1 nm Q=20 (+16.8 nm) eta=0.0673 (644 s)
  rand_s11 h=  800: 1 poles ['1325/Q21'] nearest 1325.2 nm Q=21 (+22.9 nm) eta=0.0627 (660 s)
[hscan] 660 s
