[pilot_h525_Q100_warm_final3] it   0 eta=0.05331 Q=     nan lam_r=     nan u=-0.071 | L_obj=+2.932 L_Q=4.033 L_lam=0.108 L_sh=0.3251 L=+8.048 | U_mid=32.66 R=0.880 fitres=2.72e-03 |g|=1.29e+00 bin=0.242 t=6s
[pilot_h525_Q100_warm_final3] it   1 eta=0.05993 Q=     nan lam_r=     nan u=-0.057 | L_obj=+2.815 L_Q=3.756 L_lam=0.036 L_sh=0.1806 L=+7.148 | U_mid=28.18 R=0.923 fitres=8.35e-04 |g|=9.01e-01 bin=0.246 t=9s
[pilot_h525_Q100_warm_final3] it   2 eta=0.06846 Q=     nan lam_r=     nan u=-0.040 | L_obj=+2.682 L_Q=3.419 L_lam=0.011 L_sh=0.1322 L=+6.508 | U_mid=25.36 R=0.966 fitres=1.18e-03 |g|=6.11e-01 bin=0.247 t=12s
[pilot_h525_Q100_warm_final3] it   3 eta=0.07802 Q=     nan lam_r=     nan u=-0.025 | L_obj=+2.551 L_Q=3.163 L_lam=0.003 L_sh=0.1117 L=+6.051 | U_mid=23.53 R=0.992 fitres=9.20e-04 |g|=4.33e-01 bin=0.246 t=15s
[pilot_h525_Q100_warm_final3] it   4 eta=0.08788 Q=     nan lam_r=     nan u=-0.015 | L_obj=+2.432 L_Q=2.989 L_lam=0.000 L_sh=0.1005 L=+5.722 | U_mid=22.22 R=0.996 fitres=6.23e-04 |g|=3.08e-01 bin=0.243 t=18s
[pilot_h525_Q100_warm_final3] it   5 eta=0.09730 Q=     nan lam_r=     nan u=-0.009 | L_obj=+2.330 L_Q=2.875 L_lam=0.000 L_sh=0.0929 L=+5.483 | U_mid=21.23 R=0.984 fitres=3.99e-04 |g|=2.24e-01 bin=0.238 t=21s
[pilot_h525_Q100_warm_final3] it   6 eta=0.10589 Q=     nan lam_r=     nan u=-0.005 | L_obj=+2.245 L_Q=2.802 L_lam=0.000 L_sh=0.0869 L=+5.308 | U_mid=20.47 R=0.962 fitres=2.50e-04 |g|=1.67e-01 bin=0.231 t=24s
[pilot_h525_Q100_warm_final3] it   7 eta=0.11371 Q=     nan lam_r=     nan u=-0.002 | L_obj=+2.174 L_Q=2.755 L_lam=0.001 L_sh=0.0817 L=+5.175 | U_mid=19.87 R=0.937 fitres=1.56e-04 |g|=1.28e-01 bin=0.223 t=26s
[pilot_h525_Q100_warm_final3] it   8 eta=0.12082 Q=     nan lam_r=     nan u= 0.000 | L_obj=+2.113 L_Q=2.725 L_lam=0.001 L_sh=0.0771 L=+5.071 | U_mid=19.40 R=0.912 fitres=9.84e-05 |g|=1.01e-01 bin=0.213 t=29s
[pilot_h525_Q100_warm_final3] it   9 eta=0.12730 Q=     3.7 lam_r= 1394.37 u= 0.001 | L_obj=+2.061 L_Q=2.706 L_lam=0.001 L_sh=0.0728 L=+4.987 | U_mid=19.03 R=0.890 fitres=6.30e-05 |g|=8.12e-02 bin=0.202 t=31s
[pilot_h525_Q100_warm_final3] it  10 eta=0.13324 Q=     4.7 lam_r= 1362.27 u= 0.002 | L_obj=+2.016 L_Q=2.694 L_lam=0.001 L_sh=0.0687 L=+4.917 | U_mid=18.76 R=0.872 fitres=4.12e-05 |g|=6.72e-02 bin=0.191 t=34s
[pilot_h525_Q100_warm_final3] it  11 eta=0.13878 Q=     5.2 lam_r= 1351.92 u= 0.003 | L_obj=+1.975 L_Q=2.685 L_lam=0.001 L_sh=0.0648 L=+4.856 | U_mid=18.54 R=0.856 fitres=2.74e-05 |g|=5.67e-02 bin=0.179 t=36s
[pilot_h525_Q100_warm_final3] it  12 eta=0.14390 Q=     5.5 lam_r= 1346.94 u= 0.003 | L_obj=+1.939 L_Q=2.680 L_lam=0.001 L_sh=0.0611 L=+4.803 | U_mid=18.37 R=0.843 fitres=1.86e-05 |g|=4.86e-02 bin=0.167 t=39s
[pilot_h525_Q100_warm_final3] it  13 eta=0.14860 Q=     5.7 lam_r= 1344.00 u= 0.003 | L_obj=+1.906 L_Q=2.676 L_lam=0.001 L_sh=0.0576 L=+4.757 | U_mid=18.24 R=0.832 fitres=1.28e-05 |g|=4.23e-02 bin=0.155 t=41s
[pilot_h525_Q100_warm_final3] it  14 eta=0.15286 Q=     5.9 lam_r= 1341.98 u= 0.003 | L_obj=+1.878 L_Q=2.674 L_lam=0.001 L_sh=0.0542 L=+4.716 | U_mid=18.16 R=0.822 fitres=8.89e-06 |g|=3.73e-02 bin=0.143 t=44s
[pilot_h525_Q100_warm_final3] it  15 eta=0.15666 Q=     6.0 lam_r= 1340.43 u= 0.003 | L_obj=+1.854 L_Q=2.672 L_lam=0.001 L_sh=0.0510 L=+4.680 | U_mid=18.10 R=0.813 fitres=6.23e-06 |g|=3.34e-02 bin=0.132 t=47s
[pilot_h525_Q100_warm_final3] it  16 eta=0.16000 Q=     6.0 lam_r= 1339.13 u= 0.003 | L_obj=+1.833 L_Q=2.670 L_lam=0.001 L_sh=0.0479 L=+4.648 | U_mid=18.08 R=0.805 fitres=4.37e-06 |g|=3.04e-02 bin=0.122 t=49s
[pilot_h525_Q100_warm_final3] it  17 eta=0.16292 Q=     6.1 lam_r= 1337.97 u= 0.003 | L_obj=+1.814 L_Q=2.670 L_lam=0.001 L_sh=0.0450 L=+4.621 | U_mid=18.08 R=0.797 fitres=3.09e-06 |g|=2.80e-02 bin=0.112 t=52s
[pilot_h525_Q100_warm_final3] it  18 eta=0.16544 Q=     6.1 lam_r= 1336.90 u= 0.004 | L_obj=+1.799 L_Q=2.669 L_lam=0.001 L_sh=0.0423 L=+4.596 | U_mid=18.10 R=0.790 fitres=2.24e-06 |g|=2.63e-02 bin=0.103 t=55s
[pilot_h525_Q100_warm_final3] it  19 eta=0.16759 Q=     6.1 lam_r= 1335.91 u= 0.004 | L_obj=+1.786 L_Q=2.668 L_lam=0.001 L_sh=0.0396 L=+4.575 | U_mid=18.13 R=0.784 fitres=1.74e-06 |g|=2.50e-02 bin=0.095 t=58s
[pilot_h525_Q100_warm_final3] it  20 eta=0.16944 Q=     6.1 lam_r= 1334.98 u= 0.004 | L_obj=+1.775 L_Q=2.668 L_lam=0.001 L_sh=0.0371 L=+4.556 | U_mid=18.18 R=0.778 fitres=1.51e-06 |g|=2.40e-02 bin=0.087 t=61s
[pilot_h525_Q100_warm_final3] it  21 eta=0.17101 Q=     6.1 lam_r= 1334.12 u= 0.004 | L_obj=+1.766 L_Q=2.668 L_lam=0.001 L_sh=0.0348 L=+4.539 | U_mid=18.24 R=0.773 fitres=1.45e-06 |g|=2.33e-02 bin=0.080 t=64s
[pilot_h525_Q100_warm_final3] it  22 eta=0.17235 Q=     6.1 lam_r= 1333.32 u= 0.004 | L_obj=+1.758 L_Q=2.668 L_lam=0.001 L_sh=0.0325 L=+4.525 | U_mid=18.30 R=0.768 fitres=1.46e-06 |g|=2.28e-02 bin=0.074 t=67s
[pilot_h525_Q100_warm_final3] it  23 eta=0.17349 Q=     6.1 lam_r= 1332.58 u= 0.004 | L_obj=+1.752 L_Q=2.667 L_lam=0.001 L_sh=0.0304 L=+4.511 | U_mid=18.37 R=0.763 fitres=1.48e-06 |g|=2.24e-02 bin=0.068 t=70s
[pilot_h525_Q100_warm_final3] it  24 eta=0.17448 Q=     6.1 lam_r= 1331.90 u= 0.004 | L_obj=+1.746 L_Q=2.667 L_lam=0.001 L_sh=0.0284 L=+4.500 | U_mid=18.44 R=0.759 fitres=1.50e-06 |g|=2.21e-02 bin=0.063 t=73s
[pilot_h525_Q100_warm_final3] it  25 eta=0.17533 Q=     6.1 lam_r= 1331.29 u= 0.004 | L_obj=+1.741 L_Q=2.667 L_lam=0.001 L_sh=0.0265 L=+4.489 | U_mid=18.52 R=0.756 fitres=1.51e-06 |g|=2.18e-02 bin=0.058 t=76s
[pilot_h525_Q100_warm_final3] it  26 eta=0.17607 Q=     6.1 lam_r= 1330.74 u= 0.004 | L_obj=+1.737 L_Q=2.667 L_lam=0.001 L_sh=0.0248 L=+4.480 | U_mid=18.59 R=0.752 fitres=1.49e-06 |g|=2.16e-02 bin=0.053 t=78s
[pilot_h525_Q100_warm_final3] it  27 eta=0.17671 Q=     6.1 lam_r= 1330.23 u= 0.004 | L_obj=+1.733 L_Q=2.667 L_lam=0.001 L_sh=0.0231 L=+4.471 | U_mid=18.65 R=0.749 fitres=1.46e-06 |g|=2.14e-02 bin=0.049 t=81s
[pilot_h525_Q100_warm_final3] it  28 eta=0.17727 Q=     6.1 lam_r= 1329.78 u= 0.004 | L_obj=+1.730 L_Q=2.667 L_lam=0.001 L_sh=0.0215 L=+4.463 | U_mid=18.72 R=0.747 fitres=1.42e-06 |g|=2.12e-02 bin=0.045 t=84s
[pilot_h525_Q100_warm_final3] it  29 eta=0.17777 Q=     6.1 lam_r= 1329.37 u= 0.004 | L_obj=+1.727 L_Q=2.667 L_lam=0.001 L_sh=0.0201 L=+4.456 | U_mid=18.78 R=0.745 fitres=1.36e-06 |g|=2.11e-02 bin=0.042 t=86s
[pilot_h525_Q100_warm_final3] it  30 eta=0.17822 Q=     6.1 lam_r= 1329.00 u= 0.004 | L_obj=+1.725 L_Q=2.667 L_lam=0.001 L_sh=0.0187 L=+4.449 | U_mid=18.84 R=0.743 fitres=1.31e-06 |g|=2.10e-02 bin=0.038 t=89s
[pilot_h525_Q100_warm_final3] it  31 eta=0.17861 Q=     6.1 lam_r= 1328.66 u= 0.004 | L_obj=+1.723 L_Q=2.667 L_lam=0.001 L_sh=0.0174 L=+4.443 | U_mid=18.90 R=0.741 fitres=1.25e-06 |g|=2.09e-02 bin=0.035 t=92s
[pilot_h525_Q100_warm_final3] it  32 eta=0.17897 Q=     6.1 lam_r= 1328.36 u= 0.004 | L_obj=+1.721 L_Q=2.667 L_lam=0.001 L_sh=0.0174 L=+4.441 | U_mid=18.95 R=0.739 fitres=1.34e-06 |g|=2.09e-02 bin=0.032 t=94s
[pilot_h525_Q100_warm_final3] it  33 eta=0.17929 Q=     6.1 lam_r= 1328.08 u= 0.004 | L_obj=+1.719 L_Q=2.667 L_lam=0.001 L_sh=0.0174 L=+4.439 | U_mid=19.00 R=0.738 fitres=1.43e-06 |g|=2.08e-02 bin=0.030 t=97s
[pilot_h525_Q100_warm_final3] it  34 eta=0.17958 Q=     6.1 lam_r= 1327.83 u= 0.004 | L_obj=+1.717 L_Q=2.667 L_lam=0.001 L_sh=0.0174 L=+4.437 | U_mid=19.04 R=0.737 fitres=1.51e-06 |g|=2.08e-02 bin=0.027 t=100s
[pilot_h525_Q100_warm_final3] it  35 eta=0.17986 Q=     6.1 lam_r= 1327.60 u= 0.004 | L_obj=+1.716 L_Q=2.667 L_lam=0.001 L_sh=0.0174 L=+4.436 | U_mid=19.08 R=0.736 fitres=1.59e-06 |g|=2.07e-02 bin=0.025 t=102s
[pilot_h525_Q100_warm_final3] it  36 eta=0.18011 Q=     6.1 lam_r= 1327.39 u= 0.004 | L_obj=+1.714 L_Q=2.667 L_lam=0.001 L_sh=0.0174 L=+4.434 | U_mid=19.12 R=0.736 fitres=1.66e-06 |g|=2.06e-02 bin=0.023 t=105s
[pilot_h525_Q100_warm_final3] it  37 eta=0.18034 Q=     6.1 lam_r= 1327.20 u= 0.004 | L_obj=+1.713 L_Q=2.667 L_lam=0.001 L_sh=0.0174 L=+4.433 | U_mid=19.16 R=0.735 fitres=1.72e-06 |g|=2.04e-02 bin=0.021 t=107s
[pilot_h525_Q100_warm_final3] it  38 eta=0.18056 Q=     6.1 lam_r= 1327.03 u= 0.004 | L_obj=+1.712 L_Q=2.667 L_lam=0.001 L_sh=0.0174 L=+4.432 | U_mid=19.19 R=0.735 fitres=1.77e-06 |g|=2.00e-02 bin=0.019 t=110s
[pilot_h525_Q100_warm_final3] it  39 eta=0.18076 Q=     6.1 lam_r= 1326.87 u= 0.004 | L_obj=+1.711 L_Q=2.667 L_lam=0.001 L_sh=0.0173 L=+4.431 | U_mid=19.23 R=0.735 fitres=1.82e-06 |g|=1.95e-02 bin=0.017 t=113s
[pilot_h525_Q100_warm_final3] it  40 eta=0.18094 Q=     6.1 lam_r= 1326.74 u= 0.004 | L_obj=+1.710 L_Q=2.667 L_lam=0.001 L_sh=0.0173 L=+4.430 | U_mid=19.25 R=0.734 fitres=1.86e-06 |g|=1.89e-02 bin=0.016 t=115s
[pilot_h525_Q100_warm_final3] it  41 eta=0.18111 Q=     6.1 lam_r= 1326.62 u= 0.004 | L_obj=+1.709 L_Q=2.667 L_lam=0.001 L_sh=0.0173 L=+4.429 | U_mid=19.28 R=0.734 fitres=1.89e-06 |g|=1.81e-02 bin=0.014 t=118s
[pilot_h525_Q100_warm_final3] it  42 eta=0.18127 Q=     6.1 lam_r= 1326.51 u= 0.004 | L_obj=+1.708 L_Q=2.667 L_lam=0.001 L_sh=0.0173 L=+4.428 | U_mid=19.30 R=0.734 fitres=1.92e-06 |g|=1.73e-02 bin=0.013 t=121s
[pilot_h525_Q100_warm_final3] it  43 eta=0.18140 Q=     6.1 lam_r= 1326.42 u= 0.004 | L_obj=+1.707 L_Q=2.667 L_lam=0.001 L_sh=0.0173 L=+4.427 | U_mid=19.32 R=0.735 fitres=1.94e-06 |g|=1.64e-02 bin=0.012 t=123s
[pilot_h525_Q100_warm_final3] it  44 eta=0.18152 Q=     6.1 lam_r= 1326.34 u= 0.004 | L_obj=+1.706 L_Q=2.667 L_lam=0.001 L_sh=0.0173 L=+4.426 | U_mid=19.34 R=0.735 fitres=1.96e-06 |g|=1.56e-02 bin=0.011 t=126s
[pilot_h525_Q100_warm_final3] it  45 eta=0.18163 Q=     6.1 lam_r= 1326.28 u= 0.004 | L_obj=+1.706 L_Q=2.667 L_lam=0.001 L_sh=0.0173 L=+4.426 | U_mid=19.35 R=0.735 fitres=1.97e-06 |g|=1.50e-02 bin=0.010 t=129s
[pilot_h525_Q100_warm_final3] it  46 eta=0.18172 Q=     6.1 lam_r= 1326.22 u= 0.004 | L_obj=+1.705 L_Q=2.667 L_lam=0.001 L_sh=0.0173 L=+4.425 | U_mid=19.36 R=0.735 fitres=1.98e-06 |g|=1.46e-02 bin=0.009 t=131s
[pilot_h525_Q100_warm_final3] it  47 eta=0.18180 Q=     6.1 lam_r= 1326.17 u= 0.004 | L_obj=+1.705 L_Q=2.667 L_lam=0.001 L_sh=0.0173 L=+4.424 | U_mid=19.37 R=0.735 fitres=1.99e-06 |g|=1.43e-02 bin=0.008 t=134s
[pilot_h525_Q100_warm_final3] it  48 eta=0.18186 Q=     6.1 lam_r= 1326.12 u= 0.004 | L_obj=+1.704 L_Q=2.667 L_lam=0.001 L_sh=0.0173 L=+4.424 | U_mid=19.38 R=0.735 fitres=1.99e-06 |g|=1.43e-02 bin=0.007 t=136s
[pilot_h525_Q100_warm_final3] it  49 eta=0.18193 Q=     6.1 lam_r= 1326.08 u= 0.004 | L_obj=+1.704 L_Q=2.667 L_lam=0.001 L_sh=0.0173 L=+4.424 | U_mid=19.39 R=0.735 fitres=1.99e-06 |g|=1.45e-02 bin=0.007 t=139s
[pilot_h525_Q100_warm_final3] it  50 eta=0.18198 Q=     6.1 lam_r= 1326.04 u= 0.004 | L_obj=+1.704 L_Q=2.667 L_lam=0.001 L_sh=0.0173 L=+4.423 | U_mid=19.40 R=0.736 fitres=1.99e-06 |g|=1.47e-02 bin=0.006 t=142s
[pilot_h525_Q100_warm_final3] it  51 eta=0.18204 Q=     6.1 lam_r= 1326.01 u= 0.004 | L_obj=+1.704 L_Q=2.667 L_lam=0.001 L_sh=0.0173 L=+4.423 | U_mid=19.40 R=0.736 fitres=1.99e-06 |g|=1.52e-02 bin=0.006 t=144s
[pilot_h525_Q100_warm_final3] it  52 eta=0.18209 Q=     6.1 lam_r= 1325.98 u= 0.004 | L_obj=+1.703 L_Q=2.667 L_lam=0.001 L_sh=0.0173 L=+4.423 | U_mid=19.41 R=0.736 fitres=1.99e-06 |g|=1.56e-02 bin=0.005 t=147s
[pilot_h525_Q100_warm_final3] it  53 eta=0.18213 Q=     6.1 lam_r= 1325.95 u= 0.004 | L_obj=+1.703 L_Q=2.667 L_lam=0.001 L_sh=0.0173 L=+4.422 | U_mid=19.41 R=0.736 fitres=1.98e-06 |g|=1.62e-02 bin=0.005 t=150s
[pilot_h525_Q100_warm_final3] it  54 eta=0.18218 Q=     6.1 lam_r= 1325.92 u= 0.004 | L_obj=+1.703 L_Q=2.666 L_lam=0.001 L_sh=0.0173 L=+4.422 | U_mid=19.42 R=0.737 fitres=1.98e-06 |g|=1.68e-02 bin=0.004 t=152s
[pilot_h525_Q100_warm_final3] it  55 eta=0.18223 Q=     6.1 lam_r= 1325.90 u= 0.004 | L_obj=+1.702 L_Q=2.666 L_lam=0.001 L_sh=0.0173 L=+4.422 | U_mid=19.42 R=0.737 fitres=1.97e-06 |g|=1.76e-02 bin=0.004 t=155s
[pilot_h525_Q100_warm_final3] it  56 eta=0.18227 Q=     6.1 lam_r= 1325.88 u= 0.004 | L_obj=+1.702 L_Q=2.666 L_lam=0.001 L_sh=0.0173 L=+4.421 | U_mid=19.43 R=0.737 fitres=1.97e-06 |g|=1.86e-02 bin=0.004 t=157s
[pilot_h525_Q100_warm_final3] it  57 eta=0.18232 Q=     6.1 lam_r= 1325.86 u= 0.004 | L_obj=+1.702 L_Q=2.666 L_lam=0.001 L_sh=0.0173 L=+4.421 | U_mid=19.43 R=0.738 fitres=1.96e-06 |g|=1.98e-02 bin=0.003 t=160s
[pilot_h525_Q100_warm_final3] it  58 eta=0.18237 Q=     6.1 lam_r= 1325.85 u= 0.004 | L_obj=+1.702 L_Q=2.666 L_lam=0.001 L_sh=0.0173 L=+4.421 | U_mid=19.43 R=0.738 fitres=1.95e-06 |g|=2.10e-02 bin=0.003 t=162s
[pilot_h525_Q100_warm_final3] it  59 eta=0.18242 Q=     6.1 lam_r= 1325.84 u= 0.004 | L_obj=+1.701 L_Q=2.666 L_lam=0.001 L_sh=0.0173 L=+4.420 | U_mid=19.43 R=0.739 fitres=1.95e-06 |g|=2.21e-02 bin=0.003 t=165s
[pilot_h525_Q100_warm_final3] it  60 eta=0.18247 Q=     6.1 lam_r= 1325.83 u= 0.004 | L_obj=+1.701 L_Q=2.666 L_lam=0.001 L_sh=0.0173 L=+4.420 | U_mid=19.43 R=0.739 fitres=1.94e-06 |g|=2.28e-02 bin=0.003 t=167s
[pilot_h525_Q100_warm_final3] it  61 eta=0.18251 Q=     6.1 lam_r= 1325.82 u= 0.004 | L_obj=+1.701 L_Q=2.666 L_lam=0.001 L_sh=0.0173 L=+4.420 | U_mid=19.44 R=0.739 fitres=1.93e-06 |g|=2.30e-02 bin=0.002 t=170s
[pilot_h525_Q100_warm_final3] it  62 eta=0.18256 Q=     6.1 lam_r= 1325.81 u= 0.004 | L_obj=+1.701 L_Q=2.666 L_lam=0.001 L_sh=0.0173 L=+4.419 | U_mid=19.44 R=0.740 fitres=1.93e-06 |g|=2.32e-02 bin=0.002 t=173s
[pilot_h525_Q100_warm_final3] it  63 eta=0.18260 Q=     6.1 lam_r= 1325.79 u= 0.004 | L_obj=+1.700 L_Q=2.666 L_lam=0.001 L_sh=0.0173 L=+4.419 | U_mid=19.44 R=0.740 fitres=1.92e-06 |g|=2.34e-02 bin=0.002 t=176s
[pilot_h525_Q100_warm_final3] it  64 eta=0.18264 Q=     6.1 lam_r= 1325.77 u= 0.004 | L_obj=+1.700 L_Q=2.666 L_lam=0.001 L_sh=0.0173 L=+4.419 | U_mid=19.45 R=0.740 fitres=1.92e-06 |g|=2.38e-02 bin=0.002 t=179s
[pilot_h525_Q100_warm_final3] it  65 eta=0.18268 Q=     6.1 lam_r= 1325.76 u= 0.004 | L_obj=+1.700 L_Q=2.666 L_lam=0.001 L_sh=0.0173 L=+4.419 | U_mid=19.45 R=0.740 fitres=1.93e-06 |g|=2.42e-02 bin=0.002 t=182s
[pilot_h525_Q100_warm_final3] it  66 eta=0.18271 Q=     6.1 lam_r= 1325.74 u= 0.004 | L_obj=+1.700 L_Q=2.666 L_lam=0.001 L_sh=0.0173 L=+4.418 | U_mid=19.45 R=0.741 fitres=1.93e-06 |g|=2.45e-02 bin=0.002 t=186s
[pilot_h525_Q100_warm_final3] it  67 eta=0.18275 Q=     6.1 lam_r= 1325.72 u= 0.004 | L_obj=+1.700 L_Q=2.666 L_lam=0.001 L_sh=0.0173 L=+4.418 | U_mid=19.46 R=0.741 fitres=1.93e-06 |g|=2.45e-02 bin=0.002 t=202s
[pilot_h525_Q100_warm_final3] it  68 eta=0.18278 Q=     6.1 lam_r= 1325.70 u= 0.004 | L_obj=+1.699 L_Q=2.666 L_lam=0.001 L_sh=0.0173 L=+4.418 | U_mid=19.46 R=0.741 fitres=1.94e-06 |g|=2.43e-02 bin=0.001 t=234s
[pilot_h525_Q100_warm_final3] it  69 eta=0.18280 Q=     6.1 lam_r= 1325.69 u= 0.004 | L_obj=+1.699 L_Q=2.666 L_lam=0.001 L_sh=0.0173 L=+4.418 | U_mid=19.46 R=0.741 fitres=1.94e-06 |g|=2.38e-02 bin=0.001 t=259s
[pilot_h525_Q100_warm_final3] it  70 eta=0.18283 Q=     6.1 lam_r= 1325.69 u= 0.004 | L_obj=+1.699 L_Q=2.666 L_lam=0.001 L_sh=0.0173 L=+4.418 | U_mid=19.46 R=0.741 fitres=1.94e-06 |g|=2.32e-02 bin=0.001 t=300s
[pilot_h525_Q100_warm_final3] it  71 eta=0.18285 Q=     6.1 lam_r= 1325.68 u= 0.004 | L_obj=+1.699 L_Q=2.666 L_lam=0.001 L_sh=0.0173 L=+4.417 | U_mid=19.46 R=0.741 fitres=1.94e-06 |g|=2.24e-02 bin=0.001 t=317s
[pilot_h525_Q100_warm_final3] it  72 eta=0.18287 Q=     6.1 lam_r= 1325.68 u= 0.004 | L_obj=+1.699 L_Q=2.666 L_lam=0.001 L_sh=0.0173 L=+4.417 | U_mid=19.46 R=0.741 fitres=1.94e-06 |g|=2.14e-02 bin=0.001 t=359s
[pilot_h525_Q100_warm_final3] it  73 eta=0.18289 Q=     6.1 lam_r= 1325.69 u= 0.004 | L_obj=+1.699 L_Q=2.666 L_lam=0.001 L_sh=0.0173 L=+4.417 | U_mid=19.46 R=0.741 fitres=1.94e-06 |g|=2.05e-02 bin=0.001 t=416s
[pilot_h525_Q100_warm_final3] it  74 eta=0.18290 Q=     6.1 lam_r= 1325.69 u= 0.004 | L_obj=+1.699 L_Q=2.666 L_lam=0.001 L_sh=0.0173 L=+4.417 | U_mid=19.46 R=0.741 fitres=1.94e-06 |g|=1.95e-02 bin=0.001 t=475s
[pilot_h525_Q100_warm_final3] it  75 eta=0.18291 Q=     6.1 lam_r= 1325.69 u= 0.004 | L_obj=+1.699 L_Q=2.666 L_lam=0.001 L_sh=0.0173 L=+4.417 | U_mid=19.46 R=0.741 fitres=1.93e-06 |g|=1.87e-02 bin=0.001 t=530s
[pilot_h525_Q100_warm_final3] it  76 eta=0.18292 Q=     6.1 lam_r= 1325.70 u= 0.004 | L_obj=+1.699 L_Q=2.666 L_lam=0.001 L_sh=0.0173 L=+4.417 | U_mid=19.46 R=0.741 fitres=1.93e-06 |g|=1.79e-02 bin=0.001 t=583s
[pilot_h525_Q100_warm_final3] it  77 eta=0.18293 Q=     6.1 lam_r= 1325.70 u= 0.004 | L_obj=+1.699 L_Q=2.666 L_lam=0.001 L_sh=0.0173 L=+4.417 | U_mid=19.46 R=0.741 fitres=1.93e-06 |g|=1.72e-02 bin=0.001 t=643s
[pilot_h525_Q100_warm_final3] it  78 eta=0.18293 Q=     6.1 lam_r= 1325.70 u= 0.004 | L_obj=+1.699 L_Q=2.666 L_lam=0.001 L_sh=0.0173 L=+4.417 | U_mid=19.46 R=0.741 fitres=1.93e-06 |g|=1.66e-02 bin=0.001 t=670s
[pilot_h525_Q100_warm_final3] it  79 eta=0.18294 Q=     6.1 lam_r= 1325.70 u= 0.004 | L_obj=+1.699 L_Q=2.666 L_lam=0.001 L_sh=0.0173 L=+4.417 | U_mid=19.46 R=0.741 fitres=1.93e-06 |g|=1.60e-02 bin=0.000 t=696s
[pilot_h525_Q100_warm_final3] done: eta_soft=0.18309 eta_hard=0.18311 Q_hard=6.150223105393225 lam_hard=1326.2084707255337 u=0.004 U_mid=18.10 fill=0.245 wall=778s
