[pilot_h525_Q100_fresh4242] it   0 eta=0.07168 Q=     nan lam_r=     nan u=-0.014 | L_obj=+2.636 L_Q=2.957 L_lam=0.016 L_sh=0.1387 L=+6.025 | U_mid=16.03 R=0.102 fitres=2.64e-04 |g|=4.00e-02 bin=0.544 t=3s
[pilot_h525_Q100_fresh4242] it   1 eta=0.07454 Q=     nan lam_r=     nan u=-0.011 | L_obj=+2.596 L_Q=2.919 L_lam=0.023 L_sh=0.1379 L=+5.952 | U_mid=17.55 R=0.112 fitres=3.64e-04 |g|=4.28e-02 bin=0.537 t=5s
[pilot_h525_Q100_fresh4242] it   2 eta=0.07722 Q=     nan lam_r=     nan u=-0.005 | L_obj=+2.561 L_Q=2.806 L_lam=0.042 L_sh=0.1456 L=+5.846 | U_mid=21.71 R=0.141 fitres=6.00e-04 |g|=9.09e-02 bin=0.527 t=7s
[pilot_h525_Q100_fresh4242] it   3 eta=0.07610 Q=    44.2 lam_r= 1338.83 u= 0.029 | L_obj=+2.576 L_Q=2.271 L_lam=0.100 L_sh=0.1735 L=+5.467 | U_mid=37.99 R=0.273 fitres=1.15e-03 |g|=5.62e-01 bin=0.515 t=10s
[pilot_h525_Q100_fresh4242] it   4 eta=0.06471 Q=    40.6 lam_r= 1307.47 u= 0.150 | L_obj=+2.738 L_Q=0.898 L_lam=0.057 L_sh=0.0837 L=+3.944 | U_mid=94.72 R=0.798 fitres=2.13e-04 |g|=1.04e+00 bin=0.502 t=13s
[pilot_h525_Q100_fresh4242] it   5 eta=0.04082 Q=    46.3 lam_r= 1275.29 u= 0.044 | L_obj=+3.199 L_Q=2.050 L_lam=0.139 L_sh=0.1812 L=+5.931 | U_mid=65.27 R=0.610 fitres=1.66e-03 |g|=1.84e+00 bin=0.485 t=15s
[pilot_h525_Q100_fresh4242] it   6 eta=0.03679 Q=     nan lam_r=     nan u= 0.025 | L_obj=+3.303 L_Q=2.336 L_lam=0.118 L_sh=0.1646 L=+6.250 | U_mid=53.81 R=0.511 fitres=1.00e-03 |g|=1.29e+00 bin=0.478 t=18s
[pilot_h525_Q100_fresh4242] it   7 eta=0.03926 Q=    49.6 lam_r= 1270.76 u= 0.035 | L_obj=+3.238 L_Q=2.185 L_lam=0.119 L_sh=0.1513 L=+5.995 | U_mid=60.66 R=0.591 fitres=1.05e-03 |g|=1.63e+00 bin=0.474 t=20s
[pilot_h525_Q100_fresh4242] it   8 eta=0.04837 Q=    33.4 lam_r= 1290.95 u= 0.082 | L_obj=+3.029 L_Q=1.542 L_lam=0.083 L_sh=0.1019 L=+4.960 | U_mid=86.61 R=0.870 fitres=1.32e-03 |g|=2.46e+00 bin=0.472 t=23s
[pilot_h525_Q100_fresh4242] it   9 eta=0.06402 Q=    33.2 lam_r= 1305.88 u= 0.107 | L_obj=+2.749 L_Q=1.244 L_lam=0.014 L_sh=0.0569 L=+4.177 | U_mid=88.97 R=0.898 fitres=3.14e-04 |g|=6.06e-01 bin=0.470 t=25s
[pilot_h525_Q100_fresh4242] it  10 eta=0.07500 Q=    27.5 lam_r= 1317.70 u= 0.054 | L_obj=+2.590 L_Q=1.904 L_lam=0.065 L_sh=0.0899 L=+4.829 | U_mid=56.63 R=0.567 fitres=3.38e-04 |g|=1.06e+00 bin=0.466 t=28s
[pilot_h525_Q100_fresh4242] it  11 eta=0.08064 Q=    23.6 lam_r= 1329.25 u= 0.030 | L_obj=+2.518 L_Q=2.258 L_lam=0.058 L_sh=0.0881 L=+5.099 | U_mid=42.84 R=0.435 fitres=3.48e-04 |g|=7.09e-01 bin=0.459 t=30s
[pilot_h525_Q100_fresh4242] it  12 eta=0.08398 Q=    22.1 lam_r= 1339.26 u= 0.020 | L_obj=+2.477 L_Q=2.405 L_lam=0.049 L_sh=0.0810 L=+5.175 | U_mid=37.23 R=0.388 fitres=2.90e-04 |g|=5.35e-01 bin=0.451 t=33s
[pilot_h525_Q100_fresh4242] it  13 eta=0.08607 Q=    21.3 lam_r= 1344.11 u= 0.017 | L_obj=+2.453 L_Q=2.456 L_lam=0.044 L_sh=0.0746 L=+5.177 | U_mid=35.30 R=0.379 fitres=2.44e-04 |g|=4.74e-01 bin=0.441 t=35s
[pilot_h525_Q100_fresh4242] it  14 eta=0.08704 Q=    20.2 lam_r= 1341.58 u= 0.017 | L_obj=+2.441 L_Q=2.447 L_lam=0.042 L_sh=0.0692 L=+5.138 | U_mid=35.85 R=0.398 fitres=2.13e-04 |g|=4.91e-01 bin=0.431 t=38s
[pilot_h525_Q100_fresh4242] it  15 eta=0.08644 Q=    19.9 lam_r= 1333.16 u= 0.022 | L_obj=+2.448 L_Q=2.377 L_lam=0.042 L_sh=0.0644 L=+5.059 | U_mid=39.18 R=0.451 fitres=1.87e-04 |g|=5.92e-01 bin=0.420 t=40s
[pilot_h525_Q100_fresh4242] it  16 eta=0.08300 Q=    21.4 lam_r= 1322.12 u= 0.033 | L_obj=+2.489 L_Q=2.208 L_lam=0.040 L_sh=0.0581 L=+4.911 | U_mid=47.41 R=0.567 fitres=1.42e-04 |g|=7.96e-01 bin=0.408 t=43s
[pilot_h525_Q100_fresh4242] it  17 eta=0.07393 Q=    24.3 lam_r= 1310.39 u= 0.055 | L_obj=+2.605 L_Q=1.898 L_lam=0.018 L_sh=0.0444 L=+4.654 | U_mid=65.24 R=0.810 fitres=1.66e-05 |g|=7.08e-01 bin=0.395 t=46s
[pilot_h525_Q100_fresh4242] it  18 eta=0.05811 Q=    24.7 lam_r= 1296.58 u= 0.058 | L_obj=+2.845 L_Q=1.859 L_lam=0.010 L_sh=0.0390 L=+4.831 | U_mid=77.83 R=0.973 fitres=2.95e-04 |g|=2.06e+00 bin=0.382 t=48s
[pilot_h525_Q100_fresh4242] it  19 eta=0.05654 Q=    24.4 lam_r= 1294.08 u= 0.054 | L_obj=+2.873 L_Q=1.912 L_lam=0.019 L_sh=0.0395 L=+4.922 | U_mid=76.68 R=0.951 fitres=2.95e-04 |g|=2.58e+00 bin=0.370 t=50s
[pilot_h525_Q100_fresh4242] it  20 eta=0.07097 Q=    25.5 lam_r= 1305.43 u= 0.064 | L_obj=+2.646 L_Q=1.770 L_lam=0.004 L_sh=0.0320 L=+4.516 | U_mid=74.86 R=0.926 fitres=1.25e-04 |g|=4.20e-01 bin=0.359 t=52s
[pilot_h525_Q100_fresh4242] it  21 eta=0.08556 Q=    23.8 lam_r= 1316.40 u= 0.046 | L_obj=+2.458 L_Q=2.023 L_lam=0.039 L_sh=0.0413 L=+4.644 | U_mid=55.56 R=0.655 fitres=6.13e-05 |g|=1.21e+00 bin=0.347 t=55s
[pilot_h525_Q100_fresh4242] it  22 eta=0.09209 Q=    23.5 lam_r= 1321.95 u= 0.038 | L_obj=+2.385 L_Q=2.138 L_lam=0.051 L_sh=0.0430 L=+4.702 | U_mid=48.15 R=0.534 fitres=1.02e-04 |g|=1.31e+00 bin=0.334 t=57s
[pilot_h525_Q100_fresh4242] it  23 eta=0.09123 Q=    26.3 lam_r= 1318.04 u= 0.050 | L_obj=+2.394 L_Q=1.958 L_lam=0.058 L_sh=0.0411 L=+4.534 | U_mid=54.95 R=0.579 fitres=8.94e-05 |g|=1.81e+00 bin=0.320 t=59s
[pilot_h525_Q100_fresh4242] it  24 eta=0.07845 Q=    32.3 lam_r= 1305.39 u= 0.103 | L_obj=+2.545 L_Q=1.296 L_lam=0.010 L_sh=0.0235 L=+3.922 | U_mid=90.63 R=0.923 fitres=1.63e-04 |g|=9.35e-01 bin=0.306 t=62s
[pilot_h525_Q100_fresh4242] it  25 eta=0.06029 Q=    34.1 lam_r= 1286.80 u= 0.069 | L_obj=+2.809 L_Q=1.712 L_lam=0.109 L_sh=0.0468 L=+4.770 | U_mid=81.50 R=0.758 fitres=4.00e-04 |g|=6.78e+00 bin=0.290 t=64s
[pilot_h525_Q100_fresh4242] it  26 eta=0.08438 Q=    40.1 lam_r= 1305.53 u= 0.155 | L_obj=+2.472 L_Q=0.868 L_lam=0.024 L_sh=0.0205 L=+3.426 | U_mid=106.36 R=0.902 fitres=2.08e-04 |g|=1.65e+00 bin=0.274 t=66s
[pilot_h525_Q100_fresh4242] it  27 eta=0.09821 Q=    42.7 lam_r= 1313.48 u= 0.120 | L_obj=+2.321 L_Q=1.121 L_lam=0.169 L_sh=0.0500 L=+3.760 | U_mid=74.61 R=0.523 fitres=1.37e-04 |g|=4.88e+00 bin=0.258 t=69s
[pilot_h525_Q100_fresh4242] it  28 eta=0.08843 Q=    55.6 lam_r= 1303.72 u= 0.305 | L_obj=+2.426 L_Q=0.353 L_lam=0.018 L_sh=0.0114 L=+2.830 | U_mid=147.09 R=0.947 fitres=5.19e-04 |g|=1.67e+00 bin=0.241 t=72s
[pilot_h525_Q100_fresh4242] it  29 eta=0.07406 Q=     nan lam_r=     nan u=-0.298 | L_obj=+2.603 L_Q=9.855 L_lam=0.113 L_sh=0.0730 L=+12.789 | U_mid=76.41 R=0.368 fitres=3.60e-03 |g|=9.14e+01 bin=0.222 t=74s
[pilot_h525_Q100_fresh4242] it  30 eta=0.07590 Q=     nan lam_r=     nan u=-0.248 | L_obj=+2.578 L_Q=8.362 L_lam=0.000 L_sh=0.0331 L=+11.039 | U_mid=33.85 R=0.137 fitres=1.32e-03 |g|=3.47e+01 bin=0.207 t=77s
[pilot_h525_Q100_fresh4242] it  31 eta=0.04841 Q=     nan lam_r=     nan u=-0.119 | L_obj=+3.028 L_Q=5.045 L_lam=0.072 L_sh=0.0374 L=+8.258 | U_mid=17.64 R=0.082 fitres=1.24e-03 |g|=6.51e+01 bin=0.194 t=80s
[pilot_h525_Q100_fresh4242] it  32 eta=0.03698 Q=     nan lam_r=     nan u=-0.011 | L_obj=+3.297 L_Q=2.914 L_lam=0.000 L_sh=0.0179 L=+6.265 | U_mid=8.34 R=0.039 fitres=2.75e-05 |g|=4.63e-01 bin=0.174 t=82s
[pilot_h525_Q100_fresh4242] it  33 eta=0.02969 Q=     nan lam_r=     nan u=-0.006 | L_obj=+3.517 L_Q=2.819 L_lam=0.000 L_sh=0.0176 L=+6.389 | U_mid=6.53 R=0.032 fitres=1.88e-05 |g|=5.28e-01 bin=0.154 t=85s
[pilot_h525_Q100_fresh4242] it  34 eta=0.02534 Q=     nan lam_r=     nan u=-0.003 | L_obj=+3.675 L_Q=2.785 L_lam=0.000 L_sh=0.0175 L=+6.513 | U_mid=5.76 R=0.032 fitres=1.30e-05 |g|=5.20e-01 bin=0.135 t=87s
[pilot_h525_Q100_fresh4242] it  35 eta=0.02288 Q=     nan lam_r=     nan u=-0.002 | L_obj=+3.778 L_Q=2.767 L_lam=0.000 L_sh=0.0175 L=+6.597 | U_mid=5.35 R=0.033 fitres=9.59e-06 |g|=4.49e-01 bin=0.116 t=90s
[pilot_h525_Q100_fresh4242] it  36 eta=0.02170 Q=     nan lam_r=     nan u=-0.002 | L_obj=+3.831 L_Q=2.757 L_lam=0.000 L_sh=0.0175 L=+6.640 | U_mid=5.11 R=0.034 fitres=7.47e-06 |g|=3.59e-01 bin=0.098 t=93s
[pilot_h525_Q100_fresh4242] it  37 eta=0.02132 Q=     nan lam_r=     nan u=-0.001 | L_obj=+3.848 L_Q=2.750 L_lam=0.000 L_sh=0.0175 L=+6.651 | U_mid=4.97 R=0.036 fitres=6.17e-06 |g|=2.86e-01 bin=0.082 t=95s
[pilot_h525_Q100_fresh4242] it  38 eta=0.02136 Q=     nan lam_r=     nan u=-0.001 | L_obj=+3.846 L_Q=2.746 L_lam=0.000 L_sh=0.0175 L=+6.645 | U_mid=4.89 R=0.036 fitres=5.36e-06 |g|=2.38e-01 bin=0.068 t=98s
[pilot_h525_Q100_fresh4242] it  39 eta=0.02157 Q=     nan lam_r=     nan u=-0.001 | L_obj=+3.836 L_Q=2.743 L_lam=0.000 L_sh=0.0175 L=+6.632 | U_mid=4.85 R=0.037 fitres=4.85e-06 |g|=2.08e-01 bin=0.057 t=101s
[pilot_h525_Q100_fresh4242] it  40 eta=0.02181 Q=     nan lam_r=     nan u=-0.001 | L_obj=+3.826 L_Q=2.741 L_lam=0.000 L_sh=0.0175 L=+6.620 | U_mid=4.84 R=0.037 fitres=4.53e-06 |g|=1.89e-01 bin=0.048 t=103s
[pilot_h525_Q100_fresh4242] it  41 eta=0.02201 Q=     nan lam_r=     nan u=-0.001 | L_obj=+3.816 L_Q=2.740 L_lam=0.000 L_sh=0.0175 L=+6.609 | U_mid=4.84 R=0.037 fitres=4.31e-06 |g|=1.77e-01 bin=0.041 t=106s
[pilot_h525_Q100_fresh4242] it  42 eta=0.02217 Q=     nan lam_r=     nan u=-0.001 | L_obj=+3.809 L_Q=2.739 L_lam=0.000 L_sh=0.0175 L=+6.601 | U_mid=4.86 R=0.038 fitres=4.16e-06 |g|=1.71e-01 bin=0.035 t=108s
[pilot_h525_Q100_fresh4242] it  43 eta=0.02229 Q=     nan lam_r=     nan u=-0.001 | L_obj=+3.804 L_Q=2.739 L_lam=0.000 L_sh=0.0175 L=+6.595 | U_mid=4.88 R=0.038 fitres=4.06e-06 |g|=1.68e-01 bin=0.031 t=110s
[pilot_h525_Q100_fresh4242] it  44 eta=0.02239 Q=     nan lam_r=     nan u=-0.001 | L_obj=+3.799 L_Q=2.738 L_lam=0.000 L_sh=0.0175 L=+6.590 | U_mid=4.90 R=0.038 fitres=3.98e-06 |g|=1.67e-01 bin=0.027 t=113s
[pilot_h525_Q100_fresh4242] it  45 eta=0.02248 Q=     nan lam_r=     nan u=-0.001 | L_obj=+3.795 L_Q=2.738 L_lam=0.000 L_sh=0.0175 L=+6.586 | U_mid=4.92 R=0.038 fitres=3.92e-06 |g|=1.67e-01 bin=0.024 t=115s
[pilot_h525_Q100_fresh4242] it  46 eta=0.02256 Q=     nan lam_r=     nan u=-0.001 | L_obj=+3.792 L_Q=2.737 L_lam=0.000 L_sh=0.0175 L=+6.582 | U_mid=4.93 R=0.038 fitres=3.88e-06 |g|=1.67e-01 bin=0.021 t=117s
[pilot_h525_Q100_fresh4242] it  47 eta=0.02263 Q=     nan lam_r=     nan u=-0.001 | L_obj=+3.789 L_Q=2.737 L_lam=0.000 L_sh=0.0175 L=+6.578 | U_mid=4.95 R=0.038 fitres=3.85e-06 |g|=1.66e-01 bin=0.019 t=120s
[pilot_h525_Q100_fresh4242] it  48 eta=0.02270 Q=     nan lam_r=     nan u=-0.001 | L_obj=+3.786 L_Q=2.737 L_lam=0.000 L_sh=0.0175 L=+6.575 | U_mid=4.96 R=0.038 fitres=3.83e-06 |g|=1.65e-01 bin=0.017 t=122s
[pilot_h525_Q100_fresh4242] it  49 eta=0.02276 Q=     nan lam_r=     nan u=-0.001 | L_obj=+3.783 L_Q=2.737 L_lam=0.000 L_sh=0.0175 L=+6.573 | U_mid=4.97 R=0.038 fitres=3.81e-06 |g|=1.63e-01 bin=0.015 t=125s
[pilot_h525_Q100_fresh4242] it  50 eta=0.02281 Q=     nan lam_r=     nan u=-0.001 | L_obj=+3.781 L_Q=2.737 L_lam=0.000 L_sh=0.0175 L=+6.570 | U_mid=4.97 R=0.038 fitres=3.79e-06 |g|=1.61e-01 bin=0.013 t=127s
[pilot_h525_Q100_fresh4242] it  51 eta=0.02286 Q=     nan lam_r=     nan u=-0.001 | L_obj=+3.779 L_Q=2.737 L_lam=0.000 L_sh=0.0175 L=+6.568 | U_mid=4.98 R=0.038 fitres=3.78e-06 |g|=1.59e-01 bin=0.012 t=130s
[pilot_h525_Q100_fresh4242] it  52 eta=0.02290 Q=     nan lam_r=     nan u=-0.001 | L_obj=+3.777 L_Q=2.737 L_lam=0.000 L_sh=0.0175 L=+6.566 | U_mid=4.98 R=0.038 fitres=3.78e-06 |g|=1.58e-01 bin=0.011 t=133s
[pilot_h525_Q100_fresh4242] it  53 eta=0.02293 Q=     nan lam_r=     nan u=-0.001 | L_obj=+3.775 L_Q=2.737 L_lam=0.000 L_sh=0.0175 L=+6.565 | U_mid=4.99 R=0.038 fitres=3.77e-06 |g|=1.57e-01 bin=0.010 t=135s
[pilot_h525_Q100_fresh4242] it  54 eta=0.02297 Q=     nan lam_r=     nan u=-0.001 | L_obj=+3.774 L_Q=2.736 L_lam=0.000 L_sh=0.0175 L=+6.563 | U_mid=4.99 R=0.038 fitres=3.76e-06 |g|=1.56e-01 bin=0.009 t=138s
[pilot_h525_Q100_fresh4242] it  55 eta=0.02299 Q=     nan lam_r=     nan u=-0.001 | L_obj=+3.773 L_Q=2.736 L_lam=0.000 L_sh=0.0175 L=+6.562 | U_mid=4.99 R=0.038 fitres=3.76e-06 |g|=1.56e-01 bin=0.008 t=140s
[pilot_h525_Q100_fresh4242] it  56 eta=0.02302 Q=     nan lam_r=     nan u=-0.001 | L_obj=+3.771 L_Q=2.736 L_lam=0.000 L_sh=0.0175 L=+6.561 | U_mid=4.99 R=0.038 fitres=3.76e-06 |g|=1.55e-01 bin=0.008 t=143s
[pilot_h525_Q100_fresh4242] it  57 eta=0.02305 Q=     nan lam_r=     nan u=-0.001 | L_obj=+3.770 L_Q=2.736 L_lam=0.000 L_sh=0.0175 L=+6.560 | U_mid=4.99 R=0.038 fitres=3.75e-06 |g|=1.56e-01 bin=0.007 t=145s
[pilot_h525_Q100_fresh4242] it  58 eta=0.02307 Q=     nan lam_r=     nan u=-0.001 | L_obj=+3.769 L_Q=2.736 L_lam=0.000 L_sh=0.0175 L=+6.559 | U_mid=4.99 R=0.038 fitres=3.75e-06 |g|=1.56e-01 bin=0.006 t=148s
[pilot_h525_Q100_fresh4242] it  59 eta=0.02309 Q=     nan lam_r=     nan u=-0.001 | L_obj=+3.768 L_Q=2.736 L_lam=0.000 L_sh=0.0175 L=+6.558 | U_mid=4.99 R=0.038 fitres=3.75e-06 |g|=1.56e-01 bin=0.006 t=150s
[pilot_h525_Q100_fresh4242] it  60 eta=0.02311 Q=     nan lam_r=     nan u=-0.001 | L_obj=+3.767 L_Q=2.736 L_lam=0.000 L_sh=0.0175 L=+6.557 | U_mid=4.99 R=0.038 fitres=3.75e-06 |g|=1.57e-01 bin=0.005 t=153s
[pilot_h525_Q100_fresh4242] it  61 eta=0.02313 Q=     nan lam_r=     nan u=-0.001 | L_obj=+3.766 L_Q=2.736 L_lam=0.000 L_sh=0.0175 L=+6.556 | U_mid=4.99 R=0.038 fitres=3.75e-06 |g|=1.58e-01 bin=0.005 t=156s
[pilot_h525_Q100_fresh4242] it  62 eta=0.02315 Q=     nan lam_r=     nan u=-0.001 | L_obj=+3.766 L_Q=2.736 L_lam=0.000 L_sh=0.0175 L=+6.555 | U_mid=4.99 R=0.038 fitres=3.75e-06 |g|=1.58e-01 bin=0.005 t=159s
[pilot_h525_Q100_fresh4242] it  63 eta=0.02317 Q=     nan lam_r=     nan u=-0.001 | L_obj=+3.765 L_Q=2.736 L_lam=0.000 L_sh=0.0175 L=+6.554 | U_mid=4.99 R=0.038 fitres=3.75e-06 |g|=1.59e-01 bin=0.004 t=161s
[pilot_h525_Q100_fresh4242] it  64 eta=0.02319 Q=     nan lam_r=     nan u=-0.001 | L_obj=+3.764 L_Q=2.736 L_lam=0.000 L_sh=0.0175 L=+6.553 | U_mid=4.99 R=0.038 fitres=3.75e-06 |g|=1.60e-01 bin=0.004 t=163s
[pilot_h525_Q100_fresh4242] it  65 eta=0.02321 Q=     nan lam_r=     nan u=-0.001 | L_obj=+3.763 L_Q=2.736 L_lam=0.000 L_sh=0.0175 L=+6.553 | U_mid=4.98 R=0.038 fitres=3.75e-06 |g|=1.60e-01 bin=0.004 t=166s
[pilot_h525_Q100_fresh4242] it  66 eta=0.02322 Q=     nan lam_r=     nan u=-0.001 | L_obj=+3.763 L_Q=2.736 L_lam=0.000 L_sh=0.0175 L=+6.552 | U_mid=4.98 R=0.038 fitres=3.75e-06 |g|=1.61e-01 bin=0.003 t=168s
[pilot_h525_Q100_fresh4242] it  67 eta=0.02324 Q=     nan lam_r=     nan u=-0.001 | L_obj=+3.762 L_Q=2.736 L_lam=0.000 L_sh=0.0175 L=+6.551 | U_mid=4.98 R=0.038 fitres=3.75e-06 |g|=1.62e-01 bin=0.003 t=171s
[pilot_h525_Q100_fresh4242] it  68 eta=0.02325 Q=     nan lam_r=     nan u=-0.001 | L_obj=+3.761 L_Q=2.736 L_lam=0.000 L_sh=0.0175 L=+6.551 | U_mid=4.98 R=0.038 fitres=3.75e-06 |g|=1.63e-01 bin=0.003 t=174s
[pilot_h525_Q100_fresh4242] it  69 eta=0.02326 Q=     nan lam_r=     nan u=-0.001 | L_obj=+3.761 L_Q=2.736 L_lam=0.000 L_sh=0.0175 L=+6.550 | U_mid=4.98 R=0.038 fitres=3.75e-06 |g|=1.65e-01 bin=0.002 t=176s
[pilot_h525_Q100_fresh4242] it  70 eta=0.02327 Q=     nan lam_r=     nan u=-0.001 | L_obj=+3.760 L_Q=2.736 L_lam=0.000 L_sh=0.0175 L=+6.550 | U_mid=4.98 R=0.038 fitres=3.75e-06 |g|=1.67e-01 bin=0.002 t=179s
[pilot_h525_Q100_fresh4242] it  71 eta=0.02328 Q=     nan lam_r=     nan u=-0.001 | L_obj=+3.760 L_Q=2.736 L_lam=0.000 L_sh=0.0175 L=+6.549 | U_mid=4.98 R=0.038 fitres=3.75e-06 |g|=1.69e-01 bin=0.002 t=181s
[pilot_h525_Q100_fresh4242] it  72 eta=0.02329 Q=     nan lam_r=     nan u=-0.001 | L_obj=+3.760 L_Q=2.736 L_lam=0.000 L_sh=0.0175 L=+6.549 | U_mid=4.98 R=0.038 fitres=3.75e-06 |g|=1.72e-01 bin=0.002 t=184s
[pilot_h525_Q100_fresh4242] it  73 eta=0.02330 Q=     nan lam_r=     nan u=-0.001 | L_obj=+3.759 L_Q=2.736 L_lam=0.000 L_sh=0.0175 L=+6.549 | U_mid=4.98 R=0.038 fitres=3.75e-06 |g|=1.75e-01 bin=0.002 t=186s
[pilot_h525_Q100_fresh4242] it  74 eta=0.02331 Q=     nan lam_r=     nan u=-0.001 | L_obj=+3.759 L_Q=2.736 L_lam=0.000 L_sh=0.0175 L=+6.548 | U_mid=4.98 R=0.038 fitres=3.76e-06 |g|=1.79e-01 bin=0.002 t=188s
[pilot_h525_Q100_fresh4242] it  75 eta=0.02331 Q=     nan lam_r=     nan u=-0.001 | L_obj=+3.759 L_Q=2.736 L_lam=0.000 L_sh=0.0175 L=+6.548 | U_mid=4.98 R=0.038 fitres=3.76e-06 |g|=1.84e-01 bin=0.001 t=191s
[pilot_h525_Q100_fresh4242] it  76 eta=0.02331 Q=     nan lam_r=     nan u=-0.001 | L_obj=+3.759 L_Q=2.737 L_lam=0.000 L_sh=0.0175 L=+6.548 | U_mid=4.98 R=0.038 fitres=3.76e-06 |g|=1.88e-01 bin=0.001 t=193s
[pilot_h525_Q100_fresh4242] it  77 eta=0.02332 Q=     nan lam_r=     nan u=-0.001 | L_obj=+3.759 L_Q=2.737 L_lam=0.000 L_sh=0.0175 L=+6.548 | U_mid=4.98 R=0.038 fitres=3.76e-06 |g|=1.93e-01 bin=0.001 t=196s
[pilot_h525_Q100_fresh4242] it  78 eta=0.02332 Q=     nan lam_r=     nan u=-0.001 | L_obj=+3.758 L_Q=2.737 L_lam=0.000 L_sh=0.0175 L=+6.548 | U_mid=4.98 R=0.038 fitres=3.76e-06 |g|=1.98e-01 bin=0.001 t=198s
[pilot_h525_Q100_fresh4242] it  79 eta=0.02332 Q=     nan lam_r=     nan u=-0.001 | L_obj=+3.758 L_Q=2.737 L_lam=0.000 L_sh=0.0175 L=+6.548 | U_mid=4.98 R=0.038 fitres=3.76e-06 |g|=2.04e-01 bin=0.001 t=200s
[pilot_h525_Q100_fresh4242] done: eta_soft=0.02319 eta_hard=0.02321 Q_hard=None lam_hard=None u=-0.001 U_mid=5.26 fill=0.141 wall=203s
