[pilot_h525_Q50_fresh8080] it   0 eta=0.07032 Q=     nan lam_r=     nan u=-0.053 | L_obj=+2.655 L_Q=3.664 L_lam=0.042 L_sh=0.1941 L=+6.942 | U_mid=14.84 R=0.099 fitres=1.46e-03 |g|=2.31e-01 bin=0.543 t=3s
[pilot_h525_Q50_fresh8080] it   1 eta=0.06936 Q=     nan lam_r=     nan u=-0.054 | L_obj=+2.668 L_Q=3.686 L_lam=0.020 L_sh=0.1576 L=+6.848 | U_mid=13.77 R=0.102 fitres=1.41e-03 |g|=4.89e-01 bin=0.539 t=5s
[pilot_h525_Q50_fresh8080] it   2 eta=0.07026 Q=     nan lam_r=     nan u=-0.043 | L_obj=+2.656 L_Q=3.484 L_lam=0.020 L_sh=0.1431 L=+6.589 | U_mid=13.61 R=0.104 fitres=2.65e-04 |g|=1.81e-01 bin=0.533 t=8s
[pilot_h525_Q50_fresh8080] it   3 eta=0.07041 Q=     nan lam_r=     nan u=-0.041 | L_obj=+2.653 L_Q=3.442 L_lam=0.012 L_sh=0.1264 L=+6.486 | U_mid=13.20 R=0.110 fitres=3.64e-04 |g|=2.60e-01 bin=0.525 t=10s
[pilot_h525_Q50_fresh8080] it   4 eta=0.07119 Q=     nan lam_r=     nan u=-0.035 | L_obj=+2.642 L_Q=3.327 L_lam=0.008 L_sh=0.1138 L=+6.319 | U_mid=12.92 R=0.117 fitres=1.32e-04 |g|=2.05e-01 bin=0.517 t=12s
[pilot_h525_Q50_fresh8080] it   5 eta=0.07240 Q=     nan lam_r=     nan u=-0.027 | L_obj=+2.626 L_Q=3.200 L_lam=0.005 L_sh=0.1033 L=+6.141 | U_mid=12.69 R=0.126 fitres=9.79e-05 |g|=1.41e-01 bin=0.506 t=15s
[pilot_h525_Q50_fresh8080] it   6 eta=0.07386 Q=     nan lam_r=     nan u=-0.021 | L_obj=+2.606 L_Q=3.093 L_lam=0.003 L_sh=0.0943 L=+5.985 | U_mid=12.49 R=0.138 fitres=1.69e-04 |g|=1.12e-01 bin=0.494 t=17s
[pilot_h525_Q50_fresh8080] it   7 eta=0.07572 Q=     nan lam_r=     nan u=-0.016 | L_obj=+2.581 L_Q=3.002 L_lam=0.002 L_sh=0.0867 L=+5.845 | U_mid=12.36 R=0.157 fitres=1.55e-04 |g|=1.07e-01 bin=0.479 t=19s
[pilot_h525_Q50_fresh8080] it   8 eta=0.07818 Q=     nan lam_r=     nan u=-0.012 | L_obj=+2.549 L_Q=2.923 L_lam=0.001 L_sh=0.0802 L=+5.714 | U_mid=12.29 R=0.181 fitres=1.15e-04 |g|=1.27e-01 bin=0.462 t=22s
[pilot_h525_Q50_fresh8080] it   9 eta=0.08138 Q=     nan lam_r=     nan u=-0.008 | L_obj=+2.509 L_Q=2.861 L_lam=0.001 L_sh=0.0747 L=+5.594 | U_mid=12.26 R=0.211 fitres=5.45e-05 |g|=2.83e-01 bin=0.441 t=25s
[pilot_h525_Q50_fresh8080] it  10 eta=0.08509 Q=     nan lam_r=     nan u=-0.029 | L_obj=+2.464 L_Q=3.219 L_lam=0.000 L_sh=0.0742 L=+5.905 | U_mid=12.27 R=0.242 fitres=3.35e-03 |g|=9.59e+00 bin=0.419 t=27s
[pilot_h525_Q50_fresh8080] it  11 eta=0.08870 Q=     nan lam_r=     nan u=-0.043 | L_obj=+2.422 L_Q=3.476 L_lam=0.000 L_sh=0.0731 L=+6.117 | U_mid=12.55 R=0.244 fitres=3.91e-03 |g|=6.05e+00 bin=0.402 t=30s
[pilot_h525_Q50_fresh8080] it  12 eta=0.09291 Q=     nan lam_r=     nan u=-0.012 | L_obj=+2.376 L_Q=2.924 L_lam=0.000 L_sh=0.0633 L=+5.490 | U_mid=12.72 R=0.229 fitres=4.11e-04 |g|=7.72e-01 bin=0.387 t=32s
[pilot_h525_Q50_fresh8080] it  13 eta=0.09703 Q=     nan lam_r=     nan u=-0.007 | L_obj=+2.333 L_Q=2.843 L_lam=0.001 L_sh=0.0590 L=+5.354 | U_mid=12.91 R=0.215 fitres=3.97e-05 |g|=2.38e-01 bin=0.373 t=34s
[pilot_h525_Q50_fresh8080] it  14 eta=0.10095 Q=     nan lam_r=     nan u=-0.006 | L_obj=+2.293 L_Q=2.827 L_lam=0.001 L_sh=0.0555 L=+5.288 | U_mid=13.11 R=0.202 fitres=3.99e-05 |g|=1.43e-01 bin=0.358 t=37s
[pilot_h525_Q50_fresh8080] it  15 eta=0.10467 Q=     nan lam_r=     nan u=-0.006 | L_obj=+2.257 L_Q=2.829 L_lam=0.001 L_sh=0.0522 L=+5.243 | U_mid=13.27 R=0.190 fitres=6.29e-05 |g|=1.42e-01 bin=0.343 t=40s
[pilot_h525_Q50_fresh8080] it  16 eta=0.10817 Q=     nan lam_r=     nan u=-0.007 | L_obj=+2.224 L_Q=2.837 L_lam=0.001 L_sh=0.0492 L=+5.210 | U_mid=13.37 R=0.179 fitres=7.07e-05 |g|=1.61e-01 bin=0.329 t=42s
[pilot_h525_Q50_fresh8080] it  17 eta=0.11145 Q=     nan lam_r=     nan u=-0.007 | L_obj=+2.194 L_Q=2.848 L_lam=0.001 L_sh=0.0463 L=+5.182 | U_mid=13.40 R=0.167 fitres=7.27e-05 |g|=1.84e-01 bin=0.314 t=44s
[pilot_h525_Q50_fresh8080] it  18 eta=0.11450 Q=     nan lam_r=     nan u=-0.008 | L_obj=+2.167 L_Q=2.861 L_lam=0.001 L_sh=0.0435 L=+5.159 | U_mid=13.34 R=0.156 fitres=7.21e-05 |g|=2.08e-01 bin=0.300 t=47s
[pilot_h525_Q50_fresh8080] it  19 eta=0.11731 Q=     nan lam_r=     nan u=-0.009 | L_obj=+2.143 L_Q=2.874 L_lam=0.001 L_sh=0.0408 L=+5.140 | U_mid=13.20 R=0.145 fitres=7.03e-05 |g|=2.32e-01 bin=0.285 t=49s
[pilot_h525_Q50_fresh8080] it  20 eta=0.11991 Q=     nan lam_r=     nan u=-0.009 | L_obj=+2.121 L_Q=2.885 L_lam=0.001 L_sh=0.0383 L=+5.122 | U_mid=12.98 R=0.134 fitres=6.76e-05 |g|=2.55e-01 bin=0.271 t=52s
[pilot_h525_Q50_fresh8080] it  21 eta=0.12230 Q=     nan lam_r=     nan u=-0.010 | L_obj=+2.101 L_Q=2.894 L_lam=0.001 L_sh=0.0359 L=+5.104 | U_mid=12.70 R=0.124 fitres=6.45e-05 |g|=2.76e-01 bin=0.257 t=54s
[pilot_h525_Q50_fresh8080] it  22 eta=0.12451 Q=     nan lam_r=     nan u=-0.010 | L_obj=+2.083 L_Q=2.901 L_lam=0.000 L_sh=0.0336 L=+5.086 | U_mid=12.38 R=0.114 fitres=6.09e-05 |g|=2.96e-01 bin=0.242 t=57s
[pilot_h525_Q50_fresh8080] it  23 eta=0.12659 Q=     nan lam_r=     nan u=-0.011 | L_obj=+2.067 L_Q=2.905 L_lam=0.000 L_sh=0.0314 L=+5.066 | U_mid=12.04 R=0.105 fitres=5.70e-05 |g|=3.14e-01 bin=0.228 t=59s
[pilot_h525_Q50_fresh8080] it  24 eta=0.12857 Q=     nan lam_r=     nan u=-0.011 | L_obj=+2.051 L_Q=2.905 L_lam=0.000 L_sh=0.0293 L=+5.044 | U_mid=11.70 R=0.098 fitres=5.28e-05 |g|=3.29e-01 bin=0.214 t=61s
[pilot_h525_Q50_fresh8080] it  25 eta=0.13052 Q=     nan lam_r=     nan u=-0.010 | L_obj=+2.036 L_Q=2.902 L_lam=0.000 L_sh=0.0273 L=+5.020 | U_mid=11.38 R=0.092 fitres=4.82e-05 |g|=3.42e-01 bin=0.200 t=64s
[pilot_h525_Q50_fresh8080] it  26 eta=0.13250 Q=     nan lam_r=     nan u=-0.010 | L_obj=+2.021 L_Q=2.896 L_lam=0.000 L_sh=0.0255 L=+4.993 | U_mid=11.09 R=0.088 fitres=4.34e-05 |g|=3.53e-01 bin=0.186 t=66s
[pilot_h525_Q50_fresh8080] it  27 eta=0.13457 Q=     nan lam_r=     nan u=-0.010 | L_obj=+2.006 L_Q=2.887 L_lam=0.000 L_sh=0.0237 L=+4.963 | U_mid=10.85 R=0.085 fitres=3.85e-05 |g|=3.62e-01 bin=0.172 t=68s
[pilot_h525_Q50_fresh8080] it  28 eta=0.13677 Q=     nan lam_r=     nan u=-0.009 | L_obj=+1.989 L_Q=2.875 L_lam=0.000 L_sh=0.0220 L=+4.931 | U_mid=10.66 R=0.085 fitres=3.37e-05 |g|=3.70e-01 bin=0.159 t=70s
[pilot_h525_Q50_fresh8080] it  29 eta=0.13912 Q=     nan lam_r=     nan u=-0.008 | L_obj=+1.972 L_Q=2.862 L_lam=0.000 L_sh=0.0205 L=+4.896 | U_mid=10.54 R=0.087 fitres=2.93e-05 |g|=3.78e-01 bin=0.146 t=73s
[pilot_h525_Q50_fresh8080] it  30 eta=0.14160 Q=     nan lam_r=     nan u=-0.007 | L_obj=+1.955 L_Q=2.847 L_lam=0.000 L_sh=0.0190 L=+4.859 | U_mid=10.47 R=0.091 fitres=2.57e-05 |g|=3.84e-01 bin=0.134 t=75s
[pilot_h525_Q50_fresh8080] it  31 eta=0.14418 Q=     nan lam_r=     nan u=-0.006 | L_obj=+1.937 L_Q=2.829 L_lam=0.000 L_sh=0.0177 L=+4.819 | U_mid=10.47 R=0.098 fitres=2.33e-05 |g|=3.80e-01 bin=0.122 t=78s
[pilot_h525_Q50_fresh8080] it  32 eta=0.14676 Q=     nan lam_r=     nan u=-0.005 | L_obj=+1.919 L_Q=2.811 L_lam=0.000 L_sh=0.0176 L=+4.783 | U_mid=10.52 R=0.106 fitres=2.35e-05 |g|=3.54e-01 bin=0.111 t=80s
[pilot_h525_Q50_fresh8080] it  33 eta=0.14921 Q=     nan lam_r=     nan u=-0.004 | L_obj=+1.902 L_Q=2.795 L_lam=0.000 L_sh=0.0176 L=+4.751 | U_mid=10.62 R=0.117 fitres=2.19e-05 |g|=3.13e-01 bin=0.100 t=83s
[pilot_h525_Q50_fresh8080] it  34 eta=0.15139 Q=     nan lam_r=     nan u=-0.004 | L_obj=+1.888 L_Q=2.792 L_lam=0.000 L_sh=0.0176 L=+4.733 | U_mid=10.77 R=0.129 fitres=1.17e-05 |g|=4.58e-01 bin=0.090 t=85s
[pilot_h525_Q50_fresh8080] it  35 eta=0.15332 Q=     nan lam_r=     nan u=-0.004 | L_obj=+1.875 L_Q=2.800 L_lam=0.000 L_sh=0.0176 L=+4.728 | U_mid=10.93 R=0.142 fitres=1.29e-05 |g|=9.27e-01 bin=0.081 t=88s
[pilot_h525_Q50_fresh8080] it  36 eta=0.15523 Q=     nan lam_r=     nan u=-0.003 | L_obj=+1.863 L_Q=2.779 L_lam=0.000 L_sh=0.0176 L=+4.695 | U_mid=11.04 R=0.153 fitres=9.46e-06 |g|=1.05e+00 bin=0.073 t=90s
[pilot_h525_Q50_fresh8080] it  37 eta=0.15690 Q=     nan lam_r=     nan u=-0.001 | L_obj=+1.852 L_Q=2.750 L_lam=0.000 L_sh=0.0175 L=+4.655 | U_mid=11.11 R=0.162 fitres=1.29e-05 |g|=7.44e-01 bin=0.066 t=92s
[pilot_h525_Q50_fresh8080] it  38 eta=0.15825 Q=     nan lam_r=     nan u=-0.004 | L_obj=+1.844 L_Q=2.799 L_lam=0.000 L_sh=0.0176 L=+4.696 | U_mid=11.28 R=0.174 fitres=7.35e-05 |g|=2.95e+00 bin=0.059 t=94s
[pilot_h525_Q50_fresh8080] it  39 eta=0.16005 Q=     nan lam_r=     nan u=-0.003 | L_obj=+1.832 L_Q=2.781 L_lam=0.000 L_sh=0.0176 L=+4.667 | U_mid=11.52 R=0.191 fitres=7.56e-05 |g|=3.63e+00 bin=0.053 t=97s
[pilot_h525_Q50_fresh8080] it  40 eta=0.16128 Q=     nan lam_r=     nan u=-0.000 | L_obj=+1.825 L_Q=2.730 L_lam=0.000 L_sh=0.0174 L=+4.607 | U_mid=11.58 R=0.197 fitres=5.12e-06 |g|=1.37e+00 bin=0.049 t=99s
[pilot_h525_Q50_fresh8080] it  41 eta=0.16247 Q=     nan lam_r=     nan u=-0.000 | L_obj=+1.817 L_Q=2.727 L_lam=0.000 L_sh=0.0174 L=+4.597 | U_mid=11.72 R=0.206 fitres=7.57e-06 |g|=1.67e+00 bin=0.044 t=102s
[pilot_h525_Q50_fresh8080] it  42 eta=0.16355 Q=     nan lam_r=     nan u=-0.006 | L_obj=+1.811 L_Q=2.823 L_lam=0.000 L_sh=0.0177 L=+4.687 | U_mid=11.95 R=0.220 fitres=2.00e-04 |g|=7.57e+00 bin=0.040 t=104s
[pilot_h525_Q50_fresh8080] it  43 eta=0.16331 Q=     nan lam_r=     nan u=-0.023 | L_obj=+1.812 L_Q=3.118 L_lam=0.001 L_sh=0.0185 L=+4.987 | U_mid=11.96 R=0.214 fitres=6.62e-04 |g|=1.10e+01 bin=0.037 t=107s
[pilot_h525_Q50_fresh8080] it  44 eta=0.16552 Q=     1.3 lam_r= 1123.96 u= 0.000 | L_obj=+1.799 L_Q=2.720 L_lam=0.000 L_sh=0.0174 L=+4.571 | U_mid=12.01 R=0.215 fitres=1.49e-05 |g|=6.69e-01 bin=0.034 t=110s
[pilot_h525_Q50_fresh8080] it  45 eta=0.16619 Q=     nan lam_r=     nan u=-0.005 | L_obj=+1.795 L_Q=2.818 L_lam=0.000 L_sh=0.0177 L=+4.666 | U_mid=12.20 R=0.218 fitres=1.13e-04 |g|=3.53e+00 bin=0.031 t=112s
[pilot_h525_Q50_fresh8080] it  46 eta=0.16692 Q=     nan lam_r=     nan u=-0.006 | L_obj=+1.790 L_Q=2.823 L_lam=0.000 L_sh=0.0177 L=+4.667 | U_mid=12.27 R=0.215 fitres=9.36e-05 |g|=2.69e+00 bin=0.029 t=115s
[pilot_h525_Q50_fresh8080] it  47 eta=0.16782 Q=     nan lam_r=     nan u=-0.003 | L_obj=+1.785 L_Q=2.777 L_lam=0.000 L_sh=0.0176 L=+4.615 | U_mid=12.26 R=0.209 fitres=2.16e-05 |g|=1.32e+00 bin=0.027 t=117s
[pilot_h525_Q50_fresh8080] it  48 eta=0.16856 Q=     nan lam_r=     nan u=-0.002 | L_obj=+1.780 L_Q=2.756 L_lam=0.000 L_sh=0.0175 L=+4.589 | U_mid=12.23 R=0.203 fitres=1.48e-05 |g|=5.33e-01 bin=0.025 t=119s
[pilot_h525_Q50_fresh8080] it  49 eta=0.16912 Q=     nan lam_r=     nan u=-0.002 | L_obj=+1.777 L_Q=2.755 L_lam=0.000 L_sh=0.0175 L=+4.585 | U_mid=12.23 R=0.198 fitres=2.47e-05 |g|=3.52e-01 bin=0.023 t=122s
[pilot_h525_Q50_fresh8080] it  50 eta=0.16959 Q=     nan lam_r=     nan u=-0.002 | L_obj=+1.774 L_Q=2.762 L_lam=0.000 L_sh=0.0175 L=+4.589 | U_mid=12.24 R=0.196 fitres=2.56e-05 |g|=4.60e-01 bin=0.021 t=124s
[pilot_h525_Q50_fresh8080] it  51 eta=0.17002 Q=     nan lam_r=     nan u=-0.003 | L_obj=+1.772 L_Q=2.769 L_lam=0.000 L_sh=0.0175 L=+4.594 | U_mid=12.28 R=0.195 fitres=2.42e-05 |g|=5.46e-01 bin=0.019 t=127s
[pilot_h525_Q50_fresh8080] it  52 eta=0.17044 Q=     nan lam_r=     nan u=-0.003 | L_obj=+1.769 L_Q=2.775 L_lam=0.000 L_sh=0.0175 L=+4.597 | U_mid=12.33 R=0.195 fitres=2.31e-05 |g|=5.87e-01 bin=0.017 t=129s
[pilot_h525_Q50_fresh8080] it  53 eta=0.17088 Q=     nan lam_r=     nan u=-0.003 | L_obj=+1.767 L_Q=2.777 L_lam=0.000 L_sh=0.0176 L=+4.597 | U_mid=12.39 R=0.197 fitres=2.27e-05 |g|=6.00e-01 bin=0.016 t=132s
[pilot_h525_Q50_fresh8080] it  54 eta=0.17134 Q=     nan lam_r=     nan u=-0.003 | L_obj=+1.764 L_Q=2.778 L_lam=0.000 L_sh=0.0176 L=+4.595 | U_mid=12.47 R=0.199 fitres=2.30e-05 |g|=5.96e-01 bin=0.015 t=134s
[pilot_h525_Q50_fresh8080] it  55 eta=0.17182 Q=     nan lam_r=     nan u=-0.003 | L_obj=+1.761 L_Q=2.777 L_lam=0.000 L_sh=0.0176 L=+4.591 | U_mid=12.55 R=0.203 fitres=2.38e-05 |g|=5.82e-01 bin=0.013 t=137s
[pilot_h525_Q50_fresh8080] it  56 eta=0.17230 Q=     nan lam_r=     nan u=-0.003 | L_obj=+1.759 L_Q=2.774 L_lam=0.000 L_sh=0.0175 L=+4.586 | U_mid=12.64 R=0.207 fitres=2.47e-05 |g|=5.64e-01 bin=0.012 t=140s
[pilot_h525_Q50_fresh8080] it  57 eta=0.17277 Q=     nan lam_r=     nan u=-0.003 | L_obj=+1.756 L_Q=2.771 L_lam=0.000 L_sh=0.0175 L=+4.579 | U_mid=12.73 R=0.211 fitres=2.57e-05 |g|=5.45e-01 bin=0.011 t=142s
[pilot_h525_Q50_fresh8080] it  58 eta=0.17322 Q=     nan lam_r=     nan u=-0.002 | L_obj=+1.753 L_Q=2.767 L_lam=0.000 L_sh=0.0175 L=+4.573 | U_mid=12.82 R=0.216 fitres=2.66e-05 |g|=5.25e-01 bin=0.010 t=145s
[pilot_h525_Q50_fresh8080] it  59 eta=0.17364 Q=     nan lam_r=     nan u=-0.002 | L_obj=+1.751 L_Q=2.762 L_lam=0.000 L_sh=0.0175 L=+4.566 | U_mid=12.92 R=0.222 fitres=2.73e-05 |g|=5.05e-01 bin=0.009 t=148s
[pilot_h525_Q50_fresh8080] it  60 eta=0.17404 Q=     nan lam_r=     nan u=-0.002 | L_obj=+1.748 L_Q=2.758 L_lam=0.000 L_sh=0.0175 L=+4.559 | U_mid=13.01 R=0.227 fitres=2.78e-05 |g|=4.83e-01 bin=0.008 t=151s
[pilot_h525_Q50_fresh8080] it  61 eta=0.17440 Q=     nan lam_r=     nan u=-0.002 | L_obj=+1.746 L_Q=2.754 L_lam=0.000 L_sh=0.0175 L=+4.553 | U_mid=13.10 R=0.232 fitres=2.82e-05 |g|=4.63e-01 bin=0.007 t=153s
[pilot_h525_Q50_fresh8080] it  62 eta=0.17472 Q=     nan lam_r=     nan u=-0.001 | L_obj=+1.745 L_Q=2.750 L_lam=0.000 L_sh=0.0175 L=+4.547 | U_mid=13.19 R=0.238 fitres=2.83e-05 |g|=4.46e-01 bin=0.007 t=155s
[pilot_h525_Q50_fresh8080] it  63 eta=0.17501 Q=     nan lam_r=     nan u=-0.001 | L_obj=+1.743 L_Q=2.746 L_lam=0.000 L_sh=0.0175 L=+4.542 | U_mid=13.27 R=0.243 fitres=2.83e-05 |g|=4.32e-01 bin=0.006 t=158s
[pilot_h525_Q50_fresh8080] it  64 eta=0.17528 Q=     nan lam_r=     nan u=-0.001 | L_obj=+1.741 L_Q=2.743 L_lam=0.000 L_sh=0.0175 L=+4.537 | U_mid=13.34 R=0.247 fitres=2.81e-05 |g|=4.20e-01 bin=0.005 t=160s
[pilot_h525_Q50_fresh8080] it  65 eta=0.17551 Q=     nan lam_r=     nan u=-0.001 | L_obj=+1.740 L_Q=2.740 L_lam=0.000 L_sh=0.0174 L=+4.533 | U_mid=13.41 R=0.252 fitres=2.77e-05 |g|=4.07e-01 bin=0.005 t=163s
[pilot_h525_Q50_fresh8080] it  66 eta=0.17571 Q=     nan lam_r=     nan u=-0.001 | L_obj=+1.739 L_Q=2.737 L_lam=0.000 L_sh=0.0174 L=+4.529 | U_mid=13.48 R=0.256 fitres=2.74e-05 |g|=3.94e-01 bin=0.004 t=165s
[pilot_h525_Q50_fresh8080] it  67 eta=0.17589 Q=     nan lam_r=     nan u=-0.000 | L_obj=+1.738 L_Q=2.735 L_lam=0.000 L_sh=0.0174 L=+4.525 | U_mid=13.53 R=0.260 fitres=2.70e-05 |g|=3.79e-01 bin=0.004 t=168s
[pilot_h525_Q50_fresh8080] it  68 eta=0.17603 Q=     nan lam_r=     nan u=-0.000 | L_obj=+1.737 L_Q=2.733 L_lam=0.000 L_sh=0.0174 L=+4.523 | U_mid=13.58 R=0.263 fitres=2.66e-05 |g|=3.66e-01 bin=0.004 t=171s
[pilot_h525_Q50_fresh8080] it  69 eta=0.17615 Q=     nan lam_r=     nan u=-0.000 | L_obj=+1.736 L_Q=2.731 L_lam=0.000 L_sh=0.0174 L=+4.520 | U_mid=13.62 R=0.266 fitres=2.63e-05 |g|=3.56e-01 bin=0.003 t=173s
[pilot_h525_Q50_fresh8080] it  70 eta=0.17624 Q=     nan lam_r=     nan u=-0.000 | L_obj=+1.736 L_Q=2.730 L_lam=0.000 L_sh=0.0174 L=+4.518 | U_mid=13.65 R=0.268 fitres=2.61e-05 |g|=3.48e-01 bin=0.003 t=176s
[pilot_h525_Q50_fresh8080] it  71 eta=0.17631 Q=     nan lam_r=     nan u=-0.000 | L_obj=+1.735 L_Q=2.729 L_lam=0.000 L_sh=0.0174 L=+4.517 | U_mid=13.67 R=0.269 fitres=2.60e-05 |g|=3.41e-01 bin=0.003 t=179s
[pilot_h525_Q50_fresh8080] it  72 eta=0.17637 Q=     nan lam_r=     nan u=-0.000 | L_obj=+1.735 L_Q=2.728 L_lam=0.000 L_sh=0.0174 L=+4.515 | U_mid=13.69 R=0.271 fitres=2.59e-05 |g|=3.37e-01 bin=0.002 t=182s
[pilot_h525_Q50_fresh8080] it  73 eta=0.17641 Q=     nan lam_r=     nan u=-0.000 | L_obj=+1.735 L_Q=2.727 L_lam=0.000 L_sh=0.0174 L=+4.514 | U_mid=13.71 R=0.272 fitres=2.59e-05 |g|=3.34e-01 bin=0.002 t=184s
[pilot_h525_Q50_fresh8080] it  74 eta=0.17644 Q=     nan lam_r=     nan u= 0.000 | L_obj=+1.735 L_Q=2.726 L_lam=0.000 L_sh=0.0174 L=+4.514 | U_mid=13.72 R=0.272 fitres=2.58e-05 |g|=3.32e-01 bin=0.002 t=187s
[pilot_h525_Q50_fresh8080] it  75 eta=0.17646 Q=     7.0 lam_r=  520.50 u= 0.000 | L_obj=+1.735 L_Q=2.726 L_lam=0.000 L_sh=0.0174 L=+4.513 | U_mid=13.72 R=0.273 fitres=2.58e-05 |g|=3.31e-01 bin=0.002 t=190s
[pilot_h525_Q50_fresh8080] it  76 eta=0.17648 Q=     1.5 lam_r=  629.66 u= 0.000 | L_obj=+1.735 L_Q=2.726 L_lam=0.000 L_sh=0.0174 L=+4.513 | U_mid=13.73 R=0.273 fitres=2.58e-05 |g|=3.30e-01 bin=0.002 t=192s
[pilot_h525_Q50_fresh8080] it  77 eta=0.17648 Q=     1.3 lam_r=  683.29 u= 0.000 | L_obj=+1.735 L_Q=2.726 L_lam=0.000 L_sh=0.0174 L=+4.513 | U_mid=13.73 R=0.274 fitres=2.58e-05 |g|=3.30e-01 bin=0.001 t=195s
[pilot_h525_Q50_fresh8080] it  78 eta=0.17648 Q=     1.2 lam_r=  707.77 u= 0.000 | L_obj=+1.735 L_Q=2.725 L_lam=0.000 L_sh=0.0174 L=+4.512 | U_mid=13.73 R=0.274 fitres=2.58e-05 |g|=3.29e-01 bin=0.001 t=197s
[pilot_h525_Q50_fresh8080] it  79 eta=0.17648 Q=     1.2 lam_r=  715.39 u= 0.000 | L_obj=+1.735 L_Q=2.725 L_lam=0.000 L_sh=0.0174 L=+4.512 | U_mid=13.73 R=0.274 fitres=2.58e-05 |g|=3.28e-01 bin=0.001 t=200s
[pilot_h525_Q50_fresh8080] done: eta_soft=0.17590 eta_hard=0.17589 Q_hard=0.9943649933420866 lam_hard=850.6737030989309 u=0.000 U_mid=13.90 fill=0.236 wall=203s
