[pilot_h600_Q100_warm_final1] it   0 eta=0.04853 Q=     nan lam_r=     nan u=-0.014 | L_obj=+3.026 L_Q=2.963 L_lam=0.028 L_sh=0.1519 L=+6.473 | U_mid=25.87 R=0.988 fitres=7.77e-04 |g|=1.76e-01 bin=0.240 t=6s
[pilot_h600_Q100_warm_final1] it   1 eta=0.06076 Q=     nan lam_r=     nan u=-0.018 | L_obj=+2.801 L_Q=3.040 L_lam=0.015 L_sh=0.1327 L=+6.254 | U_mid=23.13 R=1.000 fitres=1.71e-04 |g|=2.45e-01 bin=0.241 t=9s
[pilot_h600_Q100_warm_final1] it   2 eta=0.07214 Q=     nan lam_r=     nan u=-0.018 | L_obj=+2.629 L_Q=3.024 L_lam=0.006 L_sh=0.1179 L=+6.014 | U_mid=21.34 R=0.986 fitres=1.43e-04 |g|=2.54e-01 bin=0.241 t=12s
[pilot_h600_Q100_warm_final1] it   3 eta=0.08224 Q=     nan lam_r=     nan u=-0.014 | L_obj=+2.498 L_Q=2.967 L_lam=0.002 L_sh=0.1070 L=+5.789 | U_mid=20.15 R=0.957 fitres=2.40e-04 |g|=2.25e-01 bin=0.239 t=15s
[pilot_h600_Q100_warm_final1] it   4 eta=0.09087 Q=     nan lam_r=     nan u=-0.010 | L_obj=+2.398 L_Q=2.902 L_lam=0.001 L_sh=0.0989 L=+5.598 | U_mid=19.39 R=0.920 fitres=2.28e-04 |g|=1.82e-01 bin=0.236 t=18s
[pilot_h600_Q100_warm_final1] it   5 eta=0.09812 Q=     nan lam_r=     nan u=-0.007 | L_obj=+2.322 L_Q=2.846 L_lam=0.000 L_sh=0.0923 L=+5.445 | U_mid=18.91 R=0.880 fitres=1.80e-04 |g|=1.39e-01 bin=0.231 t=21s
[pilot_h600_Q100_warm_final1] it   6 eta=0.10416 Q=     nan lam_r=     nan u=-0.005 | L_obj=+2.262 L_Q=2.804 L_lam=0.000 L_sh=0.0868 L=+5.326 | U_mid=18.64 R=0.840 fitres=1.30e-04 |g|=1.02e-01 bin=0.224 t=24s
[pilot_h600_Q100_warm_final1] it   7 eta=0.10918 Q=     nan lam_r=     nan u=-0.003 | L_obj=+2.215 L_Q=2.774 L_lam=0.000 L_sh=0.0818 L=+5.235 | U_mid=18.55 R=0.804 fitres=8.90e-05 |g|=7.18e-02 bin=0.216 t=27s
[pilot_h600_Q100_warm_final1] it   8 eta=0.11319 Q=     nan lam_r=     nan u=-0.002 | L_obj=+2.179 L_Q=2.759 L_lam=0.000 L_sh=0.0774 L=+5.170 | U_mid=18.62 R=0.771 fitres=5.14e-05 |g|=4.84e-02 bin=0.206 t=30s
[pilot_h600_Q100_warm_final1] it   9 eta=0.11600 Q=     nan lam_r=     nan u=-0.002 | L_obj=+2.154 L_Q=2.768 L_lam=0.001 L_sh=0.0735 L=+5.143 | U_mid=18.88 R=0.743 fitres=1.20e-05 |g|=9.12e-02 bin=0.196 t=33s
[pilot_h600_Q100_warm_final1] it  10 eta=0.11791 Q=     nan lam_r=     nan u=-0.005 | L_obj=+2.138 L_Q=2.815 L_lam=0.002 L_sh=0.0706 L=+5.167 | U_mid=19.21 R=0.723 fitres=1.42e-04 |g|=2.57e-01 bin=0.184 t=35s
[pilot_h600_Q100_warm_final1] it  11 eta=0.12061 Q=     nan lam_r=     nan u=-0.008 | L_obj=+2.115 L_Q=2.853 L_lam=0.003 L_sh=0.0675 L=+5.174 | U_mid=19.24 R=0.718 fitres=2.30e-04 |g|=3.86e-01 bin=0.171 t=38s
[pilot_h600_Q100_warm_final1] it  12 eta=0.12495 Q=     nan lam_r=     nan u=-0.006 | L_obj=+2.080 L_Q=2.825 L_lam=0.002 L_sh=0.0632 L=+5.096 | U_mid=18.81 R=0.727 fitres=1.51e-04 |g|=3.01e-01 bin=0.158 t=42s
[pilot_h600_Q100_warm_final1] it  13 eta=0.12978 Q=     nan lam_r=     nan u=-0.003 | L_obj=+2.042 L_Q=2.781 L_lam=0.002 L_sh=0.0589 L=+5.002 | U_mid=18.22 R=0.741 fitres=5.21e-05 |g|=1.67e-01 bin=0.145 t=45s
[pilot_h600_Q100_warm_final1] it  14 eta=0.13406 Q=     nan lam_r=     nan u=-0.002 | L_obj=+2.009 L_Q=2.757 L_lam=0.001 L_sh=0.0550 L=+4.933 | U_mid=17.70 R=0.754 fitres=1.05e-06 |g|=8.37e-02 bin=0.133 t=47s
[pilot_h600_Q100_warm_final1] it  15 eta=0.13753 Q=     nan lam_r=     nan u=-0.001 | L_obj=+1.984 L_Q=2.747 L_lam=0.001 L_sh=0.0516 L=+4.887 | U_mid=17.29 R=0.766 fitres=1.96e-05 |g|=4.28e-02 bin=0.122 t=50s
[pilot_h600_Q100_warm_final1] it  16 eta=0.14029 Q=     nan lam_r=     nan u=-0.001 | L_obj=+1.964 L_Q=2.744 L_lam=0.001 L_sh=0.0485 L=+4.854 | U_mid=17.00 R=0.775 fitres=2.68e-05 |g|=2.55e-02 bin=0.112 t=54s
[pilot_h600_Q100_warm_final1] it  17 eta=0.14247 Q=     nan lam_r=     nan u=-0.001 | L_obj=+1.949 L_Q=2.743 L_lam=0.001 L_sh=0.0456 L=+4.830 | U_mid=16.78 R=0.782 fitres=2.88e-05 |g|=2.15e-02 bin=0.102 t=57s
[pilot_h600_Q100_warm_final1] it  18 eta=0.14421 Q=     nan lam_r=     nan u=-0.001 | L_obj=+1.937 L_Q=2.744 L_lam=0.001 L_sh=0.0428 L=+4.810 | U_mid=16.63 R=0.787 fitres=2.86e-05 |g|=2.28e-02 bin=0.094 t=60s
[pilot_h600_Q100_warm_final1] it  19 eta=0.14560 Q=     nan lam_r=     nan u=-0.001 | L_obj=+1.927 L_Q=2.745 L_lam=0.001 L_sh=0.0401 L=+4.793 | U_mid=16.53 R=0.792 fitres=2.75e-05 |g|=2.51e-02 bin=0.087 t=63s
[pilot_h600_Q100_warm_final1] it  20 eta=0.14672 Q=     nan lam_r=     nan u=-0.001 | L_obj=+1.919 L_Q=2.745 L_lam=0.001 L_sh=0.0376 L=+4.779 | U_mid=16.47 R=0.795 fitres=2.61e-05 |g|=2.72e-02 bin=0.080 t=66s
[pilot_h600_Q100_warm_final1] it  21 eta=0.14765 Q=     nan lam_r=     nan u=-0.001 | L_obj=+1.913 L_Q=2.745 L_lam=0.001 L_sh=0.0353 L=+4.765 | U_mid=16.44 R=0.797 fitres=2.45e-05 |g|=2.88e-02 bin=0.073 t=69s
[pilot_h600_Q100_warm_final1] it  22 eta=0.14842 Q=     nan lam_r=     nan u=-0.001 | L_obj=+1.908 L_Q=2.745 L_lam=0.001 L_sh=0.0330 L=+4.753 | U_mid=16.44 R=0.799 fitres=2.29e-05 |g|=3.00e-02 bin=0.068 t=72s
[pilot_h600_Q100_warm_final1] it  23 eta=0.14907 Q=     nan lam_r=     nan u=-0.001 | L_obj=+1.903 L_Q=2.745 L_lam=0.001 L_sh=0.0309 L=+4.742 | U_mid=16.46 R=0.801 fitres=2.13e-05 |g|=3.09e-02 bin=0.062 t=75s
[pilot_h600_Q100_warm_final1] it  24 eta=0.14965 Q=     nan lam_r=     nan u=-0.001 | L_obj=+1.899 L_Q=2.744 L_lam=0.001 L_sh=0.0289 L=+4.731 | U_mid=16.49 R=0.802 fitres=1.98e-05 |g|=3.13e-02 bin=0.058 t=78s
[pilot_h600_Q100_warm_final1] it  25 eta=0.15017 Q=     nan lam_r=     nan u=-0.001 | L_obj=+1.896 L_Q=2.743 L_lam=0.001 L_sh=0.0270 L=+4.721 | U_mid=16.54 R=0.803 fitres=1.83e-05 |g|=3.15e-02 bin=0.053 t=80s
[pilot_h600_Q100_warm_final1] it  26 eta=0.15064 Q=     nan lam_r=     nan u=-0.001 | L_obj=+1.893 L_Q=2.741 L_lam=0.001 L_sh=0.0252 L=+4.711 | U_mid=16.59 R=0.803 fitres=1.70e-05 |g|=3.14e-02 bin=0.049 t=83s
[pilot_h600_Q100_warm_final1] it  27 eta=0.15107 Q=     nan lam_r=     nan u=-0.001 | L_obj=+1.890 L_Q=2.740 L_lam=0.002 L_sh=0.0235 L=+4.702 | U_mid=16.65 R=0.804 fitres=1.58e-05 |g|=3.10e-02 bin=0.045 t=86s
[pilot_h600_Q100_warm_final1] it  28 eta=0.15147 Q=     nan lam_r=     nan u=-0.001 | L_obj=+1.887 L_Q=2.738 L_lam=0.002 L_sh=0.0219 L=+4.693 | U_mid=16.72 R=0.804 fitres=1.47e-05 |g|=3.04e-02 bin=0.042 t=89s
[pilot_h600_Q100_warm_final1] it  29 eta=0.15184 Q=     nan lam_r=     nan u=-0.001 | L_obj=+1.885 L_Q=2.736 L_lam=0.002 L_sh=0.0204 L=+4.684 | U_mid=16.79 R=0.804 fitres=1.36e-05 |g|=2.95e-02 bin=0.038 t=91s
[pilot_h600_Q100_warm_final1] it  30 eta=0.15217 Q=     nan lam_r=     nan u=-0.000 | L_obj=+1.883 L_Q=2.734 L_lam=0.002 L_sh=0.0190 L=+4.676 | U_mid=16.87 R=0.805 fitres=1.27e-05 |g|=2.85e-02 bin=0.035 t=93s
[pilot_h600_Q100_warm_final1] it  31 eta=0.15247 Q=     nan lam_r=     nan u=-0.000 | L_obj=+1.881 L_Q=2.732 L_lam=0.002 L_sh=0.0177 L=+4.668 | U_mid=16.95 R=0.805 fitres=1.18e-05 |g|=2.73e-02 bin=0.032 t=96s
[pilot_h600_Q100_warm_final1] it  32 eta=0.15274 Q=     nan lam_r=     nan u=-0.000 | L_obj=+1.879 L_Q=2.730 L_lam=0.002 L_sh=0.0177 L=+4.664 | U_mid=17.03 R=0.804 fitres=1.15e-05 |g|=2.59e-02 bin=0.030 t=98s
[pilot_h600_Q100_warm_final1] it  33 eta=0.15297 Q=     nan lam_r=     nan u=-0.000 | L_obj=+1.878 L_Q=2.728 L_lam=0.002 L_sh=0.0177 L=+4.661 | U_mid=17.11 R=0.804 fitres=1.12e-05 |g|=2.43e-02 bin=0.027 t=101s
[pilot_h600_Q100_warm_final1] it  34 eta=0.15317 Q=     nan lam_r=     nan u= 0.000 | L_obj=+1.876 L_Q=2.726 L_lam=0.002 L_sh=0.0177 L=+4.657 | U_mid=17.20 R=0.804 fitres=1.09e-05 |g|=2.26e-02 bin=0.025 t=103s
[pilot_h600_Q100_warm_final1] it  35 eta=0.15334 Q=     nan lam_r=     nan u= 0.000 | L_obj=+1.875 L_Q=2.725 L_lam=0.002 L_sh=0.0177 L=+4.654 | U_mid=17.28 R=0.804 fitres=1.07e-05 |g|=2.08e-02 bin=0.023 t=106s
[pilot_h600_Q100_warm_final1] it  36 eta=0.15347 Q=     nan lam_r=     nan u= 0.000 | L_obj=+1.874 L_Q=2.723 L_lam=0.002 L_sh=0.0177 L=+4.652 | U_mid=17.37 R=0.803 fitres=1.04e-05 |g|=1.90e-02 bin=0.021 t=108s
[pilot_h600_Q100_warm_final1] it  37 eta=0.15357 Q=     nan lam_r=     nan u= 0.000 | L_obj=+1.874 L_Q=2.721 L_lam=0.002 L_sh=0.0177 L=+4.649 | U_mid=17.45 R=0.803 fitres=1.02e-05 |g|=1.73e-02 bin=0.019 t=111s
[pilot_h600_Q100_warm_final1] it  38 eta=0.15365 Q=     8.7 lam_r= 1696.37 u= 0.000 | L_obj=+1.873 L_Q=2.719 L_lam=0.002 L_sh=0.0177 L=+4.647 | U_mid=17.53 R=0.802 fitres=9.97e-06 |g|=1.58e-02 bin=0.017 t=114s
[pilot_h600_Q100_warm_final1] it  39 eta=0.15370 Q=     4.2 lam_r= 1614.14 u= 0.001 | L_obj=+1.873 L_Q=2.718 L_lam=0.002 L_sh=0.0177 L=+4.645 | U_mid=17.61 R=0.802 fitres=9.75e-06 |g|=1.46e-02 bin=0.015 t=117s
[pilot_h600_Q100_warm_final1] it  40 eta=0.15374 Q=     3.8 lam_r= 1563.71 u= 0.001 | L_obj=+1.873 L_Q=2.716 L_lam=0.002 L_sh=0.0176 L=+4.644 | U_mid=17.69 R=0.801 fitres=9.55e-06 |g|=1.39e-02 bin=0.014 t=119s
[pilot_h600_Q100_warm_final1] it  41 eta=0.15376 Q=     3.7 lam_r= 1529.71 u= 0.001 | L_obj=+1.872 L_Q=2.715 L_lam=0.002 L_sh=0.0176 L=+4.642 | U_mid=17.77 R=0.801 fitres=9.36e-06 |g|=1.36e-02 bin=0.013 t=122s
[pilot_h600_Q100_warm_final1] it  42 eta=0.15378 Q=     3.6 lam_r= 1505.26 u= 0.001 | L_obj=+1.872 L_Q=2.714 L_lam=0.002 L_sh=0.0176 L=+4.641 | U_mid=17.84 R=0.801 fitres=9.19e-06 |g|=1.35e-02 bin=0.012 t=124s
[pilot_h600_Q100_warm_final1] it  43 eta=0.15380 Q=     3.7 lam_r= 1486.79 u= 0.001 | L_obj=+1.872 L_Q=2.713 L_lam=0.002 L_sh=0.0176 L=+4.640 | U_mid=17.92 R=0.801 fitres=9.03e-06 |g|=1.35e-02 bin=0.011 t=126s
[pilot_h600_Q100_warm_final1] it  44 eta=0.15382 Q=     3.7 lam_r= 1472.28 u= 0.001 | L_obj=+1.872 L_Q=2.712 L_lam=0.002 L_sh=0.0176 L=+4.639 | U_mid=17.99 R=0.801 fitres=8.89e-06 |g|=1.34e-02 bin=0.010 t=129s
[pilot_h600_Q100_warm_final1] it  45 eta=0.15383 Q=     3.7 lam_r= 1460.58 u= 0.001 | L_obj=+1.872 L_Q=2.711 L_lam=0.002 L_sh=0.0176 L=+4.637 | U_mid=18.05 R=0.801 fitres=8.76e-06 |g|=1.31e-02 bin=0.009 t=131s
[pilot_h600_Q100_warm_final1] it  46 eta=0.15385 Q=     3.8 lam_r= 1451.05 u= 0.001 | L_obj=+1.872 L_Q=2.710 L_lam=0.002 L_sh=0.0176 L=+4.636 | U_mid=18.12 R=0.801 fitres=8.63e-06 |g|=1.25e-02 bin=0.008 t=134s
[pilot_h600_Q100_warm_final1] it  47 eta=0.15387 Q=     3.8 lam_r= 1443.27 u= 0.001 | L_obj=+1.872 L_Q=2.709 L_lam=0.002 L_sh=0.0176 L=+4.635 | U_mid=18.18 R=0.801 fitres=8.53e-06 |g|=1.18e-02 bin=0.007 t=136s
[pilot_h600_Q100_warm_final1] it  48 eta=0.15388 Q=     3.9 lam_r= 1436.96 u= 0.001 | L_obj=+1.872 L_Q=2.708 L_lam=0.002 L_sh=0.0176 L=+4.635 | U_mid=18.24 R=0.801 fitres=8.43e-06 |g|=1.10e-02 bin=0.006 t=138s
[pilot_h600_Q100_warm_final1] it  49 eta=0.15389 Q=     3.9 lam_r= 1431.77 u= 0.001 | L_obj=+1.872 L_Q=2.708 L_lam=0.002 L_sh=0.0176 L=+4.634 | U_mid=18.29 R=0.802 fitres=8.34e-06 |g|=1.04e-02 bin=0.006 t=141s
[pilot_h600_Q100_warm_final1] it  50 eta=0.15389 Q=     4.0 lam_r= 1427.42 u= 0.001 | L_obj=+1.871 L_Q=2.707 L_lam=0.002 L_sh=0.0176 L=+4.633 | U_mid=18.34 R=0.802 fitres=8.27e-06 |g|=9.99e-03 bin=0.005 t=143s
[pilot_h600_Q100_warm_final1] it  51 eta=0.15389 Q=     4.0 lam_r= 1423.73 u= 0.001 | L_obj=+1.871 L_Q=2.706 L_lam=0.002 L_sh=0.0176 L=+4.633 | U_mid=18.39 R=0.802 fitres=8.20e-06 |g|=9.75e-03 bin=0.005 t=146s
[pilot_h600_Q100_warm_final1] it  52 eta=0.15389 Q=     4.0 lam_r= 1420.57 u= 0.001 | L_obj=+1.871 L_Q=2.706 L_lam=0.002 L_sh=0.0176 L=+4.632 | U_mid=18.43 R=0.802 fitres=8.13e-06 |g|=9.68e-03 bin=0.004 t=148s
[pilot_h600_Q100_warm_final1] it  53 eta=0.15390 Q=     4.1 lam_r= 1417.89 u= 0.001 | L_obj=+1.871 L_Q=2.706 L_lam=0.002 L_sh=0.0176 L=+4.632 | U_mid=18.47 R=0.802 fitres=8.07e-06 |g|=9.70e-03 bin=0.004 t=150s
[pilot_h600_Q100_warm_final1] it  54 eta=0.15390 Q=     4.1 lam_r= 1415.64 u= 0.001 | L_obj=+1.871 L_Q=2.705 L_lam=0.002 L_sh=0.0176 L=+4.631 | U_mid=18.50 R=0.803 fitres=8.02e-06 |g|=9.80e-03 bin=0.004 t=153s
[pilot_h600_Q100_warm_final1] it  55 eta=0.15391 Q=     4.1 lam_r= 1413.75 u= 0.001 | L_obj=+1.871 L_Q=2.705 L_lam=0.002 L_sh=0.0176 L=+4.631 | U_mid=18.54 R=0.803 fitres=7.97e-06 |g|=9.99e-03 bin=0.003 t=155s
[pilot_h600_Q100_warm_final1] it  56 eta=0.15392 Q=     4.1 lam_r= 1412.16 u= 0.001 | L_obj=+1.871 L_Q=2.704 L_lam=0.002 L_sh=0.0176 L=+4.630 | U_mid=18.57 R=0.803 fitres=7.92e-06 |g|=1.01e-02 bin=0.003 t=158s
[pilot_h600_Q100_warm_final1] it  57 eta=0.15393 Q=     4.2 lam_r= 1410.82 u= 0.001 | L_obj=+1.871 L_Q=2.704 L_lam=0.002 L_sh=0.0176 L=+4.630 | U_mid=18.59 R=0.803 fitres=7.89e-06 |g|=1.01e-02 bin=0.003 t=160s
[pilot_h600_Q100_warm_final1] it  58 eta=0.15394 Q=     4.2 lam_r= 1409.79 u= 0.001 | L_obj=+1.871 L_Q=2.704 L_lam=0.002 L_sh=0.0176 L=+4.630 | U_mid=18.61 R=0.803 fitres=7.85e-06 |g|=9.91e-03 bin=0.003 t=162s
[pilot_h600_Q100_warm_final1] it  59 eta=0.15395 Q=     4.2 lam_r= 1409.02 u= 0.001 | L_obj=+1.871 L_Q=2.704 L_lam=0.002 L_sh=0.0176 L=+4.630 | U_mid=18.62 R=0.804 fitres=7.83e-06 |g|=9.83e-03 bin=0.002 t=165s
[pilot_h600_Q100_warm_final1] it  60 eta=0.15396 Q=     4.2 lam_r= 1408.39 u= 0.001 | L_obj=+1.871 L_Q=2.704 L_lam=0.002 L_sh=0.0176 L=+4.629 | U_mid=18.64 R=0.804 fitres=7.82e-06 |g|=9.70e-03 bin=0.002 t=168s
[pilot_h600_Q100_warm_final1] it  61 eta=0.15396 Q=     4.2 lam_r= 1407.80 u= 0.001 | L_obj=+1.871 L_Q=2.704 L_lam=0.002 L_sh=0.0176 L=+4.629 | U_mid=18.65 R=0.804 fitres=7.80e-06 |g|=9.31e-03 bin=0.002 t=171s
[pilot_h600_Q100_warm_final1] it  62 eta=0.15397 Q=     4.2 lam_r= 1407.23 u= 0.001 | L_obj=+1.871 L_Q=2.703 L_lam=0.002 L_sh=0.0176 L=+4.629 | U_mid=18.66 R=0.804 fitres=7.78e-06 |g|=8.78e-03 bin=0.002 t=174s
[pilot_h600_Q100_warm_final1] it  63 eta=0.15397 Q=     4.2 lam_r= 1406.69 u= 0.001 | L_obj=+1.871 L_Q=2.703 L_lam=0.002 L_sh=0.0176 L=+4.629 | U_mid=18.67 R=0.804 fitres=7.77e-06 |g|=8.43e-03 bin=0.002 t=176s
[pilot_h600_Q100_warm_final1] it  64 eta=0.15397 Q=     4.2 lam_r= 1406.21 u= 0.001 | L_obj=+1.871 L_Q=2.703 L_lam=0.002 L_sh=0.0176 L=+4.629 | U_mid=18.68 R=0.804 fitres=7.75e-06 |g|=8.41e-03 bin=0.002 t=179s
[pilot_h600_Q100_warm_final1] it  65 eta=0.15397 Q=     4.2 lam_r= 1405.79 u= 0.001 | L_obj=+1.871 L_Q=2.703 L_lam=0.002 L_sh=0.0176 L=+4.629 | U_mid=18.69 R=0.804 fitres=7.73e-06 |g|=8.70e-03 bin=0.002 t=181s
[pilot_h600_Q100_warm_final1] it  66 eta=0.15397 Q=     4.2 lam_r= 1405.42 u= 0.001 | L_obj=+1.871 L_Q=2.703 L_lam=0.002 L_sh=0.0176 L=+4.629 | U_mid=18.69 R=0.804 fitres=7.72e-06 |g|=9.23e-03 bin=0.001 t=185s
[pilot_h600_Q100_warm_final1] it  67 eta=0.15397 Q=     4.2 lam_r= 1405.09 u= 0.001 | L_obj=+1.871 L_Q=2.703 L_lam=0.002 L_sh=0.0176 L=+4.629 | U_mid=18.70 R=0.804 fitres=7.71e-06 |g|=9.96e-03 bin=0.001 t=198s
[pilot_h600_Q100_warm_final1] it  68 eta=0.15397 Q=     4.2 lam_r= 1404.79 u= 0.001 | L_obj=+1.871 L_Q=2.703 L_lam=0.002 L_sh=0.0176 L=+4.629 | U_mid=18.70 R=0.803 fitres=7.70e-06 |g|=1.09e-02 bin=0.001 t=228s
[pilot_h600_Q100_warm_final1] it  69 eta=0.15397 Q=     4.2 lam_r= 1404.51 u= 0.001 | L_obj=+1.871 L_Q=2.703 L_lam=0.002 L_sh=0.0176 L=+4.629 | U_mid=18.71 R=0.803 fitres=7.69e-06 |g|=1.20e-02 bin=0.001 t=252s
[pilot_h600_Q100_warm_final1] it  70 eta=0.15397 Q=     4.2 lam_r= 1404.24 u= 0.001 | L_obj=+1.871 L_Q=2.703 L_lam=0.002 L_sh=0.0176 L=+4.628 | U_mid=18.71 R=0.803 fitres=7.68e-06 |g|=1.32e-02 bin=0.001 t=296s
[pilot_h600_Q100_warm_final1] it  71 eta=0.15397 Q=     4.2 lam_r= 1403.99 u= 0.001 | L_obj=+1.871 L_Q=2.703 L_lam=0.002 L_sh=0.0176 L=+4.628 | U_mid=18.72 R=0.803 fitres=7.67e-06 |g|=1.45e-02 bin=0.001 t=315s
[pilot_h600_Q100_warm_final1] it  72 eta=0.15397 Q=     4.3 lam_r= 1403.76 u= 0.001 | L_obj=+1.871 L_Q=2.703 L_lam=0.002 L_sh=0.0176 L=+4.628 | U_mid=18.72 R=0.803 fitres=7.67e-06 |g|=1.60e-02 bin=0.001 t=354s
[pilot_h600_Q100_warm_final1] it  73 eta=0.15397 Q=     4.3 lam_r= 1403.54 u= 0.001 | L_obj=+1.871 L_Q=2.703 L_lam=0.002 L_sh=0.0176 L=+4.628 | U_mid=18.72 R=0.803 fitres=7.66e-06 |g|=1.78e-02 bin=0.001 t=402s
[pilot_h600_Q100_warm_final1] it  74 eta=0.15398 Q=     4.3 lam_r= 1403.34 u= 0.001 | L_obj=+1.871 L_Q=2.703 L_lam=0.002 L_sh=0.0176 L=+4.628 | U_mid=18.73 R=0.803 fitres=7.66e-06 |g|=1.97e-02 bin=0.001 t=462s
[pilot_h600_Q100_warm_final1] it  75 eta=0.15398 Q=     4.3 lam_r= 1403.16 u= 0.001 | L_obj=+1.871 L_Q=2.703 L_lam=0.002 L_sh=0.0176 L=+4.628 | U_mid=18.73 R=0.803 fitres=7.65e-06 |g|=2.17e-02 bin=0.001 t=521s
[pilot_h600_Q100_warm_final1] it  76 eta=0.15398 Q=     4.3 lam_r= 1403.00 u= 0.001 | L_obj=+1.871 L_Q=2.703 L_lam=0.002 L_sh=0.0176 L=+4.628 | U_mid=18.73 R=0.803 fitres=7.65e-06 |g|=2.38e-02 bin=0.001 t=582s
[pilot_h600_Q100_warm_final1] it  77 eta=0.15398 Q=     4.3 lam_r= 1402.87 u= 0.001 | L_obj=+1.871 L_Q=2.703 L_lam=0.002 L_sh=0.0176 L=+4.628 | U_mid=18.74 R=0.804 fitres=7.65e-06 |g|=2.58e-02 bin=0.001 t=640s
[pilot_h600_Q100_warm_final1] it  78 eta=0.15398 Q=     4.3 lam_r= 1402.78 u= 0.001 | L_obj=+1.871 L_Q=2.703 L_lam=0.002 L_sh=0.0176 L=+4.628 | U_mid=18.74 R=0.804 fitres=7.65e-06 |g|=2.79e-02 bin=0.001 t=668s
[pilot_h600_Q100_warm_final1] it  79 eta=0.15398 Q=     4.3 lam_r= 1402.71 u= 0.001 | L_obj=+1.871 L_Q=2.702 L_lam=0.002 L_sh=0.0176 L=+4.628 | U_mid=18.74 R=0.804 fitres=7.64e-06 |g|=3.00e-02 bin=0.001 t=686s
[pilot_h600_Q100_warm_final1] done: eta_soft=0.15455 eta_hard=0.15454 Q_hard=4.231885553431275 lam_hard=1405.910981686669 u=0.001 U_mid=16.34 fill=0.225 wall=777s
