    final3 h=  320: 1272/Q8, 1283/Q27, 1354/Q18
    final3 h=  340: 1288/Q23, 1378/Q17
    final3 h=  360: 1295/Q21
    final3 h=  380: 1300/Q20
    final3 h=  400: 1305/Q18
    final3 h=  420: 1310/Q16
    final3 h=  440: 1314/Q15
    final3 h=  460: 1230/Q75, 1264/Q115, 1318/Q13
    final3 h=  480: 1266/Q109, 1323/Q12
    final3 h=  500: 1187/Q20, 1270/Q107, 1329/Q10
    final3 h=  520: 1198/Q22, 1274/Q117, 1336/Q9
    final3 h=  540: 1208/Q26, 1263/Q26, 1280/Q146, 1348/Q8
    final3 h=  560: 1218/Q31, 1271/Q49, 1288/Q192, 1362/Q7
    final3 h=  580: 1227/Q38, 1269/Q12, 1279/Q53, 1296/Q258
    final3 h=  600: 1235/Q44, 1265/Q1005, 1282/Q40, 1287/Q63, 1304/Q361
    final3 h=  620: 1268/Q962, 1294/Q76, 1312/Q529
    final3 h=  640: 1271/Q749, 1300/Q88, 1319/Q795
    final3 h=  660: 1273/Q639, 1306/Q97, 1326/Q1182
    final3 h=  680: 1275/Q578, 1311/Q101
    final3 h=  700: 1278/Q513, 1315/Q103
    final3 h=  720: 1265/Q150, 1276/Q6, 1280/Q427, 1319/Q105
    final3 h=  740: 1184/Q22, 1265/Q200, 1270/Q278, 1283/Q341, 1323/Q108
    final3 h=  760: 1199/Q25, 1269/Q170, 1277/Q517, 1286/Q275, 1306/Q6, 1326/Q114
  [final3] 66 poles (371 s)
    final1 h=  320: 1267/Q21, 1278/Q33, 1283/Q6, 1319/Q1124, 1325/Q22
    final1 h=  340: 1269/Q8, 1285/Q28, 1327/Q1079, 1346/Q20
    final1 h=  360: 1290/Q25, 1334/Q1098, 1367/Q19
    final1 h=  380: 1296/Q23, 1341/Q1103, 1388/Q17
    final1 h=  400: 1300/Q21, 1347/Q1086
    final1 h=  420: 1304/Q19, 1353/Q1055
    final1 h=  440: 1308/Q18, 1358/Q1005
    final1 h=  460: 1312/Q16, 1364/Q919
    final1 h=  480: 1315/Q15, 1361/Q212, 1369/Q724
    final1 h=  500: 1318/Q14, 1374/Q301
    final1 h=  520: 1322/Q12, 1376/Q901, 1383/Q183
    final1 h=  540: 1325/Q10, 1381/Q1159, 1393/Q168
    final1 h=  560: 1208/Q7, 1269/Q22, 1330/Q9, 1385/Q1290
    final1 h=  580: 1263/Q24, 1334/Q8
    final1 h=  600: 1266/Q25, 1272/Q33, 1342/Q7
    final1 h=  620: 1185/Q10, 1281/Q42
    final1 h=  640: 1268/Q979, 1288/Q54
    final1 h=  660: 1273/Q1174, 1295/Q68, 1325/Q5
    final1 h=  680: 1181/Q26, 1278/Q1313, 1301/Q80
    final1 h=  700: 1180/Q29, 1283/Q1390, 1306/Q90
    final1 h=  720: 1185/Q30, 1288/Q1423, 1310/Q96
    final1 h=  740: 1190/Q35, 1314/Q100
    final1 h=  760: 1193/Q36, 1317/Q102
  [final1] 63 poles (724 s)
