[08:58:18] P0790_H0150_seed047_lam1332p5: it    0/150  F_co=-4.0241  S_ED=0.6122  S_MD=0.0005  bal=0.001  beta=    1.0  lr=0.02000  t=    2.0s
[08:58:36] P0790_H0150_seed047_lam1332p5: it   10/150  F_co=+0.8999  S_ED=2.2708  S_MD=2.6634  bal=0.853  beta=    1.6  lr=0.01978  t=   20.4s
[08:58:54] P0790_H0150_seed047_lam1332p5: it   20/150  F_co=+2.9153  S_ED=14.8594  S_MD=22.9196  bal=0.648  beta=    2.5  lr=0.01914  t=   38.1s
[08:59:11] P0790_H0150_seed047_lam1332p5: it   30/150  F_co=+3.5024  S_ED=25.1553  S_MD=43.8085  bal=0.574  beta=    4.0  lr=0.01809  t=   55.5s
[08:59:29] P0790_H0150_seed047_lam1332p5: it   40/150  F_co=+3.4715  S_ED=23.4560  S_MD=44.1635  bal=0.531  beta=    6.3  lr=0.01669  t=   73.0s
[08:59:46] P0790_H0150_seed047_lam1332p5: it   50/150  F_co=+3.6107  S_ED=29.1582  S_MD=46.9258  bal=0.621  beta=   10.0  lr=0.01500  t=   90.0s
[09:00:03] P0790_H0150_seed047_lam1332p5: it   60/150  F_co=+3.6718  S_ED=30.6235  S_MD=50.4916  bal=0.607  beta=   15.8  lr=0.01309  t=  107.4s
[09:00:21] P0790_H0150_seed047_lam1332p5: it   70/150  F_co=+3.6885  S_ED=31.7781  S_MD=50.3119  bal=0.632  beta=   25.1  lr=0.01105  t=  125.3s
[09:00:40] P0790_H0150_seed047_lam1332p5: it   80/150  F_co=+3.7241  S_ED=33.2835  S_MD=51.5777  bal=0.645  beta=   39.8  lr=0.00895  t=  143.7s
[09:00:58] P0790_H0150_seed047_lam1332p5: it   90/150  F_co=+3.7338  S_ED=33.8713  S_MD=51.6764  bal=0.655  beta=   63.1  lr=0.00691  t=  161.7s
[09:01:16] P0790_H0150_seed047_lam1332p5: it  100/150  F_co=+3.7364  S_ED=33.9895  S_MD=51.7686  bal=0.657  beta=  100.0  lr=0.00500  t=  180.1s
[09:01:35] P0790_H0150_seed047_lam1332p5: it  110/150  F_co=+3.7375  S_ED=34.0495  S_MD=51.7911  bal=0.657  beta=  158.5  lr=0.00331  t=  199.2s
[09:01:53] P0790_H0150_seed047_lam1332p5: it  120/150  F_co=+3.7384  S_ED=34.0625  S_MD=51.8671  bal=0.657  beta=  251.2  lr=0.00191  t=  217.1s
[09:02:11] P0790_H0150_seed047_lam1332p5: it  130/150  F_co=+3.7402  S_ED=34.1417  S_MD=51.9263  bal=0.658  beta=  398.1  lr=0.00086  t=  234.7s
[09:02:28] P0790_H0150_seed047_lam1332p5: it  140/150  F_co=+3.7389  S_ED=34.1115  S_MD=51.8448  bal=0.658  beta=  631.0  lr=0.00022  t=  252.2s
[09:02:44] P0790_H0150_seed047_lam1332p5: it  149/150  F_co=+3.7381  S_ED=34.0871  S_MD=51.7968  bal=0.658  beta=  955.0  lr=0.00000  t=  268.2s
[09:02:49] P0790_H0150_seed047_lam1332p5: completed after 268s  final(projected)={'F_co': 3.7384374141693115, 'S_ED': 34.09461975097656, 'S_MD': 51.81787872314453, 'balance': 0.6579701900482178}
[09:02:52] P0790_H0150_seed047_lam1332p5: already completed - skipping.
[09:07:21] P0790_H0150_seed047_lam1332p5: already completed - skipping.
[09:11:47] P0790_H0150_seed047_lam1332p5: already completed - skipping.
[09:16:14] P0790_H0150_seed047_lam1332p5: already completed - skipping.
[09:20:42] P0790_H0150_seed047_lam1332p5: already completed - skipping.
[09:25:19] P0790_H0150_seed047_lam1332p5: already completed - skipping.
[09:29:51] P0790_H0150_seed047_lam1332p5: already completed - skipping.
[09:34:23] P0790_H0150_seed047_lam1332p5: already completed - skipping.
